DDR Version 1.24 20191016
In
Channel 0: LPDDR3, 800MHz
CS = 0
MR0=0x58
MR1=0x58
MR2=0x58
MR3=0x58
MR4=0x1
MR5=0x1
MR6=0x16
MR7=0x0
MR8=0x1F
MR9=0x1F
MR10=0x1F
MR11=0x1F
MR12=0x1F
MR13=0x1F
MR14=0x1F
MR15=0x1F
MR16=0x1F
CS = 1
MR0=0x58
MR1=0x58
MR2=0x58
MR3=0x58
MR4=0x2
MR5=0x1
MR6=0x16
MR7=0x0
MR8=0x1F

MR9=0x1F
MR10=0x1F
MR11=0x1F
MR12=0x1F
MR13=0x1F
MR14=0x1F
MR15=0x1F
MR16=0x1F
Bus Width=32 Col=10 Bank=8 Row=15/15 CS=2 Die Bus-Width=32 Size=2048MB
Channel 1: LPDDR3, 800MHz
CS = 0
MR0=0x58
MR1=0x58
MR2=0x58
MR3=0x58
MR4=0x1
MR5=0x1
MR6=0x16
MR7=0x0
MR8=0x1F
MR9=0x1F
MR10=0x1F

MR11=0x1F
MR12=0x1F
MR13=0x1F
MR14=0x1F
MR15=0x1F
MR16=0x1F
CS = 1
MR0=0x58
MR1=0x58
MR2=0x58
MR3=0x58
MR4=0x2
MR5=0x1
MR6=0x16
MR7=0x0
MR8=0x1F
MR9=0x1F
MR10=0x1F
MR11=0x1F
MR12=0x1F
MR13=0x1F
MR14=0x1F
MR15=0x1F
MR16=0x1F
Bus Width=32 Col=10 Bank=8 Row=15/15 CS=2 Die Bus-Width=32 Size=2048MB
256B stride
ch 0 ddrconfig = 0x101, ddrsize = 0x2020
ch 1 ddrconfig = 0x101, ddrsize = 0x2020
pmugrf_os_reg[2] = 0x3AA0DAA0, stride = 0xD
OUT
Boot1 Release Time: May 29 2020 17:36:36, version: 1.26
CPUId = 0x0
ChipType = 0x10, 340
SdmmcInit=2 0
BootCapSize=100000
UserCapSize=15028MB
FwPartOffset=2000 , 100000
mmc0:cmd5,20
SdmmcInit=0 0
BootCapSize=0
UserCapSize=14748MB
FwPartOffset=2000 , 0
StorageInit ok = 125051
SecureMode = 0
SecureInit read PBA: 0x4
SecureInit read PBA: 0x404
SecureInit read PBA: 0x804
SecureInit read PBA: 0xc04
SecureInit read PBA: 0x1004
SecureInit read PBA: 0x1404
SecureInit read PBA: 0x1804
SecureInit read PBA: 0x1c04
SecureInit ret = 0, SecureMode = 0
atags_set_bootdev: ret:(0)
GPT part:  0, name:          primary, start:0x8000, size:0xff800
GPT part:  1, name:          primary, start:0x108000, size:0x5db800
no find partition:uboot.
Trust Addr:0x4000, 0x58334c42
No find bl30.bin
Load uboot, ReadLba = 2000
Load OK, addr=0x200000, size=0xfc8c0
RunBL31 0x40000 @ 302746 us
NOTICE:  BL31: v1.3(release):845ee93
NOTICE:  BL31: Built : 15:51:11, Jul 22 2020
NOTICE:  BL31: Rockchip release version: v1.1
INFO:    GICv3 with legacy support detected. ARM GICV3 driver initialized in EL3
INFO:    Using opteed sec cpu_context!
INFO:    boot cpu mask: 0
INFO:    plat_rockchip_pmu_init(1196): pd status 3e

INFO:    BL31: Initializing runtime services
INFO:    BL31: Initializing BL32
INF [0x0] TEE-CORE:init_primary_helper:337: Initializing (1.1.0-266-gee81607c #1 Mon Aug 17 09:23:30 UTC 2020 aarch64)



INF [0x0] TEE-CORE:init_primary_helper:338: Release version: 1.2


INF [0x0] TEE-CORE:init_teecore:83: teecore inits done

INFO:    BL31: Preparing for EL3 exit to normal world
INFO:    Entry point address = 0x200000
INFO:    SPSR = 0x3c9



U-Boot 2017.09 (Jun 06 2026 - 14:10:22 +0000)

Model: Rockchip RK3399 Evaluation Board
PreSerial: 2, raw, 0xff1a0000
DRAM:  3.8 GiB
Sysmem: init
Relocation Offset: f5bc7000, fdt: f3dbb358 
no mmc device at slot 1
Found IDB in SDcard
dwmmc@fe320000: 1 (SD), sdhci@fe330000: 0
Bootdev(atags): mmc 1
MMC1: Legacy, 50Mhz
PartType: EFI
No resource partition
Failed to load DTB
Failed to get kernel dtb, ret=-19
io-domain: OK
*** Warning - bad CRC, using default environment

Model: Rockchip RK3399 Evaluation Board
rockchip_set_serialno: could not find efuse/otp device
No misc partition
boot mode: None
CLK: (uboot. arml: enter 400000 KHz, init 816000 KHz, kernel 0N/A)
CLK: (uboot. armb: enter 24000 KHz, init 816000 KHz, kernel 0N/A)
  aplll 816000 KHz
  apllb 816000 KHz
  dpll 800000 KHz

  cpll 24000 KHz
  gpll 800000 KHz
  npll 600000 KHz
  vpll 24000 KHz
  aclk_perihp 133333 KHz
  hclk_perihp 66666 KHz
  pclk_perihp 33333 KHz
  aclk_perilp0 266666 KHz
  hclk_perilp0 88888 KHz
  pclk_perilp0 44444 KHz
  hclk_perilp1 100000 KHz
  pclk_perilp1 50000 KHz
EC20_PWREN = -2
EC20_RESET = -2
------ ec20_init  ------
EC20_PWRKEY = -2
EC20_PWRKEY = -2
Net:   No ethernet found.
Hit key to stop autoboot('CTRL+C'):  5  4  3  2  1  0 
Could not find misc partition
ANDROID: reboot reason: "(none)"
optee api revision: 2.0
TEEC: Waring: Could not find security partition
Not AVB images, AVB skip
android_image_load_by_partname: Can't find part: boot
Android image load failed
Android boot failed, error -1.
Could not find misc partition
Could not find primary part
switch to partitions #0, OK
mmc1 is current device
Scanning mmc 1:1...
Found /extlinux/extlinux.conf
Retrieving file: /extlinux/extlinux.conf
418 bytes read in 23 ms (17.6 KiB/s)
1:	Armbian
Retrieving file: /Image
49986048 bytes read in 13268 ms (3.6 MiB/s)
append: root=PARTUUID=61ec8aeb-3d1a-48fa-a9da-54d744ed8bdf rootflags=data=writeback rw rootwait rootdelay=10 rootfstype=ext4 console=ttyS2,1500000 console=tty1 panic=0 usbcore.autosuspend=-1 initcall_blacklist=psci_checker printk.devkmsg=on log_buf_len=16M maxcpus=4 systemd.default_timeout_start_sec=20 plymouth.enable=0 net.ifnames=0
Retrieving file: /dtb/rockchip/gmac-phyhandle-pll-test-v4f.dtb
60612 bytes read in 154 ms (383.8 KiB/s)
Fdt Ramdisk skip relocation
## Flattened Device Tree blob at 08300000
   Booting using the fdt blob at 0x8300000
   Using Device Tree in place at 0000000008300000, end 0000000008311cc3
can't found rockchip,drm-logo, use rockchip,fb-logo
WARNING: could not set reg FDT_ERR_BADOFFSET.
failed to reserve fb-loader-logo memory
Adding bank: 0x00200000 - 0x08400000 (size: 0x08200000)
Adding bank: 0x0a200000 - 0xf8000000 (size: 0xede00000)
Total: 19053.885 ms

Starting kernel ...

[    0.000000] Booting Linux on physical CPU 0x0000000000 [0x410fd034]
[    0.000000] Linux version 6.18.33 (henry@Inspiron-7520) (aarch64-linux-gnu-gcc (Ubuntu 13.3.0-6ubuntu2~24.04.1) 13.3.0, GNU ld (GNU Binutils for Ubuntu) 2.42) #8 SMP PREEMPT Fri Jun 19 10:01:52 CST 2026
[    0.000000] KASLR disabled due to lack of seed
[    0.000000] Machine model: Radxa ROCK Pi N10
[    0.000000] efi: UEFI not found.
[    0.000000] OF: reserved mem: Reserved memory: No reserved-memory node in the DT
[    0.000000] NUMA: Faking a node at [mem 0x0000000000200000-0x00000000f7ffffff]
[    0.000000] NODE_DATA(0) allocated [mem 0xf77f4d80-0xf77f73ff]
[    0.000000] Zone ranges:
[    0.000000]   DMA      [mem 0x0000000000200000-0x00000000f7ffffff]
[    0.000000]   DMA32    empty
[    0.000000]   Normal   empty
[    0.000000] Movable zone start for each node
[    0.000000] Early memory node ranges
[    0.000000]   node   0: [mem 0x0000000000200000-0x00000000083fffff]
[    0.000000]   node   0: [mem 0x000000000a200000-0x00000000f7ffffff]
[    0.000000] Initmem setup node 0 [mem 0x0000000000200000-0x00000000f7ffffff]
[    0.000000] On node 0, zone DMA: 512 pages in unavailable ranges
[    0.000000] On node 0, zone DMA: 7680 pages in unavailable ranges
[    0.000000] cma: Reserved 32 MiB at 0x00000000f1800000
[    0.000000] psci: probing for conduit method from DT.
[    0.000000] psci: PSCIv1.0 detected in firmware.
[    0.000000] psci: Using standard PSCI v0.2 function IDs
[    0.000000] psci: Trusted OS migration not required
[    0.000000] psci: SMC Calling Convention v1.0
[    0.000000] percpu: Embedded 25 pages/cpu s63192 r8192 d31016 u102400
[    0.000000] Detected VIPT I-cache on CPU0
[    0.000000] CPU features: detected: GICv3 CPU interface
[    0.000000] CPU features: detected: ARM erratum 845719
[    0.000000] alternatives: applying boot alternatives
[    0.000000] Kernel command line: root=PARTUUID=61ec8aeb-3d1a-48fa-a9da-54d744ed8bdf rootflags=data=writeback rw rootwait rootdelay=10 rootfstype=ext4 console=ttyS2,1500000 console=tty1 panic=0 usbcore.autosuspend=-1 initcall_blacklist=psci_checker printk.devkmsg=on log_buf_len=16M maxcpus=4 systemd.default_timeout_start_sec=20 plymouth.enable=0 net.ifnames=0
[    0.000000] printk: log buffer data + meta data: 16777216 + 58720256 = 75497472 bytes
[    0.000000] printk: early log buf free: 128816(98%)
[    0.000000] Dentry cache hash table entries: 524288 (order: 10, 4194304 bytes, linear)
[    0.000000] Inode-cache hash table entries: 262144 (order: 9, 2097152 bytes, linear)
[    0.000000] software IO TLB: SWIOTLB bounce buffer size adjusted to 3MB
[    0.000000] software IO TLB: area num 8.
[    0.000000] software IO TLB: mapped [mem 0x00000000ec600000-0x00000000eca00000] (4MB)
[    0.000000] Fallback order for Node 0: 0 
[    0.000000] Built 1 zonelists, mobility grouping on.  Total pages: 1007616
[    0.000000] Policy zone: DMA
[    0.000000] mem auto-init: stack:all(zero), heap alloc:off, heap free:off
[    0.000000] SLUB: HWalign=64, Order=0-3, MinObjects=0, CPUs=6, Nodes=1
[    0.000000] rcu: Preemptible hierarchical RCU implementation.
[    0.000000] rcu: 	RCU event tracing is enabled.
[    0.000000] rcu: 	RCU restricting CPUs from NR_CPUS=512 to nr_cpu_ids=6.
[    0.000000] 	Trampoline variant of Tasks RCU enabled.
[    0.000000] 	Tracing variant of Tasks RCU enabled.
[    0.000000] rcu: RCU calculated value of scheduler-enlistment delay is 25 jiffies.
[    0.000000] rcu: Adjusting geometry for rcu_fanout_leaf=16, nr_cpu_ids=6
[    0.000000] RCU Tasks: Setting shift to 3 and lim to 1 rcu_task_cb_adjust=1 rcu_task_cpu_ids=6.
[    0.000000] RCU Tasks Trace: Setting shift to 3 and lim to 1 rcu_task_cb_adjust=1 rcu_task_cpu_ids=6.
[    0.000000] NR_IRQS: 64, nr_irqs: 64, preallocated irqs: 0
[    0.000000] GICv3: GIC: Using split EOI/Deactivate mode
[    0.000000] GICv3: 256 SPIs implemented
[    0.000000] GICv3: 0 Extended SPIs implemented
[    0.000000] Root IRQ handler: gic_handle_irq
[    0.000000] GICv3: GICv3 features: 16 PPIs
[    0.000000] GICv3: GICD_CTLR.DS=0, SCR_EL3.FIQ=1
[    0.000000] GICv3: CPU0: found redistributor 0 region 0:0x00000000fef00000
[    0.000000] ITS [mem 0xfee20000-0xfee3ffff]
[    0.000000] ITS@0x00000000fee20000: allocated 65536 Devices @3480000 (flat, esz 8, psz 64K, shr 0)
[    0.000000] ITS: using cache flushing for cmd queue
[    0.000000] GICv3: using LPI property table @0x0000000003460000
[    0.000000] GIC: using cache flushing for LPI property table
[    0.000000] GICv3: CPU0: using allocated LPI pending table @0x0000000003470000
[    0.000000] GICv3: GIC: PPI partition interrupt-partition-0[0] { /cpus/cpu@0[0] /cpus/cpu@1[1] /cpus/cpu@2[2] /cpus/cpu@3[3] }
[    0.000000] GICv3: GIC: PPI partition interrupt-partition-1[1] { /cpus/cpu@100[4] /cpus/cpu@101[5] }
[    0.000000] rcu: srcu_init: Setting srcu_struct sizes based on contention.
[    0.000000] arch_timer: cp15 timer running at 24.00MHz (phys).
[    0.000000] clocksource: arch_sys_counter: mask: 0xffffffffffffff max_cycles: 0x588fe9dc0, max_idle_ns: 440795202592 ns
[    0.000001] sched_clock: 56 bits at 24MHz, resolution 41ns, wraps every 4398046511097ns
[    0.003478] Console: colour dummy device 80x25
[    0.003497] printk: legacy console [tty1] enabled
[    0.004416] Calibrating delay loop (skipped), value calculated using timer frequency.. 48.00 BogoMIPS (lpj=96000)
[    0.004452] pid_max: default: 32768 minimum: 301
[    0.004602] LSM: initializing lsm=capability
[    0.004786] Mount-cache hash table entries: 8192 (order: 4, 65536 bytes, linear)
[    0.004828] Mountpoint-cache hash table entries: 8192 (order: 4, 65536 bytes, linear)
[    0.008046] rcu: Hierarchical SRCU implementation.
[    0.008085] rcu: 	Max phase no-delay instances is 1000.
[    0.008402] Timer migration: 1 hierarchy levels; 8 children per group; 1 crossnode level
[    0.008729] fsl-mc MSI: msi-controller@fee20000 domain created
[    0.013950] EFI services will not be available.
[    0.014443] smp: Bringing up secondary CPUs ...
[    0.015187] Detected VIPT I-cache on CPU1
[    0.015390] GICv3: CPU1: found redistributor 1 region 0:0x00000000fef20000
[    0.015411] GICv3: CPU1: using allocated LPI pending table @0x0000000003500000
[    0.015467] CPU1: Booted secondary processor 0x0000000001 [0x410fd034]
[    0.016310] Detected VIPT I-cache on CPU2
[    0.016481] GICv3: CPU2: found redistributor 2 region 0:0x00000000fef40000
[    0.016498] GICv3: CPU2: using allocated LPI pending table @0x0000000003510000
[    0.016534] CPU2: Booted secondary processor 0x0000000002 [0x410fd034]
[    0.017364] Detected VIPT I-cache on CPU3
[    0.017534] GICv3: CPU3: found redistributor 3 region 0:0x00000000fef60000
[    0.017551] GICv3: CPU3: using allocated LPI pending table @0x0000000003520000
[    0.017587] CPU3: Booted secondary processor 0x0000000003 [0x410fd034]
[    0.017744] smp: Brought up 1 node, 4 CPUs
[    0.017902] SMP: Total of 4 processors activated.
[    0.017918] CPU: All CPU(s) started at EL2
[    0.017960] CPU features: detected: 32-bit EL0 Support
[    0.017977] CPU features: detected: 32-bit EL1 Support
[    0.017996] CPU features: detected: CRC32 instructions
[    0.018020] CPU features: detected: PMUv3
[    0.018080] alternatives: applying system-wide alternatives
[    0.020236] Memory: 3785488K/4030464K available (18176K kernel code, 5486K rwdata, 13132K rodata, 11840K init, 691K bss, 206088K reserved, 32768K cma-reserved)
[    0.020906] devtmpfs: initialized
[    0.039054] clocksource: jiffies: mask: 0xffffffff max_cycles: 0xffffffff, max_idle_ns: 7645041785100000 ns
[    0.039128] posixtimers hash table entries: 4096 (order: 4, 65536 bytes, linear)
[    0.039251] futex hash table entries: 2048 (131072 bytes on 1 NUMA nodes, total 128 KiB, linear).
[    0.040078] 20368 pages in range for non-PLT usage
[    0.040097] 511888 pages in range for PLT usage
[    0.040486] pinctrl core: initialized pinctrl subsystem
[    0.045386] DMI not present or invalid.
[    0.049207] NET: Registered PF_NETLINK/PF_ROUTE protocol family
[    0.050973] DMA: preallocated 512 KiB GFP_KERNEL pool for atomic allocations
[    0.051306] DMA: preallocated 512 KiB GFP_KERNEL|GFP_DMA pool for atomic allocations
[    0.051826] DMA: preallocated 512 KiB GFP_KERNEL|GFP_DMA32 pool for atomic allocations
[    0.052238] audit: initializing netlink subsys (disabled)
[    0.052544] audit: type=2000 audit(0.048:1): state=initialized audit_enabled=0 res=1
[    0.056290] thermal_sys: Registered thermal governor 'step_wise'
[    0.056307] thermal_sys: Registered thermal governor 'power_allocator'
[    0.056449] cpuidle: using governor menu
[    0.057019] hw-breakpoint: found 6 breakpoint and 4 watchpoint registers.
[    0.057173] ASID allocator initialised with 65536 entries
[    0.061805] Serial: AMBA PL011 UART driver
[    0.065974] /pcie@f8000000: Fixed dependency cycle(s) with /pcie@f8000000/interrupt-controller
[    0.107044] /syscon@ff770000/phy@f780: Fixed dependency cycle(s) with /mmc@fe330000
[    0.109561] /mmc@fe330000: Fixed dependency cycle(s) with /syscon@ff770000/phy@f780
[    0.109679] /syscon@ff770000/phy@f780: Fixed dependency cycle(s) with /mmc@fe330000

[    0.122006] rockchip-gpio ff720000.gpio: probed /pinctrl/gpio@ff720000
[    0.123073] rockchip-gpio ff730000.gpio: probed /pinctrl/gpio@ff730000
[    0.123935] rockchip-gpio ff780000.gpio: probed /pinctrl/gpio@ff780000
[    0.124859] rockchip-gpio ff788000.gpio: probed /pinctrl/gpio@ff788000
[    0.125822] rockchip-gpio ff790000.gpio: probed /pinctrl/gpio@ff790000
[    0.134098] HugeTLB: registered 1.00 GiB page size, pre-allocated 0 pages
[    0.134140] HugeTLB: 0 KiB vmemmap can be freed for a 1.00 GiB page
[    0.134161] HugeTLB: registered 32.0 MiB page size, pre-allocated 0 pages
[    0.134179] HugeTLB: 0 KiB vmemmap can be freed for a 32.0 MiB page
[    0.134198] HugeTLB: registered 2.00 MiB page size, pre-allocated 0 pages
[    0.134216] HugeTLB: 0 KiB vmemmap can be freed for a 2.00 MiB page
[    0.134235] HugeTLB: registered 64.0 KiB page size, pre-allocated 0 pages
[    0.134252] HugeTLB: 0 KiB vmemmap can be freed for a 64.0 KiB page
[    0.137218] ACPI: Interpreter disabled.
[    0.143847] iommu: Default domain type: Translated
[    0.143888] iommu: DMA domain TLB invalidation policy: strict mode
[    0.144479] SCSI subsystem initialized
[    0.145030] usbcore: registered new interface driver usbfs
[    0.145096] usbcore: registered new interface driver hub
[    0.145156] usbcore: registered new device driver usb
[    0.147444] pps_core: LinuxPPS API ver. 1 registered
[    0.147468] pps_core: Software ver. 5.3.6 - Copyright 2005-2007 Rodolfo Giometti <giometti@linux.it>
[    0.147508] PTP clock support registered
[    0.147799] EDAC MC: Ver: 3.0.0
[    0.148550] scmi_core: SCMI protocol bus registered
[    0.150611] FPGA manager framework
[    0.152313] vgaarb: loaded
[    0.153117] clocksource: Switched to clocksource arch_sys_counter
[    0.153575] VFS: Disk quotas dquot_6.6.0
[    0.153616] VFS: Dquot-cache hash table entries: 512 (order 0, 4096 bytes)
[    0.154270] pnp: PnP ACPI: disabled
[    0.163950] NET: Registered PF_INET protocol family
[    0.164229] IP idents hash table entries: 65536 (order: 7, 524288 bytes, linear)
[    0.168475] tcp_listen_portaddr_hash hash table entries: 2048 (order: 3, 32768 bytes, linear)
[    0.168734] Table-perturb hash table entries: 65536 (order: 6, 262144 bytes, linear)
[    0.168781] TCP established hash table entries: 32768 (order: 6, 262144 bytes, linear)
[    0.169122] TCP bind hash table entries: 32768 (order: 8, 1048576 bytes, linear)
[    0.170208] TCP: Hash tables configured (established 32768 bind 32768)
[    0.170409] UDP hash table entries: 2048 (order: 5, 131072 bytes, linear)
[    0.170617] UDP-Lite hash table entries: 2048 (order: 5, 131072 bytes, linear)
[    0.171030] NET: Registered PF_UNIX/PF_LOCAL protocol family
[    0.171641] RPC: Registered named UNIX socket transport module.
[    0.171667] RPC: Registered udp transport module.
[    0.171684] RPC: Registered tcp transport module.
[    0.171698] RPC: Registered tcp-with-tls transport module.
[    0.171713] RPC: Registered tcp NFSv4.1 backchannel transport module.
[    0.171752] PCI: CLS 0 bytes, default 64
[    0.177405] kvm [1]: nv: 568 coarse grained trap handlers
[    0.178129] kvm [1]: IPA Size Limit: 40 bits
[    0.182079] kvm [1]: vgic-v2@fff20000
[    0.182140] kvm [1]: GIC system register CPU interface enabled
[    0.182188] kvm [1]: vgic interrupt IRQ9
[    0.182232] kvm [1]: Hyp nVHE mode initialized successfully
[    0.184395] Initialise system trusted keyrings
[    0.184705] workingset: timestamp_bits=42 max_order=20 bucket_order=0
[    0.185247] squashfs: version 4.0 (2009/01/31) Phillip Lougher
[    0.185629] NFS: Registering the id_resolver key type
[    0.185670] Key type id_resolver registered
[    0.185688] Key type id_legacy registered
[    0.185734] nfs4filelayout_init: NFSv4 File Layout Driver Registering...
[    0.185757] nfs4flexfilelayout_init: NFSv4 Flexfile Layout Driver Registering...
[    0.186069] 9p: Installing v9fs 9p2000 file system support
[    0.268466] Key type asymmetric registered
[    0.268491] Asymmetric key parser 'x509' registered
[    0.268577] Block layer SCSI generic (bsg) driver version 0.4 loaded (major 244)
[    0.268606] io scheduler mq-deadline registered
[    0.268629] io scheduler kyber registered
[    0.268687] io scheduler bfq registered
[    0.300960] ledtrig-cpu: registered to indicate activity on CPUs
[    0.349555] dma-pl330 ff6d0000.dma-controller: Loaded driver for PL330 DMAC-241330
[    0.349606] dma-pl330 ff6d0000.dma-controller: 	DBUFF-32x8bytes Num_Chans-6 Num_Peri-12 Num_Events-12
[    0.351336] dma-pl330 ff6e0000.dma-controller: Loaded driver for PL330 DMAC-241330
[    0.351368] dma-pl330 ff6e0000.dma-controller: 	DBUFF-128x8bytes Num_Chans-8 Num_Peri-20 Num_Events-16
[    0.377025] Serial: 8250/16550 driver, 4 ports, IRQ sharing enabled
[    0.382109] ff180000.serial: ttyS0 at MMIO 0xff180000 (irq = 24, base_baud = 1500000) is a 16550A
[    0.383604] ff1a0000.serial: ttyS2 at MMIO 0xff1a0000 (irq = 25, base_baud = 1500000) is a 16550A
[    0.383728] printk: legacy console [ttyS2] enabled
[    0.498617] msm_serial: driver initialized
[    0.499828] SuperH (H)SCI(F) driver initialized
[    0.500759] STM32 USART driver initialized
[    0.506466] misc dump reg init
[    0.509909] platform ff650000.video-codec: Adding to iommu group 0
[    0.512041] platform ff660000.video-codec: Adding to iommu group 1
[    0.525884] loop: module loaded
[    0.528561] megasas: 07.734.00.00-rc1
[    0.543315] tun: Universal TUN/TAP device driver, 1.6
[    0.546134] thunder_xcv, ver 1.0
[    0.546534] thunder_bgx, ver 1.0
[    0.546892] nicpf, ver 1.0
[    0.549761] e1000: Intel(R) PRO/1000 Network Driver
[    0.550216] e1000: Copyright (c) 1999-2006 Intel Corporation.
[    0.550794] e1000e: Intel(R) PRO/1000 Network Driver
[    0.551245] e1000e: Copyright(c) 1999 - 2015 Intel Corporation.
[    0.551841] igb: Intel(R) Gigabit Ethernet Network Driver
[    0.552331] igb: Copyright (c) 2007-2014 Intel Corporation.
[    0.552890] igbvf: Intel(R) Gigabit Virtual Function Network Driver
[    0.553497] igbvf: Copyright (c) 2009 - 2012 Intel Corporation.
[    0.554816] sky2: driver version 1.30
[    0.558304] rk_gmac-dwmac fe300000.ethernet: IRQ eth_wake_irq not found
[    0.558921] rk_gmac-dwmac fe300000.ethernet: IRQ sfty not found
[    0.559609] rk_gmac-dwmac fe300000.ethernet: PTP uses main clock
[    0.560426] rk_gmac-dwmac fe300000.ethernet: clock input or output? (output).
[    0.561075] rk_gmac-dwmac fe300000.ethernet: TX delay(0x21).
[    0.561628] rk_gmac-dwmac fe300000.ethernet: RX delay(0x15).
[    0.562151] rk_gmac-dwmac fe300000.ethernet: integrated PHY? (no).
[    0.562714] rk_gmac-dwmac fe300000.ethernet: external PHY reset GPIO described; will use one-shot reset and release before MDIO.
[    0.563744] rk_gmac-dwmac fe300000.ethernet: v4b-fix: reused stmmac core stmmaceth reset controller
[    0.564601] rk_gmac-dwmac fe300000.ethernet: rk3399pro test workaround: forcing clock_input=true for external RGMII PHY
[    0.565584] rk_gmac-dwmac fe300000.ethernet: powerup start: phy_iface=9 clock_input=1 integrated_phy=0 tx=0x21 rx=0x15
[    0.571556] rk_gmac-dwmac fe300000.ethernet: v4d: clocks enabled (5 clks, includes mac_clk_rx for RGMII)
[    0.572411] rk_gmac-dwmac fe300000.ethernet: init for RGMII
[    0.572921] rk_gmac-dwmac fe300000.ethernet: rk3399 rgmii applied: GRF_SOC_CON5=0x00000208 GRF_SOC_CON6=0x000095a1 tx=0x21 rx=0x15
[    0.574058] rk_gmac-dwmac fe300000.ethernet: external PHY reset (post-grf-post-power) begin (one-shot)
[    0.640964] rk_gmac-dwmac fe300000.ethernet: external PHY reset (post-grf-post-power) end (one-shot, GPIO released)
[    0.641923] rk_gmac-dwmac fe300000.ethernet: v4a: wait 200ms after GMAC GRF/PHY reset before runtime resume/DMA open
[    0.845135] rk_gmac-dwmac fe300000.ethernet: v4b: MAC reset cycle before runtime resume/DMA open
[    0.845927] rk_gmac-dwmac fe300000.ethernet: v4b-reset after-v4a-settle: assert stmmaceth
[    0.866682] rk_gmac-dwmac fe300000.ethernet: v4b-reset after-v4a-settle: deassert stmmaceth
[    0.921130] rk_gmac-dwmac fe300000.ethernet: v4b-reset after-v4a-settle: done
[    0.921777] rk_gmac-dwmac fe300000.ethernet: powerup done: phy_iface=9 clock_input=1 integrated_phy=0
[    0.922916] rk_gmac-dwmac fe300000.ethernet: User ID: 0x10, Synopsys ID: 0x35
[    0.923567] rk_gmac-dwmac fe300000.ethernet: 	DWMAC1000
[    0.924045] rk_gmac-dwmac fe300000.ethernet: DMA HW capability register supported
[    0.924720] rk_gmac-dwmac fe300000.ethernet: Active PHY interface: GMII/MII (0)
[    0.925397] rk_gmac-dwmac fe300000.ethernet: RX Checksum Offload Engine supported
[    0.926073] rk_gmac-dwmac fe300000.ethernet: COE Type 2
[    0.926549] rk_gmac-dwmac fe300000.ethernet: TX Checksum insertion supported
[    0.927182] rk_gmac-dwmac fe300000.ethernet: Wake-Up On Lan supported
[    0.927847] rk_gmac-dwmac fe300000.ethernet: Normal descriptors
[    0.928385] rk_gmac-dwmac fe300000.ethernet: Ring mode enabled
[    0.928913] rk_gmac-dwmac fe300000.ethernet: Enable RX Mitigation via HW Watchdog Timer
[    1.006652] VFIO - User Level meta-driver version: 0.3
[    1.019673] usbcore: registered new interface driver usb-storage
[    1.027693] i2c_dev: i2c /dev entries driver
[    1.034670] /i2c@ff3c0000/pmic@20: Fixed dependency cycle(s) with /i2c@ff3c0000/pmic@20/regulators/DCDC_REG4
[    1.035599] /i2c@ff3c0000/pmic@20: Fixed dependency cycle(s) with /i2c@ff3c0000/pmic@20/regulators/DCDC_REG5
[    1.060318] dwmmc_rockchip fe310000.mmc: IDMAC supports 32-bit address mode.
[    1.061016] dwmmc_rockchip fe310000.mmc: Using internal DMA controller.
[    1.061695] dwmmc_rockchip fe310000.mmc: Version ID is 270a

[    1.062262] dwmmc_rockchip fe310000.mmc: DW MMC controller at irq 38,32 bit host data width,256 deep fifo
[    1.063219] phy phy-ff770000.syscon:phy@f780.0: Runtime PM usage count underflow!
[    1.064018] mmc0: CQHCI version 5.10
[    1.071818] usbcore: registered new interface driver usbhid
[    1.072353] usbhid: USB HID core driver
[    1.080684] hw perfevents: enabled with armv8_cortex_a53 PMU driver, 7 (0,8000003f) counters available
[    1.081813] armv8-pmu pmu_a72: hw perfevents: failed to probe PMU!
[    1.089272] mmc0: SDHCI controller on fe330000.mmc [fe330000.mmc] using ADMA
[    1.095160] NET: Registered PF_PACKET protocol family
[    1.095773] 9pnet: Installing 9P2000 support
[    1.096275] Key type dns_resolver registered
[    1.114458] registered taskstats version 1
[    1.115150] Loading compiled-in X.509 certificates
[    1.129951] Demotion targets for Node 0: null
[    1.155173] phy phy-ff770000.syscon:phy@f780.0: Runtime PM usage count underflow!
[    1.155944] phy phy-ff770000.syscon:phy@f780.0: Runtime PM usage count underflow!
[    1.157602] phy phy-ff770000.syscon:phy@f780.0: Runtime PM usage count underflow!
[    1.158540] phy phy-ff770000.syscon:phy@f780.0: Runtime PM usage count underflow!
[    1.159267] phy phy-ff770000.syscon:phy@f780.0: Runtime PM usage count underflow!
[    1.163175] mmc0: Command Queue Engine enabled
[    1.163632] mmc0: new HS400 Enhanced strobe MMC card at address 0001
[    1.165368] mmcblk0: mmc0:0001 DF4016 14.7 GiB
[    1.172154]  mmcblk0: p1 p2 p3 p4 p5 p6
[    1.174723] mmcblk0boot0: mmc0:0001 DF4016 4.00 MiB
[    1.177690] mmcblk0boot1: mmc0:0001 DF4016 4.00 MiB
[    1.182795] mmcblk0rpmb: mmc0:0001 DF4016 4.00 MiB, chardev (511:0)
[    1.190076] phy phy-ff770000.syscon:usb2phy@e450.8: Runtime PM usage count underflow!
[    1.199050] phy phy-ff770000.syscon:usb2phy@e450.8: Runtime PM usage count underflow!
[    1.199798] xhci-hcd xhci-hcd.0.auto: xHCI Host Controller
[    1.200319] xhci-hcd xhci-hcd.0.auto: new USB bus registered, assigned bus number 1
[    1.205284] xhci-hcd xhci-hcd.0.auto: hcc params 0x0220fe64 hci version 0x110 quirks 0x0000808002000010
[    1.206209] xhci-hcd xhci-hcd.0.auto: irq 45, io mem 0xfe800000

[    1.207053] xhci-hcd xhci-hcd.0.auto: xHCI Host Controller
[    1.207516] phy phy-ff770000.syscon:usb2phy@e450.7: Runtime PM usage count underflow!
[    1.207576] xhci-hcd xhci-hcd.0.auto: new USB bus registered, assigned bus number 2
[    1.208975] xhci-hcd xhci-hcd.0.auto: Host supports USB 3.0 SuperSpeed
[    1.210663] ehci-platform fe380000.usb: EHCI Host Controller
[    1.210689] hub 1-0:1.0: USB hub found
[    1.211585] hub 1-0:1.0: 1 port detected
[    1.212515] usb usb2: We don't know the algorithms for LPM for this host, disabling LPM.
[    1.214444] phy phy-ff770000.syscon:usb2phy@e460.9: Runtime PM usage count underflow!
[    1.214511] hub 2-0:1.0: USB hub found

[    1.215571] hub 2-0:1.0: 1 port detected
[    1.216418] ehci-platform fe380000.usb: new USB bus registered, assigned bus number 3
[    1.217333] ehci-platform fe380000.usb: irq 46, io mem 0xfe380000
[    1.217346] ehci-platform fe3c0000.usb: EHCI Host Controller
[    1.218437] ehci-platform fe3c0000.usb: new USB bus registered, assigned bus number 4
[    1.219310] ehci-platform fe3c0000.usb: irq 47, io mem 0xfe3c0000
[    1.221600] phy phy-ff770000.syscon:usb2phy@e450.7: Runtime PM usage count underflow!
[    1.222034] phy phy-ff770000.syscon:usb2phy@e460.9: Runtime PM usage count underflow!
[    1.222373] ohci-platform fe3a0000.usb: Generic Platform OHCI controller
[    1.223049] ohci-platform fe3e0000.usb: Generic Platform OHCI controller
[    1.223075] ohci-platform fe3e0000.usb: new USB bus registered, assigned bus number 5
[    1.223672] ohci-platform fe3a0000.usb: new USB bus registered, assigned bus number 6
[    1.224376] ohci-platform fe3e0000.usb: irq 74, io mem 0xfe3e0000
[    1.225052] ohci-platform fe3a0000.usb: irq 73, io mem 0xfe3a0000
[    1.233142] ehci-platform fe380000.usb: USB 2.0 started, EHCI 1.00
[    1.234744] hub 3-0:1.0: USB hub found
[    1.235141] hub 3-0:1.0: 1 port detected
[    1.249137] ehci-platform fe3c0000.usb: USB 2.0 started, EHCI 1.00
[    1.250512] hub 4-0:1.0: USB hub found
[    1.250902] hub 4-0:1.0: 1 port detected
[    1.257313] vcc_buck5: Bringing 3300000uV into 2200000-2200000uV
[    1.265519] vcca_1v8: Bringing 1800000uV into 1850000-1850000uV
[    1.268757] vdd1v5_dvp: Bringing 1800000uV into 1500000-1500000uV
[    1.286374] hub 6-0:1.0: USB hub found
[    1.286614] rk808-rtc rk808-rtc.4.auto: registered as rtc0
[    1.286786] hub 6-0:1.0: 1 port detected
[    1.288340] rk808-rtc rk808-rtc.4.auto: setting system clock to 2017-08-05T09:00:21 UTC (1501923621)
[    1.288948] hub 5-0:1.0: USB hub found
[    1.289574] hub 5-0:1.0: 1 port detected
[    1.295703] cpu cpu0: EM: created perf domain
[    1.307373] dwmmc_rockchip fe320000.mmc: IDMAC supports 32-bit address mode.
[    1.308064] dwmmc_rockchip fe320000.mmc: Using internal DMA controller.
[    1.308222] rockchip-pcie f8000000.pcie: host bridge /pcie@f8000000 ranges:
[    1.308659] dwmmc_rockchip fe320000.mmc: Version ID is 270a
[    1.308707] rockchip-pcie f8000000.pcie:      MEM 0x00fa000000..0x00fbdfffff -> 0x00fa000000
[    1.309374] dwmmc_rockchip fe320000.mmc: DW MMC controller at irq 75,32 bit host data width,256 deep fifo
[    1.309806] rockchip-pcie f8000000.pcie:       IO 0x00fbe00000..0x00fbefffff -> 0x00fbe00000
[    1.310061] dwmmc_rockchip fe310000.mmc: IDMAC supports 32-bit address mode.
[    1.310086] dwmmc_rockchip fe310000.mmc: Using internal DMA controller.
[    1.310095] dwmmc_rockchip fe310000.mmc: Version ID is 270a
[    1.310117] dwmmc_rockchip fe310000.mmc: DW MMC controller at irq 38,32 bit host data width,256 deep fifo
[    1.312331] dwmmc_rockchip fe320000.mmc: Got CD GPIO
[    1.313193] rockchip-pcie f8000000.pcie: no vpcie12v regulator found
[    1.316373] phy phy-ff770000.syscon:pcie-phy.1: Runtime PM usage count underflow!
[    1.317044] phy phy-ff770000.syscon:pcie-phy.2: Runtime PM usage count underflow!
[    1.317735] phy phy-ff770000.syscon:pcie-phy.3: Runtime PM usage count underflow!
[    1.318402] phy phy-ff770000.syscon:pcie-phy.4: Runtime PM usage count underflow!
[    1.325394] mmc_host mmc1: Bus speed = 400000Hz (req 400000Hz, actual 400000HZ div = 0)
[    1.386371] mmc_host mmc1: Bus speed = 50000000Hz (req 50000000Hz, actual 50000000HZ div = 0)
[    1.387385] mmc1: new high speed SDHC card at address 0001
[    1.389423] mmcblk1: mmc1:0001 SD16G 14.4 GiB
[    1.402002] GPT:Primary header thinks Alt. header is not at the end of the disk.
[    1.402696] GPT:7225343 != 30203903
[    1.403016] GPT:Alternate GPT header not at the end of the disk.
[    1.403552] GPT:7225343 != 30203903
[    1.403870] GPT: Use GNU Parted to correct GPT errors.
[    1.404359]  mmcblk1: p1 p2
[    1.497440] usb 4-1: new high-speed USB device number 2 using ehci-platform
[    1.644994] hub 4-1:1.0: USB hub found
[    1.645803] hub 4-1:1.0: 4 ports detected
[    2.025483] rockchip-pcie f8000000.pcie: PCIe link training gen1 timeout!
[    2.026128] phy phy-ff770000.syscon:pcie-phy.4: Runtime PM usage count underflow!
[    2.026816] phy phy-ff770000.syscon:pcie-phy.3: Runtime PM usage count underflow!
[    2.027502] phy phy-ff770000.syscon:pcie-phy.2: Runtime PM usage count underflow!
[    2.028189] phy phy-ff770000.syscon:pcie-phy.1: Runtime PM usage count underflow!
[    2.028873] phy phy-ff770000.syscon:pcie-phy.4: Runtime PM usage count underflow!
[    2.029581] phy phy-ff770000.syscon:pcie-phy.3: Runtime PM usage count underflow!
[    2.030267] phy phy-ff770000.syscon:pcie-phy.2: Runtime PM usage count underflow!
[    2.030950] phy phy-ff770000.syscon:pcie-phy.1: Runtime PM usage count underflow!
[    2.031666] rockchip-pcie f8000000.pcie: probe with driver rockchip-pcie failed with error -110
[    2.058479] dwmmc_rockchip fe310000.mmc: IDMAC supports 32-bit address mode.
[    2.059201] dwmmc_rockchip fe310000.mmc: Using internal DMA controller.
[    2.059316] clk: Disabling unused clocks
[    2.059822] dwmmc_rockchip fe310000.mmc: Version ID is 270a
[    2.059869] dwmmc_rockchip fe310000.mmc: DW MMC controller at irq 38,32 bit host data width,256 deep fifo
[    2.062231] PM: genpd: Disabling unused power domains
[    2.062921] check access for rdinit=/init failed: -2, ignoring
[    2.063450] Waiting 10 sec before mounting root device...
[   12.271579] platform sdio-pwrseq: deferred probe pending: pwrseq_simple: external clock not ready
[   12.272436] rockchip-pm-domain ff310000.power-management:power-controller: sync_state() pending due to fe310000.mmc
[   12.273418] rockchip-pm-domain ff310000.power-management:power-controller: sync_state() pending due to ff650000.video-codec
[   12.274431] rockchip-pm-domain ff310000.power-management:power-controller: sync_state() pending due to ff660000.video-codec
[   12.275439] rockchip-pm-domain ff310000.power-management:power-controller: sync_state() pending due to ff680000.rga
[   12.276394] rockchip-pm-domain ff310000.power-management:power-controller: sync_state() pending due to ff940000.hdmi
[   12.278386] dwmmc_rockchip fe310000.mmc: IDMAC supports 32-bit address mode.
[   12.279106] dwmmc_rockchip fe310000.mmc: Using internal DMA controller.
[   12.279756] dwmmc_rockchip fe310000.mmc: Version ID is 270a
[   12.280326] dwmmc_rockchip fe310000.mmc: DW MMC controller at irq 38,32 bit host data width,256 deep fifo
[   13.803981] EXT4-fs (mmcblk1p2): recovery complete
[   13.809499] EXT4-fs (mmcblk1p2): mounted filesystem d52f7f8b-fa0e-4c9f-a552-d6df4329ac87 r/w with writeback data mode. Quota mode: none.
[   13.810700] VFS: Mounted root (ext4 filesystem) on device 179:98.
[   13.813090] devtmpfs: mounted
[   13.819640] Freeing unused kernel memory: 11840K
[   13.820337] Run /sbin/init as init process
[   14.600987] systemd[1]: System time advanced to built-in epoch: Tue 2026-04-14 03:38:05 CST
[   14.718869] systemd[1]: systemd 257.13-1~deb13u1 running in system mode (+PAM +AUDIT +SELINUX +APPARMOR +IMA +IPE +SMACK +SECCOMP +GCRYPT -GNUTLS +OPENSSL +ACL +BLKID +CURL +ELFUTILS +FIDO2 +IDN2 -IDN +IPTC +KMOD +LIBCRYPTSETUP +LIBCRYPTSETUP_PLUGINS +LIBFDISK +PCRE2 +PWQUALITY +P11KIT +QRENCODE +TPM2 +BZIP2 +LZ4 +XZ +ZLIB +ZSTD +BPF_FRAMEWORK +BTF -XKBCOMMON -UTMP +SYSVINIT +LIBARCHIVE)
[   14.722038] systemd[1]: Detected architecture arm64.
[   14.741519] systemd[1]: Hostname set to <armbian>.
[   15.136194] systemd[1]: bpf-restrict-fs: BPF LSM hook not enabled in the kernel, BPF LSM not supported.
[   15.672179] systemd[1]: Binding to IPv6 address not available since kernel does not support IPv6.
[   15.673047] systemd[1]: Binding to IPv6 address not available since kernel does not support IPv6.
[   15.912983] systemd[1]: Queued start job for default target multi-user.target.
[   15.960744] systemd[1]: Created slice system-getty.slice - Slice /system/getty.
[   15.964563] systemd[1]: Created slice system-modprobe.slice - Slice /system/modprobe.
[   15.968206] systemd[1]: Created slice system-serial\x2dgetty.slice - Slice /system/serial-getty.
[   15.971337] systemd[1]: Created slice user.slice - User and Session Slice.
[   15.972712] systemd[1]: Started systemd-ask-password-console.path - Dispatch Password Requests to Console Directory Watch.
[   15.974352] systemd[1]: Started systemd-ask-password-wall.path - Forward Password Requests to Wall Directory Watch.
[   15.975705] systemd[1]: proc-sys-fs-binfmt_misc.automount - Arbitrary Executable File Formats File System Automount Point skipped, unmet condition check ConditionPathExists=/proc/sys/fs/binfmt_misc
[   15.977457] systemd[1]: Expecting device dev-ttyS2.device - /dev/ttyS2...
[   15.978581] systemd[1]: Reached target nfs-client.target - NFS client services.
[   15.979600] systemd[1]: Reached target paths.target - Path Units.
[   15.980446] systemd[1]: Reached target slices.target - Slice Units.
[   15.981300] systemd[1]: Reached target swap.target - Swaps.
[   15.994207] systemd[1]: Listening on rpcbind.socket - RPCbind Server Activation Socket.
[   15.996278] systemd[1]: Listening on syslog.socket - Syslog Socket.
[   16.004905] systemd[1]: Listening on systemd-creds.socket - Credential Encryption/Decryption.
[   16.006705] systemd[1]: Listening on systemd-initctl.socket - initctl Compatibility Named Pipe.
[   16.008307] systemd[1]: Listening on systemd-journald-dev-log.socket - Journal Socket (/dev/log).
[   16.010257] systemd[1]: Listening on systemd-journald.socket - Journal Sockets.
[   16.011473] systemd[1]: systemd-pcrextend.socket - TPM PCR Measurements skipped, unmet condition check ConditionSecurity=measured-uki
[   16.012658] systemd[1]: systemd-pcrlock.socket - Make TPM PCR Policy skipped, unmet condition check ConditionSecurity=measured-uki
[   16.014463] systemd[1]: Listening on systemd-udevd-control.socket - udev Control Socket.
[   16.015918] systemd[1]: Listening on systemd-udevd-kernel.socket - udev Kernel Socket.
[   16.023042] systemd[1]: Mounting dev-hugepages.mount - Huge Pages File System...
[   16.028355] systemd[1]: Mounting dev-mqueue.mount - POSIX Message Queue File System...
[   16.035253] systemd[1]: Mounting run-lock.mount - Legacy Locks Directory /run/lock...
[   16.040932] systemd[1]: Mounting sys-kernel-debug.mount - Kernel Debug File System...
[   16.045734] systemd[1]: sys-kernel-tracing.mount - Kernel Trace File System skipped, unmet condition check ConditionPathExists=/sys/kernel/tracing
[   16.052909] systemd[1]: Mounting tmp.mount - Temporary Directory /tmp...
[   16.057533] systemd[1]: auth-rpcgss-module.service - Kernel Module supporting RPCSEC_GSS skipped, unmet condition check ConditionPathExists=/etc/krb5.keytab
[   16.070332] systemd[1]: Starting fake-hwclock-load.service - Restore the current clock...
[   16.071601] systemd[1]: kmod-static-nodes.service - Create List of Static Device Nodes skipped, unmet condition check ConditionFileNotEmpty=/lib/modules/6.18.33/modules.devname
[   16.089341] systemd[1]: Starting modprobe@fuse.service - Load Kernel Module fuse...
[   16.092781] systemd[1]: systemd-hibernate-clear.service - Clear Stale Hibernate Storage Info skipped, unmet condition check ConditionPathExists=/sys/firmware/efi/efivars/HibernateLocation-8cf2644b-4b0b-428f-9387-6d876050dc67
[   16.104620] systemd[1]: systemd-hwdb-update.service - Rebuild Hardware Database skipped, unmet condition check ConditionNeedsUpdate=/etc
[   16.114456] systemd[1]: Starting systemd-journald.service - Journal Service...
[   16.134970] systemd[1]: Starting systemd-modules-load.service - Load Kernel Modules...
[   16.136168] systemd[1]: systemd-pcrmachine.service - TPM PCR Machine ID Measurement skipped, unmet condition check ConditionSecurity=measured-uki
[   16.142446] systemd[1]: Starting systemd-tmpfiles-setup-dev-early.service - Create Static Device Nodes in /dev gracefully...
[   16.144045] systemd[1]: systemd-tpm2-setup-early.service - Early TPM SRK Setup skipped, unmet condition check ConditionSecurity=measured-uki
[   16.146119] systemd[1]: systemd-tpm2-setup.service - TPM SRK Setup skipped, unmet condition check ConditionSecurity=measured-uki
[   16.153666] systemd[1]: Starting systemd-udev-load-credentials.service - Load udev Rules from Credentials...
[   16.177697] systemd[1]: Starting systemd-udev-trigger.service - Coldplug All udev Devices...
[   16.202415] systemd[1]: Mounted dev-hugepages.mount - Huge Pages File System.
[   16.205462] systemd[1]: Mounted dev-mqueue.mount - POSIX Message Queue File System.
[   16.208071] systemd[1]: Mounted run-lock.mount - Legacy Locks Directory /run/lock.
[   16.209925] systemd[1]: Mounted sys-kernel-debug.mount - Kernel Debug File System.
[   16.211709] systemd[1]: Mounted tmp.mount - Temporary Directory /tmp.
[   16.214020] systemd[1]: modprobe@fuse.service: Deactivated successfully.
[   16.215656] systemd[1]: Finished modprobe@fuse.service - Load Kernel Module fuse.
[   16.219446] systemd[1]: sys-fs-fuse-connections.mount - FUSE Control File System skipped, unmet condition check ConditionPathExists=/sys/fs/fuse/connections
[   16.231805] systemd[1]: fake-hwclock-load.service: Deactivated successfully.
[   16.233852] systemd[1]: Finished fake-hwclock-load.service - Restore the current clock.
[   16.243250] systemd[1]: Finished systemd-modules-load.service - Load Kernel Modules.
[   16.250754] systemd[1]: Starting systemd-sysctl.service - Apply Kernel Variables...
[   16.290332] systemd[1]: Finished systemd-udev-load-credentials.service - Load udev Rules from Credentials.
[   16.304688] systemd-journald[113]: Collecting audit messages is disabled.
[   16.342989] systemd[1]: Finished systemd-tmpfiles-setup-dev-early.service - Create Static Device Nodes in /dev gracefully.
[   16.345378] systemd[1]: systemd-sysusers.service - Create System Users skipped, no trigger condition checks were met.
[   16.357706] systemd[1]: Starting systemd-tmpfiles-setup-dev.service - Create Static Device Nodes in /dev...
[   16.363638] systemd[1]: Finished systemd-sysctl.service - Apply Kernel Variables.
[   16.440822] systemd[1]: Started systemd-journald.service - Journal Service.
[   16.571724] systemd-journald[113]: Received client request to flush runtime journal.
[   16.896859] systemd-journald[113]: /var/log/journal/63f6b85b0c1e8dbfdd4367466a1d5eef/system.journal: Realtime clock jumped backwards relative to last journal entry, rotating.
[   16.898333] systemd-journald[113]: Rotating system journal.
[   19.063248] systemd-journald[113]: Received client request to relinquish /var/log/journal/63f6b85b0c1e8dbfdd4367466a1d5eef access.
[   19.745218] random: crng init done
[   21.342829] rk_gmac-dwmac fe300000.ethernet eth0: Register MEM_TYPE_PAGE_POOL RxQ-0
[   21.349788] rk_gmac-dwmac fe300000.ethernet eth0: PHY [stmmac-0:00] driver [YT8521 Gigabit Ethernet] (irq=POLL)
[   21.351669] rk_gmac-dwmac fe300000.ethernet eth0: v4e: DMA_BUS_MODE before reset: 0x00020100 (SWR=0)
[   21.352514] rk_gmac-dwmac fe300000.ethernet eth0: v4e: DMA_BUS_MODE after SWR write: 0x00020101 (SWR=1)
[   21.363433] rk_gmac-dwmac fe300000.ethernet eth0: v4e: SWR cleared after 10 ms: 0x00020100
[   21.364214] rk_gmac-dwmac fe300000.ethernet eth0: No Safety Features support found
[   21.365776] rk_gmac-dwmac fe300000.ethernet eth0: PTP not supported by HW
[   21.366424] rk_gmac-dwmac fe300000.ethernet eth0: configuring for phy/rgmii link mode
[   22.244727] dw-apb-uart ff1a0000.serial: forbid DMA for kernel console
[!p]104[?7h[6n[32766;32766H[6n[!p]104[?7h[6n[32766;32766H[6n

armbian login: root (automatic login)


[38;2;247;16;0m    _             _    _                             __  __ _    _      _ 
   /_\  _ _ _ __ | |__(_)__ _ _ _ ___ _  _ _ _  ___ / _|/ _(_)__(_)__ _| |
  / _ \| '_| '  \| '_ \ / _` | ' \___| || | ' \/ _ \  _|  _| / _| / _` | |
 /_/ \_\_| |_|_|_|_.__/_\__,_|_||_|   \_,_|_||_\___/_| |_| |_\__|_\__,_|_|
                                                                          [0m
 [0;92mv26.05.0[0m for lpa3399pro running Armbian Linux [0;92m6.18.33[0m


 Packages:     Debian [0;92mstable[0m (trixie)

[0;90m Performance:  [0m

 Load:        [0;92m 61%[0m           	 Uptime:         [92m1m[0m	
 Memory usage:[0;92m 3%[0m of 3.66G  	
 CPU temp:    [0;92m 30°C[0m           	 Usage of /:  [0;92m 65%[0m of 2.9G   	

[   23.398253] rk_gmac-dwmac fe300000.ethernet eth0: Link is Up - 100Mbps/Full - flow control rx/tx
[?2004hroot@armbian:~# 

[?2004l
[?2004hroot@armbian:~# printf '\n=== TTL_STATUS_START 2026-06-19T%(%F_%T%z)T ===\n' -1
[?2004l

=== TTL_STATUS_START 2026-06-19T2026-06-01_23:08:41+0800 ===
[?2004hroot@armbian:~# uname -a
[?2004l
Linux armbian 6.18.33 #8 SMP PREEMPT Fri Jun 19 10:01:52 CST 2026 aarch64 GNU/Linux
[?2004hroot@armbian:~# printf 'cmdline: '; cat /proc/cmdline
[?2004l
cmdline: root=PARTUUID=61ec8aeb-3d1a-48fa-a9da-54d744ed8bdf rootflags=data=writeback rw rootwait rootdelay=10 rootfstype=ext4 console=ttyS2,1500000 console=tty1 panic=0 usbcore.autosuspend=-1 initcall_blacklist=psci_checker printk.devkmsg=on log_buf_len=16M maxcpus=4 systemd.default_timeout_start_sec=20 plymouth.enable=0 net.ifnames=0
[?2004hroot@armbian:~# uptime
[?2004l
 23:08:41 up 8 min,  2 users,  load average: 0.04, 0.11, 0.09
[?2004hroot@armbian:~# free -h
[?2004l
               total        used        free      shared  buff/cache   available
Mem:           3.7Gi       167Mi       3.5Gi       8.8Mi       111Mi       3.5Gi
Swap:             0B          0B          0B
[?2004hroot@armbian:~# df -h /
[?2004l
Filesystem      Size  Used Avail Use% Mounted on
/dev/root       2.9G  1.8G  1.1G  65% /
[?2004hroot@armbian:~# ip -br link || true
[?2004l
[36mlo               [0mUNKNOWN        [33m00:00:00:00:00:00 [0m<LOOPBACK,UP,LOWER_UP> 
[36meth0             [0m[32mUP             [0m[33m36:28:78:08:40:24 [0m<BROADCAST,MULTICAST,UP,LOWER_UP> 
[?2004hroot@armbian:~# ip -br addr || true
[?2004l
[36mlo               [0mUNKNOWN        [35m127.0.0.1[0m/8 
[36meth0             [0m[32mUP             [0m[35m192.168.50.113[0m/24 
[?2004hroot@armbian:~# printf 'eth0 sysfs: operstate='; cat /sys/class/net/eth0/operstate 2>/dev/null || true; printf ' carrier='; cat /sys/class/net/eth0/carrier 2>/dev/null || true; printf ' speed='; cat /sys/class/net/eth0/speed 2>/dev/null || true; printf ' duplex='; cat /sys/class/net/eth0/duplex 2>/dev/null || true
[?2004l
eth0 sysfs: operstate=up
 carrier=1
 speed=100
 duplex=full
[?2004hroot@armbian:~# (ethtool eth0 2>/dev/null || true) | sed -n '1,45p'
[?2004l
Settings for eth0:
	Supported ports: [ TP	 MII ]
	Supported link modes:   10baseT/Half 10baseT/Full
	                        100baseT/Half 100baseT/Full
	                        1000baseT/Full
	Supported pause frame use: Symmetric Receive-only
	Supports auto-negotiation: Yes
	Supported FEC modes: Not reported
	Advertised link modes:  10baseT/Half 10baseT/Full
	                        100baseT/Half 100baseT/Full
	                        1000baseT/Full
	Advertised pause frame use: Symmetric Receive-only
	Advertised auto-negotiation: Yes
	Advertised FEC modes: Not reported
	Link partner advertised link modes:  10baseT/Half 10baseT/Full
	                                     100baseT/Half 100baseT/Full
	Link partner advertised pause frame use: Symmetric
	Link partner advertised auto-negotiation: Yes
	Link partner advertised FEC modes: Not reported
	Speed: 100Mb/s
	Duplex: Full
	Auto-negotiation: on
	Port: Twisted Pair
	PHYAD: 0
	Transceiver: external
	MDI-X: Unknown
	Supports Wake-on: ug
	Wake-on: d
        Current message level: 0x0000003f (63)
                               drv probe link timer ifdown ifup
	Link detected: yes
[?2004hroot@armbian:~# printf '\n-- GMAC DMESG TAIL --\n'
[?2004l

-- GMAC DMESG TAIL --
[?2004hroot@armbian:~# dmesg | grep -iE 'v4e|rk3399pro test|gmac|stmmac|eth0|yt8521|dma|rgmii|reset|GRF_SOC|Link is|Failed to reset|DMA engine|no carrier|carrier' | tail -n 120
[?2004l
printf '\n-- FAILED UNITS --\n'
[    0.000000]   DMA      [mem 0x0000000000200000-0x00000000f7ffffff]
[    0.000000]   DMA32    empty
[    0.000000] On node 0, zone DMA: 512 pages in unavailable ranges
[    0.000000] On node 0, zone DMA: 7680 pages in unavailable ranges
[    0.000000] Policy zone: DMA
[    0.050973] DMA: preallocated 512 KiB GFP_KERNEL pool for atomic allocations
[    0.051306] DMA: preallocated 512 KiB GFP_KERNEL|GFP_DMA pool for atomic allocations
[    0.051826] DMA: preallocated 512 KiB GFP_KERNEL|GFP_DMA32 pool for atomic allocations
[    0.143888] iommu: DMA domain TLB invalidation policy: strict mode
[    0.349555] dma-pl330 ff6d0000.dma-controller: Loaded driver for PL330 DMAC-241330
[    0.349606] dma-pl330 ff6d0000.dma-controller: 	DBUFF-32x8bytes Num_Chans-6 Num_Peri-12 Num_Events-12
[    0.351336] dma-pl330 ff6e0000.dma-controller: Loaded driver for PL330 DMAC-241330
[    0.351368] dma-pl330 ff6e0000.dma-controller: 	DBUFF-128x8bytes Num_Chans-8 Num_Peri-20 Num_Events-16
[    0.558304] rk_gmac-dwmac fe300000.ethernet: IRQ eth_wake_irq not found
[    0.558921] rk_gmac-dwmac fe300000.ethernet: IRQ sfty not found
[    0.559609] rk_gmac-dwmac fe300000.ethernet: PTP uses main clock
[    0.560426] rk_gmac-dwmac fe300000.ethernet: clock input or output? (output).
[    0.561075] rk_gmac-dwmac fe300000.ethernet: TX delay(0x21).
[    0.561628] rk_gmac-dwmac fe300000.ethernet: RX delay(0x15).
[    0.562151] rk_gmac-dwmac fe300000.ethernet: integrated PHY? (no).
[    0.562714] rk_gmac-dwmac fe300000.ethernet: external PHY reset GPIO described; will use one-shot reset and release before MDIO.
[    0.563744] rk_gmac-dwmac fe300000.ethernet: v4b-fix: reused stmmac core stmmaceth reset controller
[    0.564601] rk_gmac-dwmac fe300000.ethernet: rk3399pro test workaround: forcing clock_input=true for external RGMII PHY
[    0.565584] rk_gmac-dwmac fe300000.ethernet: powerup start: phy_iface=9 clock_input=1 integrated_phy=0 tx=0x21 rx=0x15
[    0.571556] rk_gmac-dwmac fe300000.ethernet: v4d: clocks enabled (5 clks, includes mac_clk_rx for RGMII)
[    0.572411] rk_gmac-dwmac fe300000.ethernet: init for RGMII
[    0.572921] rk_gmac-dwmac fe300000.ethernet: rk3399 rgmii applied: GRF_SOC_CON5=0x00000208 GRF_SOC_CON6=0x000095a1 tx=0x21 rx=0x15
[    0.574058] rk_gmac-dwmac fe300000.ethernet: external PHY reset (post-grf-post-power) begin (one-shot)
[    0.640964] rk_gmac-dwmac fe300000.ethernet: external PHY reset (post-grf-post-power) end (one-shot, GPIO released)
[    0.641923] rk_gmac-dwmac fe300000.ethernet: v4a: wait 200ms after GMAC GRF/PHY reset before runtime resume/DMA open
[    0.845135] rk_gmac-dwmac fe300000.ethernet: v4b: MAC reset cycle before runtime resume/DMA open
[    0.845927] rk_gmac-dwmac fe300000.ethernet: v4b-reset after-v4a-settle: assert stmmaceth
[    0.866682] rk_gmac-dwmac fe300000.ethernet: v4b-reset after-v4a-settle: deassert stmmaceth
[    0.921130] rk_gmac-dwmac fe300000.ethernet: v4b-reset after-v4a-settle: done
[    0.921777] rk_gmac-dwmac fe300000.ethernet: powerup done: phy_iface=9 clock_input=1 integrated_phy=0
[    0.922916] rk_gmac-dwmac fe300000.ethernet: User ID: 0x10, Synopsys ID: 0x35
[    0.923567] rk_gmac-dwmac fe300000.ethernet: 	DWMAC1000
[    0.924045] rk_gmac-dwmac fe300000.ethernet: DMA HW capability register supported
[    0.924720] rk_gmac-dwmac fe300000.ethernet: Active PHY interface: GMII/MII (0)
[    0.925397] rk_gmac-dwmac fe300000.ethernet: RX Checksum Offload Engine supported
[    0.926073] rk_gmac-dwmac fe300000.ethernet: COE Type 2
[    0.926549] rk_gmac-dwmac fe300000.ethernet: TX Checksum insertion supported
[    0.927182] rk_gmac-dwmac fe300000.ethernet: Wake-Up On Lan supported
[    0.927847] rk_gmac-dwmac fe300000.ethernet: Normal descriptors
[    0.928385] rk_gmac-dwmac fe300000.ethernet: Ring mode enabled
[    0.928913] rk_gmac-dwmac fe300000.ethernet: Enable RX Mitigation via HW Watchdog Timer
[    1.060318] dwmmc_rockchip fe310000.mmc: IDMAC supports 32-bit address mode.
[    1.061016] dwmmc_rockchip fe310000.mmc: Using internal DMA controller.
[    1.089272] mmc0: SDHCI controller on fe330000.mmc [fe330000.mmc] using ADMA
[    1.307373] dwmmc_rockchip fe320000.mmc: IDMAC supports 32-bit address mode.
[    1.308064] dwmmc_rockchip fe320000.mmc: Using internal DMA controller.
[    1.310061] dwmmc_rockchip fe310000.mmc: IDMAC supports 32-bit address mode.
[    1.310086] dwmmc_rockchip fe310000.mmc: Using internal DMA controller.
[    2.058479] dwmmc_rockchip fe310000.mmc: IDMAC supports 32-bit address mode.
[    2.059201] dwmmc_rockchip fe310000.mmc: Using internal DMA controller.
[   12.278386] dwmmc_rockchip fe310000.mmc: IDMAC supports 32-bit address mode.
[   12.279106] dwmmc_rockchip fe310000.mmc: Using internal DMA controller.
[   21.342829] rk_gmac-dwmac fe300000.ethernet eth0: Register MEM_TYPE_PAGE_POOL RxQ-0

[   21.349788] rk_gmac-dwmac fe300000.ethernet eth0: PHY [stmmac-0:00] driver [YT8521 Gigabit Ethernet] (irq=POLL)
[   21.351669] rk_gmac-dwmac fe300000.ethernet eth0: v4e: DMA_BUS_MODE before reset: 0x00020100 (SWR=0)
[   21.352514] rk_gmac-dwmac fe300000.ethernet eth0: v4e: DMA_BUS_MODE after SWR write: 0x00020101 (SWR=1)
[   21.363433] rk_gmac-dwmac fe300000.ethernet eth0: v4e: SWR cleared after 10 ms: 0x00020100
[   21.364214] rk_gmac-dwmac fe300000.ethernet eth0: No Safety Features support found
[   21.365776] rk_gmac-dwmac fe300000.ethernet eth0: PTP not supported by HW
[   21.366424] rk_gmac-dwmac fe300000.ethernet eth0: configuring for phy/rgmii link mode
[   22.244727] dw-apb-uart ff1a0000.serial: forbid DMA for kernel console
[   23.398253] rk_gmac-dwmac fe300000.ethernet eth0: Link is Up - 100Mbps/Full - flow control rx/tx
systemctl --failed --no-pager 2>/dev/null || true
[?2004hroot@armbian:~# printf '\n-- FAILED UNITS --\n'
[?2004l

-- FAILED UNITS --
[?2004hroot@armbian:~# systemctl --failed --no-pager 2>/dev/null || true
[?2004l
printf '\n-- WARNINGS TAIL --\n'
  UNIT LOAD ACTIVE SUB DESCRIPTION

0 loaded units listed.
[?2004hroot@armbian:~# printf '\n-- WARNINGS TAIL --\n'
[?2004l

-- WARNINGS TAIL --
[?2004hroot@armbian:~# journalctl -b -p warning..alert --no-pager 2>/dev/null | tail -n 40 || true
[?2004l
printf '=== TTL_STATUS_END ===\n'
Jun 01 23:00:02 armbian kernel: phy phy-ff770000.syscon:pcie-phy.4: Runtime PM usage count underflow!
Jun 01 23:00:02 armbian kernel: phy phy-ff770000.syscon:pcie-phy.3: Runtime PM usage count underflow!
Jun 01 23:00:02 armbian kernel: phy phy-ff770000.syscon:pcie-phy.2: Runtime PM usage count underflow!
Jun 01 23:00:02 armbian kernel: phy phy-ff770000.syscon:pcie-phy.1: Runtime PM usage count underflow!
Jun 01 23:00:02 armbian kernel: phy phy-ff770000.syscon:pcie-phy.4: Runtime PM usage count underflow!
Jun 01 23:00:02 armbian kernel: phy phy-ff770000.syscon:pcie-phy.3: Runtime PM usage count underflow!
Jun 01 23:00:02 armbian kernel: phy phy-ff770000.syscon:pcie-phy.2: Runtime PM usage count underflow!
Jun 01 23:00:02 armbian kernel: phy phy-ff770000.syscon:pcie-phy.1: Runtime PM usage count underflow!
Jun 01 23:00:02 armbian kernel: rockchip-pcie f8000000.pcie: probe with driver rockchip-pcie failed with error -110
Jun 01 23:00:02 armbian kernel: check access for rdinit=/init failed: -2, ignoring
Jun 01 23:00:02 armbian kernel: platform sdio-pwrseq: deferred probe pending: pwrseq_simple: external clock not ready
Jun 01 23:00:02 armbian systemd[1]: Binding to IPv6 address not available since kernel does not support IPv6.
Jun 01 23:00:02 armbian systemd[1]: Binding to IPv6 address not available since kernel does not support IPv6.
Apr 14 03:38:06 armbian systemd-modules-load[114]: Failed to find module 'tcp_bbr'
Apr 14 03:38:06 armbian systemd-modules-load[114]: Failed to find module 'rknpu'
Jun 01 23:00:02 armbian systemd-sysctl[126]: Couldn't write '0' to 'kernel/hung_task_timeout_secs', ignoring: No such file or directory
Jun 01 23:00:02 armbian systemd-sysctl[126]: Couldn't write 'fq' to 'net/core/default_qdisc', ignoring: No such file or directory
Jun 01 23:00:02 armbian systemd-sysctl[126]: Couldn't write 'bbr' to 'net/ipv4/tcp_congestion_control', ignoring: No such file or directory
Jun 01 23:00:02 armbian systemd-sysctl[126]: Couldn't write '1' to 'net/ipv4/tcp_syncookies', ignoring: No such file or directory
Jun 01 23:00:02 armbian systemd-sysctl[126]: Couldn't write '1' to 'net/ipv6/conf/default/forwarding', ignoring: No such file or directory
Jun 01 23:00:02 armbian systemd-sysctl[126]: Couldn't write '1' to 'net/ipv6/conf/all/forwarding', ignoring: No such file or directory
Jun 01 23:00:02 armbian systemd-sysctl[126]: Couldn't write '1' to 'net/netfilter/nf_conntrack_acct', ignoring: No such file or directory
Jun 01 23:00:02 armbian systemd-sysctl[126]: Couldn't write '0' to 'net/netfilter/nf_conntrack_checksum', ignoring: No such file or directory
Jun 01 23:00:02 armbian systemd-sysctl[126]: Couldn't write '65535' to 'net/netfilter/nf_conntrack_max', ignoring: No such file or directory
Jun 01 23:00:02 armbian systemd-sysctl[126]: Couldn't write '7440' to 'net/netfilter/nf_conntrack_tcp_timeout_established', ignoring: No such file or directory
Jun 01 23:00:02 armbian systemd-sysctl[126]: Couldn't write '60' to 'net/netfilter/nf_conntrack_udp_timeout', ignoring: No such file or directory
Jun 01 23:00:02 armbian systemd-sysctl[126]: Couldn't write '180' to 'net/netfilter/nf_conntrack_udp_timeout_stream', ignoring: No such file or directory
Jun 01 23:00:02 armbian systemd-sysctl[126]: Couldn't write '1' to 'net/netfilter/nf_conntrack_helper', ignoring: No such file or directory
Jun 01 23:00:02 armbian systemd-sysctl[126]: Couldn't write '1' to 'net/ipv6/conf/all/disable_ipv6', ignoring: No such file or directory
Jun 01 23:00:02 armbian systemd-sysctl[126]: Couldn't write '1' to 'net/ipv6/conf/default/disable_ipv6', ignoring: No such file or directory
Jun 01 23:00:02 armbian systemd-sysctl[126]: Couldn't write '1' to 'net/ipv6/conf/lo/disable_ipv6', ignoring: No such file or directory
Jun 01 23:00:03 armbian systemd-udevd[146]: /usr/lib/udev/rules.d/90-alsa-restore.rules:18 GOTO="alsa_restore_std" has no matching label, ignoring.
Jun 01 23:00:03 armbian systemd-udevd[146]: /usr/lib/udev/rules.d/90-alsa-restore.rules:18 The line has no effect any more, dropping.

Jun 01 23:00:03 armbian systemd-udevd[146]: /usr/lib/udev/rules.d/90-alsa-restore.rules:22 GOTO="alsa_restore_std" has no matching label, ignoring.
Jun 01 23:00:03 armbian systemd-udevd[146]: /usr/lib/udev/rules.d/90-alsa-restore.rules:22 The line has no effect any more, dropping.
Jun 01 23:00:04 armbian rpcbind[184]: cannot create socket for udp6
Jun 01 23:00:04 armbian rpcbind[184]: cannot create socket for tcp6
Jun 01 23:00:04 armbian chronyd[223]: Could not open command socket on [::1]:323
Jun 01 23:00:08 armbian watchdog[358]: cannot open /dev/watchdog (errno = 2 = 'No such file or directory')
Jun 01 23:00:08 armbian kernel: dw-apb-uart ff1a0000.serial: forbid DMA for kernel console
[?2004hroot@armbian:~# printf '=== TTL_STATUS_END ===\n'
[?2004l
=== TTL_STATUS_END ===
[?2004hroot@armbian:~# 
[?2004l
[?2004hroot@armbian:~# printf '\n=== TTL_NET_EXTRA_START ===\n'
[?2004l

=== TTL_NET_EXTRA_START ===
[?2004hroot@armbian:~# ip route || true
[?2004l
default via [35m192.168.50.1 [0mdev [36meth0 [0mproto dhcp src [35m192.168.50.113 [0mmetric 100 
[35m192.168.50.0/24 [0mdev [36meth0 [0mproto kernel scope link src [35m192.168.50.113 [0mmetric 100 
[?2004hroot@armbian:~# GW=$(ip route | awk '/default/ {print $3; exit}'); echo gateway=$GW; [ -n "$GW" ] && ping -c 3 -W 2 $GW || true
[?2004l
gateway=192.168.50.1
D=/proc/device-tree/ethernet@fe300000/mdio/ethernet-phy@0; echo --phy-dt--; for f in compatible reg motorcomm,auto-sleep-disabled motorcomm,keep-pll-enabled motorcomm,clk-out-frequency-hz; do echo "## $f"; [ -e "$D/$f" ] && hexdump -Cv "$D/$f" || echo NA; done
PING 192.168.50.1 (192.168.50.1) 56(84) bytes of data.
64 bytes from 192.168.50.1: icmp_seq=1 ttl=64 time=16.2 ms
printf '=== TTL_NET_EXTRA_END ===\n'
64 bytes from 192.168.50.1: icmp_seq=2 ttl=64 time=3.77 ms
64 bytes from 192.168.50.1: icmp_seq=3 ttl=64 time=5.37 ms

--- 192.168.50.1 ping statistics ---
3 packets transmitted, 3 received, 0% packet loss, time 2003ms
rtt min/avg/max/mdev = 3.773/8.433/16.158/5.501 ms
[?2004hroot@armbian:~# D=/proc/device-tree/ethernet@fe300000/mdio/ethernet-phy@0; echo --phy-dt--; for f in compatible reg motorcomm,auto-sleep-disabled motorcomm,keep-pll-enabled motorcomm,clk-out-frequency-hz; do echo "## $f"; [ -e "$D/$f" ] && hexdump -Cv "$D/$f" || echo NA; done
[?2004l
--phy-dt--
## compatible
NA
## reg
00000000  00 00 00 00                                       |....|
00000004
## motorcomm,auto-sleep-disabled
## motorcomm,keep-pll-enabled
## motorcomm,clk-out-frequency-hz
NA
[?2004hroot@armbian:~# printf '=== TTL_NET_EXTRA_END ===\n'
[?2004l
=== TTL_NET_EXTRA_END ===
[?2004hroot@armbian:~# 
[?2004l
[?2004hroot@armbian:~# printf '\n=== TTL_GIGABIT_CHECK_START host_2026-06-19_12:XX ===\n'
[?2004l

=== TTL_GIGABIT_CHECK_START host_2026-06-19_12:XX ===
[?2004hroot@armbian:~# date
[?2004l
Mon Jun  1 11:16:18 PM CST 2026
[?2004hroot@armbian:~# uname -a
[?2004l
Linux armbian 6.18.33 #8 SMP PREEMPT Fri Jun 19 10:01:52 CST 2026 aarch64 GNU/Linux
[?2004hroot@armbian:~# printf '\n-- brief --\n'
[?2004l

-- brief --
[?2004hroot@armbian:~# ip -br link show eth0
[?2004l
[36meth0             [0m[32mUP             [0m[33m36:28:78:08:40:24 [0m<BROADCAST,MULTICAST,UP,LOWER_UP> 
[?2004hroot@armbian:~# ip -br addr show eth0
[?2004l
[36meth0             [0m[32mUP             [0m[35m192.168.50.113[0m/24 
[?2004hroot@armbian:~# printf 'sysfs speed='; cat /sys/class/net/eth0/speed 2>/dev/null; printf 'duplex='; cat /sys/class/net/eth0/duplex 2>/dev/null; printf 'carrier='; cat /sys/class/net/eth0/carrier 2>/dev/null; printf 'operstate='; cat /sys/class/net/eth0/operstate 2>/dev/null
[?2004l
sysfs speed=100
duplex=full
carrier=1

operstate=up

printf '\n-- ethtool --\n'
[?2004hroot@armbian:~# printf '\n-- ethtool --\n'
[?2004l


-- ethtool --
[?2004hroot@armbian:~# ethtool eth0 2>&1 || true
[?2004l
Settings for eth0:
	Supported ports: [ TP	 MII ]
	Supported link modes:   10baseT/Half 10baseT/Full
	                        100baseT/Half 100baseT/Full
	                        1000baseT/Full
	Supported pause frame use: Symmetric Receive-only
	Supports auto-negotiation: Yes

	Supported FEC modes: Not reported

	Advertised link modes:  10baseT/Half 10baseT/Full
	                        100baseT/Half 100baseT/Full
	                        1000baseT/Full
	Advertised pause frame use: Symmetric Receive-only
	Advertised auto-negotiation: Yes
	Advertised FEC modes: Not reported
	Link partner advertised link modes:  10baseT/Half 10baseT/Full
	                                     100baseT/Half 100baseT/Full
	Link partner advertised pause frame use: Symmetric
	Link partner advertised auto-negotiation: Yes
	Link partner advertised FEC modes: Not reported
	Speed: 100Mb/s
	Duplex: Full
	Auto-negotiation: on
	Port: Twisted Pair
	PHYAD: 0
	Transceiver: external
	MDI-X: Unknown
	Supports Wake-on: ug
	Wake-on: d
        Current message level: 0x0000003f (63)
                               drv probe link timer ifdown ifup
	Link detected: yes
[?2004hroot@armbian:~# printf '\n-- driver --\n'
[?2004l

-- driver --
[?2004hroot@armbian:~# ethtool -i eth0 2>&1 || true
[?2004l
driver: st_gmac
version: 6.18.33
firmware-version: 
expansion-rom-version: 
bus-info: fe300000.ethernet
supports-statistics: yes
supports-test: no
supports-eeprom-access: no
supports-register-dump: yes
supports-priv-flags: no
[?2004hroot@armbian:~# printf '\n-- pause --\n'
[?2004l

-- pause --
[?2004hroot@armbian:~# ethtool -a eth0 2>&1 || true
[?2004l
Pause parameters for eth0:
Autonegotiate:	on
RX:		off
TX:		off
RX negotiated: on
TX negotiated: on

[?2004hroot@armbian:~# printf '\n-- eee --\n'
[?2004l

-- eee --
[?2004hroot@armbian:~# ethtool --show-eee eth0 2>&1 || true
[?2004l
netlink error: Operation not supported
[?2004hroot@armbian:~# printf '\n-- ring/channels --\n'
[?2004l

-- ring/channels --
[?2004hroot@armbian:~# ethtool -g eth0 2>&1 || true
[?2004l
Ring parameters for eth0:
Pre-set maximums:
RX:			1024
RX Mini:		n/a
RX Jumbo:		n/a
TX:			1024
TX push buff len:	n/a
Current hardware settings:
RX:			512
RX Mini:		n/a
RX Jumbo:		n/a
TX:			512
RX Buf Len:		n/a
CQE Size:		n/a
TX Push:		off

RX Push:		off
TX push buff len:	n/a
TCP data split:		n/a
[?2004hroot@armbian:~# ethtool -l eth0 2>&1 || true
[?2004l
Channel parameters for eth0:
Pre-set maximums:
RX:		n/a
TX:		n/a
Other:		n/a
Combined:	n/a
Current hardware settings:
RX:		n/a
TX:		n/a
Other:		n/a
Combined:	n/a
[?2004hroot@armbian:~# printf '\n-- stats selected --\n'
[?2004l

-- stats selected --
[?2004hroot@armbian:~# ethtool -S eth0 2>&1 | grep -Ei 'rx|tx|err|drop|crc|timeout|fifo|collision|miss|over|under|jabber|watchdog' | head -n 120 || true
[?2004l
     mmc_tx_octetcount_gb: 9564
     mmc_tx_framecount_gb: 67
     mmc_tx_broadcastframe_g: 0
     mmc_tx_multicastframe_g: 0
     mmc_tx_64_octets_gb: 0
     mmc_tx_65_to_127_octets_gb: 0
     mmc_tx_128_to_255_octets_gb: 0
     mmc_tx_256_to_511_octets_gb: 0
     mmc_tx_512_to_1023_octets_gb: 0
     mmc_tx_1024_to_max_octets_gb: 0
     mmc_tx_unicast_gb: 0
     mmc_tx_multicast_gb: 0
     mmc_tx_broadcast_gb: 0
     mmc_tx_underflow_error: 0
     mmc_tx_singlecol_g: 0
     mmc_tx_multicol_g: 0
     mmc_tx_deferred: 0
     mmc_tx_latecol: 0
     mmc_tx_exesscol: 0
     mmc_tx_carrier_error: 0
     mmc_tx_octetcount_g: 9564
     mmc_tx_framecount_g: 67
     mmc_tx_excessdef: 0
     mmc_tx_pause_frame: 0
     mmc_tx_vlan_frame_g: 0

     mmc_tx_oversize_g: 0
     mmc_tx_lpi_usec: 0
     mmc_tx_lpi_tran: 0
     mmc_rx_framecount_gb: 6391
     mmc_rx_octetcount_gb: 449120
     mmc_rx_octetcount_g: 449120
     mmc_rx_broadcastframe_g: 0
     mmc_rx_multicastframe_g: 40
     mmc_rx_crc_error: 0
     mmc_rx_align_error: 0
     mmc_rx_run_error: 0
     mmc_rx_jabber_error: 0
     mmc_rx_undersize_g: 0
     mmc_rx_oversize_g: 0
     mmc_rx_64_octets_gb: 0
     mmc_rx_65_to_127_octets_gb: 0
     mmc_rx_128_to_255_octets_gb: 0
     mmc_rx_256_to_511_octets_gb: 0
     mmc_rx_512_to_1023_octets_gb: 0
     mmc_rx_1024_to_max_octets_gb: 0
     mmc_rx_unicast_g: 0
     mmc_rx_length_error: 0
     mmc_rx_autofrangetype: 0
     mmc_rx_pause_frames: 0
     mmc_rx_fifo_overflow: 0
     mmc_rx_vlan_frames_gb: 0
     mmc_rx_watchdog_error: 0
     mmc_rx_error: 0
     mmc_rx_lpi_usec: 0
     mmc_rx_lpi_tran: 0
     mmc_rx_discard_frames_gb: 0
     mmc_rx_discard_octets_gb: 0
     mmc_rx_align_err_frames: 0
     mmc_rx_ipv4_gd: 180
     mmc_rx_ipv4_hderr: 0
     mmc_rx_ipv4_nopay: 0
     mmc_rx_ipv4_frag: 0
     mmc_rx_ipv4_udsbl: 0
     mmc_rx_ipv4_gd_octets: 0
     mmc_rx_ipv4_hderr_octets: 0
     mmc_rx_ipv4_nopay_octets: 0
     mmc_rx_ipv4_frag_octets: 0
     mmc_rx_ipv4_udsbl_octets: 0
     mmc_rx_ipv6_gd_octets: 0
     mmc_rx_ipv6_hderr_octets: 0

     mmc_rx_ipv6_nopay_octets: 0
     mmc_rx_ipv6_gd: 0
     mmc_rx_ipv6_hderr: 0
     mmc_rx_ipv6_nopay: 0
     mmc_rx_udp_gd: 0
     mmc_rx_udp_err: 0
     mmc_rx_tcp_gd: 0
     mmc_rx_tcp_err: 0
     mmc_rx_icmp_gd: 0
     mmc_rx_icmp_err: 0
     mmc_rx_udp_gd_octets: 0
     mmc_rx_udp_err_octets: 0
     mmc_rx_tcp_gd_octets: 0
     mmc_rx_tcp_err_octets: 0
     mmc_rx_icmp_gd_octets: 0
     mmc_rx_icmp_err_octets: 0
     mmc_tx_fpe_fragment_cntr: 0

     mmc_tx_hold_req_cntr: 0
     mmc_tx_gate_overrun_cntr: 0
     mmc_rx_packet_assembly_err_cntr: 0
     mmc_rx_packet_smd_err_cntr: 0
     mmc_rx_packet_assembly_ok_cntr: 0
     mmc_rx_fpe_fragment_cntr: 0
     tx_underflow: 0
     tx_carrier: 0
     tx_losscarrier: 0
     tx_deferred: 0
     tx_vlan: 0
     tx_jabber: 0
     tx_frame_flushed: 0
     tx_payload_error: 0
     tx_ip_header_error: 0
     rx_desc: 0
     overflow_error: 0
     ipc_csum_error: 0
     rx_collision: 0
     rx_crc_errors: 0
     rx_length: 0
     rx_mii: 0
     rx_multicast: 0
     rx_gmac_overflow: 0
     rx_watchdog: 0
     da_rx_filter_fail: 0
     sa_rx_filter_fail: 0
     rx_missed_cntr: 0
     rx_overflow_cntr: 0
     rx_vlan: 0
     rx_split_hdr_pkt_n: 0
     tx_undeflow_irq: 0
     tx_process_stopped_irq: 0
printf '\n-- proc net dev --\n'
[?2004hroot@armbian:~# printf '\n-- proc net dev --\n'
[?2004l

-- proc net dev --
[?2004hroot@armbian:~# cat /proc/net/dev | grep -E 'Inter|face|eth0'
[?2004l
Inter-|   Receive                                                |  Transmit
 face |bytes    packets errs drop fifo frame compressed multicast|bytes    packets errs drop fifo colls carrier compressed
  eth0:  423616    6392    0    0    0     0          0         0     8696      67    0    0    0     0       0          0
[?2004hroot@armbian:~# printf '\n-- dmesg gmac tail --\n'
[?2004l

-- dmesg gmac tail --
[?2004hroot@armbian:~# dmesg | grep -iE 'gmac|stmmac|eth0|yt8521|rgmii|gmii|mii|Link is|1000|100Mbps|dma|reset|timeout|error' | tail -n 140
[?2004l
[    0.000000]   DMA      [mem 0x0000000000200000-0x00000000f7ffffff]
[    0.000000]   DMA32    empty
[    0.000000] On node 0, zone DMA: 512 pages in unavailable ranges
[    0.000000] On node 0, zone DMA: 7680 pages in unavailable ranges
[    0.000000] Kernel command line: root=PARTUUID=61ec8aeb-3d1a-48fa-a9da-54d744ed8bdf rootflags=data=writeback rw rootwait rootdelay=10 rootfstype=ext4 console=ttyS2,1500000 console=tty1 panic=0 usbcore.autosuspend=-1 initcall_blacklist=psci_checker printk.devkmsg=on log_buf_len=16M maxcpus=4 systemd.default_timeout_start_sec=20 plymouth.enable=0 net.ifnames=0
[    0.000000] Policy zone: DMA
[    0.008085] rcu: 	Max phase no-delay instances is 1000.
[    0.016498] GICv3: CPU2: using allocated LPI pending table @0x0000000003510000
[    0.039054] clocksource: jiffies: mask: 0xffffffff max_cycles: 0xffffffff, max_idle_ns: 7645041785100000 ns
[    0.050973] DMA: preallocated 512 KiB GFP_KERNEL pool for atomic allocations
[    0.051306] DMA: preallocated 512 KiB GFP_KERNEL|GFP_DMA pool for atomic allocations
[    0.051826] DMA: preallocated 512 KiB GFP_KERNEL|GFP_DMA32 pool for atomic allocations
[    0.143888] iommu: DMA domain TLB invalidation policy: strict mode
[    0.349555] dma-pl330 ff6d0000.dma-controller: Loaded driver for PL330 DMAC-241330
[    0.349606] dma-pl330 ff6d0000.dma-controller: 	DBUFF-32x8bytes Num_Chans-6 Num_Peri-12 Num_Events-12
[    0.351336] dma-pl330 ff6e0000.dma-controller: Loaded driver for PL330 DMAC-241330
[    0.351368] dma-pl330 ff6e0000.dma-controller: 	DBUFF-128x8bytes Num_Chans-8 Num_Peri-20 Num_Events-16
[    0.549761] e1000: Intel(R) PRO/1000 Network Driver
[    0.550216] e1000: Copyright (c) 1999-2006 Intel Corporation.
[    0.550794] e1000e: Intel(R) PRO/1000 Network Driver
[    0.551245] e1000e: Copyright(c) 1999 - 2015 Intel Corporation.
[    0.558304] rk_gmac-dwmac fe300000.ethernet: IRQ eth_wake_irq not found
[    0.558921] rk_gmac-dwmac fe300000.ethernet: IRQ sfty not found
[    0.559609] rk_gmac-dwmac fe300000.ethernet: PTP uses main clock
[    0.560426] rk_gmac-dwmac fe300000.ethernet: clock input or output? (output).
[    0.561075] rk_gmac-dwmac fe300000.ethernet: TX delay(0x21).
[    0.561628] rk_gmac-dwmac fe300000.ethernet: RX delay(0x15).
[    0.562151] rk_gmac-dwmac fe300000.ethernet: integrated PHY? (no).
[    0.562714] rk_gmac-dwmac fe300000.ethernet: external PHY reset GPIO described; will use one-shot reset and release before MDIO.
[    0.563744] rk_gmac-dwmac fe300000.ethernet: v4b-fix: reused stmmac core stmmaceth reset controller
[    0.564601] rk_gmac-dwmac fe300000.ethernet: rk3399pro test workaround: forcing clock_input=true for external RGMII PHY
[    0.565584] rk_gmac-dwmac fe300000.ethernet: powerup start: phy_iface=9 clock_input=1 integrated_phy=0 tx=0x21 rx=0x15
[    0.571556] rk_gmac-dwmac fe300000.ethernet: v4d: clocks enabled (5 clks, includes mac_clk_rx for RGMII)
[    0.572411] rk_gmac-dwmac fe300000.ethernet: init for RGMII
[    0.572921] rk_gmac-dwmac fe300000.ethernet: rk3399 rgmii applied: GRF_SOC_CON5=0x00000208 GRF_SOC_CON6=0x000095a1 tx=0x21 rx=0x15
[    0.574058] rk_gmac-dwmac fe300000.ethernet: external PHY reset (post-grf-post-power) begin (one-shot)
[    0.640964] rk_gmac-dwmac fe300000.ethernet: external PHY reset (post-grf-post-power) end (one-shot, GPIO released)
[    0.641923] rk_gmac-dwmac fe300000.ethernet: v4a: wait 200ms after GMAC GRF/PHY reset before runtime resume/DMA open
[    0.845135] rk_gmac-dwmac fe300000.ethernet: v4b: MAC reset cycle before runtime resume/DMA open
[    0.845927] rk_gmac-dwmac fe300000.ethernet: v4b-reset after-v4a-settle: assert stmmaceth
[    0.866682] rk_gmac-dwmac fe300000.ethernet: v4b-reset after-v4a-settle: deassert stmmaceth
[    0.921130] rk_gmac-dwmac fe300000.ethernet: v4b-reset after-v4a-settle: done
[    0.921777] rk_gmac-dwmac fe300000.ethernet: powerup done: phy_iface=9 clock_input=1 integrated_phy=0
[    0.922916] rk_gmac-dwmac fe300000.ethernet: User ID: 0x10, Synopsys ID: 0x35
[    0.923567] rk_gmac-dwmac fe300000.ethernet: 	DWMAC1000
[    0.924045] rk_gmac-dwmac fe300000.ethprintf '\n-- dt ethernet basics --\n'
ernet: DMA HW capability register supported
[    0.924720] rk_gmac-dwmac fe300000.ethernet: Active PHY interface: GMII/MII (0)
[    0.925397] rk_gmac-dwmac fe300000.ethernet: RX Checksum Offload Engine supported
[    0.926073] rk_gmac-dwmac fe300000.ethernet: COE Type 2
[    0.926549] rk_gmac-dwmac fe300000.ethernet: TX Checksum insertion supported
[    0.927182] rk_gmac-dwmac fe300000.ethernet: Wake-Up On Lan supported
[    0.927847] rk_gmac-dwmac fe300000.ethernet: Normal descriptors
[    0.928385] rk_gmac-dwmac fe300000.ethernet: Ring mode enabled

[    0.928913] rk_gmac-dwmac fe300000.ethernet: Enable RX Mitigation via HW Watchdog Timer
[    1.060318] dwmmc_rockchip fe310000.mmc: IDMAC supports 32-bit address mode.
[    1.061016] dwmmc_rockchip fe310000.mmc: Using internal DMA controller.
[    1.061695] dwmmc_rockchip fe310000.mmc: Version ID is 270a
[    1.062262] dwmmc_rockchip fe310000.mmc: DW MMC controller at irq 38,32 bit host data width,256 deep fifo
[    1.089272] mmc0: SDHCI controller on fe330000.mmc [fe330000.mmc] using ADMA
[    1.307373] dwmmc_rockchip fe320000.mmc: IDMAC supports 32-bit address mode.
[    1.308064] dwmmc_rockchip fe320000.mmc: Using internal DMA controller.
[    1.310061] dwmmc_rockchip fe310000.mmc: IDMAC supports 32-bit address mode.
[    1.310086] dwmmc_rockchip fe310000.mmc: Using internal DMA controller.
[    1.310095] dwmmc_rockchip fe310000.mmc: Version ID is 270a
[    1.310117] dwmmc_rockchip fe310000.mmc: DW MMC controller at irq 38,32 bit host data width,256 deep fifo
[    1.403870] GPT: Use GNU Parted to correct GPT errors.
[    2.025483] rockchip-pcie f8000000.pcie: PCIe link training gen1 timeout!
[    2.031666] rockchip-pcie f8000000.pcie: probe with driver rockchip-pcie failed with error -110
[    2.058479] dwmmc_rockchip fe310000.mmc: IDMAC supports 32-bit address mode.
[    2.059201] dwmmc_rockchip fe310000.mmc: Using internal DMA controller.
[    2.059822] dwmmc_rockchip fe310000.mmc: Version ID is 270a
[    2.059869] dwmmc_rockchip fe310000.mmc: DW MMC controller at irq 38,32 bit host data width,256 deep fifo
[   12.272436] rockchip-pm-domain ff310000.power-management:power-controller: sync_state() pending due to fe310000.mmc
[   12.273418] rockchip-pm-domain ff310000.power-management:power-controller: sync_state() pending due to ff650000.video-codec
[   12.274431] rockchip-pm-domain ff310000.power-management:power-controller: sync_state() pending due to ff660000.video-codec
[   12.275439] rockchip-pm-domain ff310000.power-management:power-controller: sync_state() pending due to ff680000.rga
[   12.276394] rockchip-pm-domain ff310000.power-management:power-controller: sync_state() pending due to ff940000.hdmi
[   12.278386] dwmmc_rockchip fe310000.mmc: IDMAC supports 32-bit address mode.
[   12.279106] dwmmc_rockchip fe310000.mmc: Using internal DMA controller.
[   12.279756] dwmmc_rockchip fe310000.mmc: Version ID is 270a
[   12.280326] dwmmc_rockchip fe310000.mmc: DW MMC controller at irq 38,32 bit host data width,256 deep fifo
[   21.342829] rk_gmac-dwmac fe300000.ethernet eth0: Register MEM_TYPE_PAGE_POOL RxQ-0
[   21.349788] rk_gmac-dwmac fe300000.ethernet eth0: PHY [stmmac-0:00] driver [YT8521 Gigabit Ethernet] (irq=POLL)
[   21.351669] rk_gmac-dwmac fe300000.ethernet eth0: v4e: DMA_BUS_MODE before reset: 0x00020100 (SWR=0)
[   21.352514] rk_gmac-dwmac fe300000.ethernet eth0: v4e: DMA_BUS_MODE after SWR write: 0x00020101 (SWR=1)
[   21.363433] rk_gmac-dwmac fe300000.ethernet eth0: v4e: SWR cleared after 10 ms: 0x00020100
[   21.364214] rk_gmac-dwmac fe300000.ethernet eth0: No Safety Features support found
[   21.365776] rk_gmac-dwmac fe300000.ethernet eth0: PTP not supported by HW
[   21.366424] rk_gmac-dwmac fe300000.ethernet eth0: configuring for phy/rgmii link mode
[   22.244727] dw-apb-uart ff1a0000.serial: forbid DMA for kernel console
[   23.398253] rk_gmac-dwmac fe300000.ethernet eth0: Link is Up - 100Mbps/FullD=/proc/device-tree/ethernet@fe300000; for f in phy-mode phy-connection-type clock_in_out tx_delay rx_delay assigned-clock-rates; do echo "## $f"; [ -e "$D/$f" ] && hexdump -Cv "$D/$f" || echo NA; done
 - flow control rx/tx
[?2004hroot@armbian:~# printf '\n-- dt ethernet basics --\n'
[?2004l

-- dt ethernet basics --
[?2004hroot@armbian:~# D=/proc/device-tree/ethernet@fe300000; for f in phy-mode phy-connection-type clock_in_out tx_delay rx_delay assigned-clock-rates; do echo "## $f"; [ -e "$D/$f" ] && hexdump -Cv "$D/$f" || echo NA; done
[?2004l
## phy-mode
00000000  72 67 6d 69 69 00                                 |rgmii.|
00000006
## phy-connection-type
NA
## clock_in_out
00000000  6f 75 74 70 75 74 00                              |output.|
00000007
## tx_delay
00000000  00 00 00 21                                       |...!|
00000004
## rx_delay
00000000  00 00 00 15                                       |....|
00000004
## assigned-clock-rates
00000000  00 00 00 00 07 73 59 40                           |.....sY@|
00000008
printf '=== TTL_GIGABIT_CHECK_END ===\n'
[?2004hroot@armbian:~# P=/proc/device-tree/ethernet@fe300000/mdio/ethernet-phy@0; for f in reg motorcomm,auto-sleep-disabled motorcomm,keep-pll-enabled; do echo "## phy/$f"; [ -e "$P/$f" ] && hexdump -Cv "$P/$f" || echo NA; done
[?2004l
## phy/reg
00000000  00 00 00 00                                       |....|
00000004
## phy/motorcomm,auto-sleep-disabled
## phy/motorcomm,keep-pll-enabled
[?2004hroot@armbian:~# printf '=== TTL_GIGABIT_CHECK_END ===\n'
[?2004l
=== TTL_GIGABIT_CHECK_END ===
[?2004hroot@armbian:~# 
[?2004l
[?2004hroot@armbian:~# cat > /tmp/gmac_matrix_ifup.sh <<'SH'
[?2004l
[?2004h> #!/bin/sh
[?2004l
[?2004h> set -u
[?2004l
[?2004h> OUT=/root/gmac_matrix_ifup_$(date +%Y%m%d_%H%M%S).txt
[?2004l
[?2004h> {
[?2004l
[?2004h> echo "=== GMAC_MATRIX_IFUP_START $(date) ==="
[?2004l
[?2004h> uname -a
[?2004l
[?2004h> cat /proc/cmdline
[?2004l
[?2004h> ip -br link show eth0 || true
[?2004l
[?2004h> ip -br addr show eth0 || true
[?2004l
[?2004h> ethtool eth0 2>&1 || true
[?2004l
[?2004h> GW=$(ip route | awk '/default/ {print $3; exit}')
[?2004l
[?2004h> echo "gateway=$GW"
[?2004l
[?2004h> [ -n "$GW" ] && ping -c 5 -W 2 "$GW" || true
[?2004l
[?2004h> echo "-- before stats --"
[?2004l
[?2004h> cat /proc/net/dev | grep -E 'Inter|face|eth0'
[?2004l
[?2004h> ethtool -S eth0 2>&1 | grep -Ei 'err|drop|crc|timeout|fifo|collision|carrier|under|over|watchdog|miss' | head -n 80 || true
[?2004l
[?2004h> echo "-- ifdown/up 20 loops --"
[?2004l
[?2004h> i=1
[?2004l
[?2004h> while [ $i -le 20 ]; do
[?2004l
[?2004h>   echo "LOOP $i down"
[?2004l
[?2004h>   ip link set eth0 down 2>&1 || true
[?2004l
[?2004h>   sleep 1
[?2004l
[?2004h>   echo "LOOP $i up"
[?2004l
[?2004h>   ip link set eth0 up 2>&1 || true
[?2004l
[?2004h>   sleep 3
[?2004l
[?2004h>   printf "LOOP %s state: " "$i"
[?2004l
[?2004h>   cat /sys/class/net/eth0/operstate 2>/dev/null || true

[?2004l
[?2004h>   printf " speed="; cat /sys/class/net/eth0/speed 2>/dev/null || true

[?2004l
[?2004h>   printf " carrier="; cat /sys/class/net/eth0/carrier 2>/dev/null || true
[?2004l
[?2004h>   dmesg | tail -n 80 | grep -iE 'Failed to reset the dma|DMA engine initialization failed|Hw setup failed|SWR stuck|TX timeout|timed out|Link is|eth0' | tail -n 8 || true
[?2004l
[?2004h>   i=$((i+1))
[?2004l
[?2004h> done
[?2004l
[?2004h> echo "-- after loops --"
[?2004l
[?2004h> ip -br link show eth0 || true
[?2004l
[?2004h> ip -br addr show eth0 || true
[?2004l
[?2004h> ethtool eth0 2>&1 || true
[?2004l
[?2004h> [ -n "$GW" ] && ping -c 10 -W 2 "$GW" || true
[?2004l
[?2004h> cat /proc/net/dev | grep -E 'Inter|face|eth0'
[?2004l
[?2004h> ethtool -S eth0 2>&1 | grep -Ei 'err|drop|crc|timeout|fifo|collision|carrier|under|over|watchdog|miss' | head -n 120 || true
[?2004l
[?2004h> echo "-- dmesg gmac final --"
[?2004l
[?2004h> dmesg | grep -iE 'v4e|gmac|stmmac|eth0|yt8521|dma|reset|rgmii|Link is|Failed|timeout|error' | tail -n 220
[?2004l
[?2004h> echo "=== GMAC_MATRIX_IFUP_END $(date) ==="
[?2004l
[?2004h> } 2>&1 | tee "$OUT"
[?2004l
[?2004h> echo "OUT=$OUT"
[?2004l
[?2004h> SH
[?2004l
[?2004hroot@armbian:~# chmod +x /tmp/gmac_matrix_ifup.sh
[?2004l
[?2004hroot@armbian:~# /tmp/gmac_matrix_ifup.sh
[?2004l
=== GMAC_MATRIX_IFUP_START Mon Jun  1 11:19:03 PM CST 2026 ===
Linux armbian 6.18.33 #8 SMP PREEMPT Fri Jun 19 10:01:52 CST 2026 aarch64 GNU/Linux
root=PARTUUID=61ec8aeb-3d1a-48fa-a9da-54d744ed8bdf rootflags=data=writeback rw rootwait rootdelay=10 rootfstype=ext4 console=ttyS2,1500000 console=tty1 panic=0 usbcore.autosuspend=-1 initcall_blacklist=psci_checker printk.devkmsg=on log_buf_len=16M maxcpus=4 systemd.default_timeout_start_sec=20 plymouth.enable=0 net.ifnames=0
eth0             UP             36:28:78:08:40:24 <BROADCAST,MULTICAST,UP,LOWER_UP> 
eth0             UP             192.168.50.113/24 
Settings for eth0:
	Supported ports: [ TP	 MII ]
	Supported link modes:   10baseT/Half 10baseT/Full
	                        100baseT/Half 100baseT/Full
	                        1000baseT/Full
	Supported pause frame use: Symmetric Receive-only
	Supports auto-negotiation: Yes
	Supported FEC modes: Not reported
	Advertised link modes:  10baseT/Half 10baseT/Full
	                        100baseT/Half 100baseT/Full
	                        1000baseT/Full
	Advertised pause frame use: Symmetric Receive-only
	Advertised auto-negotiation: Yes
	Advertised FEC modes: Not reported
	Link partner advertised link modes:  10baseT/Half 10baseT/Full
	                                     100baseT/Half 100baseT/Full
	Link partner advertised pause frame use: Symmetric
	Link partner advertised auto-negotiation: Yes
	Link partner advertised FEC modes: Not reported
	Speed: 100Mb/s
	Duplex: Full
	Auto-negotiation: on
	Port: Twisted Pair
	PHYAD: 0
	Transceiver: external
	MDI-X: Unknown
	Supports Wake-on: ug
	Wake-on: d
        Current message level: 0x0000003f (63)
                               drv probe link timer ifdown ifup
	Link detected: yes
gateway=192.168.50.1
PING 192.168.50.1 (192.168.50.1) 56(84) bytes of data.
64 bytes from 192.168.50.1: icmp_seq=1 ttl=64 time=8.80 ms
64 bytes from 192.168.50.1: icmp_seq=2 ttl=64 time=41.5 ms
64 bytes from 192.168.50.1: icmp_seq=3 ttl=64 time=3.06 ms
64 bytes from 192.168.50.1: icmp_seq=4 ttl=64 time=17.8 ms
64 bytes from 192.168.50.1: icmp_seq=5 ttl=64 time=7.55 ms

--- 192.168.50.1 ping statistics ---
5 packets transmitted, 5 received, 0% packet loss, time 4006ms
rtt min/avg/max/mdev = 3.059/15.731/41.487/13.732 ms

-- before stats --
Inter-|   Receive                                                |  Transmit
 face |bytes    packets errs drop fifo frame compressed multicast|bytes    packets errs drop fifo colls carrier compressed
  eth0:  502466    7565    0    0    0     0          0         0     9450      78    0    0    0     0       0          0
     mmc_tx_underflow_error: 0
     mmc_tx_deferred: 0
     mmc_tx_carrier_error: 0
     mmc_tx_oversize_g: 0
     mmc_rx_crc_error: 0
     mmc_rx_align_error: 0
     mmc_rx_run_error: 0
     mmc_rx_jabber_error: 0
     mmc_rx_undersize_g: 0
     mmc_rx_oversize_g: 0
     mmc_rx_length_error: 0
     mmc_rx_fifo_overflow: 0
     mmc_rx_watchdog_error: 0
     mmc_rx_error: 0
     mmc_rx_align_err_frames: 0
     mmc_rx_ipv4_hderr: 0
     mmc_rx_ipv4_hderr_octets: 0
     mmc_rx_ipv6_hderr_octets: 0
     mmc_rx_ipv6_hderr: 0
     mmc_rx_udp_err: 0
     mmc_rx_tcp_err: 0
     mmc_rx_icmp_err: 0
     mmc_rx_udp_err_octets: 0
     mmc_rx_tcp_err_octets: 0
     mmc_rx_icmp_err_octets: 0
     mmc_tx_gate_overrun_cntr: 0
     mmc_rx_packet_assembly_err_cntr: 0
     mmc_rx_packet_smd_err_cntr: 0
     tx_underflow: 0
     tx_carrier: 0
     tx_losscarrier: 0
     tx_deferred: 0
     tx_payload_error: 0
     tx_ip_header_error: 0
     overflow_error: 0
     ipc_csum_error: 0
     rx_collision: 0
     rx_crc_errors: 0
     rx_gmac_overflow: 0
     rx_watchdog: 0
     rx_missed[ 1161.347832] rk_gmac-dwmac fe300000.ethernet eth0: Link is Down
_cntr: 0
     rx_overflow_cntr: 0
     rx_overflow_irq: 0
     rx_watchdog_irq: 0
     fatal_bus_error_irq: 0
     phy_eee_wakeup_error_n: 0
     ip_hdr_err: 0
     ip_payload_err: 0
     timestamp_dropped: 0
     mtl_tx_status_fifo_full: 0
     mtl_tx_fifo_not_empty: 0
     mmtl_fifo_ctrl: 0
     mtl_tx_fifo_read_ctrl_write: 0
     mtl_tx_fifo_read_ctrl_wait: 0
     mtl_tx_fifo_read_ctrl_read: 0
     mtl_tx_fifo_read_ctrl_idle: 0
     mtl_rx_fifo_fill_level_full: 0
     mtl_rx_fifo_fill_above_thresh: 0
     mtl_rx_fifo_fill_below_thresh: 0
     mtl_rx_fifo_fill_level_empty: 0
     mtl_rx_fifo_read_ctrl_flush: 0
     mtl_rx_fifo_read_ctrl_read_data: 0
     mtl_rx_fifo_read_ctrl_status: 0
     mtl_rx_fifo_read_ctrl_idle: 0
     mtl_rx_fifo_ctrl_active: 0
     mac_rx_frame_ctrl_fifo: 0
-- ifdown/up 20 loops --
LOOP 1 down
LOOP 1 up
[ 1162.370539] rk_gmac-dwmac fe300000.ethernet eth0: Register MEM_TYPE_PAGE_POOL RxQ-0
[ 1162.376919] rk_gmac-dwmac fe300000.ethernet eth0: PHY [stmmac-0:00] driver [YT8521 Gigabit Ethernet] (irq=POLL)
[ 1162.378807] rk_gmac-dwmac fe300000.ethernet eth0: v4e: DMA_BUS_MODE before reset: 0x01900400 (SWR=0)
[ 1162.379628] rk_gmac-dwmac fe300000.ethernet eth0: v4e: DMA_BUS_MODE after SWR write: 0x00020101 (SWR=1)
[ 1162.390473] rk_gmac-dwmac fe300000.ethernet eth0: v4e: SWR cleared after 10 ms: 0x00020100
[ 1162.391242] rk_gmac-dwmac fe300000.ethernet eth0: No Safety Features support found
[ 1162.391935] rk_gmac-dwmac fe300000.ethernet eth0: PTP not supported by HW
[ 1162.392543] rk_gmac-dwmac fe300000.ethernet eth0: configuring for phy/rgmii link mode
[ 1164.422466] rk_gmac-dwmac fe300000.ethernet eth0: Link is Up - 100Mbps/Full - flow control rx/tx
LOOP 1 state: up

 speed=100
 carrier=1

[ 1162.376919] rk_gmac-dwmac fe300000.ethernet eth0: PHY [stmmac-0:00] driver [YT8521 Gigabit Ethernet] (irq=POLL)
[ 1162.378807] rk_gmac-dwmac fe300000.ethernet eth0: v4e: DMA_BUS_MODE before reset: 0x01900400 (SWR=0)
[ 1162.379628] rk_gmac-dwmac fe300000.ethernet eth0: v4e: DMA_BUS_MODE after SWR write: 0x00020101 (SWR=1)
[ 1162.390473] rk_gmac-dwmac fe300000.ethernet eth0: v4e: SWR cleared after 10 ms: 0x00020100
[ 1162.391242] rk_gmac-dwmac fe300000.ethernet eth0: No Safety Features support found
[ 1162.391935] rk_gmac-dwmac fe300000.ethernet eth0: PTP not supported by HW
[ 1162.392543] rk_gmac-dwmac fe300000.ethernet eth0: configuring for phy/rgmii link mode
[ 1164.422466] rk_gmac-dwmac fe300000.ethernet eth0: Link is Up - 100Mbps/Full - flow control rx/tx
LOOP 2 down
[ 1165.445014] rk_gmac-dwmac fe300000.ethernet eth0: Link is Down
LOOP 2 up
[ 1166.463985] rk_gmac-dwmac fe300000.ethernet eth0: Register MEM_TYPE_PAGE_POOL RxQ-0
[ 1166.470472] rk_gmac-dwmac fe300000.ethernet eth0: PHY [stmmac-0:00] driver [YT8521 Gigabit Ethernet] (irq=POLL)
[ 1166.472343] rk_gmac-dwmac fe300000.ethernet eth0: v4e: DMA_BUS_MODE before reset: 0x01900400 (SWR=0)
[ 1166.473196] rk_gmac-dwmac fe300000.ethernet eth0: v4e: DMA_BUS_MODE after SWR write: 0x00020101 (SWR=1)
[ 1166.484049] rk_gmac-dwmac fe300000.ethernet eth0: v4e: SWR cleared after 10 ms: 0x00020100
[ 1166.484818] rk_gmac-dwmac fe300000.ethernet eth0: No Safety Features support found
[ 1166.485565] rk_gmac-dwmac fe300000.ethernet eth0: PTP not supported by HW
[ 1166.486181] rk_gmac-dwmac fe300000.ethernet eth0: configuring for phy/rgmii link mode
[ 1168.518506] rk_gmac-dwmac fe300000.ethernet eth0: Link is Up - 100Mbps/Full - flow control rx/tx
LOOP 2 state: up
 speed=100

 carrier=1
[ 1166.470472] rk_gmac-dwmac fe300000.ethernet eth0: PHY [stmmac-0:00] driver [YT8521 Gigabit Ethernet] (irq=POLL)
[ 1166.472343] rk_gmac-dwmac fe300000.ethernet eth0: v4e: DMA_BUS_MODE before reset: 0x01900400 (SWR=0)
[ 1166.473196] rk_gmac-dwmac fe300000.ethernet eth0: v4e: DMA_BUS_MODE after SWR write: 0x00020101 (SWR=1)
[ 1166.484049] rk_gmac-dwmac fe300000.ethernet eth0: v4e: SWR cleared after 10 ms: 0x00020100
[ 1166.484818] rk_gmac-dwmac fe300000.ethernet eth0: No Safety Features support found
[ 1166.485565] rk_gmac-dwmac fe300000.ethernet eth0: PTP not supported by HW
[ 1166.486181] rk_gmac-dwmac fe300000.ethernet eth0: configuring for phy/rgmii link mode
[ 1168.518506] rk_gmac-dwmac fe300000.ethernet eth0: Link is Up - 100Mbps/Full - flow control rx/tx
LOOP 3 down
[ 1169.534717] rk_gmac-dwmac fe300000.ethernet eth0: Link is Down

LOOP 3 up
[ 1170.552112] rk_gmac-dwmac fe300000.ethernet eth0: Register MEM_TYPE_PAGE_POOL RxQ-0
[ 1170.558316] rk_gmac-dwmac fe300000.ethernet eth0: PHY [stmmac-0:00] driver [YT8521 Gigabit Ethernet] (irq=POLL)
[ 1170.560188] rk_gmac-dwmac fe300000.ethernet eth0: v4e: DMA_BUS_MODE before reset: 0x01900400 (SWR=0)
[ 1170.561011] rk_gmac-dwmac fe300000.ethernet eth0: v4e: DMA_BUS_MODE after SWR write: 0x00020101 (SWR=1)
[ 1170.571883] rk_gmac-dwmac fe300000.ethernet eth0: v4e: SWR cleared after 10 ms: 0x00020100
[ 1170.572655] rk_gmac-dwmac fe300000.ethernet eth0: No Safety Features support found
[ 1170.573377] rk_gmac-dwmac fe300000.ethernet eth0: PTP not supported by HW
[ 1170.573990] rk_gmac-dwmac fe300000.ethernet eth0: configuring for phy/rgmii link mode
[ 1172.614524] rk_gmac-dwmac fe300000.ethernet eth0: Link is Up - 100Mbps/Full - flow control rx/tx
LOOP 3 state: up
 speed=100

 carrier=1
[ 1170.558316] rk_gmac-dwmac fe300000.ethernet eth0: PHY [stmmac-0:00] driver [YT8521 Gigabit Ethernet] (irq=POLL)
[ 1170.560188] rk_gmac-dwmac fe300000.ethernet eth0: v4e: DMA_BUS_MODE before reset: 0x01900400 (SWR=0)
[ 1170.561011] rk_gmac-dwmac fe300000.ethernet eth0: v4e: DMA_BUS_MODE after SWR write: 0x00020101 (SWR=1)
[ 1170.571883] rk_gmac-dwmac fe300000.ethernet eth0: v4e: SWR cleared after 10 ms: 0x00020100
[ 1170.572655] rk_gmac-dwmac fe300000.ethernet eth0: No Safety Features support found
[ 1170.573377] rk_gmac-dwmac fe300000.ethernet eth0: PTP not supported by HW
[ 1170.573990] rk_gmac-dwmac fe300000.ethernet eth0: configuring for phy/rgmii link mode
[ 1172.614524] rk_gmac-dwmac fe300000.ethernet eth0: Link is Up - 100Mbps/Full - flow control rx/tx
LOOP 4 down
[ 1173.723336] rk_gmac-dwmac fe300000.ethernet eth0: Link is Down
LOOP 4 up
[ 1174.743412] rk_gmac-dwmac fe300000.ethernet eth0: Register MEM_TYPE_PAGE_POOL RxQ-0
[ 1174.749750] rk_gmac-dwmac fe300000.ethernet eth0: PHY [stmmac-0:00] driver [YT8521 Gigabit Ethernet] (irq=POLL)
[ 1174.751623] rk_gmac-dwmac fe300000.ethernet eth0: v4e: DMA_BUS_MODE before reset: 0x01900400 (SWR=0)
[ 1174.752446] rk_gmac-dwmac fe300000.ethernet eth0: v4e: DMA_BUS_MODE after SWR write: 0x00020101 (SWR=1)
[ 1174.763323] rk_gmac-dwmac fe300000.ethernet eth0: v4e: SWR cleared after 10 ms: 0x00020100
[ 1174.764095] rk_gmac-dwmac fe300000.ethernet eth0: No Safety Features support found
[ 1174.764788] rk_gmac-dwmac fe300000.ethernet eth0: PTP not supported by HW
[ 1174.765423] rk_gmac-dwmac fe300000.ethernet eth0: configuring for phy/rgmii link mode
[ 1176.806504] rk_gmac-dwmac fe300000.ethernet eth0: Link is Up - 100Mbps/Full - flow control rx/tx
LOOP 4 state: up

 speed=100
 carrier=1
[ 1174.749750] rk_gmac-dwmac fe300000.ethernet eth0: PHY [stmmac-0:00] driver [YT8521 Gigabit Ethernet] (irq=POLL)
[ 1174.751623] rk_gmac-dwmac fe300000.ethernet eth0: v4e: DMA_BUS_MODE before reset: 0x01900400 (SWR=0)
[ 1174.752446] rk_gmac-dwmac fe300000.ethernet eth0: v4e: DMA_BUS_MODE after SWR write: 0x00020101 (SWR=1)
[ 1174.763323] rk_gmac-dwmac fe300000.ethernet eth0: v4e: SWR cleared after 10 ms: 0x00020100
[ 1174.764095] rk_gmac-dwmac fe300000.ethernet eth0: No Safety Features support found
[ 1174.764788] rk_gmac-dwmac fe300000.ethernet eth0: PTP not supported by HW
[ 1174.765423] rk_gmac-dwmac fe300000.ethernet eth0: configuring for phy/rgmii link mode
[ 1176.806504] rk_gmac-dwmac fe300000.ethernet eth0: Link is Up - 100Mbps/Full - flow control rx/tx
LOOP 5 down
[ 1177.815484] rk_gmac-dwmac fe300000.ethernet eth0: Link is Down
LOOP 5 up
[ 1178.832950] rk_gmac-dwmac fe300000.ethernet eth0: Register MEM_TYPE_PAGE_POOL RxQ-0
[ 1178.839593] rk_gmac-dwmac fe300000.ethernet eth0: PHY [stmmac-0:00] driver [YT8521 Gigabit Ethernet] (irq=POLL)
[ 1178.841535] rk_gmac-dwmac fe300000.ethernet eth0: v4e: DMA_BUS_MODE before reset: 0x01900400 (SWR=0)
[ 1178.842379] rk_gmac-dwmac fe300000.ethernet eth0: v4e: DMA_BUS_MODE after SWR write: 0x00020101 (SWR=1)
[ 1178.853227] rk_gmac-dwmac fe300000.ethernet eth0: v4e: SWR cleared after 10 ms: 0x00020100
[ 1178.853999] rk_gmac-dwmac fe300000.ethernet eth0: No Safety Features support found
[ 1178.854695] rk_gmac-dwmac fe300000.ethernet eth0: PTP not supported by HW
[ 1178.855303] rk_gmac-dwmac fe300000.ethernet eth0: configuring for phy/rgmii link mode
[ 1180.902529] rk_gmac-dwmac fe300000.ethernet eth0: Link is Up - 100Mbps/Full - flow control rx/tx
LOOP 5 state: up
 speed=100
 carrier=1
[ 1178.839593] rk_gmac-dwmac fe300000.ethernet eth0: PHY [stmmac-0:00] driver [YT8521 Gigabit Ethernet] (irq=POLL)
[ 1178.841535] rk_gmac-dwmac fe300000.ethernet eth0: v4e: DMA_BUS_MODE before reset: 0x01900400 (SWR=0)
[ 1178.842379] rk_gmac-dwmac fe300000.ethernet eth0: v4e: DMA_BUS_MODE after SWR write: 0x00020101 (SWR=1)
[ 1178.853227] rk_gmac-dwmac fe300000.ethernet eth0: v4e: SWR cleared after 10 ms: 0x00020100
[ 1178.853999] rk_gmac-dwmac fe300000.ethernet eth0: No Safety Features support found
[ 1178.854695] rk_gmac-dwmac fe300000.ethernet eth0: PTP not supported by HW
[ 1178.855303] rk_gmac-dwmac fe300000.ethernet eth0: configuring for phy/rgmii link mode
[ 1180.902529] rk_gmac-dwmac fe300000.ethernet eth0: Link is Up - 100Mbps/Full - flow control rx/tx
LOOP 6 down
[ 1181.909088] rk_gmac-dwmac fe300000.ethernet eth0: Link is Down
LOOP 6 up
[ 1182.927085] rk_gmac-dwmac fe300000.ethernet eth0: Register MEM_TYPE_PAGE_POOL RxQ-0
[ 1182.933417] rk_gmac-dwmac fe300000.ethernet eth0: PHY [stmmac-0:00] driver [YT8521 Gigabit Ethernet] (irq=POLL)
[ 1182.935286] rk_gmac-dwmac fe300000.ethernet eth0: v4e: DMA_BUS_MODE before reset: 0x01900400 (SWR=0)
[ 1182.936110] rk_gmac-dwmac fe300000.ethernet eth0: v4e: DMA_BUS_MODE after SWR write: 0x00020101 (SWR=1)
[ 1182.946960] rk_gmac-dwmac fe300000.ethernet eth0: v4e: SWR cleared after 10 ms: 0x00020100
[ 1182.947733] rk_gmac-dwmac fe300000.ethernet eth0: No Safety Features support found
[ 1182.948427] rk_gmac-dwmac fe300000.ethernet eth0: PTP not supported by HW
[ 1182.949035] rk_gmac-dwmac fe300000.ethernet eth0: configuring for phy/rgmii link mode
[ 1184.998506] rk_gmac-dwmac fe300000.ethernet eth0: Link is Up - 100Mbps/Full - flow control rx/tx
LOOP 6 state: up
 speed=100
 carrier=1
[ 1182.933417] rk_gmac-dwmac fe300000.ethernet eth0: PHY [stmmac-0:00] driver [YT8521 Gigabit Ethernet] (irq=POLL)
[ 1182.935286] rk_gmac-dwmac fe300000.ethernet eth0: v4e: DMA_BUS_MODE before reset: 0x01900400 (SWR=0)
[ 1182.936110] rk_gmac-dwmac fe300000.ethernet eth0: v4e: DMA_BUS_MODE after SWR write: 0x00020101 (SWR=1)
[ 1182.946960] rk_gmac-dwmac fe300000.ethernet eth0: v4e: SWR cleared after 10 ms: 0x00020100
[ 1182.947733] rk_gmac-dwmac fe300000.ethernet eth0: No Safety Features support found
[ 1182.948427] rk_gmac-dwmac fe300000.ethernet eth0: PTP not supported by HW
[ 1182.949035] rk_gmac-dwmac fe300000.ethernet eth0: configuring for phy/rgmii link mode
[ 1184.998506] rk_gmac-dwmac fe300000.ethernet eth0: Link is Up - 100Mbps/Full - flow control rx/tx
LOOP 7 down
[ 1186.003205] rk_gmac-dwmac fe300000.ethernet eth0: Link is Down
LOOP 7 up
[ 1187.020978] rk_gmac-dwmac fe300000.ethernet eth0: Register MEM_TYPE_PAGE_POOL RxQ-0
[ 1187.027370] rk_gmac-dwmac fe300000.ethernet eth0: PHY [stmmac-0:00] driver [YT8521 Gigabit Ethernet] (irq=POLL)

[ 1187.029275] rk_gmac-dwmac fe300000.ethernet eth0: v4e: DMA_BUS_MODE before reset: 0x01900400 (SWR=0)
[ 1187.030108] rk_gmac-dwmac fe300000.ethernet eth0: v4e: DMA_BUS_MODE after SWR write: 0x00020101 (SWR=1)
[ 1187.040955] rk_gmac-dwmac fe300000.ethernet eth0: v4e: SWR cleared after 10 ms: 0x00020100
[ 1187.041797] rk_gmac-dwmac fe300000.ethernet eth0: No Safety Features support found
[ 1187.042500] rk_gmac-dwmac fe300000.ethernet eth0: PTP not supported by HW
[ 1187.043120] rk_gmac-dwmac fe300000.ethernet eth0: configuring for phy/rgmii link mode
[ 1189.094413] rk_gmac-dwmac fe300000.ethernet eth0: Link is Up - 100Mbps/Full - flow control rx/tx
LOOP 7 state: up
 speed=100
 carrier=1
[ 1187.027370] rk_gmac-dwmac fe300000.ethernet eth0: PHY [stmmac-0:00] driver [YT8521 Gigabit Ethernet] (irq=POLL)
[ 1187.029275] rk_gmac-dwmac fe300000.ethernet eth0: v4e: DMA_BUS_MODE before reset: 0x01900400 (SWR=0)
[ 1187.030108] rk_gmac-dwmac fe300000.ethernet eth0: v4e: DMA_BUS_MODE after SWR write: 0x00020101 (SWR=1)
[ 1187.040955] rk_gmac-dwmac fe300000.ethernet eth0: v4e: SWR cleared after 10 ms: 0x00020100
[ 1187.041797] rk_gmac-dwmac fe300000.ethernet eth0: No Safety Features support found
[ 1187.042500] rk_gmac-dwmac fe300000.ethernet eth0: PTP not supported by HW
[ 1187.043120] rk_gmac-dwmac fe300000.ethernet eth0: configuring for phy/rgmii link mode
[ 1189.094413] rk_gmac-dwmac fe300000.ethernet eth0: Link is Up - 100Mbps/Full - flow control rx/tx
LOOP 8 down
[ 1190.095937] rk_gmac-dwmac fe300000.ethernet eth0: Link is Down
LOOP 8 up
[ 1191.113336] rk_gmac-dwmac fe300000.ethernet eth0: Register MEM_TYPE_PAGE_POOL RxQ-0
[ 1191.119579] rk_gmac-dwmac fe300000.ethernet eth0: PHY [stmmac-0:00] driver [YT8521 Gigabit Ethernet] (irq=POLL)
[ 1191.121504] rk_gmac-dwmac fe300000.ethernet eth0: v4e: DMA_BUS_MODE before reset: 0x01900400 (SWR=0)
[ 1191.122343] rk_gmac-dwmac fe300000.ethernet eth0: v4e: DMA_BUS_MODE after SWR write: 0x00020101 (SWR=1)
[ 1191.133194] rk_gmac-dwmac fe300000.ethernet eth0: v4e: SWR cleared after 10 ms: 0x00020100
[ 1191.133964] rk_gmac-dwmac fe300000.ethernet eth0: No Safety Features support found
[ 1191.134658] rk_gmac-dwmac fe300000.ethernet eth0: PTP not supported by HW
[ 1191.135266] rk_gmac-dwmac fe300000.ethernet eth0: configuring for phy/rgmii link mode
[ 1193.190549] rk_gmac-dwmac fe300000.ethernet eth0: Link is Up - 100Mbps/Full - flow control rx/tx
LOOP 8 state: up
 speed=100
 carrier=1
[ 1191.119579] rk_gmac-dwmac fe300000.ethernet eth0: PHY [stmmac-0:00] driver [YT8521 Gigabit Ethernet] (irq=POLL)
[ 1191.121504] rk_gmac-dwmac fe300000.ethernet eth0: v4e: DMA_BUS_MODE before reset: 0x01900400 (SWR=0)
[ 1191.122343] rk_gmac-dwmac fe300000.ethernet eth0: v4e: DMA_BUS_MODE after SWR write: 0x00020101 (SWR=1)
[ 1191.133194] rk_gmac-dwmac fe300000.ethernet eth0: v4e: SWR cleared after 10 ms: 0x00020100
[ 1191.133964] rk_gmac-dwmac fe300000.ethernet eth0: No Safety Features support found
[ 1191.134658] rk_gmac-dwmac fe300000.ethernet eth0: PTP not supported by HW
[ 1191.135266] rk_gmac-dwmac fe300000.ethernet eth0: configuring for phy/rgmii link mode
[ 1193.190549] rk_gmac-dwmac fe300000.ethernet eth0: Link is Up - 100Mbps/Full - flow control rx/tx
LOOP 9 down
[ 1194.188648] rk_gmac-dwmac fe300000.ethernet eth0: Link is Down
LOOP 9 up
[ 1195.208066] rk_gmac-dwmac fe300000.ethernet eth0: Register MEM_TYPE_PAGE_POOL RxQ-0
[ 1195.214310] rk_gmac-dwmac fe300000.ethernet eth0: PHY [stmmac-0:00] driver [YT8521 Gigabit Ethernet] (irq=POLL)
