DDR Version 1.24 20191016
In
Channel 0: LPDDR3, 800MHz
CS = 0
MR0=0x58
MR1=0x58
MR2=0x58
MR3=0x58
MR4=0x1
MR5=0x1
MR6=0x16
MR7=0x0
MR8=0x1F
MR9=0x1F
MR10=0x1F
MR11=0x1F
MR12=0x1F
MR13=0x1F
MR14=0x1F
MR15=0x1F
MR16=0x1F
CS = 1
MR0=0x58
MR1=0x58
MR2=0x58
MR3=0x58
MR4=0x2
MR5=0x1
MR6=0x16
MR7=0x0
MR8=0x1F
MR9=0x1F
MR10=0x1F
MR11=0x1F
MR12=0x1F
MR13=0x1F
MR14=0x1F
MR15=0x1F
MR16=0x1F
Bus Width=32 Col=10 Bank=8 Row=15/15 CS=2 Die Bus-Width=32 Size=2048MB
Channel 1: LPDDR3, 800MHz
CS = 0
MR0=0x58
MR1=0x58
MR2=0x58
MR3=0x58
MR4=0x1
MR5=0x1
MR6=0x16
MR7=0x0
MR8=0x1F
MR9=0x1F
MR10=0x1F
MR11=0x1F
MR12=0x1F
MR13=0x1F
MR14=0x1F
MR15=0x1F
MR16=0x1F
CS = 1
MR0=0x58
MR1=0x58
MR2=0x58
MR3=0x58
MR4=0x1
MR5=0x1
MR6=0x16
MR7=0x0
MR8=0x1F
MR9=0x1F
MR10=0x1F
MR11=0x1F
MR12=0x1F
MR13=0x1F
MR14=0x1F
MR15=0x1F
MR16=0x1F
Bus Width=32 Col=10 Bank=8 Row=15/15 CS=2 Die Bus-Width=32 Size=2048MB
256B stride
ch 0 ddrconfig = 0x101, ddrsize = 0x2020
ch 1 ddrconfig = 0x101, ddrsize = 0x2020
pmugrf_os_reg[2] = 0x3AA0DAA0, stride = 0xD
OUT
Boot1 Release Time: May 29 2020 17:36:36, version: 1.26
CPUId = 0x0
ChipType = 0x10, 342
SdmmcInit=2 0
BootCapSize=100000
UserCapSize=15028MB
FwPartOffset=2000 , 100000
mmc0:cmd5,20
SdmmcInit=0 0
BootCapSize=0
UserCapSize=14748MB
FwPartOffset=2000 , 0
StorageInit ok = 118648
SecureMode = 0
SecureInit read PBA: 0x4

SecureInit read PBA: 0x404
SecureInit read PBA: 0x804
SecureInit read PBA: 0xc04
SecureInit read PBA: 0x1004
SecureInit read PBA: 0x1404
SecureInit read PBA: 0x1804
SecureInit read PBA: 0x1c04
SecureInit ret = 0, SecureMode = 0
atags_set_bootdev: ret:(0)
GPT part:  0, name:          primary, start:0x8000, size:0xff800
GPT part:  1, name:          primary, start:0x108000, size:0x5db800
no find partition:uboot.
Trust Addr:0x4000, 0x58334c42
No find bl30.bin
Load uboot, ReadLba = 2000
Load OK, addr=0x200000, size=0xfc8c0
RunBL31 0x40000 @ 295726 us
NOTICE:  BL31: v1.3(release):845ee93
NOTICE:  BL31: Built : 15:51:11, Jul 22 2020
NOTICE:  BL31: Rockchip release version: v1.1
INFO:    GICv3 with legacy support detected. ARM GICV3 driver initialized in EL3
INFO:    Using opteed sec cpu_context!
INFO:    boot cpu mask: 0
INFO:    plat_rockchip_pmu_init(1196): pd status 3e
INFO:    BL31: Initializing runtime services
INFO:    BL31: Initializing BL32
INF [0x0] TEE-CORE:init_primary_helper:337: Initializing (1.1.0-266-gee81607c #1 Mon Aug 17 09:23:30 UTC 2020 aarch64)


INF [0x0] TEE-CORE:init_primary_helper:338: Release version: 1.2


INF [0x0] TEE-CORE:init_teecore:83: teecore inits done

INFO:    BL31: Preparing for EL3 exit to normal world
INFO:    Entry point address = 0x200000
INFO:    SPSR = 0x3c9


U-Boot 2017.09 (Jun 06 2026 - 14:10:22 +0000)

Model: Rockchip RK3399 Evaluation Board
PreSerial: 2, raw, 0xff1a0000
DRAM:  3.8 GiB
Sysmem: init
Relocation Offset: f5bc7000, fdt: f3dbb358 
no mmc device at slot 1
Found IDB in SDcard
dwmmc@fe320000: 1 (SD), sdhci@fe330000: 0
Bootdev(atags): mmc 1

MMC1: Legacy, 50Mhz
PartType: EFI
No resource partition
Failed to load DTB
Failed to get kernel dtb, ret=-19
io-domain: OK
*** Warning - bad CRC, using default environment

Model: Rockchip RK3399 Evaluation Board
rockchip_set_serialno: could not find efuse/otp device
No misc partition
boot mode: None
CLK: (uboot. arml: enter 400000 KHz, init 816000 KHz, kernel 0N/A)
CLK: (uboot. armb: enter 24000 KHz, init 816000 KHz, kernel 0N/A)
  aplll 816000 KHz
  apllb 816000 KHz
  dpll 800000 KHz
  cpll 24000 KHz
  gpll 800000 KHz
  npll 600000 KHz
  vpll 24000 KHz
  aclk_perihp 133333 KHz
  hclk_perihp 66666 KHz
  pclk_perihp 33333 KHz
  aclk_perilp0 266666 KHz
  hclk_perilp0 88888 KHz
  pclk_perilp0 44444 KHz
  hclk_perilp1 100000 KHz
  pclk_perilp1 50000 KHz
EC20_PWREN = -2
EC20_RESET = -2
------ ec20_init  ------
EC20_PWRKEY = -2
EC20_PWRKEY = -2
Net:   No ethernet found.
Hit key to stop autoboot('CTRL+C'):  5  4  3  2  1  0 
Could not find misc partition
ANDROID: reboot reason: "(none)"
optee api revision: 2.0
TEEC: Waring: Could not find security partition
Not AVB images, AVB skip
android_image_load_by_partname: Can't find part: boot
Android image load failed
Android boot failed, error -1.
Could not find misc partition
Could not find primary part
switch to partitions #0, OK
mmc1 is current device
Scanning mmc 1:1...
Found /extlinux/extlinux.conf
Retrieving file: /extlinux/extlinux.conf
414 bytes read in 23 ms (17.6 KiB/s)
1:	Armbian
Retrieving file: /Image
49986048 bytes read in 2187 ms (21.8 MiB/s)
append: root=PARTUUID=61ec8aeb-3d1a-48fa-a9da-54d744ed8bdf rootflags=data=writeback rw rootwait rootdelay=10 rootfstype=ext4 console=ttyS2,1500000 console=tty1 panic=0 usbcore.autosuspend=-1 initcall_blacklist=psci_checker printk.devkmsg=on log_buf_len=16M maxcpus=4 systemd.default_timeout_start_sec=20 plymouth.enable=0 net.ifnames=0
Retrieving file: /dtb/rockchip/gmac-phyhandle-pll-test.dtb
60580 bytes read in 171 ms (345.7 KiB/s)
Fdt Ramdisk skip relocation
## Flattened Device Tree blob at 08300000
   Booting using the fdt blob at 0x8300000
   Using Device Tree in place at 0000000008300000, end 0000000008311ca3
can't found rockchip,drm-logo, use rockchip,fb-logo
WARNING: could not set reg FDT_ERR_BADOFFSET.
failed to reserve fb-loader-logo memory
Adding bank: 0x00200000 - 0x08400000 (size: 0x08200000)
Adding bank: 0x0a200000 - 0xf8000000 (size: 0xede00000)
Total: 7990.610 ms

Starting kernel ...

[    0.000000] Booting Linux on physical CPU 0x0000000000 [0x410fd034]
[    0.000000] Linux version 6.18.33 (henry@Inspiron-7520) (aarch64-linux-gnu-gcc (Ubuntu 13.3.0-6ubuntu2~24.04.1) 13.3.0, GNU ld (GNU Binutils for Ubuntu) 2.42) #2 SMP PREEMPT Thu Jun 18 17:05:42 CST 2026
[    0.000000] KASLR disabled due to lack of seed
[    0.000000] Machine model: Radxa ROCK Pi N10
[    0.000000] efi: UEFI not found.
[    0.000000] OF: reserved mem: Reserved memory: No reserved-memory node in the DT
[    0.000000] NUMA: Faking a node at [mem 0x0000000000200000-0x00000000f7ffffff]
[    0.000000] NODE_DATA(0) allocated [mem 0xf77f4e00-0xf77f747f]
[    0.000000] Zone ranges:
[    0.000000]   DMA      [mem 0x0000000000200000-0x00000000f7ffffff]
[    0.000000]   DMA32    empty
[    0.000000]   Normal   empty
[    0.000000] Movable zone start for each node
[    0.000000] Early memory node ranges
[    0.000000]   node   0: [mem 0x0000000000200000-0x00000000083fffff]
[    0.000000]   node   0: [mem 0x000000000a200000-0x00000000f7ffffff]
[    0.000000] Initmem setup node 0 [mem 0x0000000000200000-0x00000000f7ffffff]
[    0.000000] On node 0, zone DMA: 512 pages in unavailable ranges
[    0.000000] On node 0, zone DMA: 7680 pages in unavailable ranges
[    0.000000] cma: Reserved 32 MiB at 0x00000000f1800000
[    0.000000] psci: probing for conduit method from DT.
[    0.000000] psci: PSCIv1.0 detected in firmware.
[    0.000000] psci: Using standard PSCI v0.2 function IDs

[    0.000000] psci: Trusted OS migration not required
[    0.000000] psci: SMC Calling Convention v1.0
[    0.000000] percpu: Embedded 25 pages/cpu s63192 r8192 d31016 u102400
[    0.000000] Detected VIPT I-cache on CPU0
[    0.000000] CPU features: detected: GICv3 CPU interface
[    0.000000] CPU features: detected: ARM erratum 845719
[    0.000000] alternatives: applying boot alternatives
[    0.000000] Kernel command line: root=PARTUUID=61ec8aeb-3d1a-48fa-a9da-54d744ed8bdf rootflags=data=writeback rw rootwait rootdelay=10 rootfstype=ext4 console=ttyS2,1500000 console=tty1 panic=0 usbcore.autosuspend=-1 initcall_blacklist=psci_checker printk.devkmsg=on log_buf_len=16M maxcpus=4 systemd.default_timeout_start_sec=20 plymouth.enable=0 net.ifnames=0
[    0.000000] printk: log buffer data + meta data: 16777216 + 58720256 = 75497472 bytes
[    0.000000] printk: early log buf free: 128816(98%)
[    0.000000] Dentry cache hash table entries: 524288 (order: 10, 4194304 bytes, linear)
[    0.000000] Inode-cache hash table entries: 262144 (order: 9, 2097152 bytes, linear)
[    0.000000] software IO TLB: SWIOTLB bounce buffer size adjusted to 3MB
[    0.000000] software IO TLB: area num 8.
[    0.000000] software IO TLB: mapped [mem 0x00000000ec600000-0x00000000eca00000] (4MB)
[    0.000000] Fallback order for Node 0: 0 
[    0.000000] Built 1 zonelists, mobility grouping on.  Total pages: 1007616
[    0.000000] Policy zone: DMA
[    0.000000] mem auto-init: stack:all(zero), heap alloc:off, heap free:off
[    0.000000] SLUB: HWalign=64, Order=0-3, MinObjects=0, CPUs=6, Nodes=1
[    0.000000] rcu: Preemptible hierarchical RCU implementation.
[    0.000000] rcu: 	RCU event tracing is enabled.
[    0.000000] rcu: 	RCU restricting CPUs from NR_CPUS=512 to nr_cpu_ids=6.
[    0.000000] 	Trampoline variant of Tasks RCU enabled.
[    0.000000] 	Tracing variant of Tasks RCU enabled.
[    0.000000] rcu: RCU calculated value of scheduler-enlistment delay is 25 jiffies.
[    0.000000] rcu: Adjusting geometry for rcu_fanout_leaf=16, nr_cpu_ids=6
[    0.000000] RCU Tasks: Setting shift to 3 and lim to 1 rcu_task_cb_adjust=1 rcu_task_cpu_ids=6.
[    0.000000] RCU Tasks Trace: Setting shift to 3 and lim to 1 rcu_task_cb_adjust=1 rcu_task_cpu_ids=6.
[    0.000000] NR_IRQS: 64, nr_irqs: 64, preallocated irqs: 0
[    0.000000] GICv3: GIC: Using split EOI/Deactivate mode
[    0.000000] GICv3: 256 SPIs implemented
[    0.000000] GICv3: 0 Extended SPIs implemented
[    0.000000] Root IRQ handler: gic_handle_irq
[    0.000000] GICv3: GICv3 features: 16 PPIs
[    0.000000] GICv3: GICD_CTLR.DS=0, SCR_EL3.FIQ=1
[    0.000000] GICv3: CPU0: found redistributor 0 region 0:0x00000000fef00000
[    0.000000] ITS [mem 0xfee20000-0xfee3ffff]
[    0.000000] ITS@0x00000000fee20000: allocated 65536 Devices @3480000 (flat, esz 8, psz 64K, shr 0)
[    0.000000] ITS: using cache flushing for cmd queue
[    0.000000] GICv3: using LPI property table @0x0000000003460000
[    0.000000] GIC: using cache flushing for LPI property table
[    0.000000] GICv3: CPU0: using allocated LPI pending table @0x0000000003470000
[    0.000000] GICv3: GIC: PPI partition interrupt-partition-0[0] { /cpus/cpu@0[0] /cpus/cpu@1[1] /cpus/cpu@2[2] /cpus/cpu@3[3] }
[    0.000000] GICv3: GIC: PPI partition interrupt-partition-1[1] { /cpus/cpu@100[4] /cpus/cpu@101[5] }
[    0.000000] rcu: srcu_init: Setting srcu_struct sizes based on contention.
[    0.000000] arch_timer: cp15 timer running at 24.00MHz (phys).
[    0.000000] clocksource: arch_sys_counter: mask: 0xffffffffffffff max_cycles: 0x588fe9dc0, max_idle_ns: 440795202592 ns
[    0.000001] sched_clock: 56 bits at 24MHz, resolution 41ns, wraps every 4398046511097ns
[    0.003480] Console: colour dummy device 80x25
[    0.003498] printk: legacy console [tty1] enabled
[    0.004429] Calibrating delay loop (skipped), value calculated using timer frequency.. 48.00 BogoMIPS (lpj=96000)
[    0.004464] pid_max: default: 32768 minimum: 301
[    0.004619] LSM: initializing lsm=capability
[    0.004801] Mount-cache hash table entries: 8192 (order: 4, 65536 bytes, linear)
[    0.004843] Mountpoint-cache hash table entries: 8192 (order: 4, 65536 bytes, linear)
[    0.008073] rcu: Hierarchical SRCU implementation.
[    0.008110] rcu: 	Max phase no-delay instances is 1000.
[    0.008429] Timer migration: 1 hierarchy levels; 8 children per group; 1 crossnode level
[    0.008753] fsl-mc MSI: msi-controller@fee20000 domain created
[    0.013959] EFI services will not be available.
[    0.014452] smp: Bringing up secondary CPUs ...
[    0.015198] Detected VIPT I-cache on CPU1
[    0.015402] GICv3: CPU1: found redistributor 1 region 0:0x00000000fef20000
[    0.015422] GICv3: CPU1: using allocated LPI pending table @0x0000000003500000
[    0.015476] CPU1: Booted secondary processor 0x0000000001 [0x410fd034]
[    0.016329] Detected VIPT I-cache on CPU2
[    0.016501] GICv3: CPU2: found redistributor 2 region 0:0x00000000fef40000
[    0.016518] GICv3: CPU2: using allocated LPI pending table @0x0000000003510000
[    0.016554] CPU2: Booted secondary processor 0x0000000002 [0x410fd034]
[    0.017387] Detected VIPT I-cache on CPU3
[    0.017557] GICv3: CPU3: found redistributor 3 region 0:0x00000000fef60000
[    0.017574] GICv3: CPU3: using allocated LPI pending table @0x0000000003520000
[    0.017610] CPU3: Booted secondary processor 0x0000000003 [0x410fd034]
[    0.017772] smp: Brought up 1 node, 4 CPUs
[    0.017931] SMP: Total of 4 processors activated.
[    0.017947] CPU: All CPU(s) started at EL2
[    0.017992] CPU features: detected: 32-bit EL0 Support
[    0.018009] CPU features: detected: 32-bit EL1 Support
[    0.018027] CPU features: detected: CRC32 instructions
[    0.018052] CPU features: detected: PMUv3
[    0.018111] alternatives: applying system-wide alternatives
[    0.020267] Memory: 3785488K/4030464K available (18176K kernel code, 5486K rwdata, 13132K rodata, 11840K init, 691K bss, 206088K reserved, 32768K cma-reserved)
[    0.020937] devtmpfs: initialized
[    0.039238] clocksource: jiffies: mask: 0xffffffff max_cycles: 0xffffffff, max_idle_ns: 7645041785100000 ns
[    0.039313] posixtimers hash table entries: 4096 (order: 4, 65536 bytes, linear)
[    0.039437] futex hash table entries: 2048 (131072 bytes on 1 NUMA nodes, total 128 KiB, linear).
[    0.040262] 20368 pages in range for non-PLT usage
[    0.040281] 511888 pages in range for PLT usage
[    0.040674] pinctrl core: initialized pinctrl subsystem

[    0.045549] DMI not present or invalid.
[    0.049380] NET: Registered PF_NETLINK/PF_ROUTE protocol family
[    0.051328] DMA: preallocated 512 KiB GFP_KERNEL pool for atomic allocations
[    0.052473] DMA: preallocated 512 KiB GFP_KERNEL|GFP_DMA pool for atomic allocations
[    0.054048] DMA: preallocated 512 KiB GFP_KERNEL|GFP_DMA32 pool for atomic allocations
[    0.054136] audit: initializing netlink subsys (disabled)
[    0.054432] audit: type=2000 audit(0.052:1): state=initialized audit_enabled=0 res=1
[    0.058232] thermal_sys: Registered thermal governor 'step_wise'
[    0.058250] thermal_sys: Registered thermal governor 'power_allocator'
[    0.058389] cpuidle: using governor menu
[    0.058933] hw-breakpoint: found 6 breakpoint and 4 watchpoint registers.
[    0.059087] ASID allocator initialised with 65536 entries
[    0.064315] Serial: AMBA PL011 UART driver
[    0.068460] /pcie@f8000000: Fixed dependency cycle(s) with /pcie@f8000000/interrupt-controller
[    0.109568] /syscon@ff770000/phy@f780: Fixed dependency cycle(s) with /mmc@fe330000
[    0.112127] /mmc@fe330000: Fixed dependency cycle(s) with /syscon@ff770000/phy@f780
[    0.112250] /syscon@ff770000/phy@f780: Fixed dependency cycle(s) with /mmc@fe330000
[    0.124682] rockchip-gpio ff720000.gpio: probed /pinctrl/gpio@ff720000
[    0.125742] rockchip-gpio ff730000.gpio: probed /pinctrl/gpio@ff730000
[    0.126657] rockchip-gpio ff780000.gpio: probed /pinctrl/gpio@ff780000
[    0.127593] rockchip-gpio ff788000.gpio: probed /pinctrl/gpio@ff788000
[    0.128529] rockchip-gpio ff790000.gpio: probed /pinctrl/gpio@ff790000
[    0.136744] HugeTLB: registered 1.00 GiB page size, pre-allocated 0 pages
[    0.136787] HugeTLB: 0 KiB vmemmap can be freed for a 1.00 GiB page
[    0.136808] HugeTLB: registered 32.0 MiB page size, pre-allocated 0 pages
[    0.136826] HugeTLB: 0 KiB vmemmap can be freed for a 32.0 MiB page
[    0.136845] HugeTLB: registered 2.00 MiB page size, pre-allocated 0 pages
[    0.136863] HugeTLB: 0 KiB vmemmap can be freed for a 2.00 MiB page
[    0.136882] HugeTLB: registered 64.0 KiB page size, pre-allocated 0 pages
[    0.136900] HugeTLB: 0 KiB vmemmap can be freed for a 64.0 KiB page
[    0.139914] ACPI: Interpreter disabled.
[    0.146356] iommu: Default domain type: Translated
[    0.146398] iommu: DMA domain TLB invalidation policy: strict mode
[    0.146994] SCSI subsystem initialized
[    0.147566] usbcore: registered new interface driver usbfs
[    0.147637] usbcore: registered new interface driver hub
[    0.147694] usbcore: registered new device driver usb
[    0.149986] pps_core: LinuxPPS API ver. 1 registered
[    0.150008] pps_core: Software ver. 5.3.6 - Copyright 2005-2007 Rodolfo Giometti <giometti@linux.it>
[    0.150049] PTP clock support registered
[    0.150337] EDAC MC: Ver: 3.0.0
[    0.151109] scmi_core: SCMI protocol bus registered
[    0.153175] FPGA manager framework
[    0.154836] vgaarb: loaded
[    0.155660] clocksource: Switched to clocksource arch_sys_counter
[    0.156198] VFS: Disk quotas dquot_6.6.0
[    0.156243] VFS: Dquot-cache hash table entries: 512 (order 0, 4096 bytes)
[    0.156813] pnp: PnP ACPI: disabled
[    0.166586] NET: Registered PF_INET protocol family
[    0.166868] IP idents hash table entries: 65536 (order: 7, 524288 bytes, linear)
[    0.171164] tcp_listen_portaddr_hash hash table entries: 2048 (order: 3, 32768 bytes, linear)
[    0.171426] Table-perturb hash table entries: 65536 (order: 6, 262144 bytes, linear)
[    0.171471] TCP established hash table entries: 32768 (order: 6, 262144 bytes, linear)
[    0.171816] TCP bind hash table entries: 32768 (order: 8, 1048576 bytes, linear)
[    0.172902] TCP: Hash tables configured (established 32768 bind 32768)
[    0.173090] UDP hash table entries: 2048 (order: 5, 131072 bytes, linear)
[    0.173297] UDP-Lite hash table entries: 2048 (order: 5, 131072 bytes, linear)
[    0.173705] NET: Registered PF_UNIX/PF_LOCAL protocol family
[    0.174327] RPC: Registered named UNIX socket transport module.
[    0.174353] RPC: Registered udp transport module.
[    0.174369] RPC: Registered tcp transport module.
[    0.174384] RPC: Registered tcp-with-tls transport module.
[    0.174400] RPC: Registered tcp NFSv4.1 backchannel transport module.
[    0.174442] PCI: CLS 0 bytes, default 64
[    0.180063] kvm [1]: nv: 568 coarse grained trap handlers
[    0.180778] kvm [1]: IPA Size Limit: 40 bits
[    0.184844] kvm [1]: vgic-v2@fff20000
[    0.184907] kvm [1]: GIC system register CPU interface enabled
[    0.184958] kvm [1]: vgic interrupt IRQ9
[    0.185001] kvm [1]: Hyp nVHE mode initialized successfully
[    0.187135] Initialise system trusted keyrings
[    0.187443] workingset: timestamp_bits=42 max_order=20 bucket_order=0
[    0.188016] squashfs: version 4.0 (2009/01/31) Phillip Lougher
[    0.188397] NFS: Registering the id_resolver key type
[    0.188453] Key type id_resolver registered
[    0.188472] Key type id_legacy registered
[    0.188512] nfs4filelayout_init: NFSv4 File Layout Driver Registering...
[    0.188536] nfs4flexfilelayout_init: NFSv4 Flexfile Layout Driver Registering...
[    0.188844] 9p: Installing v9fs 9p2000 file system support
[    0.270891] Key type asymmetric registered
[    0.270916] Asymmetric key parser 'x509' registered
[    0.271013] Block layer SCSI generic (bsg) driver version 0.4 loaded (major 244)
[    0.271042] io scheduler mq-deadline registered
[    0.271065] io scheduler kyber registered
[    0.271124] io scheduler bfq registered
[    0.303492] ledtrig-cpu: registered to indicate activity on CPUs
[    0.352426] dma-pl330 ff6d0000.dma-controller: Loaded driver for PL330 DMAC-241330
[    0.352477] dma-pl330 ff6d0000.dma-controller: 	DBUFF-32x8bytes Num_Chans-6 Num_Peri-12 Num_Events-12
[    0.354223] dma-pl330 ff6e0000.dma-controller: Loaded driver for PL330 DMAC-241330
[    0.354253] dma-pl330 ff6e0000.dma-controller: 	DBUFF-128x8bytes Num_Chans-8 Num_Peri-20 Num_Events-16
[    0.380070] Serial: 8250/16550 driver, 4 ports, IRQ sharing enabled
[    0.385016] ff180000.serial: ttyS0 at MMIO 0xff180000 (irq = 24, base_baud = 1500000) is a 16550A
[    0.386514] ff1a0000.serial: ttyS2 at MMIO 0xff1a0000 (irq = 25, base_baud = 1500000) is a 16550A
[    0.386640] printk: legacy console [ttyS2] enabled
[    0.501610] msm_serial: driver initialized
[    0.502820] SuperH (H)SCI(F) driver initialized
[    0.503798] STM32 USART driver initialized
[    0.509447] misc dump reg init
[    0.512912] platform ff650000.video-codec: Adding to iommu group 0
[    0.514904] platform ff660000.video-codec: Adding to iommu group 1
[    0.528603] loop: module loaded
[    0.531267] megasas: 07.734.00.00-rc1
[    0.545981] tun: Universal TUN/TAP device driver, 1.6
[    0.548792] thunder_xcv, ver 1.0
[    0.549187] thunder_bgx, ver 1.0
[    0.549545] nicpf, ver 1.0
[    0.552392] e1000: Intel(R) PRO/1000 Network Driver
[    0.552847] e1000: Copyright (c) 1999-2006 Intel Corporation.
[    0.553431] e1000e: Intel(R) PRO/1000 Network Driver
[    0.553883] e1000e: Copyright(c) 1999 - 2015 Intel Corporation.
[    0.554473] igb: Intel(R) Gigabit Ethernet Network Driver
[    0.554963] igb: Copyright (c) 2007-2014 Intel Corporation.
[    0.555522] igbvf: Intel(R) Gigabit Virtual Function Network Driver
[    0.556114] igbvf: Copyright (c) 2009 - 2012 Intel Corporation.
[    0.557445] sky2: driver version 1.30
[    0.560981] rk_gmac-dwmac fe300000.ethernet: IRQ eth_wake_irq not found
[    0.561598] rk_gmac-dwmac fe300000.ethernet: IRQ sfty not found
[    0.562294] rk_gmac-dwmac fe300000.ethernet: PTP uses main clock
[    0.563107] rk_gmac-dwmac fe300000.ethernet: clock input or output? (input).
[    0.563791] rk_gmac-dwmac fe300000.ethernet: TX delay(0x21).
[    0.564310] rk_gmac-dwmac fe300000.ethernet: RX delay(0x15).
[    0.564830] rk_gmac-dwmac fe300000.ethernet: integrated PHY? (no).
[    0.565392] rk_gmac-dwmac fe300000.ethernet: external PHY reset GPIO described; will use one-shot reset and release before MDIO.
[    0.566459] rk_gmac-dwmac fe300000.ethernet: clock input from PHY
[    0.567014] rk_gmac-dwmac fe300000.ethernet: powerup start: phy_iface=9 clock_input=1 integrated_phy=0 tx=0x21 rx=0x15
[    0.573024] rk_gmac-dwmac fe300000.ethernet: init for RGMII
[    0.573537] rk_gmac-dwmac fe300000.ethernet: rk3399 rgmii applied: GRF_SOC_CON5=0x00000208 GRF_SOC_CON6=0x000095a1 tx=0x21 rx=0x15
[    0.574663] rk_gmac-dwmac fe300000.ethernet: external PHY reset (post-grf-post-power) begin (one-shot)
[    0.639702] rk_gmac-dwmac fe300000.ethernet: external PHY reset (post-grf-post-power) end (one-shot, GPIO released)
[    0.670660] rk_gmac-dwmac fe300000.ethernet: powerup done: phy_iface=9 clock_input=1 integrated_phy=0
[    0.671814] rk_gmac-dwmac fe300000.ethernet: User ID: 0x10, Synopsys ID: 0x35
[    0.672466] rk_gmac-dwmac fe300000.ethernet: 	DWMAC1000
[    0.672944] rk_gmac-dwmac fe300000.ethernet: DMA HW capability register supported
[    0.673619] rk_gmac-dwmac fe300000.ethernet: Active PHY interface: GMII/MII (0)
[    0.674281] rk_gmac-dwmac fe300000.ethernet: RX Checksum Offload Engine supported
[    0.674955] rk_gmac-dwmac fe300000.ethernet: COE Type 2
[    0.675430] rk_gmac-dwmac fe300000.ethernet: TX Checksum insertion supported
[    0.676079] rk_gmac-dwmac fe300000.ethernet: Wake-Up On Lan supported

[    0.676747] rk_gmac-dwmac fe300000.ethernet: Normal descriptors
[    0.677287] rk_gmac-dwmac fe300000.ethernet: Ring mode enabled
[    0.677817] rk_gmac-dwmac fe300000.ethernet: Enable RX Mitigation via HW Watchdog Timer
[    0.753207] VFIO - User Level meta-driver version: 0.3
[    0.765487] usbcore: registered new interface driver usb-storage
[    0.773625] i2c_dev: i2c /dev entries driver
[    0.780525] /i2c@ff3c0000/pmic@20: Fixed dependency cycle(s) with /i2c@ff3c0000/pmic@20/regulators/DCDC_REG4
[    0.781456] /i2c@ff3c0000/pmic@20: Fixed dependency cycle(s) with /i2c@ff3c0000/pmic@20/regulators/DCDC_REG5
[    0.806404] dwmmc_rockchip fe310000.mmc: IDMAC supports 32-bit address mode.
[    0.807104] dwmmc_rockchip fe310000.mmc: Using internal DMA controller.
[    0.807752] dwmmc_rockchip fe310000.mmc: Version ID is 270a
[    0.808322] dwmmc_rockchip fe310000.mmc: DW MMC controller at irq 38,32 bit host data width,256 deep fifo
[    0.809789] phy phy-ff770000.syscon:phy@f780.0: Runtime PM usage count underflow!
[    0.810588] mmc0: CQHCI version 5.10
[    0.818240] usbcore: registered new interface driver usbhid
[    0.818773] usbhid: USB HID core driver
[    0.827252] hw perfevents: enabled with armv8_cortex_a53 PMU driver, 7 (0,8000003f) counters available
[    0.828371] armv8-pmu pmu_a72: hw perfevents: failed to probe PMU!
[    0.838595] mmc0: SDHCI controller on fe330000.mmc [fe330000.mmc] using ADMA
[    0.841849] NET: Registered PF_PACKET protocol family
[    0.842463] 9pnet: Installing 9P2000 support
[    0.842952] Key type dns_resolver registered
[    0.861244] registered taskstats version 1
[    0.861936] Loading compiled-in X.509 certificates
[    0.876452] Demotion targets for Node 0: null
[    0.905302] phy phy-ff770000.syscon:phy@f780.0: Runtime PM usage count underflow!
[    0.906071] phy phy-ff770000.syscon:phy@f780.0: Runtime PM usage count underflow!
[    0.907635] phy phy-ff770000.syscon:phy@f780.0: Runtime PM usage count underflow!
[    0.908499] phy phy-ff770000.syscon:phy@f780.0: Runtime PM usage count underflow!
[    0.909227] phy phy-ff770000.syscon:phy@f780.0: Runtime PM usage count underflow!
[    0.913191] mmc0: Command Queue Engine enabled
[    0.913641] mmc0: new HS400 Enhanced strobe MMC card at address 0001
[    0.915202] mmcblk0: mmc0:0001 DF4016 14.7 GiB
[    0.924262]  mmcblk0: p1 p2 p3 p4 p5 p6
[    0.926949] mmcblk0boot0: mmc0:0001 DF4016 4.00 MiB
[    0.929963] mmcblk0boot1: mmc0:0001 DF4016 4.00 MiB
[    0.932978] mmcblk0rpmb: mmc0:0001 DF4016 4.00 MiB, chardev (511:0)
[    0.937353] phy phy-ff770000.syscon:usb2phy@e450.8: Runtime PM usage count underflow!
[    0.944904] phy phy-ff770000.syscon:usb2phy@e450.8: Runtime PM usage count underflow!
[    0.945652] xhci-hcd xhci-hcd.0.auto: xHCI Host Controller
[    0.946173] xhci-hcd xhci-hcd.0.auto: new USB bus registered, assigned bus number 1
[    0.947008] xhci-hcd xhci-hcd.0.auto: hcc params 0x0220fe64 hci version 0x110 quirks 0x0000808002000010
[    0.954715] phy phy-ff770000.syscon:usb2phy@e450.7: Runtime PM usage count underflow!
[    0.955727] xhci-hcd xhci-hcd.0.auto: irq 45, io mem 0xfe800000
[    0.956584] xhci-hcd xhci-hcd.0.auto: xHCI Host Controller
[    0.957111] xhci-hcd xhci-hcd.0.auto: new USB bus registered, assigned bus number 2
[    0.957837] xhci-hcd xhci-hcd.0.auto: Host supports USB 3.0 SuperSpeed
[    0.957886] ehci-platform fe380000.usb: EHCI Host Controller
[    0.958266] phy phy-ff770000.syscon:usb2phy@e460.9: Runtime PM usage count underflow!
[    0.959423] hub 1-0:1.0: USB hub found
[    0.960079] hub 1-0:1.0: 1 port detected
[    0.960666] ehci-platform fe3c0000.usb: EHCI Host Controller

[    0.961052] usb usb2: We don't know the algorithms for LPM for this host, disabling LPM.
[    0.962018] phy phy-ff770000.syscon:usb2phy@e450.7: Runtime PM usage count underflow!
[    0.962748] ohci-platform fe3a0000.usb: Generic Platform OHCI controller
[    0.962809] hub 2-0:1.0: USB hub found
[    0.963777] hub 2-0:1.0: 1 port detected
[    0.964638] ehci-platform fe380000.usb: new USB bus registered, assigned bus number 3
[    0.964738] ehci-platform fe3c0000.usb: new USB bus registered, assigned bus number 4
[    0.964780] ohci-platform fe3a0000.usb: new USB bus registered, assigned bus number 5
[    0.965019] ohci-platform fe3a0000.usb: irq 48, io mem 0xfe3a0000
[    0.965475] ehci-platform fe380000.usb: irq 46, io mem 0xfe380000
[    0.966172] ehci-platform fe3c0000.usb: irq 47, io mem 0xfe3c0000
[    0.967336] phy phy-ff770000.syscon:usb2phy@e460.9: Runtime PM usage count underflow!
[    0.969174] ohci-platform fe3e0000.usb: Generic Platform OHCI controller
[    0.969805] ohci-platform fe3e0000.usb: new USB bus registered, assigned bus number 6
[    0.970673] ohci-platform fe3e0000.usb: irq 74, io mem 0xfe3e0000
[    0.975712] ehci-platform fe380000.usb: USB 2.0 started, EHCI 1.00
[    0.977207] hub 3-0:1.0: USB hub found
[    0.977600] hub 3-0:1.0: 1 port detected
[    0.987758] ehci-platform fe3c0000.usb: USB 2.0 started, EHCI 1.00

[    0.989247] hub 4-0:1.0: USB hub found
[    0.989634] hub 4-0:1.0: 1 port detected
[    1.002189] vcc_buck5: Bringing 3300000uV into 2200000-2200000uV
[    1.009957] vcca_1v8: Bringing 1800000uV into 1850000-1850000uV
[    1.012971] vdd1v5_dvp: Bringing 1800000uV into 1500000-1500000uV
[    1.024900] hub 5-0:1.0: USB hub found
[    1.025318] hub 5-0:1.0: 1 port detected
[    1.028683] hub 6-0:1.0: USB hub found
[    1.029105] hub 6-0:1.0: 1 port detected
[    1.030830] rk808-rtc rk808-rtc.4.auto: registered as rtc0
[    1.032303] rk808-rtc rk808-rtc.4.auto: setting system clock to 2017-08-05T09:00:10 UTC (1501923610)
[    1.039455] cpu cpu0: EM: created perf domain
[    1.049789] dwmmc_rockchip fe320000.mmc: IDMAC supports 32-bit address mode.
[    1.050476] dwmmc_rockchip fe320000.mmc: Using internal DMA controller.
[    1.050612] rockchip-pcie f8000000.pcie: host bridge /pcie@f8000000 ranges:
[    1.051070] dwmmc_rockchip fe320000.mmc: Version ID is 270a
[    1.051100] rockchip-pcie f8000000.pcie:      MEM 0x00fa000000..0x00fbdfffff -> 0x00fa000000
[    1.051774] dwmmc_rockchip fe320000.mmc: DW MMC controller at irq 75,32 bit host data width,256 deep fifo
[    1.052220] rockchip-pcie f8000000.pcie:       IO 0x00fbe00000..0x00fbefffff -> 0x00fbe00000
[    1.052434] dwmmc_rockchip fe310000.mmc: IDMAC supports 32-bit address mode.

[    1.052458] dwmmc_rockchip fe310000.mmc: Using internal DMA controller.
[    1.052468] dwmmc_rockchip fe310000.mmc: Version ID is 270a
[    1.052487] dwmmc_rockchip fe310000.mmc: DW MMC controller at irq 38,32 bit host data width,256 deep fifo
[    1.053405] dwmmc_rockchip fe320000.mmc: Got CD GPIO
[    1.054187] rockchip-pcie f8000000.pcie: no vpcie12v regulator found
[    1.058743] phy phy-ff770000.syscon:pcie-phy.1: Runtime PM usage count underflow!
[    1.059412] phy phy-ff770000.syscon:pcie-phy.2: Runtime PM usage count underflow!
[    1.060099] phy phy-ff770000.syscon:pcie-phy.3: Runtime PM usage count underflow!
[    1.060764] phy phy-ff770000.syscon:pcie-phy.4: Runtime PM usage count underflow!
[    1.067462] mmc_host mmc1: Bus speed = 400000Hz (req 400000Hz, actual 400000HZ div = 0)
[    1.126498] mmc_host mmc1: Bus speed = 50000000Hz (req 50000000Hz, actual 50000000HZ div = 0)
[    1.127374] mmc1: new high speed SDHC card at address 0001
[    1.129042] mmcblk1: mmc1:0001 SD16G 14.4 GiB
[    1.140352] GPT:Primary header thinks Alt. header is not at the end of the disk.
[    1.141060] GPT:7225343 != 30203903
[    1.141390] GPT:Alternate GPT header not at the end of the disk.
[    1.141937] GPT:7225343 != 30203903
[    1.142265] GPT: Use GNU Parted to correct GPT errors.
[    1.142767]  mmcblk1: p1 p2
[    1.239983] usb 4-1: new high-speed USB device number 2 using ehci-platform
[    1.387604] hub 4-1:1.0: USB hub found
[    1.388506] hub 4-1:1.0: 4 ports detected
[    1.768067] rockchip-pcie f8000000.pcie: PCIe link training gen1 timeout!
[    1.768711] phy phy-ff770000.syscon:pcie-phy.4: Runtime PM usage count underflow!
[    1.769401] phy phy-ff770000.syscon:pcie-phy.3: Runtime PM usage count underflow!
[    1.770087] phy phy-ff770000.syscon:pcie-phy.2: Runtime PM usage count underflow!
[    1.770776] phy phy-ff770000.syscon:pcie-phy.1: Runtime PM usage count underflow!
[    1.771460] phy phy-ff770000.syscon:pcie-phy.4: Runtime PM usage count underflow!
[    1.772168] phy phy-ff770000.syscon:pcie-phy.3: Runtime PM usage count underflow!
[    1.772854] phy phy-ff770000.syscon:pcie-phy.2: Runtime PM usage count underflow!
[    1.773538] phy phy-ff770000.syscon:pcie-phy.1: Runtime PM usage count underflow!
[    1.774254] rockchip-pcie f8000000.pcie: probe with driver rockchip-pcie failed with error -110
[    1.801190] dwmmc_rockchip fe310000.mmc: IDMAC supports 32-bit address mode.
[    1.801791] clk: Disabling unused clocks
[    1.801884] dwmmc_rockchip fe310000.mmc: Using internal DMA controller.
[    1.802801] dwmmc_rockchip fe310000.mmc: Version ID is 270a
[    1.803328] dwmmc_rockchip fe310000.mmc: DW MMC controller at irq 38,32 bit host data width,256 deep fifo
[    1.803909] PM: genpd: Disabling unused power domains
[    1.804821] check access for rdinit=/init failed: -2, ignoring

[    1.805344] Waiting 10 sec before mounting root device...
[   12.010137] platform sdio-pwrseq: deferred probe pending: pwrseq_simple: external clock not ready
[   12.010994] rockchip-pm-domain ff310000.power-management:power-controller: sync_state() pending due to fe310000.mmc
[   12.011995] rockchip-pm-domain ff310000.power-management:power-controller: sync_state() pending due to ff650000.video-codec
[   12.013009] rockchip-pm-domain ff310000.power-management:power-controller: sync_state() pending due to ff660000.video-codec
[   12.014018] rockchip-pm-domain ff310000.power-management:power-controller: sync_state() pending due to ff680000.rga
[   12.014976] rockchip-pm-domain ff310000.power-management:power-controller: sync_state() pending due to ff940000.hdmi
[   12.017066] dwmmc_rockchip fe310000.mmc: IDMAC supports 32-bit address mode.
[   12.017829] dwmmc_rockchip fe310000.mmc: Using internal DMA controller.
[   12.018445] dwmmc_rockchip fe310000.mmc: Version ID is 270a
[   12.018587] EXT4-fs (mmcblk1p2): mounted filesystem d52f7f8b-fa0e-4c9f-a552-d6df4329ac87 r/w with writeback data mode. Quota mode: none.
[   12.018971] dwmmc_rockchip fe310000.mmc: DW MMC controller at irq 38,32 bit host data width,256 deep fifo
[   12.020140] VFS: Mounted root (ext4 filesystem) on device 179:98.
[   12.022890] devtmpfs: mounted
[   12.030033] Freeing unused kernel memory: 11840K
[   12.030633] Run /sbin/init as init process
[   12.901767] systemd[1]: System time advanced to built-in epoch: Tue 2026-04-14 03:38:05 CST
[   13.014362] systemd[1]: systemd 257.13-1~deb13u1 running in system mode (+PAM +AUDIT +SELINUX +APPARMOR +IMA +IPE +SMACK +SECCOMP +GCRYPT -GNUTLS +OPENSSL +ACL +BLKID +CURL +ELFUTILS +FIDO2 +IDN2 -IDN +IPTC +KMOD +LIBCRYPTSETUP +LIBCRYPTSETUP_PLUGINS +LIBFDISK +PCRE2 +PWQUALITY +P11KIT +QRENCODE +TPM2 +BZIP2 +LZ4 +XZ +ZLIB +ZSTD +BPF_FRAMEWORK +BTF -XKBCOMMON -UTMP +SYSVINIT +LIBARCHIVE)
[   13.017610] systemd[1]: Detected architecture arm64.
[   13.037881] systemd[1]: Hostname set to <armbian>.
[   13.426611] systemd[1]: bpf-restrict-fs: BPF LSM hook not enabled in the kernel, BPF LSM not supported.
[   13.964129] systemd[1]: Binding to IPv6 address not available since kernel does not support IPv6.
[   13.964998] systemd[1]: Binding to IPv6 address not available since kernel does not support IPv6.
[   14.202730] systemd[1]: Queued start job for default target multi-user.target.
[   14.256746] systemd[1]: Created slice system-getty.slice - Slice /system/getty.
[   14.260685] systemd[1]: Created slice system-modprobe.slice - Slice /system/modprobe.
[   14.264320] systemd[1]: Created slice system-serial\x2dgetty.slice - Slice /system/serial-getty.
[   14.267315] systemd[1]: Created slice user.slice - User and Session Slice.
[   14.268774] systemd[1]: Started systemd-ask-password-console.path - Dispatch Password Requests to Console Directory Watch.
[   14.270318] systemd[1]: Started systemd-ask-password-wall.path - Forward Password Requests to Wall Directory Watch.
[   14.271717] systemd[1]: proc-sys-fs-binfmt_misc.automount - Arbitrary Executable File Formats File System Automount Point skipped, unmet condition check ConditionPathExists=/proc/sys/fs/binfmt_misc
[   14.273418] systemd[1]: Expecting device dev-ttyS2.device - /dev/ttyS2...
[   14.274459] systemd[1]: Reached target nfs-client.target - NFS client services.
[   14.275424] systemd[1]: Reached target paths.target - Path Units.
[   14.276388] systemd[1]: Reached target slices.target - Slice Units.
[   14.277308] systemd[1]: Reached target swap.target - Swaps.
[   14.291891] systemd[1]: Listening on rpcbind.socket - RPCbind Server Activation Socket.
[   14.294395] systemd[1]: Listening on syslog.socket - Syslog Socket.
[   14.302994] systemd[1]: Listening on systemd-creds.socket - Credential Encryption/Decryption.
[   14.304823] systemd[1]: Listening on systemd-initctl.socket - initctl Compatibility Named Pipe.
[   14.306431] systemd[1]: Listening on systemd-journald-dev-log.socket - Journal Socket (/dev/log).
[   14.308503] systemd[1]: Listening on systemd-journald.socket - Journal Sockets.
[   14.309794] systemd[1]: systemd-pcrextend.socket - TPM PCR Measurements skipped, unmet condition check ConditionSecurity=measured-uki
[   14.310950] systemd[1]: systemd-pcrlock.socket - Make TPM PCR Policy skipped, unmet condition check ConditionSecurity=measured-uki
[   14.312676] systemd[1]: Listening on systemd-udevd-control.socket - udev Control Socket.
[   14.314105] systemd[1]: Listening on systemd-udevd-kernel.socket - udev Kernel Socket.
[   14.321335] systemd[1]: Mounting dev-hugepages.mount - Huge Pages File System...
[   14.326793] systemd[1]: Mounting dev-mqueue.mount - POSIX Message Queue File System...
[   14.333818] systemd[1]: Mounting run-lock.mount - Legacy Locks Directory /run/lock...
[   14.339475] systemd[1]: Mounting sys-kernel-debug.mount - Kernel Debug File System...
[   14.344318] systemd[1]: sys-kernel-tracing.mount - Kernel Trace File System skipped, unmet condition check ConditionPathExists=/sys/kernel/tracing
[   14.356754] systemd[1]: Mounting tmp.mount - Temporary Directory /tmp...
[   14.357981] systemd[1]: auth-rpcgss-module.service - Kernel Module supporting RPCSEC_GSS skipped, unmet condition check ConditionPathExists=/etc/krb5.keytab
[   14.368327] systemd[1]: Starting fake-hwclock-load.service - Restore the current clock...
[   14.369622] systemd[1]: kmod-static-nodes.service - Create List of Static Device Nodes skipped, unmet condition check ConditionFileNotEmpty=/lib/modules/6.18.33/modules.devname
[   14.387994] systemd[1]: Starting modprobe@fuse.service - Load Kernel Module fuse...
[   14.389431] systemd[1]: systemd-hibernate-clear.service - Clear Stale Hibernate Storage Info skipped, unmet condition check ConditionPathExists=/sys/firmware/efi/efivars/HibernateLocation-8cf2644b-4b0b-428f-9387-6d876050dc67
[   14.400248] systemd[1]: systemd-hwdb-update.service - Rebuild Hardware Database skipped, unmet condition check ConditionNeedsUpdate=/etc
[   14.410906] systemd[1]: Starting systemd-journald.service - Journal Service...
[   14.431590] systemd[1]: Starting systemd-modules-load.service - Load Kernel Modules...
[   14.432848] systemd[1]: systemd-pcrmachine.service - TPM PCR Machine ID Measurement skipped, unmet condition check ConditionSecurity=measured-uki
[   14.439009] systemd[1]: Starting systemd-tmpfiles-setup-dev-early.service - Create Static Device Nodes in /dev gracefully...
[   14.440679] systemd[1]: systemd-tpm2-setup-early.service - Early TPM SRK Setup skipped, unmet condition check ConditionSecurity=measured-uki
[   14.442015] systemd[1]: systemd-tpm2-setup.service - TPM SRK Setup skipped, unmet condition check ConditionSecurity=measured-uki
[   14.447420] systemd[1]: Starting systemd-udev-load-credentials.service - Load udev Rules from Credentials...
[   14.464310] systemd[1]: Starting systemd-udev-trigger.service - Coldplug All udev Devices...
[   14.482923] systemd[1]: Mounted dev-hugepages.mount - Huge Pages File System.
[   14.485918] systemd[1]: Mounted dev-mqueue.mount - POSIX Message Queue File System.
[   14.487785] systemd[1]: Mounted run-lock.mount - Legacy Locks Directory /run/lock.
[   14.489605] systemd[1]: Mounted sys-kernel-debug.mount - Kernel Debug File System.
[   14.499563] systemd[1]: Mounted tmp.mount - Temporary Directory /tmp.
[   14.501976] systemd[1]: modprobe@fuse.service: Deactivated successfully.
[   14.503616] systemd[1]: Finished modprobe@fuse.service - Load Kernel Module fuse.
[   14.506796] systemd[1]: sys-fs-fuse-connections.mount - FUSE Control File System skipped, unmet condition check ConditionPathExists=/sys/fs/fuse/connections
[   14.551961] systemd[1]: Finished systemd-modules-load.service - Load Kernel Modules.
[   14.557336] systemd[1]: Starting systemd-sysctl.service - Apply Kernel Variables...
[   14.569938] systemd[1]: fake-hwclock-load.service: Deactivated successfully.
[   14.572486] systemd[1]: Finished fake-hwclock-load.service - Restore the current clock.
[   14.590921] systemd[1]: Finished systemd-udev-load-credentials.service - Load udev Rules from Credentials.
[   14.605862] systemd-journald[111]: Collecting audit messages is disabled.
[   14.652060] systemd[1]: Finished systemd-tmpfiles-setup-dev-early.service - Create Static Device Nodes in /dev gracefully.
[   14.654123] systemd[1]: systemd-sysusers.service - Create System Users skipped, no trigger condition checks were met.
[   14.664286] systemd[1]: Starting systemd-tmpfiles-setup-dev.service - Create Static Device Nodes in /dev...
[   14.688279] systemd[1]: Finished systemd-sysctl.service - Apply Kernel Variables.
[   14.740918] systemd[1]: Started systemd-journald.service - Journal Service.
[   14.875192] systemd-journald[111]: Received client request to flush runtime journal.
[   14.981437] systemd-journald[111]: /var/log/journal/63f6b85b0c1e8dbfdd4367466a1d5eef/system.journal: Realtime clock jumped backwards relative to last journal entry, rotating.
[   14.982852] systemd-journald[111]: Rotating system journal.
[   17.196953] systemd-journald[111]: Received client request to relinquish /var/log/journal/63f6b85b0c1e8dbfdd4367466a1d5eef access.
[   18.839675] random: crng init done
[   20.237958] rk_gmac-dwmac fe300000.ethernet eth0: Register MEM_TYPE_PAGE_POOL RxQ-0
[   20.244394] rk_gmac-dwmac fe300000.ethernet eth0: PHY [stmmac-0:00] driver [YT8521 Gigabit Ethernet] (irq=POLL)
[   20.453563] rk_gmac-dwmac fe300000.ethernet eth0: Failed to reset the dma
[   20.454230] rk_gmac-dwmac fe300000.ethernet eth0: stmmac_hw_setup: DMA engine initialization failed
[   20.455060] rk_gmac-dwmac fe300000.ethernet eth0: __stmmac_open: Hw setup failed
[   21.533548] dw-apb-uart ff1a0000.serial: forbid DMA for kernel console
[!p]104[?7h[6n[32766;32766H[6n[!p]104[?7h[6n[32766;32766H[6n


armbian login: root (automatic login)


[38;2;247;16;0m    _             _    _                             __  __ _    _      _ 
   /_\  _ _ _ __ | |__(_)__ _ _ _ ___ _  _ _ _  ___ / _|/ _(_)__(_)__ _| |
  / _ \| '_| '  \| '_ \ / _` | ' \___| || | ' \/ _ \  _|  _| / _| / _` | |
 /_/ \_\_| |_|_|_|_.__/_\__,_|_||_|   \_,_|_||_\___/_| |_| |_\__|_\__,_|_|
                                                                          [0m
 [0;92mv26.05.0[0m for lpa3399pro running Armbian Linux [0;92m6.18.33[0m

 Packages:     Debian [0;92mstable[0m (trixie)

[0;90m Performance:  [0m

 Load:        [0;92m 13%[0m           	 Uptime:         [92m1m[0m	
 Memory usage:[0;92m 3%[0m of 3.66G  	
 CPU temp:    [0;92m 28°C[0m           	 Usage of /:  [0;92m 64%[0m of 2.9G   	

[?2004hroot@armbian:~# 