DDR Version 1.24 20191016
In
Channel 0: LPDDR3, 800MHz
CS = 0
MR0=0x58
MR1=0x58
MR2=0x58
MR3=0x58
MR4=0x2
MR5=0x1
MR6=0x16
MR7=0x0
MR8=0x1F
MR9=0x1F
MR10=0x1F
MR11=0x1F
MR12=0x1F
MR13=0x1F
MR14=0x1F
MR15=0x1F

MR16=0x1F
CS = 1
MR0=0x58
MR1=0x58
MR2=0x58
MR3=0x58
MR4=0x2
MR5=0x1
MR6=0x16
MR7=0x0
MR8=0x1F
MR9=0x1F
MR10=0x1F
MR11=0x1F
MR12=0x1F
MR13=0x1F
MR14=0x1F
MR15=0x1F
MR16=0x1F
Bus Width=32 Col=10 Bank=8 Row=15/15 CS=2 Die Bus-Width=32 Size=2048MB
Channel 1: LPDDR3, 800MHz
CS = 0
MR0=0x58
MR1=0x58
MR2=0x58
MR3=0x58
MR4=0x2
MR5=0x1

MR6=0x16
MR7=0x0
MR8=0x1F
MR9=0x1F
MR10=0x1F
MR11=0x1F
MR12=0x1F
MR13=0x1F
MR14=0x1F
MR15=0x1F
MR16=0x1F
CS = 1
MR0=0x58
MR1=0x58
MR2=0x58
MR3=0x58
MR4=0x2
MR5=0x1
MR6=0x16
MR7=0x0
MR8=0x1F
MR9=0x1F
MR10=0x1F
MR11=0x1F
MR12=0x1F
MR13=0x1F
MR14=0x1F
MR15=0x1F
MR16=0x1F
Bus Width=32 Col=10 Bank=8 Row=15/15 CS=2 Die Bus-Width=32 Size=2048MB
256B stride
ch 0 ddrconfig = 0x101, ddrsize = 0x2020
ch 1 ddrconfig = 0x101, ddrsize = 0x2020
pmugrf_os_reg[2] = 0x3AA0DAA0, stride = 0xD
OUT
Boot1 Release Time: May 29 2020 17:36:36, version: 1.26
CPUId = 0x0
ChipType = 0x10, 340
SdmmcInit=2 0
BootCapSize=100000
UserCapSize=15028MB
FwPartOffset=2000 , 100000
mmc0:cmd5,20
SdmmcInit=0 0
BootCapSize=0
UserCapSize=14748MB
FwPartOffset=2000 , 0
StorageInit ok = 122723
SecureMode = 0
SecureInit read PBA: 0x4
SecureInit read PBA: 0x404
SecureInit read PBA: 0x804
SecureInit read PBA: 0xc04
SecureInit read PBA: 0x1004
SecureInit read PBA: 0x1404
SecureInit read PBA: 0x1804
SecureInit read PBA: 0x1c04
SecureInit ret = 0, SecureMode = 0
atags_set_bootdev: ret:(0)
GPT part:  0, name:          primary, start:0x8000, size:0xff800
GPT part:  1, name:          primary, start:0x108000, size:0x5db800
no find partition:uboot.
Trust Addr:0x4000, 0x58334c42
No find bl30.bin
Load uboot, ReadLba = 2000
Load OK, addr=0x200000, size=0xfc8c0
RunBL31 0x40000 @ 300236 us
NOTICE:  BL31: v1.3(release):845ee93
NOTICE:  BL31: Built : 15:51:11, Jul 22 2020
NOTICE:  BL31: Rockchip release version: v1.1
INFO:    GICv3 with legacy support detected. ARM GICV3 driver initialized in EL3
INFO:    Using opteed sec cpu_context!
INFO:    boot cpu mask: 0
INFO:    plat_rockchip_pmu_init(1196): pd status 3e
INFO:    BL31: Initializing runtime services
INFO:    BL31: Initializing BL32
INF [0x0] TEE-CORE:init_primary_helper:337: Initializing (1.1.0-266-gee81607c #1 Mon Aug 17 09:23:30 UTC 2020 aarch64)


INF [0x0] TEE-CORE:init_primary_helper:338: Release version: 1.2


INF [0x0] TEE-CORE:init_teecore:83: teecore inits done

INFO:    BL31: Preparing for EL3 exit to normal world
INFO:    Entry point address = 0x200000
INFO:    SPSR = 0x3c9



U-Boot 2017.09 (Jun 06 2026 - 14:10:22 +0000)

Model: Rockchip RK3399 Evaluation Board
PreSerial: 2, raw, 0xff1a0000
DRAM:  3.8 GiB
Sysmem: init
Relocation Offset: f5bc7000, fdt: f3dbb358 
no mmc device at slot 1
Found IDB in SDcard
dwmmc@fe320000: 1 (SD), sdhci@fe330000: 0
Bootdev(atags): mmc 1
MMC1: Legacy, 50Mhz
PartType: EFI
No resource partition
Failed to load DTB
Failed to get kernel dtb, ret=-19
io-domain: OK
*** Warning - bad CRC, using default environment

Model: Rockchip RK3399 Evaluation Board
rockchip_set_serialno: could not find efuse/otp device
No misc partition
boot mode: None
CLK: (uboot. arml: enter 400000 KHz, init 816000 KHz, kernel 0N/A)
CLK: (uboot. armb: enter 24000 KHz, init 816000 KHz, kernel 0N/A)
  aplll 816000 KHz
  apllb 816000 KHz
  dpll 800000 KHz
  cpll 24000 KHz
  gpll 800000 KHz
  npll 600000 KHz
  vpll 24000 KHz
  aclk_perihp 133333 KHz
  hclk_perihp 66666 KHz
  pclk_perihp 33333 KHz
  aclk_perilp0 266666 KHz
  hclk_perilp0 88888 KHz
  pclk_perilp0 44444 KHz
  hclk_perilp1 100000 KHz
  pclk_perilp1 50000 KHz
EC20_PWREN = -2
EC20_RESET = -2
------ ec20_init  ------
EC20_PWRKEY = -2
EC20_PWRKEY = -2
Net:   No ethernet found.
Hit key to stop autoboot('CTRL+C'):  5  4  3  2  1  0 
Could not find misc partition
ANDROID: reboot reason: "(none)"
optee api revision: 2.0
TEEC: Waring: Could not find security partition
Not AVB images, AVB skip
android_image_load_by_partname: Can't find part: boot
Android image load failed
Android boot failed, error -1.
Could not find misc partition
Could not find primary part
switch to partitions #0, OK
mmc1 is current device
Scanning mmc 1:1...
Found /extlinux/extlinux.conf
Retrieving file: /extlinux/extlinux.conf
414 bytes read in 23 ms (17.6 KiB/s)
1:	Armbian
Retrieving file: /Image
49986048 bytes read in 13021 ms (3.7 MiB/s)
append: root=PARTUUID=61ec8aeb-3d1a-48fa-a9da-54d744ed8bdf rootflags=data=writeback rw rootwait rootdelay=10 rootfstype=ext4 console=ttyS2,1500000 console=tty1 panic=0 usbcore.autosuspend=-1 initcall_blacklist=psci_checker printk.devkmsg=on log_buf_len=16M maxcpus=4 systemd.default_timeout_start_sec=20 plymouth.enable=0 net.ifnames=0
Retrieving file: /dtb/rockchip/gmac-phyhandle-pll-test.dtb
60580 bytes read in 182 ms (324.2 KiB/s)
Fdt Ramdisk skip relocation
## Flattened Device Tree blob at 08300000
   Booting using the fdt blob at 0x8300000
   Using Device Tree in place at 0000000008300000, end 0000000008311ca3
can't found rockchip,drm-logo, use rockchip,fb-logo
WARNING: could not set reg FDT_ERR_BADOFFSET.
failed to reserve fb-loader-logo memory
Adding bank: 0x00200000 - 0x08400000 (size: 0x08200000)
Adding bank: 0x0a200000 - 0xf8000000 (size: 0xede00000)
Total: 18835.392 ms

Starting kernel ...

[    0.000000] Booting Linux on physical CPU 0x0000000000 [0x410fd034]
[    0.000000] Linux version 6.18.33 (henry@Inspiron-7520) (aarch64-linux-gnu-gcc (Ubuntu 13.3.0-6ubuntu2~24.04.1) 13.3.0, GNU ld (GNU Binutils for Ubuntu) 2.42) #8 SMP PREEMPT Fri Jun 19 10:01:52 CST 2026
[    0.000000] KASLR disabled due to lack of seed
[    0.000000] Machine model: Radxa ROCK Pi N10
[    0.000000] efi: UEFI not found.
[    0.000000] OF: reserved mem: Reserved memory: No reserved-memory node in the DT
[    0.000000] NUMA: Faking a node at [mem 0x0000000000200000-0x00000000f7ffffff]
[    0.000000] NODE_DATA(0) allocated [mem 0xf77f4e00-0xf77f747f]
[    0.000000] Zone ranges:
[    0.000000]   DMA      [mem 0x0000000000200000-0x00000000f7ffffff]
[    0.000000]   DMA32    empty
[    0.000000]   Normal   empty
[    0.000000] Movable zone start for each node
[    0.000000] Early memory node ranges
[    0.000000]   node   0: [mem 0x0000000000200000-0x00000000083fffff]
[    0.000000]   node   0: [mem 0x000000000a200000-0x00000000f7ffffff]
[    0.000000] Initmem setup node 0 [mem 0x0000000000200000-0x00000000f7ffffff]
[    0.000000] On node 0, zone DMA: 512 pages in unavailable ranges
[    0.000000] On node 0, zone DMA: 7680 pages in unavailable ranges
[    0.000000] cma: Reserved 32 MiB at 0x00000000f1800000
[    0.000000] psci: probing for conduit method from DT.
[    0.000000] psci: PSCIv1.0 detected in firmware.
[    0.000000] psci: Using standard PSCI v0.2 function IDs
[    0.000000] psci: Trusted OS migration not required
[    0.000000] psci: SMC Calling Convention v1.0
[    0.000000] percpu: Embedded 25 pages/cpu s63192 r8192 d31016 u102400
[    0.000000] Detected VIPT I-cache on CPU0
[    0.000000] CPU features: detected: GICv3 CPU interface
[    0.000000] CPU features: detected: ARM erratum 845719
[    0.000000] alternatives: applying boot alternatives
[    0.000000] Kernel command line: root=PARTUUID=61ec8aeb-3d1a-48fa-a9da-54d744ed8bdf rootflags=data=writeback rw rootwait rootdelay=10 rootfstype=ext4 console=ttyS2,1500000 console=tty1 panic=0 usbcore.autosuspend=-1 initcall_blacklist=psci_checker printk.devkmsg=on log_buf_len=16M maxcpus=4 systemd.default_timeout_start_sec=20 plymouth.enable=0 net.ifnames=0
[    0.000000] printk: log buffer data + meta data: 16777216 + 58720256 = 75497472 bytes
[    0.000000] printk: early log buf free: 128816(98%)
[    0.000000] Dentry cache hash table entries: 524288 (order: 10, 4194304 bytes, linear)
[    0.000000] Inode-cache hash table entries: 262144 (order: 9, 2097152 bytes, linear)

[    0.000000] software IO TLB: SWIOTLB bounce buffer size adjusted to 3MB
[    0.000000] software IO TLB: area num 8.
[    0.000000] software IO TLB: mapped [mem 0x00000000ec600000-0x00000000eca00000] (4MB)
[    0.000000] Fallback order for Node 0: 0 
[    0.000000] Built 1 zonelists, mobility grouping on.  Total pages: 1007616
[    0.000000] Policy zone: DMA
[    0.000000] mem auto-init: stack:all(zero), heap alloc:off, heap free:off
[    0.000000] SLUB: HWalign=64, Order=0-3, MinObjects=0, CPUs=6, Nodes=1
[    0.000000] rcu: Preemptible hierarchical RCU implementation.
[    0.000000] rcu: 	RCU event tracing is enabled.
[    0.000000] rcu: 	RCU restricting CPUs from NR_CPUS=512 to nr_cpu_ids=6.
[    0.000000] 	Trampoline variant of Tasks RCU enabled.
[    0.000000] 	Tracing variant of Tasks RCU enabled.
[    0.000000] rcu: RCU calculated value of scheduler-enlistment delay is 25 jiffies.
[    0.000000] rcu: Adjusting geometry for rcu_fanout_leaf=16, nr_cpu_ids=6
[    0.000000] RCU Tasks: Setting shift to 3 and lim to 1 rcu_task_cb_adjust=1 rcu_task_cpu_ids=6.
[    0.000000] RCU Tasks Trace: Setting shift to 3 and lim to 1 rcu_task_cb_adjust=1 rcu_task_cpu_ids=6.
[    0.000000] NR_IRQS: 64, nr_irqs: 64, preallocated irqs: 0
[    0.000000] GICv3: GIC: Using split EOI/Deactivate mode
[    0.000000] GICv3: 256 SPIs implemented
[    0.000000] GICv3: 0 Extended SPIs implemented
[    0.000000] Root IRQ handler: gic_handle_irq
[    0.000000] GICv3: GICv3 features: 16 PPIs
[    0.000000] GICv3: GICD_CTLR.DS=0, SCR_EL3.FIQ=1
[    0.000000] GICv3: CPU0: found redistributor 0 region 0:0x00000000fef00000
[    0.000000] ITS [mem 0xfee20000-0xfee3ffff]
[    0.000000] ITS@0x00000000fee20000: allocated 65536 Devices @3480000 (flat, esz 8, psz 64K, shr 0)
[    0.000000] ITS: using cache flushing for cmd queue
[    0.000000] GICv3: using LPI property table @0x0000000003460000
[    0.000000] GIC: using cache flushing for LPI property table
[    0.000000] GICv3: CPU0: using allocated LPI pending table @0x0000000003470000
[    0.000000] GICv3: GIC: PPI partition interrupt-partition-0[0] { /cpus/cpu@0[0] /cpus/cpu@1[1] /cpus/cpu@2[2] /cpus/cpu@3[3] }
[    0.000000] GICv3: GIC: PPI partition interrupt-partition-1[1] { /cpus/cpu@100[4] /cpus/cpu@101[5] }
[    0.000000] rcu: srcu_init: Setting srcu_struct sizes based on contention.
[    0.000000] arch_timer: cp15 timer running at 24.00MHz (phys).
[    0.000000] clocksource: arch_sys_counter: mask: 0xffffffffffffff max_cycles: 0x588fe9dc0, max_idle_ns: 440795202592 ns
[    0.000001] sched_clock: 56 bits at 24MHz, resolution 41ns, wraps every 4398046511097ns
[    0.003468] Console: colour dummy device 80x25
[    0.003487] printk: legacy console [tty1] enabled
[    0.004400] Calibrating delay loop (skipped), value calculated using timer frequency.. 48.00 BogoMIPS (lpj=96000)
[    0.004436] pid_max: default: 32768 minimum: 301
[    0.004588] LSM: initializing lsm=capability
[    0.004771] Mount-cache hash table entries: 8192 (order: 4, 65536 bytes, linear)
[    0.004813] Mountpoint-cache hash table entries: 8192 (order: 4, 65536 bytes, linear)
[    0.008046] rcu: Hierarchical SRCU implementation.
[    0.008084] rcu: 	Max phase no-delay instances is 1000.
[    0.008404] Timer migration: 1 hierarchy levels; 8 children per group; 1 crossnode level
[    0.008729] fsl-mc MSI: msi-controller@fee20000 domain created
[    0.013936] EFI services will not be available.
[    0.014427] smp: Bringing up secondary CPUs ...
[    0.015167] Detected VIPT I-cache on CPU1
[    0.015372] GICv3: CPU1: found redistributor 1 region 0:0x00000000fef20000
[    0.015392] GICv3: CPU1: using allocated LPI pending table @0x0000000003500000
[    0.015447] CPU1: Booted secondary processor 0x0000000001 [0x410fd034]
[    0.016307] Detected VIPT I-cache on CPU2
[    0.016479] GICv3: CPU2: found redistributor 2 region 0:0x00000000fef40000
[    0.016496] GICv3: CPU2: using allocated LPI pending table @0x0000000003510000
[    0.016532] CPU2: Booted secondary processor 0x0000000002 [0x410fd034]
[    0.017366] Detected VIPT I-cache on CPU3
[    0.017536] GICv3: CPU3: found redistributor 3 region 0:0x00000000fef60000
[    0.017553] GICv3: CPU3: using allocated LPI pending table @0x0000000003520000
[    0.017589] CPU3: Booted secondary processor 0x0000000003 [0x410fd034]
[    0.017747] smp: Brought up 1 node, 4 CPUs
[    0.017905] SMP: Total of 4 processors activated.
[    0.017921] CPU: All CPU(s) started at EL2
[    0.017965] CPU features: detected: 32-bit EL0 Support
[    0.017982] CPU features: detected: 32-bit EL1 Support
[    0.018001] CPU features: detected: CRC32 instructions
[    0.018025] CPU features: detected: PMUv3
[    0.018086] alternatives: applying system-wide alternatives
[    0.020241] Memory: 3785488K/4030464K available (18176K kernel code, 5486K rwdata, 13132K rodata, 11840K init, 691K bss, 206088K reserved, 32768K cma-reserved)
[    0.020916] devtmpfs: initialized
[    0.039086] clocksource: jiffies: mask: 0xffffffff max_cycles: 0xffffffff, max_idle_ns: 7645041785100000 ns
[    0.039162] posixtimers hash table entries: 4096 (order: 4, 65536 bytes, linear)
[    0.039285] futex hash table entries: 2048 (131072 bytes on 1 NUMA nodes, total 128 KiB, linear).
[    0.040106] 20368 pages in range for non-PLT usage
[    0.040126] 511888 pages in range for PLT usage
[    0.040515] pinctrl core: initialized pinctrl subsystem
[    0.045391] DMI not present or invalid.
[    0.049219] NET: Registered PF_NETLINK/PF_ROUTE protocol family
[    0.051176] DMA: preallocated 512 KiB GFP_KERNEL pool for atomic allocations
[    0.052312] DMA: preallocated 512 KiB GFP_KERNEL|GFP_DMA pool for atomic allocations
[    0.053886] DMA: preallocated 512 KiB GFP_KERNEL|GFP_DMA32 pool for atomic allocations
[    0.053976] audit: initializing netlink subsys (disabled)
[    0.054268] audit: type=2000 audit(0.052:1): state=initialized audit_enabled=0 res=1
[    0.058062] thermal_sys: Registered thermal governor 'step_wise'
[    0.058080] thermal_sys: Registered thermal governor 'power_allocator'
[    0.058222] cpuidle: using governor menu
[    0.058765] hw-breakpoint: found 6 breakpoint and 4 watchpoint registers.
[    0.058918] ASID allocator initialised with 65536 entries
[    0.064157] Serial: AMBA PL011 UART driver
[    0.068317] /pcie@f8000000: Fixed dependency cycle(s) with /pcie@f8000000/interrupt-controller
[    0.109330] /syscon@ff770000/phy@f780: Fixed dependency cycle(s) with /mmc@fe330000
[    0.111875] /mmc@fe330000: Fixed dependency cycle(s) with /syscon@ff770000/phy@f780
[    0.111997] /syscon@ff770000/phy@f780: Fixed dependency cycle(s) with /mmc@fe330000
[    0.124436] rockchip-gpio ff720000.gpio: probed /pinctrl/gpio@ff720000
[    0.125492] rockchip-gpio ff730000.gpio: probed /pinctrl/gpio@ff730000
[    0.126401] rockchip-gpio ff780000.gpio: probed /pinctrl/gpio@ff780000
[    0.127330] rockchip-gpio ff788000.gpio: probed /pinctrl/gpio@ff788000
[    0.128245] rockchip-gpio ff790000.gpio: probed /pinctrl/gpio@ff790000
[    0.136487] HugeTLB: registered 1.00 GiB page size, pre-allocated 0 pages
[    0.136529] HugeTLB: 0 KiB vmemmap can be freed for a 1.00 GiB page
[    0.136550] HugeTLB: registered 32.0 MiB page size, pre-allocated 0 pages
[    0.136567] HugeTLB: 0 KiB vmemmap can be freed for a 32.0 MiB page
[    0.136586] HugeTLB: registered 2.00 MiB page size, pre-allocated 0 pages
[    0.136603] HugeTLB: 0 KiB vmemmap can be freed for a 2.00 MiB page
[    0.136622] HugeTLB: registered 64.0 KiB page size, pre-allocated 0 pages
[    0.136639] HugeTLB: 0 KiB vmemmap can be freed for a 64.0 KiB page
[    0.139641] ACPI: Interpreter disabled.
[    0.146090] iommu: Default domain type: Translated
[    0.146133] iommu: DMA domain TLB invalidation policy: strict mode
[    0.146726] SCSI subsystem initialized
[    0.147292] usbcore: registered new interface driver usbfs
[    0.147363] usbcore: registered new interface driver hub
[    0.147420] usbcore: registered new device driver usb
[    0.149701] pps_core: LinuxPPS API ver. 1 registered
[    0.149725] pps_core: Software ver. 5.3.6 - Copyright 2005-2007 Rodolfo Giometti <giometti@linux.it>
[    0.149765] PTP clock support registered
[    0.150056] EDAC MC: Ver: 3.0.0
[    0.150822] scmi_core: SCMI protocol bus registered
[    0.152882] FPGA manager framework
[    0.154552] vgaarb: loaded
[    0.155379] clocksource: Switched to clocksource arch_sys_counter
[    0.155818] VFS: Disk quotas dquot_6.6.0
[    0.155857] VFS: Dquot-cache hash table entries: 512 (order 0, 4096 bytes)
[    0.156522] pnp: PnP ACPI: disabled
[    0.166422] NET: Registered PF_INET protocol family
[    0.166704] IP idents hash table entries: 65536 (order: 7, 524288 bytes, linear)
[    0.171131] tcp_listen_portaddr_hash hash table entries: 2048 (order: 3, 32768 bytes, linear)
[    0.171209] Table-perturb hash table entries: 65536 (order: 6, 262144 bytes, linear)
[    0.171244] TCP established hash table entries: 32768 (order: 6, 262144 bytes, linear)
[    0.171588] TCP bind hash table entries: 32768 (order: 8, 1048576 bytes, linear)
[    0.172674] TCP: Hash tables configured (established 32768 bind 32768)
[    0.172859] UDP hash table entries: 2048 (order: 5, 131072 bytes, linear)
[    0.173067] UDP-Lite hash table entries: 2048 (order: 5, 131072 bytes, linear)
[    0.173484] NET: Registered PF_UNIX/PF_LOCAL protocol family
[    0.174105] RPC: Registered named UNIX socket transport module.
[    0.174131] RPC: Registered udp transport module.
[    0.174147] RPC: Registered tcp transport module.
[    0.174161] RPC: Registered tcp-with-tls transport module.
[    0.174177] RPC: Registered tcp NFSv4.1 backchannel transport module.
[    0.174216] PCI: CLS 0 bytes, default 64
[    0.179779] kvm [1]: nv: 568 coarse grained trap handlers
[    0.180517] kvm [1]: IPA Size Limit: 40 bits
[    0.184458] kvm [1]: vgic-v2@fff20000
[    0.184522] kvm [1]: GIC system register CPU interface enabled
[    0.184571] kvm [1]: vgic interrupt IRQ9
[    0.184614] kvm [1]: Hyp nVHE mode initialized successfully
[    0.186718] Initialise system trusted keyrings
[    0.187040] workingset: timestamp_bits=42 max_order=20 bucket_order=0
[    0.187573] squashfs: version 4.0 (2009/01/31) Phillip Lougher
[    0.187977] NFS: Registering the id_resolver key type
[    0.188017] Key type id_resolver registered
[    0.188035] Key type id_legacy registered
[    0.188084] nfs4filelayout_init: NFSv4 File Layout Driver Registering...
[    0.188108] nfs4flexfilelayout_init: NFSv4 Flexfile Layout Driver Registering...
[    0.188418] 9p: Installing v9fs 9p2000 file system support
[    0.271091] Key type asymmetric registered
[    0.271115] Asymmetric key parser 'x509' registered
[    0.271214] Block layer SCSI generic (bsg) driver version 0.4 loaded (major 244)
[    0.271243] io scheduler mq-deadline registered
[    0.271266] io scheduler kyber registered
[    0.271324] io scheduler bfq registered
[    0.303636] ledtrig-cpu: registered to indicate activity on CPUs
[    0.352342] dma-pl330 ff6d0000.dma-controller: Loaded driver for PL330 DMAC-241330
[    0.352392] dma-pl330 ff6d0000.dma-controller: 	DBUFF-32x8bytes Num_Chans-6 Num_Peri-12 Num_Events-12
[    0.354097] dma-pl330 ff6e0000.dma-controller: Loaded driver for PL330 DMAC-241330
[    0.354127] dma-pl330 ff6e0000.dma-controller: 	DBUFF-128x8bytes Num_Chans-8 Num_Peri-20 Num_Events-16
[    0.380034] Serial: 8250/16550 driver, 4 ports, IRQ sharing enabled
[    0.385151] ff180000.serial: ttyS0 at MMIO 0xff180000 (irq = 24, base_baud = 1500000) is a 16550A
[    0.386655] ff1a0000.serial: ttyS2 at MMIO 0xff1a0000 (irq = 25, base_baud = 1500000) is a 16550A
[    0.386781] printk: legacy console [ttyS2] enabled
[    0.501638] msm_serial: driver initialized
[    0.502839] SuperH (H)SCI(F) driver initialized
[    0.503817] STM32 USART driver initialized
[    0.509471] misc dump reg init
[    0.512906] platform ff650000.video-codec: Adding to iommu group 0
[    0.514901] platform ff660000.video-codec: Adding to iommu group 1
[    0.528551] loop: module loaded
[    0.531214] megasas: 07.734.00.00-rc1
[    0.545964] tun: Universal TUN/TAP device driver, 1.6
[    0.548776] thunder_xcv, ver 1.0
[    0.549164] thunder_bgx, ver 1.0
[    0.549520] nicpf, ver 1.0
[    0.552356] e1000: Intel(R) PRO/1000 Network Driver
[    0.552813] e1000: Copyright (c) 1999-2006 Intel Corporation.
[    0.553398] e1000e: Intel(R) PRO/1000 Network Driver
[    0.553848] e1000e: Copyright(c) 1999 - 2015 Intel Corporation.
[    0.554437] igb: Intel(R) Gigabit Ethernet Network Driver
[    0.554927] igb: Copyright (c) 2007-2014 Intel Corporation.
[    0.555523] igbvf: Intel(R) Gigabit Virtual Function Network Driver
[    0.556089] igbvf: Copyright (c) 2009 - 2012 Intel Corporation.
[    0.557409] sky2: driver version 1.30
[    0.560984] rk_gmac-dwmac fe300000.ethernet: IRQ eth_wake_irq not found
[    0.561606] rk_gmac-dwmac fe300000.ethernet: IRQ sfty not found
[    0.562292] rk_gmac-dwmac fe300000.ethernet: PTP uses main clock
[    0.563089] rk_gmac-dwmac fe300000.ethernet: clock input or output? (input).
[    0.563761] rk_gmac-dwmac fe300000.ethernet: TX delay(0x21).
[    0.564278] rk_gmac-dwmac fe300000.ethernet: RX delay(0x15).
[    0.564798] rk_gmac-dwmac fe300000.ethernet: integrated PHY? (no).
[    0.565359] rk_gmac-dwmac fe300000.ethernet: external PHY reset GPIO described; will use one-shot reset and release before MDIO.
[    0.566390] rk_gmac-dwmac fe300000.ethernet: v4b-fix: reused stmmac core stmmaceth reset controller
[    0.567236] rk_gmac-dwmac fe300000.ethernet: clock input from PHY
[    0.567824] rk_gmac-dwmac fe300000.ethernet: powerup start: phy_iface=9 clock_input=1 integrated_phy=0 tx=0x21 rx=0x15
[    0.573798] rk_gmac-dwmac fe300000.ethernet: v4d: clocks enabled (5 clks, includes mac_clk_rx for RGMII)
[    0.574653] rk_gmac-dwmac fe300000.ethernet: init for RGMII
[    0.575163] rk_gmac-dwmac fe300000.ethernet: rk3399 rgmii applied: GRF_SOC_CON5=0x00000208 GRF_SOC_CON6=0x000095a1 tx=0x21 rx=0x15
[    0.576303] rk_gmac-dwmac fe300000.ethernet: external PHY reset (post-grf-post-power) begin (one-shot)
[    0.639419] rk_gmac-dwmac fe300000.ethernet: external PHY reset (post-grf-post-power) end (one-shot, GPIO released)
[    0.640356] rk_gmac-dwmac fe300000.ethernet: v4a: wait 200ms after GMAC GRF/PHY reset before runtime resume/DMA open
[    0.843399] rk_gmac-dwmac fe300000.ethernet: v4b: MAC reset cycle before runtime resume/DMA open
[    0.844192] rk_gmac-dwmac fe300000.ethernet: v4b-reset after-v4a-settle: assert stmmaceth
[    0.864947] rk_gmac-dwmac fe300000.ethernet: v4b-reset after-v4a-settle: deassert stmmaceth
[    0.919405] rk_gmac-dwmac fe300000.ethernet: v4b-reset after-v4a-settle: done
[    0.920058] rk_gmac-dwmac fe300000.ethernet: powerup done: phy_iface=9 clock_input=1 integrated_phy=0
[    0.921118] rk_gmac-dwmac fe300000.ethernet: User ID: 0x10, Synopsys ID: 0x35
[    0.921776] rk_gmac-dwmac fe300000.ethernet: 	DWMAC1000
[    0.922255] rk_gmac-dwmac fe300000.ethernet: DMA HW capability register supported
[    0.922930] rk_gmac-dwmac fe300000.ethernet: Active PHY interface: GMII/MII (0)
[    0.923610] rk_gmac-dwmac fe300000.ethernet: RX Checksum Offload Engine supported
[    0.924286] rk_gmac-dwmac fe300000.ethernet: COE Type 2
[    0.924761] rk_gmac-dwmac fe300000.ethernet: TX Checksum insertion supported
[    0.925395] rk_gmac-dwmac fe300000.ethernet: Wake-Up On Lan supported
[    0.926057] rk_gmac-dwmac fe300000.ethernet: Normal descriptors
[    0.926595] rk_gmac-dwmac fe300000.ethernet: Ring mode enabled
[    0.927123] rk_gmac-dwmac fe300000.ethernet: Enable RX Mitigation via HW Watchdog Timer
[    1.004931] VFIO - User Level meta-driver version: 0.3
[    1.017108] usbcore: registered new interface driver usb-storage
[    1.025134] i2c_dev: i2c /dev entries driver
[    1.032029] /i2c@ff3c0000/pmic@20: Fixed dependency cycle(s) with /i2c@ff3c0000/pmic@20/regulators/DCDC_REG4
[    1.032957] /i2c@ff3c0000/pmic@20: Fixed dependency cycle(s) with /i2c@ff3c0000/pmic@20/regulators/DCDC_REG5
[    1.057543] dwmmc_rockchip fe310000.mmc: IDMAC supports 32-bit address mode.
[    1.058239] dwmmc_rockchip fe310000.mmc: Using internal DMA controller.
[    1.058848] dwmmc_rockchip fe310000.mmc: Version ID is 270a
[    1.059463] dwmmc_rockchip fe310000.mmc: DW MMC controller at irq 38,32 bit host data width,256 deep fifo
[    1.060565] phy phy-ff770000.syscon:phy@f780.0: Runtime PM usage count underflow!
[    1.061366] mmc0: CQHCI version 5.10
[    1.069045] usbcore: registered new interface driver usbhid
[    1.069580] usbhid: USB HID core driver
[    1.078009] hw perfevents: enabled with armv8_cortex_a53 PMU driver, 7 (0,8000003f) counters available
[    1.079084] armv8-pmu pmu_a72: hw perfevents: failed to probe PMU!
[    1.087657] mmc0: SDHCI controller on fe330000.mmc [fe330000.mmc] using ADMA
[    1.092728] NET: Registered PF_PACKET protocol family
[    1.093474] 9pnet: Installing 9P2000 support
[    1.094087] Key type dns_resolver registered
[    1.113276] registered taskstats version 1
[    1.113959] Loading compiled-in X.509 certificates
[    1.128361] Demotion targets for Node 0: null
[    1.152707] phy phy-ff770000.syscon:phy@f780.0: Runtime PM usage count underflow!
[    1.153475] phy phy-ff770000.syscon:phy@f780.0: Runtime PM usage count underflow!
[    1.155043] phy phy-ff770000.syscon:phy@f780.0: Runtime PM usage count underflow!
[    1.155890] phy phy-ff770000.syscon:phy@f780.0: Runtime PM usage count underflow!
[    1.156615] phy phy-ff770000.syscon:phy@f780.0: Runtime PM usage count underflow!
[    1.160075] mmc0: Command Queue Engine enabled
[    1.160529] mmc0: new HS400 Enhanced strobe MMC card at address 0001

[    1.167791] mmcblk0: mmc0:0001 DF4016 14.7 GiB
[    1.173920]  mmcblk0: p1 p2 p3 p4 p5 p6
[    1.176820] mmcblk0boot0: mmc0:0001 DF4016 4.00 MiB
[    1.179856] mmcblk0boot1: mmc0:0001 DF4016 4.00 MiB
[    1.182662] mmcblk0rpmb: mmc0:0001 DF4016 4.00 MiB, chardev (511:0)
[    1.192431] phy phy-ff770000.syscon:usb2phy@e450.8: Runtime PM usage count underflow!
[    1.199544] phy phy-ff770000.syscon:usb2phy@e450.8: Runtime PM usage count underflow!
[    1.200295] xhci-hcd xhci-hcd.0.auto: xHCI Host Controller
[    1.200825] xhci-hcd xhci-hcd.0.auto: new USB bus registered, assigned bus number 1
[    1.201695] xhci-hcd xhci-hcd.0.auto: hcc params 0x0220fe64 hci version 0x110 quirks 0x0000808002000010
[    1.202573] xhci-hcd xhci-hcd.0.auto: irq 45, io mem 0xfe800000
[    1.203455] xhci-hcd xhci-hcd.0.auto: xHCI Host Controller
[    1.203981] xhci-hcd xhci-hcd.0.auto: new USB bus registered, assigned bus number 2
[    1.204693] xhci-hcd xhci-hcd.0.auto: Host supports USB 3.0 SuperSpeed
[    1.206276] phy phy-ff770000.syscon:usb2phy@e450.7: Runtime PM usage count underflow!
[    1.206520] hub 1-0:1.0: USB hub found
[    1.207438] hub 1-0:1.0: 1 port detected
[    1.208368] usb usb2: We don't know the algorithms for LPM for this host, disabling LPM.
[    1.209301] ehci-platform fe380000.usb: EHCI Host Controller
[    1.209853] phy phy-ff770000.syscon:usb2phy@e460.9: Runtime PM usage count underflow!
[    1.210073] hub 2-0:1.0: USB hub found
[    1.210965] hub 2-0:1.0: 1 port detected
[    1.211898] ehci-platform fe380000.usb: new USB bus registered, assigned bus number 3
[    1.212785] ehci-platform fe380000.usb: irq 46, io mem 0xfe380000
[    1.213408] ehci-platform fe3c0000.usb: EHCI Host Controller
[    1.213668] phy phy-ff770000.syscon:usb2phy@e460.9: Runtime PM usage count underflow!
[    1.213949] ehci-platform fe3c0000.usb: new USB bus registered, assigned bus number 4
[    1.214644] ohci-platform fe3e0000.usb: Generic Platform OHCI controller
[    1.215547] ehci-platform fe3c0000.usb: irq 47, io mem 0xfe3c0000
[    1.216007] ohci-platform fe3e0000.usb: new USB bus registered, assigned bus number 5
[    1.217259] phy phy-ff770000.syscon:usb2phy@e450.7: Runtime PM usage count underflow!
[    1.217324] ohci-platform fe3e0000.usb: irq 48, io mem 0xfe3e0000
[    1.217981] ohci-platform fe3a0000.usb: Generic Platform OHCI controller
[    1.219128] ohci-platform fe3a0000.usb: new USB bus registered, assigned bus number 6
[    1.219979] ohci-platform fe3a0000.usb: irq 74, io mem 0xfe3a0000
[    1.223480] ehci-platform fe380000.usb: USB 2.0 started, EHCI 1.00
[    1.225019] hub 3-0:1.0: USB hub found
[    1.225405] hub 3-0:1.0: 1 port detected
[    1.235407] ehci-platform fe3c0000.usb: USB 2.0 started, EHCI 1.00
[    1.236939] hub 4-0:1.0: USB hub found
[    1.237347] hub 4-0:1.0: 1 port detected
[    1.248514] vcc_buck5: Bringing 3300000uV into 2200000-2200000uV
[    1.256529] vcca_1v8: Bringing 1800000uV into 1850000-1850000uV
[    1.259540] vdd1v5_dvp: Bringing 1800000uV into 1500000-1500000uV

[    1.276457] hub 5-0:1.0: USB hub found
[    1.276464] rk808-rtc rk808-rtc.4.auto: registered as rtc0
[    1.277270] rk808-rtc rk808-rtc.4.auto: setting system clock to 2017-08-05T09:00:21 UTC (1501923621)
[    1.277354] hub 5-0:1.0: 1 port detected
[    1.280497] hub 6-0:1.0: USB hub found
[    1.280912] hub 6-0:1.0: 1 port detected
[    1.284833] cpu cpu0: EM: created perf domain
[    1.296383] dwmmc_rockchip fe320000.mmc: IDMAC supports 32-bit address mode.
[    1.297074] dwmmc_rockchip fe320000.mmc: Using internal DMA controller.
[    1.297192] rockchip-pcie f8000000.pcie: host bridge /pcie@f8000000 ranges:
[    1.297673] dwmmc_rockchip fe320000.mmc: Version ID is 270a
[    1.297723] rockchip-pcie f8000000.pcie:      MEM 0x00fa000000..0x00fbdfffff -> 0x00fa000000
[    1.298352] dwmmc_rockchip fe320000.mmc: DW MMC controller at irq 75,32 bit host data width,256 deep fifo
[    1.298799] rockchip-pcie f8000000.pcie:       IO 0x00fbe00000..0x00fbefffff -> 0x00fbe00000
[    1.299086] dwmmc_rockchip fe310000.mmc: IDMAC supports 32-bit address mode.
[    1.299113] dwmmc_rockchip fe310000.mmc: Using internal DMA controller.
[    1.299123] dwmmc_rockchip fe310000.mmc: Version ID is 270a
[    1.299143] dwmmc_rockchip fe310000.mmc: DW MMC controller at irq 38,32 bit host data width,256 deep fifo
[    1.300030] dwmmc_rockchip fe320000.mmc: Got CD GPIO
[    1.300848] rockchip-pcie f8000000.pcie: no vpcie12v regulator found
[    1.305395] phy phy-ff770000.syscon:pcie-phy.1: Runtime PM usage count underflow!
[    1.306071] phy phy-ff770000.syscon:pcie-phy.2: Runtime PM usage count underflow!
[    1.306736] phy phy-ff770000.syscon:pcie-phy.3: Runtime PM usage count underflow!
[    1.307429] phy phy-ff770000.syscon:pcie-phy.4: Runtime PM usage count underflow!
[    1.314416] mmc_host mmc1: Bus speed = 400000Hz (req 400000Hz, actual 400000HZ div = 0)
[    1.374884] mmc_host mmc1: Bus speed = 50000000Hz (req 50000000Hz, actual 50000000HZ div = 0)
[    1.376394] mmc1: new high speed SDHC card at address 0001
[    1.378456] mmcblk1: mmc1:0001 SD16G 14.4 GiB
[    1.391035] GPT:Primary header thinks Alt. header is not at the end of the disk.
[    1.391783] GPT:7225343 != 30203903
[    1.392103] GPT:Alternate GPT header not at the end of the disk.
[    1.392639] GPT:7225343 != 30203903
[    1.392957] GPT: Use GNU Parted to correct GPT errors.
[    1.393444]  mmcblk1: p1 p2
[    1.483695] usb 4-1: new high-speed USB device number 2 using ehci-platform
[    1.631019] hub 4-1:1.0: USB hub found
[    1.632001] hub 4-1:1.0: 4 ports detected
[    2.015772] rockchip-pcie f8000000.pcie: PCIe link training gen1 timeout!
[    2.016414] phy phy-ff770000.syscon:pcie-phy.4: Runtime PM usage count underflow!
[    2.017102] phy phy-ff770000.syscon:pcie-phy.3: Runtime PM usage count underflow!
[    2.017789] phy phy-ff770000.syscon:pcie-phy.2: Runtime PM usage count underflow!
[    2.018476] phy phy-ff770000.syscon:pcie-phy.1: Runtime PM usage count underflow!
[    2.019161] phy phy-ff770000.syscon:pcie-phy.4: Runtime PM usage count underflow!
[    2.019874] phy phy-ff770000.syscon:pcie-phy.3: Runtime PM usage count underflow!
[    2.020560] phy phy-ff770000.syscon:pcie-phy.2: Runtime PM usage count underflow!
[    2.021244] phy phy-ff770000.syscon:pcie-phy.1: Runtime PM usage count underflow!
[    2.021960] rockchip-pcie f8000000.pcie: probe with driver rockchip-pcie failed with error -110
[    2.040778] dwmmc_rockchip fe310000.mmc: IDMAC supports 32-bit address mode.
[    2.041009] clk: Disabling unused clocks
[    2.041456] dwmmc_rockchip fe310000.mmc: Using internal DMA controller.
[    2.042371] dwmmc_rockchip fe310000.mmc: Version ID is 270a
[    2.042776] PM: genpd: Disabling unused power domains
[    2.042897] dwmmc_rockchip fe310000.mmc: DW MMC controller at irq 38,32 bit host data width,256 deep fifo
[    2.044336] check access for rdinit=/init failed: -2, ignoring
[    2.044859] Waiting 10 sec before mounting root device...
[   12.264646] platform sdio-pwrseq: deferred probe pending: pwrseq_simple: external clock not ready
[   12.265502] rockchip-pm-domain ff310000.power-management:power-controller: sync_state() pending due to fe310000.mmc
[   12.266453] rockchip-pm-domain ff310000.power-management:power-controller: sync_state() pending due to ff650000.video-codec
[   12.267549] rockchip-pm-domain ff310000.power-management:power-controller: sync_state() pending due to ff660000.video-codec
[   12.268571] rockchip-pm-domain ff310000.power-management:power-controller: sync_state() pending due to ff680000.rga
[   12.269530] rockchip-pm-domain ff310000.power-management:power-controller: sync_state() pending due to ff940000.hdmi
[   12.271431] dwmmc_rockchip fe310000.mmc: IDMAC supports 32-bit address mode.
[   12.272128] dwmmc_rockchip fe310000.mmc: Using internal DMA controller.
[   12.272742] dwmmc_rockchip fe310000.mmc: Version ID is 270a
[   12.273288] dwmmc_rockchip fe310000.mmc: DW MMC controller at irq 38,32 bit host data width,256 deep fifo
[   13.877794] EXT4-fs (mmcblk1p2): recovery complete
[   13.881229] EXT4-fs (mmcblk1p2): mounted filesystem d52f7f8b-fa0e-4c9f-a552-d6df4329ac87 r/w with writeback data mode. Quota mode: none.
[   13.882430] VFS: Mounted root (ext4 filesystem) on device 179:98.
[   13.884725] devtmpfs: mounted
[   13.891066] Freeing unused kernel memory: 11840K
[   13.891817] Run /sbin/init as init process
[   14.668862] systemd[1]: System time advanced to built-in epoch: Tue 2026-04-14 03:38:05 CST
[   14.789687] systemd[1]: systemd 257.13-1~deb13u1 running in system mode (+PAM +AUDIT +SELINUX +APPARMOR +IMA +IPE +SMACK +SECCOMP +GCRYPT -GNUTLS +OPENSSL +ACL +BLKID +CURL +ELFUTILS +FIDO2 +IDN2 -IDN +IPTC +KMOD +LIBCRYPTSETUP +LIBCRYPTSETUP_PLUGINS +LIBFDISK +PCRE2 +PWQUALITY +P11KIT +QRENCODE +TPM2 +BZIP2 +LZ4 +XZ +ZLIB +ZSTD +BPF_FRAMEWORK +BTF -XKBCOMMON -UTMP +SYSVINIT +LIBARCHIVE)
[   14.792897] systemd[1]: Detected architecture arm64.
[   14.812779] systemd[1]: Hostname set to <armbian>.
[   15.208456] systemd[1]: bpf-restrict-fs: BPF LSM hook not enabled in the kernel, BPF LSM not supported.
[   15.752307] systemd[1]: Binding to IPv6 address not available since kernel does not support IPv6.
[   15.753175] systemd[1]: Binding to IPv6 address not available since kernel does not support IPv6.
[   15.991272] systemd[1]: Queued start job for default target multi-user.target.
[   16.027138] systemd[1]: Created slice system-getty.slice - Slice /system/getty.
[   16.030073] systemd[1]: Created slice system-modprobe.slice - Slice /system/modprobe.
[   16.032820] systemd[1]: Created slice system-serial\x2dgetty.slice - Slice /system/serial-getty.
[   16.035085] systemd[1]: Created slice user.slice - User and Session Slice.
[   16.036302] systemd[1]: Started systemd-ask-password-console.path - Dispatch Password Requests to Console Directory Watch.
[   16.037641] systemd[1]: Started systemd-ask-password-wall.path - Forward Password Requests to Wall Directory Watch.
[   16.038834] systemd[1]: proc-sys-fs-binfmt_misc.automount - Arbitrary Executable File Formats File System Automount Point skipped, unmet condition check ConditionPathExists=/proc/sys/fs/binfmt_misc
[   16.040507] systemd[1]: Expecting device dev-ttyS2.device - /dev/ttyS2...
[   16.041436] systemd[1]: Reached target nfs-client.target - NFS client services.
[   16.042283] systemd[1]: Reached target paths.target - Path Units.
[   16.043043] systemd[1]: Reached target slices.target - Slice Units.
[   16.043815] systemd[1]: Reached target swap.target - Swaps.
[   16.053719] systemd[1]: Listening on rpcbind.socket - RPCbind Server Activation Socket.
[   16.055515] systemd[1]: Listening on syslog.socket - Syslog Socket.

[   16.061623] systemd[1]: Listening on systemd-creds.socket - Credential Encryption/Decryption.
[   16.063102] systemd[1]: Listening on systemd-initctl.socket - initctl Compatibility Named Pipe.
[   16.064595] systemd[1]: Listening on systemd-journald-dev-log.socket - Journal Socket (/dev/log).
[   16.066038] systemd[1]: Listening on systemd-journald.socket - Journal Sockets.
[   16.067019] systemd[1]: systemd-pcrextend.socket - TPM PCR Measurements skipped, unmet condition check ConditionSecurity=measured-uki
[   16.068194] systemd[1]: systemd-pcrlock.socket - Make TPM PCR Policy skipped, unmet condition check ConditionSecurity=measured-uki
[   16.069703] systemd[1]: Listening on systemd-udevd-control.socket - udev Control Socket.
[   16.070972] systemd[1]: Listening on systemd-udevd-kernel.socket - udev Kernel Socket.
[   16.077381] systemd[1]: Mounting dev-hugepages.mount - Huge Pages File System...
[   16.081804] systemd[1]: Mounting dev-mqueue.mount - POSIX Message Queue File System...
[   16.087673] systemd[1]: Mounting run-lock.mount - Legacy Locks Directory /run/lock...
[   16.092886] systemd[1]: Mounting sys-kernel-debug.mount - Kernel Debug File System...
[   16.096000] systemd[1]: sys-kernel-tracing.mount - Kernel Trace File System skipped, unmet condition check ConditionPathExists=/sys/kernel/tracing
[   16.111031] systemd[1]: Mounting tmp.mount - Temporary Directory /tmp...
[   16.112344] systemd[1]: auth-rpcgss-module.service - Kernel Module supporting RPCSEC_GSS skipped, unmet condition check ConditionPathExists=/etc/krb5.keytab
[   16.119355] systemd[1]: Starting fake-hwclock-load.service - Restore the current clock...
[   16.127794] systemd[1]: kmod-static-nodes.service - Create List of Static Device Nodes skipped, unmet condition check ConditionFileNotEmpty=/lib/modules/6.18.33/modules.devname
[   16.138801] systemd[1]: Starting modprobe@fuse.service - Load Kernel Module fuse...
[   16.140306] systemd[1]: systemd-hibernate-clear.service - Clear Stale Hibernate Storage Info skipped, unmet condition check ConditionPathExists=/sys/firmware/efi/efivars/HibernateLocation-8cf2644b-4b0b-428f-9387-6d876050dc67
[   16.158468] systemd[1]: systemd-hwdb-update.service - Rebuild Hardware Database skipped, unmet condition check ConditionNeedsUpdate=/etc
[   16.167943] systemd[1]: Starting systemd-journald.service - Journal Service...
[   16.178662] systemd[1]: Starting systemd-modules-load.service - Load Kernel Modules...
[   16.179852] systemd[1]: systemd-pcrmachine.service - TPM PCR Machine ID Measurement skipped, unmet condition check ConditionSecurity=measured-uki
[   16.188718] systemd[1]: Starting systemd-tmpfiles-setup-dev-early.service - Create Static Device Nodes in /dev gracefully...
[   16.190334] systemd[1]: systemd-tpm2-setup-early.service - Early TPM SRK Setup skipped, unmet condition check ConditionSecurity=measured-uki
[   16.191718] systemd[1]: systemd-tpm2-setup.service - TPM SRK Setup skipped, unmet condition check ConditionSecurity=measured-uki
[   16.202136] systemd[1]: Starting systemd-udev-load-credentials.service - Load udev Rules from Credentials...
[   16.216706] systemd[1]: Starting systemd-udev-trigger.service - Coldplug All udev Devices...
[   16.241005] systemd[1]: Mounted dev-hugepages.mount - Huge Pages File System.
[   16.242782] systemd[1]: Mounted dev-mqueue.mount - POSIX Message Queue File System.
[   16.244871] systemd[1]: Mounted run-lock.mount - Legacy Locks Directory /run/lock.
[   16.246760] systemd[1]: Mounted sys-kernel-debug.mount - Kernel Debug File System.
[   16.248638] systemd[1]: Mounted tmp.mount - Temporary Directory /tmp.
[   16.250878] systemd[1]: modprobe@fuse.service: Deactivated successfully.
[   16.252607] systemd[1]: Finished modprobe@fuse.service - Load Kernel Module fuse.
[   16.256195] systemd[1]: sys-fs-fuse-connections.mount - FUSE Control File System skipped, unmet condition check ConditionPathExists=/sys/fs/fuse/connections
[   16.266042] systemd[1]: Finished systemd-modules-load.service - Load Kernel Modules.
[   16.276094] systemd[1]: Starting systemd-sysctl.service - Apply Kernel Variables...
[   16.278754] systemd[1]: fake-hwclock-load.service: Deactivated successfully.
[   16.280475] systemd[1]: Finished fake-hwclock-load.service - Restore the current clock.
[   16.347013] systemd-journald[114]: Collecting audit messages is disabled.
[   16.348284] systemd[1]: Finished systemd-udev-load-credentials.service - Load udev Rules from Credentials.
[   16.397318] systemd[1]: Finished systemd-tmpfiles-setup-dev-early.service - Create Static Device Nodes in /dev gracefully.
[   16.399699] systemd[1]: systemd-sysusers.service - Create System Users skipped, no trigger condition checks were met.
[   16.407962] systemd[1]: Starting systemd-tmpfiles-setup-dev.service - Create Static Device Nodes in /dev...
[   16.413441] systemd[1]: Finished systemd-sysctl.service - Apply Kernel Variables.
[   16.478920] systemd[1]: Started systemd-journald.service - Journal Service.
[   16.601790] systemd-journald[114]: Received client request to flush runtime journal.
[   16.865299] systemd-journald[114]: /var/log/journal/63f6b85b0c1e8dbfdd4367466a1d5eef/system.journal: Realtime clock jumped backwards relative to last journal entry, rotating.
[   16.866727] systemd-journald[114]: Rotating system journal.
[   18.578209] systemd-journald[114]: Received client request to relinquish /var/log/journal/63f6b85b0c1e8dbfdd4367466a1d5eef access.
[   19.723436] random: crng init done
[   21.205711] rk_gmac-dwmac fe300000.ethernet eth0: Register MEM_TYPE_PAGE_POOL RxQ-0
[   21.212350] rk_gmac-dwmac fe300000.ethernet eth0: PHY [stmmac-0:00] driver [YT8521 Gigabit Ethernet] (irq=POLL)
[   21.214263] rk_gmac-dwmac fe300000.ethernet eth0: v4e: DMA_BUS_MODE before reset: 0x00020101 (SWR=1)
[   21.215110] rk_gmac-dwmac fe300000.ethernet eth0: v4e: SWR stuck, re-triggering stmmaceth reset (PHY now initialized)
[   21.291918] rk_gmac-dwmac fe300000.ethernet eth0: v4e: DMA_BUS_MODE after stmmaceth cycle: 0x00020101 (SWR=1)
[   21.292844] rk_gmac-dwmac fe300000.ethernet eth0: v4e: SWR still stuck after stmmaceth cycle, trying SWR write
[   21.293748] rk_gmac-dwmac fe300000.ethernet eth0: v4e: DMA_BUS_MODE after SWR write: 0x00020101 (SWR=1)
[   21.304600] rk_gmac-dwmac fe300000.ethernet eth0: v4e: poll [1/20]: 0x00020101 (SWR still set)
[   21.315409] rk_gmac-dwmac fe300000.ethernet eth0: v4e: poll [2/20]: 0x00020101 (SWR still set)
[   21.326209] rk_gmac-dwmac fe300000.ethernet eth0: v4e: poll [3/20]: 0x00020101 (SWR still set)
[   21.337001] rk_gmac-dwmac fe300000.ethernet eth0: v4e: poll [4/20]: 0x00020101 (SWR still set)
[   21.347792] rk_gmac-dwmac fe300000.ethernet eth0: v4e: poll [5/20]: 0x00020101 (SWR still set)
[   21.358580] rk_gmac-dwmac fe300000.ethernet eth0: v4e: poll [6/20]: 0x00020101 (SWR still set)
[   21.369375] rk_gmac-dwmac fe300000.ethernet eth0: v4e: poll [7/20]: 0x00020101 (SWR still set)
[   21.380165] rk_gmac-dwmac fe300000.ethernet eth0: v4e: poll [8/20]: 0x00020101 (SWR still set)
[   21.390953] rk_gmac-dwmac fe300000.ethernet eth0: v4e: poll [9/20]: 0x00020101 (SWR still set)
[   21.401753] rk_gmac-dwmac fe300000.ethernet eth0: v4e: poll [10/20]: 0x00020101 (SWR still set)
[   21.412548] rk_gmac-dwmac fe300000.ethernet eth0: v4e: poll [11/20]: 0x00020101 (SWR still set)
[   21.423343] rk_gmac-dwmac fe300000.ethernet eth0: v4e: poll [12/20]: 0x00020101 (SWR still set)
[   21.434155] rk_gmac-dwmac fe300000.ethernet eth0: v4e: poll [13/20]: 0x00020101 (SWR still set)
[   21.444952] rk_gmac-dwmac fe300000.ethernet eth0: v4e: poll [14/20]: 0x00020101 (SWR still set)
[   21.455749] rk_gmac-dwmac fe300000.ethernet eth0: v4e: poll [15/20]: 0x00020101 (SWR still set)
[   21.466546] rk_gmac-dwmac fe300000.ethernet eth0: v4e: poll [16/20]: 0x00020101 (SWR still set)
[   21.477339] rk_gmac-dwmac fe300000.ethernet eth0: v4e: poll [17/20]: 0x00020101 (SWR still set)
[   21.488135] rk_gmac-dwmac fe300000.ethernet eth0: v4e: poll [18/20]: 0x00020101 (SWR still set)
[   21.498932] rk_gmac-dwmac fe300000.ethernet eth0: v4e: poll [19/20]: 0x00020101 (SWR still set)
[   21.509749] rk_gmac-dwmac fe300000.ethernet eth0: v4e: poll [20/20]: 0x00020101 (SWR still set)
[   21.510540] rk_gmac-dwmac fe300000.ethernet eth0: v4e: SWR stuck after 200ms: 0x00020101
[   21.511260] rk_gmac-dwmac fe300000.ethernet eth0: Failed to reset the dma
[   21.511885] rk_gmac-dwmac fe300000.ethernet eth0: stmmac_hw_setup: DMA engine initialization failed
[   21.512693] rk_gmac-dwmac fe300000.ethernet eth0: __stmmac_open: Hw setup failed
[   22.343215] dw-apb-uart ff1a0000.serial: forbid DMA for kernel console
[!p]104[?7h[6n[32766;32766H[6n[!p]104[?7h[6n[32766;32766H[6n

armbian login: root (automatic login)


[38;2;247;16;0m    _             _    _                             __  __ _    _      _ 
   /_\  _ _ _ __ | |__(_)__ _ _ _ ___ _  _ _ _  ___ / _|/ _(_)__(_)__ _| |
  / _ \| '_| '  \| '_ \ / _` | ' \___| || | ' \/ _ \  _|  _| / _| / _` | |
 /_/ \_\_| |_|_|_|_.__/_\__,_|_||_|   \_,_|_||_\___/_| |_| |_\__|_\__,_|_|
                                                                          [0m
 [0;92mv26.05.0[0m for lpa3399pro running Armbian Linux [0;92m6.18.33[0m

 Packages:     Debian [0;92mstable[0m (trixie)

[0;90m Performance:  [0m

 Load:        [0;92m 15%[0m           	 Uptime:         [92m1m[0m	
 Memory usage:[0;92m 3%[0m of 3.66G  	
 CPU temp:    [0;92m 33°C[0m           	 Usage of /:  [0;92m 64%[0m of 2.9G   	

[?2004hroot@armbian:~# [?2004l
[?2004h[?2004l

[?2004hroot@armbian:~# 

[?2004l
[?2004hroot@armbian:~# 
[?2004l
[?2004hroot@armbian:~# uname -r
[?2004l
6.18.33
[?2004hroot@armbian:~# ip link show eth0 2>&1
[?2004l
2: [36meth0: [0m<BROADCAST,MULTICAST> mtu 1500 qdisc noop state [31mDOWN [0mmode DEFAULT group default qlen 1000
    link/ether [33m36:28:78:08:40:24[0m brd [33mff:ff:ff:ff:ff:ff[0m
    altname end0
    altname enx362878084024
[?2004hroot@armbian:~# dmesg | grep -E 'v4e|v4d|stmmac|eth0' | tail -20
[?2004l
[   21.347792] rk_gmac-dwmac fe300000.ethernet eth0: v4e: poll [5/20]: 0x00020101 (SWR still set)
[   21.358580] rk_gmac-dwmac fe300000.ethernet eth0: v4e: poll [6/20]: 0x00020101 (SWR still set)
[   21.369375] rk_gmac-dwmac fe300000.ethernet eth0: v4e: poll [7/20]: 0x00020101 (SWR still set)
[   21.380165] rk_gmac-dwmac fe300000.ethernet eth0: v4e: poll [8/20]: 0x00020101 (SWR still set)
[   21.390953] rk_gmac-dwmac fe300000.ethernet eth0: v4e: poll [9/20]: 0x00020101 (SWR still set)
[   21.401753] rk_gmac-dwmac fe300000.ethernet eth0: v4e: poll [10/20]: 0x00020101 (SWR still set)
[   21.412548] rk_gmac-dwmac fe300000.ethernet eth0: v4e: poll [11/20]: 0x00020101 (SWR still set)
[   21.423343] rk_gmac-dwmac fe300000.ethernet eth0: v4e: poll [12/20]: 0x00020101 (SWR still set)
[   21.434155] rk_gmac-dwmac fe300000.ethernet eth0: v4e: poll [13/20]: 0x00020101 (SWR still set)
[   21.444952] rk_gmac-dwmac fe300000.ethernet eth0: v4e: poll [14/20]: 0x00020101 (SWR still set)
[   21.455749] rk_gmac-dwmac fe300000.ethernet eth0: v4e: poll [15/20]: 0x00020101 (SWR still set)
[   21.466546] rk_gmac-dwmac fe300000.ethernet eth0: v4e: poll [16/20]: 0x00020101 (SWR still set)
[   21.477339] rk_gmac-dwmac fe300000.ethernet eth0: v4e: poll [17/20]: 0x00020101 (SWR still set)
[   21.488135] rk_gmac-dwmac fe300000.ethernet eth0: v4e: poll [18/20]: 0x00020101 (SWR still set)
[   21.498932] rk_gmac-dwmac fe300000.ethernet eth0: v4e: poll [19/20]: 0x00020101 (SWR still set)
[   21.509749] rk_gmac-dwmac fe300000.ethernet eth0: v4e: poll [20/20]: 0x00020101 (SWR still set)
[   21.510540] rk_gmac-dwmac fe300000.ethernet eth0: v4e: SWR stuck after 200ms: 0x00020101
[   21.511260] rk_gmac-dwmac fe300000.ethernet eth0: Failed to reset the dma
[   21.511885] rk_gmac-dwmac fe300000.ethernet eth0: stmmac_hw_setup: DMA engine initialization failed
[   21.512693] rk_gmac-dwmac fe300000.ethernet eth0: __stmmac_open: Hw setup failed
[?2004hroot@armbian:~# [?2004l
[?2004h[?2004l

[?2004hroot@armbian:~# 
[?2004l
[?2004hroot@armbian:~# 
[?2004l
[?2004hroot@armbian:~# [?2004l
[?2004h[?2004l

[?2004hroot@armbian:~# 
[?2004l
[?2004hroot@armbian:~# 
[?2004l
[?2004hroot@armbian:~# [?2004l
[?2004h[?2004l

[?2004hroot@armbian:~# 
[?2004l
[?2004hroot@armbian:~# 
[?2004l
[?2004hroot@armbian:~# [?2004l
[?2004h[?2004l

[?2004hroot@armbian:~# 
[?2004l
[?2004hroot@armbian:~# 
[?2004l
[?2004hroot@armbian:~# [?2004l
[?2004h[?2004l


[?2004hroot@armbian:~# 
[?2004l
[?2004hroot@armbian:~# 
[?2004l
[?2004hroot@armbian:~# echo ALIVE
[?2004l
ALIVE
[?2004hroot@armbian:~# 