DDR Version 1.24 20191016
In
Channel 0: LPDDR3, 800MHz
CS = 0
MR0=0x58
MR1=0x58
MR2=0x58
MR3=0x58
MR4=0x2
MR5=0x1
MR6=0x16
MR7=0x0
MR8=0x1F
MR9=0x1F
MR10=0x1F
MR11=0x1F
MR12=0x1F
MR13=0x1F
MR14=0x1F
MR15=0x1F
MR16=0x1F
CS = 1
MR0=0x58
MR1=0x58
MR2=0x58
MR3=0x58
MR4=0x2
MR5=0x1
MR6=0x16
MR7=0x0
MR8=0x1F
MR9=0x1F
MR10=0x1F
MR11=0x1F
MR12=0x1F
MR13=0x1F
MR14=0x1F
MR15=0x1F
MR16=0x1F
Bus Width=32 Col=10 Bank=8 Row=15/15 CS=2 Die Bus-Width=32 Size=2048MB
Channel 1: LPDDR3, 800MHz
CS = 0
MR0=0x58
MR1=0x58
MR2=0x58
MR3=0x58
MR4=0x2
MR5=0x1
MR6=0x16
MR7=0x0
MR8=0x1F
MR9=0x1F
MR10=0x1F
MR11=0x1F
MR12=0x1F
MR13=0x1F
MR14=0x1F
MR15=0x1F
MR16=0x1F
CS = 1
MR0=0x58
MR1=0x58
MR2=0x58
MR3=0x58
MR4=0x2
MR5=0x1
MR6=0x16
MR7=0x0
MR8=0x1F
MR9=0x1F
MR10=0x1F
MR11=0x1F
MR12=0x1F
MR13=0x1F
MR14=0x1F

MR15=0x1F
MR16=0x1F
Bus Width=32 Col=10 Bank=8 Row=15/15 CS=2 Die Bus-Width=32 Size=2048MB
256B stride
ch 0 ddrconfig = 0x101, ddrsize = 0x2020
ch 1 ddrconfig = 0x101, ddrsize = 0x2020
pmugrf_os_reg[2] = 0x3AA0DAA0, stride = 0xD
OUT
Boot1 Release Time: May 29 2020 17:36:36, version: 1.26
CPUId = 0x0
ChipType = 0x10, 340
SdmmcInit=2 0
BootCapSize=100000
UserCapSize=15028MB
FwPartOffset=2000 , 100000
mmc0:cmd5,20
SdmmcInit=0 0
BootCapSize=0
UserCapSize=14748MB
FwPartOffset=2000 , 0
StorageInit ok = 124687
SecureMode = 0
SecureInit read PBA: 0x4
SecureInit read PBA: 0x404
SecureInit read PBA: 0x804
SecureInit read PBA: 0xc04
SecureInit read PBA: 0x1004
SecureInit read PBA: 0x1404
SecureInit read PBA: 0x1804
SecureInit read PBA: 0x1c04
SecureInit ret = 0, SecureMode = 0
atags_set_bootdev: ret:(0)
GPT part:  0, name:          primary, start:0x8000, size:0xff800
GPT part:  1, name:          primary, start:0x108000, size:0x5db800
no find partition:uboot.
Trust Addr:0x4000, 0x58334c42
No find bl30.bin
Load uboot, ReadLba = 2000
Load OK, addr=0x200000, size=0xfc8c0
RunBL31 0x40000 @ 301791 us
NOTICE:  BL31: v1.3(release):845ee93
NOTICE:  BL31: Built : 15:51:11, Jul 22 2020
NOTICE:  BL31: Rockchip release version: v1.1
INFO:    GICv3 with legacy support detected. ARM GICV3 driver initialized in EL3
INFO:    Using opteed sec cpu_context!
INFO:    boot cpu mask: 0
INFO:    plat_rockchip_pmu_init(1196): pd status 3e
INFO:    BL31: Initializing runtime services
INFO:    BL31: Initializing BL32
INF [0x0] TEE-CORE:init_primary_helper:337: Initializing (1.1.0-266-gee81607c #1 Mon Aug 17 09:23:30 UTC 2020 aarch64)


INF [0x0] TEE-CORE:init_primary_helper:338: Release version: 1.2


INF [0x0] TEE-CORE:init_teecore:83: teecore inits done

INFO:    BL31: Preparing for EL3 exit to normal world
INFO:    Entry point address = 0x200000
INFO:    SPSR = 0x3c9


U-Boot 2017.09 (Jun 06 2026 - 14:10:22 +0000)

Model: Rockchip RK3399 Evaluation Board
PreSerial: 2, raw, 0xff1a0000
DRAM:  3.8 GiB
Sysmem: init
Relocation Offset: f5bc7000, fdt: f3dbb358 
no mmc device at slot 1
Found IDB in SDcard
dwmmc@fe320000: 1 (SD), sdhci@fe330000: 0
Bootdev(atags): mmc 1
MMC1: Legacy, 50Mhz
PartType: EFI
No resource partition
Failed to load DTB
Failed to get kernel dtb, ret=-19
io-domain: OK
*** Warning - bad CRC, using default environment

Model: Rockchip RK3399 Evaluation Board
rockchip_set_serialno: could not find efuse/otp device
No misc partition
boot mode: None
CLK: (uboot. arml: enter 400000 KHz, init 816000 KHz, kernel 0N/A)
CLK: (uboot. armb: enter 24000 KHz, init 816000 KHz, kernel 0N/A)
  aplll 816000 KHz
  apllb 816000 KHz
  dpll 800000 KHz
  cpll 24000 KHz
  gpll 800000 KHz
  npll 600000 KHz
  vpll 24000 KHz
  aclk_perihp 133333 KHz
  hclk_perihp 66666 KHz
  pclk_perihp 33333 KHz
  aclk_perilp0 266666 KHz
  hclk_perilp0 88888 KHz
  pclk_perilp0 44444 KHz
  hclk_perilp1 100000 KHz
  pclk_perilp1 50000 KHz
EC20_PWREN = -2
EC20_RESET = -2
------ ec20_init  ------
EC20_PWRKEY = -2
EC20_PWRKEY = -2
Net:   No ethernet found.
Hit key to stop autoboot('CTRL+C'):  5  4  3  2  1  0 
Could not find misc partition
ANDROID: reboot reason: "(none)"
optee api revision: 2.0
TEEC: Waring: Could not find security partition
Not AVB images, AVB skip
android_image_load_by_partname: Can't find part: boot
Android image load failed
Android boot failed, error -1.
Could not find misc partition
Could not find primary part
switch to partitions #0, OK
mmc1 is current device
Scanning mmc 1:1...
Found /extlinux/extlinux.conf
Retrieving file: /extlinux/extlinux.conf
400 bytes read in 22 ms (17.6 KiB/s)
1:	Armbian
Retrieving file: /Image
49678848 bytes read in 2173 ms (21.8 MiB/s)
append: root=PARTUUID=61ec8aeb-3d1a-48fa-a9da-54d744ed8bdf rootflags=data=writeback rw rootwait rootdelay=10 rootfstype=ext4 console=ttyS2,1500000 console=tty1 panic=0 usbcore.autosuspend=-1 initcall_blacklist=psci_checker printk.devkmsg=on log_buf_len=16M maxcpus=4 systemd.default_timeout_start_sec=20 plymouth.enable=0 net.ifnames=0
Retrieving file: /dtb/rockchip/gmac-test.dtb
60178 bytes read in 144 ms (407.2 KiB/s)
Fdt Ramdisk skip relocation
## Flattened Device Tree blob at 08300000
   Booting using the fdt blob at 0x8300000
   Using Device Tree in place at 0000000008300000, end 0000000008311b11
can't found rockchip,drm-logo, use rockchip,fb-logo
WARNING: could not set reg FDT_ERR_BADOFFSET.
failed to reserve fb-loader-logo memory
Adding bank: 0x00200000 - 0x08400000 (size: 0x08200000)
Adding bank: 0x0a200000 - 0xf8000000 (size: 0xede00000)
Total: 8136.17 ms

Starting kernel ...


[    0.000000] Booting Linux on physical CPU 0x0000000000 [0x410fd034]
[    0.000000] Linux version 6.18.33 (henry@Inspiron-7520) (aarch64-linux-gnu-gcc (Ubuntu 13.3.0-6ubuntu2~24.04.1) 13.3.0, GNU ld (GNU Binutils for Ubuntu) 2.42) #1 SMP PREEMPT Wed Jun 17 16:24:23 CST 2026

[    0.000000] KASLR disabled due to lack of seed
[    0.000000] Machine model: Radxa ROCK Pi N10
[    0.000000] efi: UEFI not found.
[    0.000000] OF: reserved mem: Reserved memory: No reserved-memory node in the DT
[    0.000000] NUMA: Faking a node at [mem 0x0000000000200000-0x00000000f7ffffff]
[    0.000000] NODE_DATA(0) allocated [mem 0xf77f6880-0xf77f8eff]
[    0.000000] Zone ranges:
[    0.000000]   DMA      [mem 0x0000000000200000-0x00000000f7ffffff]
[    0.000000]   DMA32    empty
[    0.000000]   Normal   empty
[    0.000000] Movable zone start for each node
[    0.000000] Early memory node ranges
[    0.000000]   node   0: [mem 0x0000000000200000-0x00000000083fffff]
[    0.000000]   node   0: [mem 0x000000000a200000-0x00000000f7ffffff]
[    0.000000] Initmem setup node 0 [mem 0x0000000000200000-0x00000000f7ffffff]
[    0.000000] On node 0, zone DMA: 512 pages in unavailable ranges
[    0.000000] On node 0, zone DMA: 7680 pages in unavailable ranges
[    0.000000] cma: Reserved 32 MiB at 0x00000000f1800000
[    0.000000] psci: probing for conduit method from DT.
[    0.000000] psci: PSCIv1.0 detected in firmware.
[    0.000000] psci: Using standard PSCI v0.2 function IDs

[    0.000000] psci: Trusted OS migration not required

[    0.000000] psci: SMC Calling Convention v1.0
[    0.000000] percpu: Embedded 25 pages/cpu s62552 r8192 d31656 u102400
[    0.000000] Detected VIPT I-cache on CPU0
[    0.000000] CPU features: detected: GICv3 CPU interface
[    0.000000] CPU features: detected: ARM erratum 845719
[    0.000000] alternatives: applying boot alternatives
[    0.000000] Kernel command line: root=PARTUUID=61ec8aeb-3d1a-48fa-a9da-54d744ed8bdf rootflags=data=writeback rw rootwait rootdelay=10 rootfstype=ext4 console=ttyS2,1500000 console=tty1 panic=0 usbcore.autosuspend=-1 initcall_blacklist=psci_checker printk.devkmsg=on log_buf_len=16M maxcpus=4 systemd.default_timeout_start_sec=20 plymouth.enable=0 net.ifnames=0
[    0.000000] printk: log buffer data + meta data: 16777216 + 58720256 = 75497472 bytes
[    0.000000] printk: early log buf free: 128816(98%)
[    0.000000] Dentry cache hash table entries: 524288 (order: 10, 4194304 bytes, linear)
[    0.000000] Inode-cache hash table entries: 262144 (order: 9, 2097152 bytes, linear)
[    0.000000] software IO TLB: SWIOTLB bounce buffer size adjusted to 3MB
[    0.000000] software IO TLB: area num 8.
[    0.000000] software IO TLB: mapped [mem 0x00000000ec600000-0x00000000eca00000] (4MB)
[    0.000000] Fallback order for Node 0: 0 
[    0.000000] Built 1 zonelists, mobility grouping on.  Total pages: 1007616
[    0.000000] Policy zone: DMA
[    0.000000] mem auto-init: stack:all(zero), heap alloc:off, heap free:off
[    0.000000] SLUB: HWalign=64, Order=0-3, MinObjects=0, CPUs=6, Nodes=1
[    0.000000] rcu: Preemptible hierarchical RCU implementation.
[    0.000000] rcu: 	RCU event tracing is enabled.
[    0.000000] rcu: 	RCU restricting CPUs from NR_CPUS=512 to nr_cpu_ids=6.
[    0.000000] 	Trampoline variant of Tasks RCU enabled.
[    0.000000] 	Tracing variant of Tasks RCU enabled.
[    0.000000] rcu: RCU calculated value of scheduler-enlistment delay is 25 jiffies.
[    0.000000] rcu: Adjusting geometry for rcu_fanout_leaf=16, nr_cpu_ids=6
[    0.000000] RCU Tasks: Setting shift to 3 and lim to 1 rcu_task_cb_adjust=1 rcu_task_cpu_ids=6.
[    0.000000] RCU Tasks Trace: Setting shift to 3 and lim to 1 rcu_task_cb_adjust=1 rcu_task_cpu_ids=6.
[    0.000000] NR_IRQS: 64, nr_irqs: 64, preallocated irqs: 0
[    0.000000] GICv3: GIC: Using split EOI/Deactivate mode
[    0.000000] GICv3: 256 SPIs implemented
[    0.000000] GICv3: 0 Extended SPIs implemented
[    0.000000] Root IRQ handler: gic_handle_irq
[    0.000000] GICv3: GICv3 features: 16 PPIs
[    0.000000] GICv3: GICD_CTLR.DS=0, SCR_EL3.FIQ=1
[    0.000000] GICv3: CPU0: found redistributor 0 region 0:0x00000000fef00000
[    0.000000] ITS [mem 0xfee20000-0xfee3ffff]
[    0.000000] ITS@0x00000000fee20000: allocated 65536 Devices @3880000 (flat, esz 8, psz 64K, shr 0)
[    0.000000] ITS: using cache flushing for cmd queue
[    0.000000] GICv3: using LPI property table @0x0000000003860000
[    0.000000] GIC: using cache flushing for LPI property table
[    0.000000] GICv3: CPU0: using allocated LPI pending table @0x0000000003870000
[    0.000000] GICv3: GIC: PPI partition interrupt-partition-0[0] { /cpus/cpu@0[0] /cpus/cpu@1[1] /cpus/cpu@2[2] /cpus/cpu@3[3] }
[    0.000000] GICv3: GIC: PPI partition interrupt-partition-1[1] { /cpus/cpu@100[4] /cpus/cpu@101[5] }
[    0.000000] rcu: srcu_init: Setting srcu_struct sizes based on contention.
[    0.000000] arch_timer: cp15 timer running at 24.00MHz (phys).
[    0.000000] clocksource: arch_sys_counter: mask: 0xffffffffffffff max_cycles: 0x588fe9dc0, max_idle_ns: 440795202592 ns
[    0.000001] sched_clock: 56 bits at 24MHz, resolution 41ns, wraps every 4398046511097ns
[    0.003479] Console: colour dummy device 80x25
[    0.003499] printk: legacy console [tty1] enabled
[    0.004425] Calibrating delay loop (skipped), value calculated using timer frequency.. 48.00 BogoMIPS (lpj=96000)
[    0.004460] pid_max: default: 32768 minimum: 301
[    0.004610] LSM: initializing lsm=capability
[    0.004793] Mount-cache hash table entries: 8192 (order: 4, 65536 bytes, linear)
[    0.004835] Mountpoint-cache hash table entries: 8192 (order: 4, 65536 bytes, linear)
[    0.008045] rcu: Hierarchical SRCU implementation.
[    0.008086] rcu: 	Max phase no-delay instances is 1000.
[    0.008407] Timer migration: 1 hierarchy levels; 8 children per group; 1 crossnode level
[    0.008732] fsl-mc MSI: msi-controller@fee20000 domain created
[    0.013899] EFI services will not be available.
[    0.014401] smp: Bringing up secondary CPUs ...
[    0.015149] Detected VIPT I-cache on CPU1
[    0.015348] GICv3: CPU1: found redistributor 1 region 0:0x00000000fef20000
[    0.015369] GICv3: CPU1: using allocated LPI pending table @0x0000000003900000
[    0.015426] CPU1: Booted secondary processor 0x0000000001 [0x410fd034]
[    0.016282] Detected VIPT I-cache on CPU2
[    0.016455] GICv3: CPU2: found redistributor 2 region 0:0x00000000fef40000
[    0.016473] GICv3: CPU2: using allocated LPI pending table @0x0000000003910000
[    0.016511] CPU2: Booted secondary processor 0x0000000002 [0x410fd034]
[    0.017355] Detected VIPT I-cache on CPU3
[    0.017530] GICv3: CPU3: found redistributor 3 region 0:0x00000000fef60000
[    0.017548] GICv3: CPU3: using allocated LPI pending table @0x0000000003920000
[    0.017586] CPU3: Booted secondary processor 0x0000000003 [0x410fd034]
[    0.017759] smp: Brought up 1 node, 4 CPUs
[    0.017917] SMP: Total of 4 processors activated.
[    0.017933] CPU: All CPU(s) started at EL2
[    0.017978] CPU features: detected: 32-bit EL0 Support
[    0.017995] CPU features: detected: 32-bit EL1 Support
[    0.018014] CPU features: detected: CRC32 instructions
[    0.018039] CPU features: detected: PMUv3
[    0.018098] alternatives: applying system-wide alternatives
[    0.020197] Memory: 3785784K/4030464K available (18176K kernel code, 5442K rwdata, 13052K rodata, 11712K init, 690K bss, 205760K reserved, 32768K cma-reserved)
[    0.020868] devtmpfs: initialized
[    0.039338] clocksource: jiffies: mask: 0xffffffff max_cycles: 0xffffffff, max_idle_ns: 7645041785100000 ns
[    0.039413] posixtimers hash table entries: 4096 (order: 4, 65536 bytes, linear)
[    0.039536] futex hash table entries: 2048 (131072 bytes on 1 NUMA nodes, total 128 KiB, linear).
[    0.040361] 20448 pages in range for non-PLT usage
[    0.040381] 511968 pages in range for PLT usage
[    0.040760] pinctrl core: initialized pinctrl subsystem
[    0.045644] DMI not present or invalid.
[    0.049452] NET: Registered PF_NETLINK/PF_ROUTE protocol family
[    0.051634] DMA: preallocated 512 KiB GFP_KERNEL pool for atomic allocations
[    0.052772] DMA: preallocated 512 KiB GFP_KERNEL|GFP_DMA pool for atomic allocations
[    0.054352] DMA: preallocated 512 KiB GFP_KERNEL|GFP_DMA32 pool for atomic allocations
[    0.054440] audit: initializing netlink subsys (disabled)
[    0.054739] audit: type=2000 audit(0.052:1): state=initialized audit_enabled=0 res=1
[    0.058385] thermal_sys: Registered thermal governor 'step_wise'
[    0.058403] thermal_sys: Registered thermal governor 'power_allocator'
[    0.058550] cpuidle: using governor menu
[    0.059087] hw-breakpoint: found 6 breakpoint and 4 watchpoint registers.
[    0.059237] ASID allocator initialised with 65536 entries
[    0.064385] Serial: AMBA PL011 UART driver
[    0.068499] /pcie@f8000000: Fixed dependency cycle(s) with /pcie@f8000000/interrupt-controller
[    0.109328] /syscon@ff770000/phy@f780: Fixed dependency cycle(s) with /mmc@fe330000
[    0.111875] /mmc@fe330000: Fixed dependency cycle(s) with /syscon@ff770000/phy@f780
[    0.112004] /syscon@ff770000/phy@f780: Fixed dependency cycle(s) with /mmc@fe330000
[    0.123685] gpio gpiochip0: Static allocation of GPIO base is deprecated, use dynamic allocation.
[    0.124410] rockchip-gpio ff720000.gpio: probed /pinctrl/gpio@ff720000
[    0.125217] gpio gpiochip1: Static allocation of GPIO base is deprecated, use dynamic allocation.
[    0.125486] rockchip-gpio ff730000.gpio: probed /pinctrl/gpio@ff730000
[    0.126123] gpio gpiochip2: Static allocation of GPIO base is deprecated, use dynamic allocation.
[    0.126420] rockchip-gpio ff780000.gpio: probed /pinctrl/gpio@ff780000
[    0.127131] gpio gpiochip3: Static allocation of GPIO base is deprecated, use dynamic allocation.
[    0.127364] rockchip-gpio ff788000.gpio: probed /pinctrl/gpio@ff788000
[    0.128069] gpio gpiochip4: Static allocation of GPIO base is deprecated, use dynamic allocation.
[    0.128345] rockchip-gpio ff790000.gpio: probed /pinctrl/gpio@ff790000
[    0.136000] HugeTLB: registered 1.00 GiB page size, pre-allocated 0 pages
[    0.136044] HugeTLB: 0 KiB vmemmap can be freed for a 1.00 GiB page
[    0.136066] HugeTLB: registered 32.0 MiB page size, pre-allocated 0 pages
[    0.136084] HugeTLB: 0 KiB vmemmap can be freed for a 32.0 MiB page
[    0.136104] HugeTLB: registered 2.00 MiB page size, pre-allocated 0 pages
[    0.136121] HugeTLB: 0 KiB vmemmap can be freed for a 2.00 MiB page
[    0.136141] HugeTLB: registered 64.0 KiB page size, pre-allocated 0 pages
[    0.136159] HugeTLB: 0 KiB vmemmap can be freed for a 64.0 KiB page
[    0.139170] ACPI: Interpreter disabled.
[    0.145476] iommu: Default domain type: Translated
[    0.145520] iommu: DMA domain TLB invalidation policy: strict mode
[    0.146049] SCSI subsystem initialized
[    0.146645] usbcore: registered new interface driver usbfs
[    0.146719] usbcore: registered new interface driver hub
[    0.146776] usbcore: registered new device driver usb
[    0.148974] pps_core: LinuxPPS API ver. 1 registered
[    0.148996] pps_core: Software ver. 5.3.6 - Copyright 2005-2007 Rodolfo Giometti <giometti@linux.it>
[    0.149036] PTP clock support registered
[    0.149266] EDAC MC: Ver: 3.0.0
[    0.150031] scmi_core: SCMI protocol bus registered
[    0.152069] FPGA manager framework
[    0.153716] vgaarb: loaded
[    0.154572] clocksource: Switched to clocksource arch_sys_counter
[    0.155002] VFS: Disk quotas dquot_6.6.0
[    0.155042] VFS: Dquot-cache hash table entries: 512 (order 0, 4096 bytes)
[    0.155649] pnp: PnP ACPI: disabled
[    0.165358] NET: Registered PF_INET protocol family
[    0.165629] IP idents hash table entries: 65536 (order: 7, 524288 bytes, linear)
[    0.169879] tcp_listen_portaddr_hash hash table entries: 2048 (order: 3, 32768 bytes, linear)
[    0.170138] Table-perturb hash table entries: 65536 (order: 6, 262144 bytes, linear)
[    0.170178] TCP established hash table entries: 32768 (order: 6, 262144 bytes, linear)
[    0.170503] TCP bind hash table entries: 32768 (order: 8, 1048576 bytes, linear)
[    0.171614] TCP: Hash tables configured (established 32768 bind 32768)
[    0.171815] UDP hash table entries: 2048 (order: 5, 131072 bytes, linear)
[    0.172015] UDP-Lite hash table entries: 2048 (order: 5, 131072 bytes, linear)
[    0.172417] NET: Registered PF_UNIX/PF_LOCAL protocol family
[    0.173055] RPC: Registered named UNIX socket transport module.
[    0.173079] RPC: Registered udp transport module.
[    0.173096] RPC: Registered tcp transport module.
[    0.173111] RPC: Registered tcp-with-tls transport module.

[    0.173128] RPC: Registered tcp NFSv4.1 backchannel transport module.
[    0.173170] PCI: CLS 0 bytes, default 64
[    0.178786] kvm [1]: nv: 568 coarse grained trap handlers
[    0.179501] kvm [1]: IPA Size Limit: 40 bits
[    0.183432] kvm [1]: vgic-v2@fff20000
[    0.183492] kvm [1]: GIC system register CPU interface enabled
[    0.183540] kvm [1]: vgic interrupt IRQ18
[    0.183585] kvm [1]: Hyp nVHE mode initialized successfully
[    0.185716] Initialise system trusted keyrings
[    0.186071] workingset: timestamp_bits=42 max_order=20 bucket_order=0
[    0.186615] squashfs: version 4.0 (2009/01/31) Phillip Lougher
[    0.187000] NFS: Registering the id_resolver key type
[    0.187048] Key type id_resolver registered
[    0.187066] Key type id_legacy registered
[    0.187107] nfs4filelayout_init: NFSv4 File Layout Driver Registering...
[    0.187131] nfs4flexfilelayout_init: NFSv4 Flexfile Layout Driver Registering...
[    0.187433] 9p: Installing v9fs 9p2000 file system support
[    0.269657] Key type asymmetric registered
[    0.269681] Asymmetric key parser 'x509' registered
[    0.269768] Block layer SCSI generic (bsg) driver version 0.4 loaded (major 244)
[    0.269796] io scheduler mq-deadline registered
[    0.269819] io scheduler kyber registered
[    0.269877] io scheduler bfq registered
[    0.301847] ledtrig-cpu: registered to indicate activity on CPUs
[    0.349542] dma-pl330 ff6d0000.dma-controller: Loaded driver for PL330 DMAC-241330
[    0.349593] dma-pl330 ff6d0000.dma-controller: 	DBUFF-32x8bytes Num_Chans-6 Num_Peri-12 Num_Events-12
[    0.351363] dma-pl330 ff6e0000.dma-controller: Loaded driver for PL330 DMAC-241330
[    0.351395] dma-pl330 ff6e0000.dma-controller: 	DBUFF-128x8bytes Num_Chans-8 Num_Peri-20 Num_Events-16
[    0.377022] Serial: 8250/16550 driver, 4 ports, IRQ sharing enabled
[    0.381952] ff180000.serial: ttyS0 at MMIO 0xff180000 (irq = 35, base_baud = 1500000) is a 16550A
[    0.383513] ff1a0000.serial: ttyS2 at MMIO 0xff1a0000 (irq = 36, base_baud = 1500000) is a 16550A
[    0.383644] printk: legacy console [ttyS2] enabled
[    0.502305] msm_serial: driver initialized
[    0.503711] SuperH (H)SCI(F) driver initialized
[    0.504636] STM32 USART driver initialized
[    0.512656] platform ff650000.video-codec: Adding to iommu group 0
[    0.514720] platform ff660000.video-codec: Adding to iommu group 1
[    0.528098] loop: module loaded
[    0.530767] megasas: 07.734.00.00-rc1
[    0.545150] tun: Universal TUN/TAP device driver, 1.6
[    0.548071] thunder_xcv, ver 1.0
[    0.548471] thunder_bgx, ver 1.0
[    0.548839] nicpf, ver 1.0
[    0.552078] e1000: Intel(R) PRO/1000 Network Driver
[    0.552531] e1000: Copyright (c) 1999-2006 Intel Corporation.
[    0.553111] e1000e: Intel(R) PRO/1000 Network Driver
[    0.553563] e1000e: Copyright(c) 1999 - 2015 Intel Corporation.
[    0.554154] igb: Intel(R) Gigabit Ethernet Network Driver
[    0.554668] igb: Copyright (c) 2007-2014 Intel Corporation.
[    0.555241] igbvf: Intel(R) Gigabit Virtual Function Network Driver
[    0.555807] igbvf: Copyright (c) 2009 - 2012 Intel Corporation.
[    0.557103] sky2: driver version 1.30
[    0.561332] VFIO - User Level meta-driver version: 0.3
[    0.573301] usbcore: registered new interface driver usb-storage
[    0.581121] i2c_dev: i2c /dev entries driver
[    0.588019] /i2c@ff3c0000/pmic@20: Fixed dependency cycle(s) with /i2c@ff3c0000/pmic@20/regulators/DCDC_REG4
[    0.588948] /i2c@ff3c0000/pmic@20: Fixed dependency cycle(s) with /i2c@ff3c0000/pmic@20/regulators/DCDC_REG5
[    0.609035] sdhci: Secure Digital Host Controller Interface driver
[    0.609621] sdhci: Copyright(c) Pierre Ossman
[    0.611992] Synopsys Designware Multimedia Card Interface Driver
[    0.614542] dwmmc_rockchip fe310000.mmc: IDMAC supports 32-bit address mode.
[    0.615280] dwmmc_rockchip fe310000.mmc: Using internal DMA controller.
[    0.615297] sdhci-pltfm: SDHCI platform and OF driver helper
[    0.615312] dwmmc_rockchip fe310000.mmc: Version ID is 270a
[    0.615380] dwmmc_rockchip fe310000.mmc: DW MMC controller at irq 48,32 bit host data width,256 deep fifo
[    0.618681] mmc0: CQHCI version 5.10
[    0.626531] usbcore: registered new interface driver usbhid
[    0.627121] usbhid: USB HID core driver
[    0.635140] hw perfevents: enabled with armv8_cortex_a53 PMU driver, 7 (0,8000003f) counters available
[    0.636281] armv8-pmu pmu_a72: hw perfevents: failed to probe PMU!
[    0.646753] mmc0: SDHCI controller on fe330000.mmc [fe330000.mmc] using ADMA
[    0.648946] NET: Registered PF_PACKET protocol family
[    0.649554] 9pnet: Installing 9P2000 support
[    0.650049] Key type dns_resolver registered
[    0.668177] registered taskstats version 1
[    0.668866] Loading compiled-in X.509 certificates
[    0.683735] Demotion targets for Node 0: null
[    0.717428] mmc0: Command Queue Engine enabled
[    0.717884] mmc0: new HS400 Enhanced strobe MMC card at address 0001
[    0.719821] mmcblk0: mmc0:0001 DF4016 14.7 GiB
[    0.727752]  mmcblk0: p1 p2 p3 p4 p5 p6
[    0.730482] mmcblk0boot0: mmc0:0001 DF4016 4.00 MiB
[    0.733479] mmcblk0boot1: mmc0:0001 DF4016 4.00 MiB
[    0.736684] mmcblk0rpmb: mmc0:0001 DF4016 4.00 MiB, chardev (511:0)

[    0.752256] xhci-hcd xhci-hcd.0.auto: xHCI Host Controller
[    0.752806] xhci-hcd xhci-hcd.0.auto: new USB bus registered, assigned bus number 1
[    0.753647] xhci-hcd xhci-hcd.0.auto: hcc params 0x0220fe64 hci version 0x110 quirks 0x0000808002000010
[    0.754520] xhci-hcd xhci-hcd.0.auto: irq 56, io mem 0xfe800000

[    0.755348] xhci-hcd xhci-hcd.0.auto: xHCI Host Controller
[    0.755867] xhci-hcd xhci-hcd.0.auto: new USB bus registered, assigned bus number 2

[    0.756574] xhci-hcd xhci-hcd.0.auto: Host supports USB 3.0 SuperSpeed
[    0.761879] hub 1-0:1.0: USB hub found
[    0.762314] hub 1-0:1.0: 1 port detected
[    0.763316] usb usb2: We don't know the algorithms for LPM for this host, disabling LPM.
[    0.764810] ehci-platform fe380000.usb: EHCI Host Controller
[    0.765747] hub 2-0:1.0: USB hub found
[    0.766154] hub 2-0:1.0: 1 port detected
[    0.767099] ehci-platform fe380000.usb: new USB bus registered, assigned bus number 3
[    0.767552] ehci-platform fe3c0000.usb: EHCI Host Controller
[    0.767976] ehci-platform fe380000.usb: irq 57, io mem 0xfe380000
[    0.768352] ehci-platform fe3c0000.usb: new USB bus registered, assigned bus number 4
[    0.768730] ohci-platform fe3a0000.usb: Generic Platform OHCI controller
[    0.768752] ohci-platform fe3a0000.usb: new USB bus registered, assigned bus number 5
[    0.768905] ohci-platform fe3a0000.usb: irq 59, io mem 0xfe3a0000
[    0.769691] ehci-platform fe3c0000.usb: irq 58, io mem 0xfe3c0000
[    0.772577] ohci-platform fe3e0000.usb: Generic Platform OHCI controller
[    0.773240] ohci-platform fe3e0000.usb: new USB bus registered, assigned bus number 6
[    0.774134] ohci-platform fe3e0000.usb: irq 85, io mem 0xfe3e0000
[    0.778689] ehci-platform fe380000.usb: USB 2.0 started, EHCI 1.00
[    0.780242] hub 3-0:1.0: USB hub found
[    0.780631] hub 3-0:1.0: 1 port detected
[    0.790596] ehci-platform fe3c0000.usb: USB 2.0 started, EHCI 1.00
[    0.791962] hub 4-0:1.0: USB hub found
[    0.792348] hub 4-0:1.0: 1 port detected
[    0.803463] vcc_buck5: Bringing 3300000uV into 2200000-2200000uV
[    0.811558] vcca_1v8: Bringing 1800000uV into 1850000-1850000uV
[    0.814531] vdd1v5_dvp: Bringing 1800000uV into 1500000-1500000uV
[    0.827545] hub 5-0:1.0: USB hub found
[    0.827955] hub 5-0:1.0: 1 port detected
[    0.832056] rk808-rtc rk808-rtc.4.auto: registered as rtc0
[    0.833601] rk808-rtc rk808-rtc.4.auto: setting system clock to 2017-08-05T09:00:10 UTC (1501923610)
[    0.835631] hub 6-0:1.0: USB hub found
[    0.836042] hub 6-0:1.0: 1 port detected
[    0.840997] cpu cpu0: EM: created perf domain
[    0.851275] dwmmc_rockchip fe320000.mmc: IDMAC supports 32-bit address mode.
[    0.851959] dwmmc_rockchip fe320000.mmc: Using internal DMA controller.
[    0.852139] rockchip-pcie f8000000.pcie: host bridge /pcie@f8000000 ranges:
[    0.852556] dwmmc_rockchip fe320000.mmc: Version ID is 270a
[    0.852601] rockchip-pcie f8000000.pcie:      MEM 0x00fa000000..0x00fbdfffff -> 0x00fa000000
[    0.853234] dwmmc_rockchip fe320000.mmc: DW MMC controller at irq 86,32 bit host data width,256 deep fifo
[    0.853678] rockchip-pcie f8000000.pcie:       IO 0x00fbe00000..0x00fbefffff -> 0x00fbe00000
[    0.853771] dwmmc_rockchip fe310000.mmc: IDMAC supports 32-bit address mode.
[    0.853795] dwmmc_rockchip fe310000.mmc: Using internal DMA controller.
[    0.853804] dwmmc_rockchip fe310000.mmc: Version ID is 270a
[    0.853820] dwmmc_rockchip fe310000.mmc: DW MMC controller at irq 48,32 bit host data width,256 deep fifo
[    0.854879] dwmmc_rockchip fe320000.mmc: Got CD GPIO
[    0.855680] rockchip-pcie f8000000.pcie: no vpcie12v regulator found
[    0.866758] mmc_host mmc1: Bus speed (slot 0) = 400000Hz (slot req 400000Hz, actual 400000HZ div = 0)
[    0.924278] mmc_host mmc1: Bus speed (slot 0) = 50000000Hz (slot req 50000000Hz, actual 50000000HZ div = 0)
[    0.925269] mmc1: new high speed SDHC card at address 0001
[    0.927221] mmcblk1: mmc1:0001 SD16G 14.4 GiB
[    0.939552] GPT:Primary header thinks Alt. header is not at the end of the disk.
[    0.940244] GPT:7225343 != 30203903
[    0.940564] GPT:Alternate GPT header not at the end of the disk.
[    0.941099] GPT:7225343 != 30203903
[    0.941418] GPT: Use GNU Parted to correct GPT errors.
[    0.941906]  mmcblk1: p1 p2
[    1.038940] usb 4-1: new high-speed USB device number 2 using ehci-platform
[    1.186382] hub 4-1:1.0: USB hub found
[    1.187286] hub 4-1:1.0: 4 ports detected
[    1.566965] rockchip-pcie f8000000.pcie: PCIe link training gen1 timeout!
[    1.567649] rockchip-pcie f8000000.pcie: probe with driver rockchip-pcie failed with error -110
[    1.585333] rk_gmac-dwmac fe300000.ethernet: IRQ eth_wake_irq not found
[    1.585976] rk_gmac-dwmac fe300000.ethernet: IRQ sfty not found
[    1.586666] rk_gmac-dwmac fe300000.ethernet: Deprecated MDIO bus assumption used
[    1.587416] rk_gmac-dwmac fe300000.ethernet: PTP uses main clock
[    1.588538] rk_gmac-dwmac fe300000.ethernet: clock input or output? (input).
[    1.589190] rk_gmac-dwmac fe300000.ethernet: TX delay(0x28).
[    1.589716] rk_gmac-dwmac fe300000.ethernet: RX delay(0x11).
[    1.590245] rk_gmac-dwmac fe300000.ethernet: integrated PHY? (no).
[    1.591028] rk_gmac-dwmac fe300000.ethernet: clock input from PHY
[    1.596608] rk_gmac-dwmac fe300000.ethernet: init for RGMII
[    1.597775] rk_gmac-dwmac fe300000.ethernet: User ID: 0x10, Synopsys ID: 0x35
[    1.598441] rk_gmac-dwmac fe300000.ethernet: 	DWMAC1000
[    1.598955] rk_gmac-dwmac fe300000.ethernet: DMA HW capability register supported
[    1.599642] rk_gmac-dwmac fe300000.ethernet: RX Checksum Offload Engine supported
[    1.600324] rk_gmac-dwmac fe300000.ethernet: COE Type 2
[    1.600795] rk_gmac-dwmac fe300000.ethernet: TX Checksum insertion supported
[    1.601425] rk_gmac-dwmac fe300000.ethernet: Wake-Up On Lan supported
[    1.602074] rk_gmac-dwmac fe300000.ethernet: Normal descriptors
[    1.602630] rk_gmac-dwmac fe300000.ethernet: Ring mode enabled
[    1.603155] rk_gmac-dwmac fe300000.ethernet: Enable RX Mitigation via HW Watchdog Timer
[    1.686685] YT8521 Gigabit Ethernet stmmac-0:00: attached PHY driver (mii_bus:phy_addr=stmmac-0:00, irq=POLL)
[    1.687623] YT8521 Gigabit Ethernet stmmac-0:03: attached PHY driver (mii_bus:phy_addr=stmmac-0:03, irq=POLL)
[    1.703206] dwmmc_rockchip fe310000.mmc: IDMAC supports 32-bit address mode.
[    1.703934] dwmmc_rockchip fe310000.mmc: Using internal DMA controller.
[    1.704080] clk: Disabling unused clocks
[    1.704547] dwmmc_rockchip fe310000.mmc: Version ID is 270a
[    1.705423] dwmmc_rockchip fe310000.mmc: DW MMC controller at irq 48,32 bit host data width,256 deep fifo
[    1.705699] PM: genpd: Disabling unused power domains
[    1.707038] check access for rdinit=/init failed: -2, ignoring
[    1.707584] Waiting 10 sec before mounting root device...
[   11.754624] platform sdio-pwrseq: deferred probe pending: pwrseq_simple: external clock not ready
[   11.755484] rockchip-pm-domain ff310000.power-management:power-controller: sync_state() pending due to fe310000.mmc
[   11.756537] rockchip-pm-domain ff310000.power-management:power-controller: sync_state() pending due to ff650000.video-codec
[   11.757614] rockchip-pm-domain ff310000.power-management:power-controller: sync_state() pending due to ff660000.video-codec
[   11.758706] rockchip-pm-domain ff310000.power-management:power-controller: sync_state() pending due to ff680000.rga
[   11.759704] rockchip-pm-domain ff310000.power-management:power-controller: sync_state() pending due to ff940000.hdmi
[   11.761488] dwmmc_rockchip fe310000.mmc: IDMAC supports 32-bit address mode.
[   11.762154] dwmmc_rockchip fe310000.mmc: Using internal DMA controller.
[   11.762776] dwmmc_rockchip fe310000.mmc: Version ID is 270a
[   11.763307] dwmmc_rockchip fe310000.mmc: DW MMC controller at irq 48,32 bit host data width,256 deep fifo
[   11.767407] EXT4-fs (mmcblk1p2): recovery complete
[   11.768095] EXT4-fs (mmcblk1p2): mounted filesystem d52f7f8b-fa0e-4c9f-a552-d6df4329ac87 r/w with writeback data mode. Quota mode: none.
[   11.769288] VFS: Mounted root (ext4 filesystem) on device 179:98.
[   11.771356] devtmpfs: mounted
[   11.776576] Freeing unused kernel memory: 11712K
[   11.777128] Run /sbin/init as init process
[   12.637652] systemd[1]: System time advanced to built-in epoch: Tue 2026-04-14 03:38:05 CST
[   12.751553] systemd[1]: systemd 257.13-1~deb13u1 running in system mode (+PAM +AUDIT +SELINUX +APPARMOR +IMA +IPE +SMACK +SECCOMP +GCRYPT -GNUTLS +OPENSSL +ACL +BLKID +CURL +ELFUTILS +FIDO2 +IDN2 -IDN +IPTC +KMOD +LIBCRYPTSETUP +LIBCRYPTSETUP_PLUGINS +LIBFDISK +PCRE2 +PWQUALITY +P11KIT +QRENCODE +TPM2 +BZIP2 +LZ4 +XZ +ZLIB +ZSTD +BPF_FRAMEWORK +BTF -XKBCOMMON -UTMP +SYSVINIT +LIBARCHIVE)
[   12.754717] systemd[1]: Detected architecture arm64.
[   12.775009] systemd[1]: Hostname set to <armbian>.
[   13.194256] systemd[1]: bpf-restrict-fs: BPF LSM hook not enabled in the kernel, BPF LSM not supported.
[   13.724368] systemd[1]: Binding to IPv6 address not available since kernel does not support IPv6.
[   13.725237] systemd[1]: Binding to IPv6 address not available since kernel does not support IPv6.
[   13.963857] systemd[1]: Queued start job for default target multi-user.target.
[   13.998249] systemd[1]: Created slice system-getty.slice - Slice /system/getty.
[   14.002036] systemd[1]: Created slice system-modprobe.slice - Slice /system/modprobe.
[   14.005682] systemd[1]: Created slice system-serial\x2dgetty.slice - Slice /system/serial-getty.
[   14.009043] systemd[1]: Created slice user.slice - User and Session Slice.
[   14.010349] systemd[1]: Started systemd-ask-password-console.path - Dispatch Password Requests to Console Directory Watch.
[   14.011971] systemd[1]: Started systemd-ask-password-wall.path - Forward Password Requests to Wall Directory Watch.
[   14.013273] systemd[1]: proc-sys-fs-binfmt_misc.automount - Arbitrary Executable File Formats File System Automount Point skipped, unmet condition check ConditionPathExists=/proc/sys/fs/binfmt_misc
[   14.014968] systemd[1]: Expecting device dev-ttyS2.device - /dev/ttyS2...
[   14.015936] systemd[1]: Reached target nfs-client.target - NFS client services.
[   14.016980] systemd[1]: Reached target paths.target - Path Units.
[   14.017927] systemd[1]: Reached target slices.target - Slice Units.
[   14.019010] systemd[1]: Reached target swap.target - Swaps.
[   14.030534] systemd[1]: Listening on rpcbind.socket - RPCbind Server Activation Socket.
[   14.032606] systemd[1]: Listening on syslog.socket - Syslog Socket.
[   14.041148] systemd[1]: Listening on systemd-creds.socket - Credential Encryption/Decryption.
[   14.043022] systemd[1]: Listening on systemd-initctl.socket - initctl Compatibility Named Pipe.
[   14.044696] systemd[1]: Listening on systemd-journald-dev-log.socket - Journal Socket (/dev/log).
[   14.046340] systemd[1]: Listening on systemd-journald.socket - Journal Sockets.
[   14.047564] systemd[1]: systemd-pcrextend.socket - TPM PCR Measurements skipped, unmet condition check ConditionSecurity=measured-uki
[   14.048724] systemd[1]: systemd-pcrlock.socket - Make TPM PCR Policy skipped, unmet condition check ConditionSecurity=measured-uki
[   14.050361] systemd[1]: Listening on systemd-udevd-control.socket - udev Control Socket.
[   14.051807] systemd[1]: Listening on systemd-udevd-kernel.socket - udev Kernel Socket.
[   14.058490] systemd[1]: Mounting dev-hugepages.mount - Huge Pages File System...
[   14.063430] systemd[1]: Mounting dev-mqueue.mount - POSIX Message Queue File System...
[   14.069986] systemd[1]: Mounting run-lock.mount - Legacy Locks Directory /run/lock...
[   14.076013] systemd[1]: Mounting sys-kernel-debug.mount - Kernel Debug File System...
[   14.079176] systemd[1]: sys-kernel-tracing.mount - Kernel Trace File System skipped, unmet condition check ConditionPathExists=/sys/kernel/tracing
[   14.092272] systemd[1]: Mounting tmp.mount - Temporary Directory /tmp...
[   14.093523] systemd[1]: auth-rpcgss-module.service - Kernel Module supporting RPCSEC_GSS skipped, unmet condition check ConditionPathExists=/etc/krb5.keytab
[   14.105953] systemd[1]: Starting fake-hwclock-load.service - Restore the current clock...
[   14.107305] systemd[1]: kmod-static-nodes.service - Create List of Static Device Nodes skipped, unmet condition check ConditionFileNotEmpty=/lib/modules/6.18.33/modules.devname
[   14.134969] systemd[1]: Starting modprobe@fuse.service - Load Kernel Module fuse...
[   14.136355] systemd[1]: systemd-hibernate-clear.service - Clear Stale Hibernate Storage Info skipped, unmet condition check ConditionPathExists=/sys/firmware/efi/efivars/HibernateLocation-8cf2644b-4b0b-428f-9387-6d876050dc67
[   14.154312] systemd[1]: systemd-hwdb-update.service - Rebuild Hardware Database skipped, unmet condition check ConditionNeedsUpdate=/etc
[   14.167151] systemd[1]: Starting systemd-journald.service - Journal Service...
[   14.181484] systemd[1]: Starting systemd-modules-load.service - Load Kernel Modules...
[   14.182771] systemd[1]: systemd-pcrmachine.service - TPM PCR Machine ID Measurement skipped, unmet condition check ConditionSecurity=measured-uki
[   14.189175] systemd[1]: Starting systemd-tmpfiles-setup-dev-early.service - Create Static Device Nodes in /dev gracefully...
[   14.191091] systemd[1]: systemd-tpm2-setup-early.service - Early TPM SRK Setup skipped, unmet condition check ConditionSecurity=measured-uki
[   14.193330] systemd[1]: systemd-tpm2-setup.service - TPM SRK Setup skipped, unmet condition check ConditionSecurity=measured-uki
[   14.203223] systemd[1]: Starting systemd-udev-load-credentials.service - Load udev Rules from Credentials...
[   14.216773] systemd[1]: Starting systemd-udev-trigger.service - Coldplug All udev Devices...
[   14.247334] systemd[1]: modprobe@fuse.service: Deactivated successfully.
[   14.254808] systemd[1]: Finished modprobe@fuse.service - Load Kernel Module fuse.
[   14.257609] systemd[1]: Mounted dev-hugepages.mount - Huge Pages File System.
[   14.267493] systemd[1]: Mounted dev-mqueue.mount - POSIX Message Queue File System.
[   14.274258] systemd[1]: Mounted run-lock.mount - Legacy Locks Directory /run/lock.
[   14.276351] systemd[1]: Mounted sys-kernel-debug.mount - Kernel Debug File System.
[   14.278122] systemd[1]: Mounted tmp.mount - Temporary Directory /tmp.
[   14.280919] systemd[1]: fake-hwclock-load.service: Deactivated successfully.
[   14.284426] systemd[1]: Finished fake-hwclock-load.service - Restore the current clock.
[   14.287607] systemd[1]: Finished systemd-modules-load.service - Load Kernel Modules.
[   14.292132] systemd[1]: sys-fs-fuse-connections.mount - FUSE Control File System skipped, unmet condition check ConditionPathExists=/sys/fs/fuse/connections
[   14.297721] systemd[1]: Starting systemd-sysctl.service - Apply Kernel Variables...
[   14.319173] systemd-journald[112]: Collecting audit messages is disabled.
[   14.352872] systemd[1]: Finished systemd-udev-load-credentials.service - Load udev Rules from Credentials.
[   14.395744] systemd[1]: Finished systemd-tmpfiles-setup-dev-early.service - Create Static Device Nodes in /dev gracefully.
[   14.397999] systemd[1]: systemd-sysusers.service - Create System Users skipped, no trigger condition checks were met.
[   14.403182] systemd[1]: Starting systemd-tmpfiles-setup-dev.service - Create Static Device Nodes in /dev...
[   14.410723] systemd[1]: Finished systemd-sysctl.service - Apply Kernel Variables.
[   14.434899] systemd[1]: Started systemd-journald.service - Journal Service.
[   14.547462] systemd-journald[112]: Received client request to flush runtime journal.
[   16.314996] systemd-journald[112]: Received client request to relinquish /var/log/journal/63f6b85b0c1e8dbfdd4367466a1d5eef access.
[   18.446648] random: crng init done
[   19.830532] rk_gmac-dwmac fe300000.ethernet eth0: Register MEM_TYPE_PAGE_POOL RxQ-0
[   19.836703] rk_gmac-dwmac fe300000.ethernet eth0: PHY [stmmac-0:00] driver [YT8521 Gigabit Ethernet] (irq=POLL)
[   20.048599] rk_gmac-dwmac fe300000.ethernet eth0: Failed to reset the dma
[   20.049266] rk_gmac-dwmac fe300000.ethernet eth0: stmmac_hw_setup: DMA engine initialization failed
[   20.050095] rk_gmac-dwmac fe300000.ethernet eth0: __stmmac_open: Hw setup failed
[   21.087107] dw-apb-uart ff1a0000.serial: forbid DMA for kernel console
[!p]104[?7h[6n[32766;32766H[6n[!p]104[?7h[6n[32766;32766H[6n

armbian login: root (automatic login)


[38;2;247;16;0m    _             _    _                             __  __ _    _      _ 
   /_\  _ _ _ __ | |__(_)__ _ _ _ ___ _  _ _ _  ___ / _|/ _(_)__(_)__ _| |
  / _ \| '_| '  \| '_ \ / _` | ' \___| || | ' \/ _ \  _|  _| / _| / _` | |
 /_/ \_\_| |_|_|_|_.__/_\__,_|_||_|   \_,_|_||_\___/_| |_| |_\__|_\__,_|_|
                                                                          [0m
 [0;92mv26.05.0[0m for lpa3399pro running Armbian Linux [0;92m6.18.33[0m

 Packages:     Debian [0;92mstable[0m (trixie)

[0;90m Performance:  [0m

 Load:        [0;92m 9%[0m           	 Uptime:         [92m1m[0m	
 Memory usage:[0;92m 3%[0m of 3.66G  	
 CPU temp:    [0;92m 33°C[0m           	 Usage of /:  [0;92m 64%[0m of 2.9G   	

[?2004hroot@armbian:~# 