DDR Version 1.24 20191016
In
Channel 0: LPDDR3, 800MHz
CS = 0
MR0=0x58
MR1=0x58
MR2=0x58
MR3=0x58
MR4=0x2
MR5=0x1
MR6=0x16
MR7=0x0
MR8=0x1F
MR9=0x1F
MR10=0x1F
MR11=0x1F
MR12=0x1F
MR13=0x1F
MR14=0x1F
MR15=0x1F
MR16=0x1F
CS = 1
MR0=0x58
MR1=0x58
MR2=0x58
MR3=0x58
MR4=0x2
MR5=0x1
MR6=0x16
MR7=0x0
MR8=0x1F
MR9=0x1F
MR10=0x1F
MR11=0x1F
MR12=0x1F
MR13=0x1F
MR14=0x1F
MR15=0x1F
MR16=0x1F
Bus Width=32 Col=10 Bank=8 Row=15/15 CS=2 Die Bus-Width=32 Size=2048MB
Channel 1: LPDDR3, 800MHz
CS = 0
MR0=0x58
MR1=0x58
MR2=0x58
MR3=0x58
MR4=0x2
MR5=0x1
MR6=0x16
MR7=0x0
MR8=0x1F
MR9=0x1F

MR10=0x1F
MR11=0x1F
MR12=0x1F
MR13=0x1F
MR14=0x1F
MR15=0x1F

MR16=0x1F
CS = 1
MR0=0x58
MR1=0x58
MR2=0x58
MR3=0x58
MR4=0x2
MR5=0x1
MR6=0x16
MR7=0x0
MR8=0x1F
MR9=0x1F
MR10=0x1F
MR11=0x1F
MR12=0x1F
MR13=0x1F
MR14=0x1F
MR15=0x1F
MR16=0x1F
Bus Width=32 Col=10 Bank=8 Row=15/15 CS=2 Die Bus-Width=32 Size=2048MB
256B stride
ch 0 ddrconfig = 0x101, ddrsize = 0x2020
ch 1 ddrconfig = 0x101, ddrsize = 0x2020
pmugrf_os_reg[2] = 0x3AA0DAA0, stride = 0xD
OUT
Boot1 Release Time: May 29 2020 17:36:36, version: 1.26
CPUId = 0x0
ChipType = 0x10, 342
SdmmcInit=2 0
BootCapSize=100000
UserCapSize=15028MB
FwPartOffset=2000 , 100000
mmc0:cmd5,20
SdmmcInit=0 0
BootCapSize=0
UserCapSize=14748MB
FwPartOffset=2000 , 0
StorageInit ok = 139698
SecureMode = 0

SecureInit read PBA: 0x4
SecureInit read PBA: 0x404
SecureInit read PBA: 0x804
SecureInit read PBA: 0xc04
SecureInit read PBA: 0x1004
SecureInit read PBA: 0x1404
SecureInit read PBA: 0x1804
SecureInit read PBA: 0x1c04
SecureInit ret = 0, SecureMode = 0
atags_set_bootdev: ret:(0)
GPT part:  0, name:          primary, start:0x8000, size:0xff800
GPT part:  1, name:          primary, start:0x108000, size:0x5db800
no find partition:uboot.
Trust Addr:0x4000, 0x58334c42
No find bl30.bin
Load uboot, ReadLba = 2000
Load OK, addr=0x200000, size=0xfc8c0
RunBL31 0x40000 @ 317348 us
NOTICE:  BL31: v1.3(release):845ee93
NOTICE:  BL31: Built : 15:51:11, Jul 22 2020
NOTICE:  BL31: Rockchip release version: v1.1
INFO:    GICv3 with legacy support detected. ARM GICV3 driver initialized in EL3
INFO:    Using opteed sec cpu_context!
INFO:    boot cpu mask: 0
INFO:    plat_rockchip_pmu_init(1196): pd status 3e
INFO:    BL31: Initializing runtime services
INFO:    BL31: Initializing BL32
INF [0x0] TEE-CORE:init_primary_helper:337: Initializing (1.1.0-266-gee81607c #1 Mon Aug 17 09:23:30 UTC 2020 aarch64)


INF [0x0] TEE-CORE:init_primary_helper:338: Release version: 1.2


INF [0x0] TEE-CORE:init_teecore:83: teecore inits done

INFO:    BL31: Preparing for EL3 exit to normal world
INFO:    Entry point address = 0x200000
INFO:    SPSR = 0x3c9



U-Boot 2017.09 (Jun 06 2026 - 14:10:22 +0000)


Model: Rockchip RK3399 Evaluation Board
PreSerial: 2, raw, 0xff1a0000
DRAM:  3.8 GiB
Sysmem: init
Relocation Offset: f5bc7000, fdt: f3dbb358 
no mmc device at slot 1
Found IDB in SDcard
dwmmc@fe320000: 1 (SD), sdhci@fe330000: 0
Bootdev(atags): mmc 1
MMC1: Legacy, 50Mhz
PartType: EFI
No resource partition
Failed to load DTB
Failed to get kernel dtb, ret=-19
io-domain: OK
*** Warning - bad CRC, using default environment

Model: Rockchip RK3399 Evaluation Board
rockchip_set_serialno: could not find efuse/otp device
No misc partition
boot mode: None
CLK: (uboot. arml: enter 400000 KHz, init 816000 KHz, kernel 0N/A)
CLK: (uboot. armb: enter 24000 KHz, init 816000 KHz, kernel 0N/A)
  aplll 816000 KHz
  apllb 816000 KHz
  dpll 800000 KHz
  cpll 24000 KHz
  gpll 800000 KHz
  npll 600000 KHz
  vpll 24000 KHz
  aclk_perihp 133333 KHz
  hclk_perihp 66666 KHz
  pclk_perihp 33333 KHz
  aclk_perilp0 266666 KHz
  hclk_perilp0 88888 KHz
  pclk_perilp0 44444 KHz
  hclk_perilp1 100000 KHz
  pclk_perilp1 50000 KHz
EC20_PWREN = -2
EC20_RESET = -2
------ ec20_init  ------
EC20_PWRKEY = -2
EC20_PWRKEY = -2
Net:   No ethernet found.
Hit key to stop autoboot('CTRL+C'):  5  4  3  2  1  0 
Could not find misc partition
ANDROID: reboot reason: "(none)"
optee api revision: 2.0
TEEC: Waring: Could not find security partition
Not AVB images, AVB skip
android_image_load_by_partname: Can't find part: boot
Android image load failed
Android boot failed, error -1.
Could not find misc partition
Could not find primary part
switch to partitions #0, OK
mmc1 is current device
Scanning mmc 1:1...
Found /extlinux/extlinux.conf
Retrieving file: /extlinux/extlinux.conf
353 bytes read in 20 ms (16.6 KiB/s)
1:	Armbian
Retrieving file: /Image
49678848 bytes read in 2169 ms (21.8 MiB/s)
append: root=UUID=d52f7f8b-fa0e-4c9f-a552-d6df4329ac87 rootflags=data=writeback rw rootwait rootdelay=5 rootfstype=ext4 console=ttyS2,1500000 console=tty1 panic=0 usbcore.autosuspend=-1 initcall_blacklist=psci_checker initcall_debug printk.devkmsg=on net.ifnames=0
Retrieving file: /dtb/rockchip/rk3399pro-neardi-linux-lc110-base.dtb
60122 bytes read in 253 ms (231.4 KiB/s)
Fdt Ramdisk skip relocation
## Flattened Device Tree blob at 08300000
   Booting using the fdt blob at 0x8300000
   Using Device Tree in place at 0000000008300000, end 0000000008311ad9
can't found rockchip,drm-logo, use rockchip,fb-logo
WARNING: could not set reg FDT_ERR_BADOFFSET.
failed to reserve fb-loader-logo memory
Adding bank: 0x00200000 - 0x08400000 (size: 0x08200000)
Adding bank: 0x0a200000 - 0xf8000000 (size: 0xede00000)
Total: 8239.195 ms

Starting kernel ...

** 952 printk messages dropped **
[    0.113357] HugeTLB: registered 1.00 GiB page size, pre-allocated 0 pages
[    0.113376] HugeTLB: 0 KiB vmemmap can be freed for a 1.00 GiB page
[    0.113390] HugeTLB: registered 32.0 MiB page size, pre-allocated 0 pages
[    0.113402] HugeTLB: 0 KiB vmemmap can be freed for a 32.0 MiB page
[    0.113414] HugeTLB: registered 2.00 MiB page size, pre-allocated 0 pages
[    0.113425] HugeTLB: 0 KiB vmemmap can be freed for a 2.00 MiB page
[    0.113438] HugeTLB: registered 64.0 KiB page size, pre-allocated 0 pages
[    0.113448] HugeTLB: 0 KiB vmemmap can be freed for a 64.0 KiB page
[    0.116281] ACPI: Interpreter disabled.
[    0.122067] iommu: Default domain type: Translated
[    0.122082] iommu: DMA domain TLB invalidation policy: strict mode
[    0.122695] SCSI subsystem initialized
[    0.123284] usbcore: registered new interface driver usbfs
[    0.123332] usbcore: registered new interface driver hub
[    0.123374] usbcore: registered new device driver usb
[    0.125076] pps_core: LinuxPPS API ver. 1 registered
[    0.125088] pps_core: Software ver. 5.3.6 - Copyright 2005-2007 Rodolfo Giometti <giometti@linux.it>
[    0.125136] PTP clock support registered
[    0.125413] EDAC MC: Ver: 3.0.0
[    0.125975] scmi_core: SCMI protocol bus registered
[    0.127881] FPGA manager framework
[    0.129437] vgaarb: loaded
[    0.130058] clocksource: Switched to clocksource arch_sys_counter
[    0.130823] VFS: Disk quotas dquot_6.6.0
[    0.130850] VFS: Dquot-cache hash table entries: 512 (order 0, 4096 bytes)
[    0.131789] pnp: PnP ACPI: disabled
[    0.140356] NET: Registered PF_INET protocol family
[    0.140573] IP idents hash table entries: 65536 (order: 7, 524288 bytes, linear)
[    0.143883] tcp_listen_portaddr_hash hash table entries: 2048 (order: 3, 32768 bytes, linear)
[    0.143986] Table-perturb hash table entries: 65536 (order: 6, 262144 bytes, linear)
[    0.144011] TCP established hash table entries: 32768 (order: 6, 262144 bytes, linear)
[    0.144278] TCP bind hash table entries: 32768 (order: 8, 1048576 bytes, linear)
[    0.145227] TCP: Hash tables configured (established 32768 bind 32768)
[    0.145349] UDP hash table entries: 2048 (order: 5, 131072 bytes, linear)
[    0.145531] UDP-Lite hash table entries: 2048 (order: 5, 131072 bytes, linear)
[    0.145903] NET: Registered PF_UNIX/PF_LOCAL protocol family
[    0.146498] RPC: Registered named UNIX socket transport module.
[    0.146516] RPC: Registered udp transport module.
[    0.146527] RPC: Registered tcp transport module.
[    0.146537] RPC: Registered tcp-with-tls transport module.
[    0.146548] RPC: Registered tcp NFSv4.1 backchannel transport module.
[    0.146634] PCI: CLS 0 bytes, default 64
[    0.150611] kvm [1]: nv: 568 coarse grained trap handlers
[    0.151024] kvm [1]: IPA Size Limit: 40 bits
[    0.153416] kvm [1]: vgic-v2@fff20000
[    0.153480] kvm [1]: GIC system register CPU interface enabled
[    0.153513] kvm [1]: vgic interrupt IRQ18
[    0.153555] kvm [1]: Hyp nVHE mode initialized successfully
[    0.155888] Initialise system trusted keyrings
[    0.156222] workingset: timestamp_bits=42 max_order=20 bucket_order=0

[    0.157031] squashfs: version 4.0 (2009/01/31) Phillip Lougher
[    0.157435] NFS: Registering the id_resolver key type
[    0.157462] Key type id_resolver registered
[    0.157473] Key type id_legacy registered
[    0.157524] nfs4filelayout_init: NFSv4 File Layout Driver Registering...
[    0.157555] nfs4flexfilelayout_init: NFSv4 Flexfile Layout Driver Registering...
[    0.157837] 9p: Installing v9fs 9p2000 file system support
[    0.212721] Key type asymmetric registered
[    0.212755] Asymmetric key parser 'x509' registered
[    0.212877] Block layer SCSI generic (bsg) driver version 0.4 loaded (major 244)
[    0.212914] io scheduler mq-deadline registered
[    0.212949] io scheduler kyber registered
[    0.213015] io scheduler bfq registered
[    0.241064] ledtrig-cpu: registered to indicate activity on CPUs
[    0.284730] dma-pl330 ff6d0000.dma-controller: Loaded driver for PL330 DMAC-241330
[    0.284757] dma-pl330 ff6d0000.dma-controller: 	DBUFF-32x8bytes Num_Chans-6 Num_Peri-12 Num_Events-12
[    0.285881] dma-pl330 ff6e0000.dma-controller: Loaded driver for PL330 DMAC-241330
[    0.285902] dma-pl330 ff6e0000.dma-controller: 	DBUFF-128x8bytes Num_Chans-8 Num_Peri-20 Num_Events-16
[    0.307177] Serial: 8250/16550 driver, 4 ports, IRQ sharing enabled
[    0.310754] ff180000.serial: ttyS0 at MMIO 0xff180000 (irq = 35, base_baud = 1500000) is a 16550A
[    0.311797] ff1a0000.serial: ttyS2 at MMIO 0xff1a0000 (irq = 36, base_baud = 1500000) is a 16550A
[    0.311882] printk: legacy console [ttyS2] enabled
[    0.353198] msm_serial: driver initialized
[    0.354286] SuperH (H)SCI(F) driver initialized
[    0.355026] STM32 USART driver initialized
[    0.361442] platform ff650000.video-codec: Adding to iommu group 0

[    0.363213] platform ff660000.video-codec: Adding to iommu group 1
[    0.364952] platform ff8f0000.vop: Adding to iommu group 2
[    0.366524] platform ff900000.vop: Adding to iommu group 3
[    0.375898] loop: module loaded
[    0.378369] megasas: 07.734.00.00-rc1
[    0.390258] tun: Universal TUN/TAP device driver, 1.6
[    0.392392] thunder_xcv, ver 1.0
[    0.392759] thunder_bgx, ver 1.0
[    0.393124] nicpf, ver 1.0
[    0.396031] e1000: Intel(R) PRO/1000 Network Driver
[    0.396470] e1000: Copyright (c) 1999-2006 Intel Corporation.
[    0.397053] e1000e: Intel(R) PRO/1000 Network Driver
[    0.397496] e1000e: Copyright(c) 1999 - 2015 Intel Corporation.
[    0.398112] igb: Intel(R) Gigabit Ethernet Network Driver
[    0.398594] igb: Copyright (c) 2007-2014 Intel Corporation.
[    0.399159] igbvf: Intel(R) Gigabit Virtual Function Network Driver
[    0.399716] igbvf: Copyright (c) 2009 - 2012 Intel Corporation.
[    0.400830] sky2: driver version 1.30
[    0.404090] VFIO - User Level meta-driver version: 0.3
[    0.412797] usbcore: registered new interface driver usb-storage
[    0.419488] i2c_dev: i2c /dev entries driver
[    0.424494] /i2c@ff3c0000/pmic@20: Fixed dependency cycle(s) with /i2c@ff3c0000/pmic@20/regulators/DCDC_REG4
[    0.425394] /i2c@ff3c0000/pmic@20: Fixed dependency cycle(s) with /i2c@ff3c0000/pmic@20/regulators/DCDC_REG5
[    0.435772] dw_wdt ff848000.watchdog: No valid TOPs array specified
[    0.442488] sdhci: Secure Digital Host Controller Interface driver
[    0.443047] sdhci: Copyright(c) Pierre Ossman
[    0.444801] Synopsys Designware Multimedia Card Interface Driver
[    0.446948] dwmmc_rockchip fe310000.mmc: IDMAC supports 32-bit address mode.
[    0.447604] dwmmc_rockchip fe310000.mmc: Using internal DMA controller.
[    0.448200] dwmmc_rockchip fe310000.mmc: Version ID is 270a
[    0.448713] sdhci-pltfm: SDHCI platform and OF driver helper
[    0.448737] dwmmc_rockchip fe310000.mmc: DW MMC controller at irq 49,32 bit host data width,256 deep fifo
[    0.452098] mmc0: CQHCI version 5.10
[    0.458473] usbcore: registered new interface driver usbhid
[    0.458980] usbhid: USB HID core driver
[    0.465641] hw perfevents: enabled with armv8_cortex_a53 PMU driver, 7 (0,8000003f) counters available
[    0.467424] hw perfevents: enabled with armv8_cortex_a72 PMU driver, 7 (0,8000003f) counters available
[    0.477041] NET: Registered PF_PACKET protocol family
[    0.477679] 9pnet: Installing 9P2000 support
[    0.478260] Key type dns_resolver registered
[    0.478785] mmc0: SDHCI controller on fe330000.mmc [fe330000.mmc] using ADMA
[    0.491713] registered taskstats version 1
[    0.492749] Loading compiled-in X.509 certificates
[    0.502389] Demotion targets for Node 0: null
[    0.545604] mmc0: Command Queue Engine enabled
[    0.546028] mmc0: new HS400 Enhanced strobe MMC card at address 0001
[    0.547360] mmcblk0: mmc0:0001 DF4016 14.7 GiB
[    0.550295] xhci-hcd xhci-hcd.0.auto: xHCI Host Controller
[    0.550816] xhci-hcd xhci-hcd.0.auto: new USB bus registered, assigned bus number 1
[    0.551632] xhci-hcd xhci-hcd.0.auto: hcc params 0x0220fe64 hci version 0x110 quirks 0x0000808002000010
[    0.552206]  mmcblk0: p1 p2 p3 p4 p5 p6
[    0.552493] xhci-hcd xhci-hcd.0.auto: irq 57, io mem 0xfe800000
[    0.553549] xhci-hcd xhci-hcd.0.auto: xHCI Host Controller
[    0.554085] xhci-hcd xhci-hcd.0.auto: new USB bus registered, assigned bus number 2
[    0.554781] xhci-hcd xhci-hcd.0.auto: Host supports USB 3.0 SuperSpeed
[    0.555772] mmcblk0boot0: mmc0:0001 DF4016 4.00 MiB
[    0.556162] hub 1-0:1.0: USB hub found
[    0.556590] hub 1-0:1.0: 1 port detected
[    0.557439] usb usb2: We don't know the algorithms for LPM for this host, disabling LPM.
[    0.558907] hub 2-0:1.0: USB hub found
[    0.559289] hub 2-0:1.0: 1 port detected

[    0.559423] ehci-platform fe380000.usb: EHCI Host Controller
[    0.560355] ehci-platform fe380000.usb: new USB bus registered, assigned bus number 3
[    0.561207] ehci-platform fe380000.usb: irq 58, io mem 0xfe380000
[    0.562957] ohci-platform fe3a0000.usb: Generic Platform OHCI controller

[    0.563272] mmcblk0boot1: mmc0:0001 DF4016 4.00 MiB
[    0.563294] ehci-platform fe3c0000.usb: EHCI Host Controller
[    0.563332] ehci-platform fe3c0000.usb: new USB bus registered, assigned bus number 4
[    0.563445] ehci-platform fe3c0000.usb: irq 59, io mem 0xfe3c0000
[    0.563577] ohci-platform fe3a0000.usb: new USB bus registered, assigned bus number 5
[    0.566547] ohci-platform fe3a0000.usb: irq 60, io mem 0xfe3a0000
[    0.568115] ohci-platform fe3e0000.usb: Generic Platform OHCI controller
[    0.568773] ohci-platform fe3e0000.usb: new USB bus registered, assigned bus number 6
[    0.569629] ohci-platform fe3e0000.usb: irq 86, io mem 0xfe3e0000
[    0.571183] mmcblk0rpmb: mmc0:0001 DF4016 4.00 MiB, chardev (511:0)
[    0.574116] ehci-platform fe380000.usb: USB 2.0 started, EHCI 1.00
[    0.575723] hub 3-0:1.0: USB hub found
[    0.576143] hub 3-0:1.0: 1 port detected
[    0.586163] ehci-platform fe3c0000.usb: USB 2.0 started, EHCI 1.00
[    0.587715] hub 4-0:1.0: USB hub found
[    0.588104] hub 4-0:1.0: 1 port detected
[    0.603272] vcc_buck5: Bringing 3300000uV into 2200000-2200000uV
[    0.614752] vcca_1v8: Bringing 1800000uV into 1850000-1850000uV
[    0.620427] vdd1v5_dvp: Bringing 1800000uV into 1500000-1500000uV
[    0.627022] hub 5-0:1.0: USB hub found
[    0.627402] hub 5-0:1.0: 1 port detected
[    0.631132] hub 6-0:1.0: USB hub found
[    0.631555] hub 6-0:1.0: 1 port detected
[    0.641127] rk808-rtc rk808-rtc.4.auto: registered as rtc0
[    0.642587] rk808-rtc rk808-rtc.4.auto: setting system clock to 2017-08-05T09:00:10 UTC (1501923610)
[    0.647979] cpu cpu0: EM: created perf domain
[    0.649237] cpu cpu4: EM: created perf domain
