DDR Version 1.24 20191016
In
Channel 0: LPDDR3, 800MHz
CS = 0
MR0=0x58
MR1=0x58
MR2=0x58
MR3=0x58
MR4=0x2
MR5=0x1
MR6=0x16
MR7=0x0
MR8=0x1F
MR9=0x1F
MR10=0x1F
MR11=0x1F
MR12=0x1F

MR13=0x1F
MR14=0x1F
MR15=0x1F
MR16=0x1F
CS = 1
MR0=0x58
MR1=0x58
MR2=0x58
MR3=0x58
MR4=0x2
MR5=0x1
MR6=0x16
MR7=0x0
MR8=0x1F
MR9=0x1F
MR10=0x1F
MR11=0x1F
MR12=0x1F
MR13=0x1F
MR14=0x1F
MR15=0x1F
MR16=0x1F
Bus Width=32 Col=10 Bank=8 Row=15/15 CS=2 Die Bus-Width=32 Size=2048MB
Channel 1: LPDDR3, 800MHz
CS = 0
MR0=0x58
MR1=0x58
MR2=0x58
MR3=0x58
MR4=0x2
MR5=0x1
MR6=0x16
MR7=0x0
MR8=0x1F
MR9=0x1F
MR10=0x1F
MR11=0x1F
MR12=0x1F
MR13=0x1F
MR14=0x1F
MR15=0x1F
MR16=0x1F
CS = 1
MR0=0x58
MR1=0x58
MR2=0x58
MR3=0x58
MR4=0x2
MR5=0x1
MR6=0x16
MR7=0x0
MR8=0x1F
MR9=0x1F
MR10=0x1F
MR11=0x1F
MR12=0x1F
MR13=0x1F
MR14=0x1F
MR15=0x1F
MR16=0x1F
Bus Width=32 Col=10 Bank=8 Row=15/15 CS=2 Die Bus-Width=32 Size=2048MB
256B stride

ch 0 ddrconfig = 0x101, ddrsize = 0x2020
ch 1 ddrconfig = 0x101, ddrsize = 0x2020
pmugrf_os_reg[2] = 0x3AA0DAA0, stride = 0xD
OUT
Boot1 Release Time: May 29 2020 17:36:36, version: 1.26
CPUId = 0x0
ChipType = 0x10, 340
SdmmcInit=2 0
BootCapSize=100000
UserCapSize=15028MB
FwPartOffset=2000 , 100000
mmc0:cmd5,20
SdmmcInit=0 0
BootCapSize=0
UserCapSize=14748MB
FwPartOffset=2000 , 0
StorageInit ok = 126249
SecureMode = 0
SecureInit read PBA: 0x4
SecureInit read PBA: 0x404
SecureInit read PBA: 0x804
SecureInit read PBA: 0xc04
SecureInit read PBA: 0x1004
SecureInit read PBA: 0x1404
SecureInit read PBA: 0x1804
SecureInit read PBA: 0x1c04
SecureInit ret = 0, SecureMode = 0
atags_set_bootdev: ret:(0)
GPT part:  0, name:          primary, start:0x8000, size:0xff800

GPT part:  1, name:          primary, start:0x108000, size:0x5db800
no find partition:uboot.
Trust Addr:0x4000, 0x58334c42
No find bl30.bin
Load uboot, ReadLba = 2000
Load OK, addr=0x200000, size=0xfc8c0
RunBL31 0x40000 @ 303770 us
NOTICE:  BL31: v1.3(release):845ee93
NOTICE:  BL31: Built : 15:51:11, Jul 22 2020
NOTICE:  BL31: Rockchip release version: v1.1
INFO:    GICv3 with legacy support detected. ARM GICV3 driver initialized in EL3
INFO:    Using opteed sec cpu_context!
INFO:    boot cpu mask: 0
INFO:    plat_rockchip_pmu_init(1196): pd status 3e
INFO:    BL31: Initializing runtime services
INFO:    BL31: Initializing BL32
INF [0x0] TEE-CORE:init_primary_helper:337: Initializing (1.1.0-266-gee81607c #1 Mon Aug 17 09:23:30 UTC 2020 aarch64)


INF [0x0] TEE-CORE:init_primary_helper:338: Release version: 1.2


INF [0x0] TEE-CORE:init_teecore:83: teecore inits done

INFO:    BL31: Preparing for EL3 exit to normal world
INFO:    Entry point address = 0x200000
INFO:    SPSR = 0x3c9



U-Boot 2017.09 (Jun 06 2026 - 14:10:22 +0000)

Model: Rockchip RK3399 Evaluation Board
PreSerial: 2, raw, 0xff1a0000
DRAM:  3.8 GiB
Sysmem: init
Relocation Offset: f5bc7000, fdt: f3dbb358 
no mmc device at slot 1
Found IDB in SDcard
dwmmc@fe320000: 1 (SD), sdhci@fe330000: 0
Bootdev(atags): mmc 1
MMC1: Legacy, 50Mhz
PartType: EFI
No resource partition
Failed to load DTB
Failed to get kernel dtb, ret=-19
io-domain: OK
*** Warning - bad CRC, using default environment

Model: Rockchip RK3399 Evaluation Board
rockchip_set_serialno: could not find efuse/otp device
No misc partition
boot mode: None
CLK: (uboot. arml: enter 400000 KHz, init 816000 KHz, kernel 0N/A)
CLK: (uboot. armb: enter 24000 KHz, init 816000 KHz, kernel 0N/A)
  aplll 816000 KHz
  apllb 816000 KHz
  dpll 800000 KHz
  cpll 24000 KHz
  gpll 800000 KHz
  npll 600000 KHz
  vpll 24000 KHz
  aclk_perihp 133333 KHz
  hclk_perihp 66666 KHz
  pclk_perihp 33333 KHz
  aclk_perilp0 266666 KHz
  hclk_perilp0 88888 KHz
  pclk_perilp0 44444 KHz
  hclk_perilp1 100000 KHz
  pclk_perilp1 50000 KHz
EC20_PWREN = -2
EC20_RESET = -2
------ ec20_init  ------
EC20_PWRKEY = -2
EC20_PWRKEY = -2
Net:   No ethernet found.
Hit key to stop autoboot('CTRL+C'):  5  4  3  2  1  0 
Could not find misc partition
ANDROID: reboot reason: "(none)"
optee api revision: 2.0
TEEC: Waring: Could not find security partition
Not AVB images, AVB skip
android_image_load_by_partname: Can't find part: boot
Android image load failed
Android boot failed, error -1.
Could not find misc partition
Could not find primary part
switch to partitions #0, OK
mmc1 is current device
Scanning mmc 1:1...
Found /extlinux/extlinux.conf
Retrieving file: /extlinux/extlinux.conf
355 bytes read in 21 ms (15.6 KiB/s)
1:	Armbian
Retrieving file: /Image
49678848 bytes read in 2170 ms (21.8 MiB/s)
append: root=UUID=d52f7f8b-fa0e-4c9f-a552-d6df4329ac87 rootflags=data=writeback rw rootwait rootdelay=10 rootfstype=ext4 console=ttyS2,1500000 console=tty1 panic=0 usbcore.autosuspend=-1 initcall_blacklist=psci_checker printk.devkmsg=on log_buf_len=16M net.ifnames=0
Retrieving file: /dtb/rockchip/rk3399pro-neardi-linux-lc110-base.dtb
60182 bytes read in 256 ms (229.5 KiB/s)
Fdt Ramdisk skip relocation
## Flattened Device Tree blob at 08300000
   Booting using the fdt blob at 0x8300000
   Using Device Tree in place at 0000000008300000, end 0000000008311b15
can't found rockchip,drm-logo, use rockchip,fb-logo
WARNING: could not set reg FDT_ERR_BADOFFSET.
failed to reserve fb-loader-logo memory
Adding bank: 0x00200000 - 0x08400000 (size: 0x08200000)
Adding bank: 0x0a200000 - 0xf8000000 (size: 0xede00000)
Total: 8243.268 ms

Starting kernel ...

[    0.000000] Booting Linux on physical CPU 0x0000000000 [0x410fd034]
[    0.000000] Linux version 6.18.33 (henry@Inspiron-7520) (aarch64-linux-gnu-gcc (Ubuntu 13.3.0-6ubuntu2~24.04.1) 13.3.0, GNU ld (GNU Binutils for Ubuntu) 2.42) #1 SMP PREEMPT Wed Jun 17 16:24:23 CST 2026
[    0.000000] KASLR disabled due to lack of seed
[    0.000000] Machine model: Radxa ROCK Pi N10
[    0.000000] efi: UEFI not found.
[    0.000000] OF: reserved mem: Reserved memory: No reserved-memory node in the DT
[    0.000000] NUMA: Faking a node at [mem 0x0000000000200000-0x00000000f7ffffff]
[    0.000000] NODE_DATA(0) allocated [mem 0xf77f6880-0xf77f8eff]
[    0.000000] Zone ranges:
[    0.000000]   DMA      [mem 0x0000000000200000-0x00000000f7ffffff]
[    0.000000]   DMA32    empty
[    0.000000]   Normal   empty
[    0.000000] Movable zone start for each node
[    0.000000] Early memory node ranges
[    0.000000]   node   0: [mem 0x0000000000200000-0x00000000083fffff]
[    0.000000]   node   0: [mem 0x000000000a200000-0x00000000f7ffffff]
[    0.000000] Initmem setup node 0 [mem 0x0000000000200000-0x00000000f7ffffff]
[    0.000000] On node 0, zone DMA: 512 pages in unavailable ranges
[    0.000000] On node 0, zone DMA: 7680 pages in unavailable ranges
[    0.000000] cma: Reserved 32 MiB at 0x00000000f1800000
[    0.000000] psci: probing for conduit method from DT.
[    0.000000] psci: PSCIv1.0 detected in firmware.
[    0.000000] psci: Using standard PSCI v0.2 function IDs
[    0.000000] psci: Trusted OS migration not required
[    0.000000] psci: SMC Calling Convention v1.0
[    0.000000] percpu: Embedded 25 pages/cpu s62552 r8192 d31656 u102400
[    0.000000] Detected VIPT I-cache on CPU0
[    0.000000] CPU features: detected: GICv3 CPU interface
[    0.000000] CPU features: detected: ARM erratum 845719
[    0.000000] alternatives: applying boot alternatives
[    0.000000] Kernel command line: root=UUID=d52f7f8b-fa0e-4c9f-a552-d6df4329ac87 rootflags=data=writeback rw rootwait rootdelay=10 rootfstype=ext4 console=ttyS2,1500000 console=tty1 panic=0 usbcore.autosuspend=-1 initcall_blacklist=psci_checker printk.devkmsg=on log_buf_len=16M net.ifnames=0
[    0.000000] printk: log buffer data + meta data: 16777216 + 58720256 = 75497472 bytes
[    0.000000] printk: early log buf free: 128888(98%)
[    0.000000] Dentry cache hash table entries: 524288 (order: 10, 4194304 bytes, linear)
[    0.000000] Inode-cache hash table entries: 262144 (order: 9, 2097152 bytes, linear)
[    0.000000] software IO TLB: SWIOTLB bounce buffer size adjusted to 3MB
[    0.000000] software IO TLB: area num 8.
[    0.000000] software IO TLB: mapped [mem 0x00000000ec600000-0x00000000eca00000] (4MB)
[    0.000000] Fallback order for Node 0: 0 
[    0.000000] Built 1 zonelists, mobility grouping on.  Total pages: 1007616
[    0.000000] Policy zone: DMA
[    0.000000] mem auto-init: stack:all(zero), heap alloc:off, heap free:off
[    0.000000] SLUB: HWalign=64, Order=0-3, MinObjects=0, CPUs=6, Nodes=1
[    0.000000] rcu: Preemptible hierarchical RCU implementation.
[    0.000000] rcu: 	RCU event tracing is enabled.
[    0.000000] rcu: 	RCU restricting CPUs from NR_CPUS=512 to nr_cpu_ids=6.
[    0.000000] 	Trampoline variant of Tasks RCU enabled.
[    0.000000] 	Tracing variant of Tasks RCU enabled.
[    0.000000] rcu: RCU calculated value of scheduler-enlistment delay is 25 jiffies.
[    0.000000] rcu: Adjusting geometry for rcu_fanout_leaf=16, nr_cpu_ids=6
[    0.000000] RCU Tasks: Setting shift to 3 and lim to 1 rcu_task_cb_adjust=1 rcu_task_cpu_ids=6.
[    0.000000] RCU Tasks Trace: Setting shift to 3 and lim to 1 rcu_task_cb_adjust=1 rcu_task_cpu_ids=6.
[    0.000000] NR_IRQS: 64, nr_irqs: 64, preallocated irqs: 0
[    0.000000] GICv3: GIC: Using split EOI/Deactivate mode
[    0.000000] GICv3: 256 SPIs implemented
[    0.000000] GICv3: 0 Extended SPIs implemented
[    0.000000] Root IRQ handler: gic_handle_irq
[    0.000000] GICv3: GICv3 features: 16 PPIs
[    0.000000] GICv3: GICD_CTLR.DS=0, SCR_EL3.FIQ=1
[    0.000000] GICv3: CPU0: found redistributor 0 region 0:0x00000000fef00000
[    0.000000] ITS [mem 0xfee20000-0xfee3ffff]
[    0.000000] ITS@0x00000000fee20000: allocated 65536 Devices @3880000 (flat, esz 8, psz 64K, shr 0)
[    0.000000] ITS: using cache flushing for cmd queue
[    0.000000] GICv3: using LPI property table @0x0000000003860000
[    0.000000] GIC: using cache flushing for LPI property table
[    0.000000] GICv3: CPU0: using allocated LPI pending table @0x0000000003870000
[    0.000000] GICv3: GIC: PPI partition interrupt-partition-0[0] { /cpus/cpu@0[0] /cpus/cpu@1[1] /cpus/cpu@2[2] /cpus/cpu@3[3] }
[    0.000000] GICv3: GIC: PPI partition interrupt-partition-1[1] { /cpus/cpu@100[4] /cpus/cpu@101[5] }
[    0.000000] rcu: srcu_init: Setting srcu_struct sizes based on contention.
[    0.000000] arch_timer: cp15 timer running at 24.00MHz (phys).
[    0.000000] clocksource: arch_sys_counter: mask: 0xffffffffffffff max_cycles: 0x588fe9dc0, max_idle_ns: 440795202592 ns
[    0.000001] sched_clock: 56 bits at 24MHz, resolution 41ns, wraps every 4398046511097ns
[    0.003463] Console: colour dummy device 80x25
[    0.003482] printk: legacy console [tty1] enabled
[    0.004400] Calibrating delay loop (skipped), value calculated using timer frequency.. 48.00 BogoMIPS (lpj=96000)
[    0.004435] pid_max: default: 32768 minimum: 301
[    0.004584] LSM: initializing lsm=capability
[    0.004767] Mount-cache hash table entries: 8192 (order: 4, 65536 bytes, linear)
[    0.004810] Mountpoint-cache hash table entries: 8192 (order: 4, 65536 bytes, linear)
[    0.007969] rcu: Hierarchical SRCU implementation.
[    0.008049] rcu: 	Max phase no-delay instances is 1000.
[    0.008367] Timer migration: 1 hierarchy levels; 8 children per group; 1 crossnode level
[    0.008690] fsl-mc MSI: msi-controller@fee20000 domain created
[    0.013855] EFI services will not be available.
[    0.014359] smp: Bringing up secondary CPUs ...
[    0.015109] Detected VIPT I-cache on CPU1
[    0.015309] GICv3: CPU1: found redistributor 1 region 0:0x00000000fef20000
[    0.015330] GICv3: CPU1: using allocated LPI pending table @0x0000000003900000
[    0.015388] CPU1: Booted secondary processor 0x0000000001 [0x410fd034]
[    0.016243] Detected VIPT I-cache on CPU2
[    0.016416] GICv3: CPU2: found redistributor 2 region 0:0x00000000fef40000
[    0.016434] GICv3: CPU2: using allocated LPI pending table @0x0000000003910000
[    0.016473] CPU2: Booted secondary processor 0x0000000002 [0x410fd034]
[    0.017315] Detected VIPT I-cache on CPU3
[    0.017490] GICv3: CPU3: found redistributor 3 region 0:0x00000000fef60000
[    0.017508] GICv3: CPU3: using allocated LPI pending table @0x0000000003920000
[    0.017546] CPU3: Booted secondary processor 0x0000000003 [0x410fd034]
[    0.018333] CPU features: detected: Spectre-v2
[    0.018346] CPU features: detected: Spectre-v3a
[    0.018352] CPU features: detected: Spectre-v4
[    0.018357] CPU features: detected: Spectre-BHB
[    0.018364] CPU features: detected: ARM erratum 1742098
[    0.018371] CPU features: detected: ARM errata 1165522, 1319367, or 1530923

[    0.018377] Detected PIPT I-cache on CPU4
[    0.018536] GICv3: CPU4: found redistributor 100 region 0:0x00000000fef80000
[    0.018552] GICv3: CPU4: using allocated LPI pending table @0x0000000003930000
[    0.018590] CPU4: Booted secondary processor 0x0000000100 [0x410fd082]
[    0.019348] Detected PIPT I-cache on CPU5
[    0.019493] GICv3: CPU5: found redistributor 101 region 0:0x00000000fefa0000
[    0.019509] GICv3: CPU5: using allocated LPI pending table @0x0000000003940000
[    0.019539] CPU5: Booted secondary processor 0x0000000101 [0x410fd082]
[    0.019682] smp: Brought up 1 node, 6 CPUs
[    0.019984] SMP: Total of 6 processors activated.
[    0.020001] CPU: All CPU(s) started at EL2
[    0.020046] CPU features: detected: 32-bit EL0 Support
[    0.020063] CPU features: detected: 32-bit EL1 Support
[    0.020082] CPU features: detected: CRC32 instructions
[    0.020108] CPU features: detected: PMUv3
[    0.020188] alternatives: applying system-wide alternatives
[    0.022930] Memory: 3784328K/4030464K available (18176K kernel code, 5442K rwdata, 13052K rodata, 11712K init, 690K bss, 205760K reserved, 32768K cma-reserved)
[    0.023425] devtmpfs: initialized
[    0.034951] clocksource: jiffies: mask: 0xffffffff max_cycles: 0xffffffff, max_idle_ns: 7645041785100000 ns
[    0.035003] posixtimers hash table entries: 4096 (order: 4, 65536 bytes, linear)
[    0.035116] futex hash table entries: 2048 (131072 bytes on 1 NUMA nodes, total 128 KiB, linear).
[    0.035544] 20448 pages in range for non-PLT usage
[    0.035553] 511968 pages in range for PLT usage
[    0.035779] pinctrl core: initialized pinctrl subsystem
[    0.038715] DMI not present or invalid.
[    0.041848] NET: Registered PF_NETLINK/PF_ROUTE protocol family
[    0.043386] DMA: preallocated 512 KiB GFP_KERNEL pool for atomic allocations
[    0.044099] DMA: preallocated 512 KiB GFP_KERNEL|GFP_DMA pool for atomic allocations
[    0.045087] DMA: preallocated 512 KiB GFP_KERNEL|GFP_DMA32 pool for atomic allocations
[    0.045482] audit: initializing netlink subsys (disabled)
[    0.045688] audit: type=2000 audit(0.040:1): state=initialized audit_enabled=0 res=1
[    0.047952] thermal_sys: Registered thermal governor 'step_wise'
[    0.047962] thermal_sys: Registered thermal governor 'power_allocator'
[    0.048056] cpuidle: using governor menu
[    0.048358] hw-breakpoint: found 6 breakpoint and 4 watchpoint registers.
[    0.048548] ASID allocator initialised with 65536 entries
[    0.052332] Serial: AMBA PL011 UART driver
[    0.055033] /pcie@f8000000: Fixed dependency cycle(s) with /pcie@f8000000/interrupt-controller
[    0.083916] /syscon@ff770000/phy@f780: Fixed dependency cycle(s) with /mmc@fe330000
[    0.085656] /mmc@fe330000: Fixed dependency cycle(s) with /syscon@ff770000/phy@f780
[    0.085727] /syscon@ff770000/phy@f780: Fixed dependency cycle(s) with /mmc@fe330000
[    0.094790] gpio gpiochip0: Static allocation of GPIO base is deprecated, use dynamic allocation.
[    0.095294] rockchip-gpio ff720000.gpio: probed /pinctrl/gpio@ff720000
[    0.095856] gpio gpiochip1: Static allocation of GPIO base is deprecated, use dynamic allocation.
[    0.096063] rockchip-gpio ff730000.gpio: probed /pinctrl/gpio@ff730000
[    0.096478] gpio gpiochip2: Static allocation of GPIO base is deprecated, use dynamic allocation.
[    0.096665] rockchip-gpio ff780000.gpio: probed /pinctrl/gpio@ff780000
[    0.097080] gpio gpiochip3: Static allocation of GPIO base is deprecated, use dynamic allocation.
[    0.097258] rockchip-gpio ff788000.gpio: probed /pinctrl/gpio@ff788000
[    0.097744] gpio gpiochip4: Static allocation of GPIO base is deprecated, use dynamic allocation.
[    0.097929] rockchip-gpio ff790000.gpio: probed /pinctrl/gpio@ff790000
[    0.102958] HugeTLB: registered 1.00 GiB page size, pre-allocated 0 pages
[    0.102982] HugeTLB: 0 KiB vmemmap can be freed for a 1.00 GiB page
[    0.102996] HugeTLB: registered 32.0 MiB page size, pre-allocated 0 pages
[    0.103008] HugeTLB: 0 KiB vmemmap can be freed for a 32.0 MiB page
[    0.103020] HugeTLB: registered 2.00 MiB page size, pre-allocated 0 pages
[    0.103031] HugeTLB: 0 KiB vmemmap can be freed for a 2.00 MiB page
[    0.103043] HugeTLB: registered 64.0 KiB page size, pre-allocated 0 pages
[    0.103054] HugeTLB: 0 KiB vmemmap can be freed for a 64.0 KiB page
[    0.105272] ACPI: Interpreter disabled.
[    0.109956] iommu: Default domain type: Translated
[    0.109976] iommu: DMA domain TLB invalidation policy: strict mode
[    0.110502] SCSI subsystem initialized
[    0.110908] usbcore: registered new interface driver usbfs
[    0.110952] usbcore: registered new interface driver hub
[    0.110996] usbcore: registered new device driver usb
[    0.112414] pps_core: LinuxPPS API ver. 1 registered
[    0.112428] pps_core: Software ver. 5.3.6 - Copyright 2005-2007 Rodolfo Giometti <giometti@linux.it>
[    0.112454] PTP clock support registered
[    0.112629] EDAC MC: Ver: 3.0.0
[    0.113101] scmi_core: SCMI protocol bus registered
[    0.114533] FPGA manager framework
[    0.115605] vgaarb: loaded
[    0.116086] clocksource: Switched to clocksource arch_sys_counter
[    0.116405] VFS: Disk quotas dquot_6.6.0
[    0.116434] VFS: Dquot-cache hash table entries: 512 (order 0, 4096 bytes)
[    0.116871] pnp: PnP ACPI: disabled
[    0.125483] NET: Registered PF_INET protocol family
[    0.125703] IP idents hash table entries: 65536 (order: 7, 524288 bytes, linear)
[    0.129017] tcp_listen_portaddr_hash hash table entries: 2048 (order: 3, 32768 bytes, linear)
[    0.129119] Table-perturb hash table entries: 65536 (order: 6, 262144 bytes, linear)
[    0.129148] TCP established hash table entries: 32768 (order: 6, 262144 bytes, linear)
[    0.129415] TCP bind hash table entries: 32768 (order: 8, 1048576 bytes, linear)
[    0.130365] TCP: Hash tables configured (established 32768 bind 32768)
[    0.130491] UDP hash table entries: 2048 (order: 5, 131072 bytes, linear)
[    0.130674] UDP-Lite hash table entries: 2048 (order: 5, 131072 bytes, linear)
[    0.131015] NET: Registered PF_UNIX/PF_LOCAL protocol family
[    0.131535] RPC: Registered named UNIX socket transport module.
[    0.131553] RPC: Registered udp transport module.
[    0.131563] RPC: Registered tcp transport module.
[    0.131573] RPC: Registered tcp-with-tls transport module.
[    0.131584] RPC: Registered tcp NFSv4.1 backchannel transport module.
[    0.131617] PCI: CLS 0 bytes, default 64
[    0.135383] kvm [1]: nv: 568 coarse grained trap handlers
[    0.135793] kvm [1]: IPA Size Limit: 40 bits
[    0.138268] kvm [1]: vgic-v2@fff20000
[    0.138332] kvm [1]: GIC system register CPU interface enabled
[    0.138366] kvm [1]: vgic interrupt IRQ18
[    0.138406] kvm [1]: Hyp nVHE mode initialized successfully
[    0.140071] Initialise system trusted keyrings
[    0.140326] workingset: timestamp_bits=42 max_order=20 bucket_order=0
[    0.140710] squashfs: version 4.0 (2009/01/31) Phillip Lougher
[    0.141010] NFS: Registering the id_resolver key type
[    0.141039] Key type id_resolver registered
[    0.141050] Key type id_legacy registered
[    0.141076] nfs4filelayout_init: NFSv4 File Layout Driver Registering...
[    0.141092] nfs4flexfilelayout_init: NFSv4 Flexfile Layout Driver Registering...
[    0.141278] 9p: Installing v9fs 9p2000 file system support
[    0.195700] Key type asymmetric registered
[    0.195718] Asymmetric key parser 'x509' registered
[    0.195782] Block layer SCSI generic (bsg) driver version 0.4 loaded (major 244)
[    0.195800] io scheduler mq-deadline registered
[    0.195816] io scheduler kyber registered
[    0.195861] io scheduler bfq registered
[    0.219431] ledtrig-cpu: registered to indicate activity on CPUs
[    0.255485] dma-pl330 ff6d0000.dma-controller: Loaded driver for PL330 DMAC-241330
[    0.255516] dma-pl330 ff6d0000.dma-controller: 	DBUFF-32x8bytes Num_Chans-6 Num_Peri-12 Num_Events-12
[    0.256674] dma-pl330 ff6e0000.dma-controller: Loaded driver for PL330 DMAC-241330
[    0.256695] dma-pl330 ff6e0000.dma-controller: 	DBUFF-128x8bytes Num_Chans-8 Num_Peri-20 Num_Events-16
[    0.274766] Serial: 8250/16550 driver, 4 ports, IRQ sharing enabled
[    0.278034] ff180000.serial: ttyS0 at MMIO 0xff180000 (irq = 35, base_baud = 1500000) is a 16550A
[    0.279086] ff1a0000.serial: ttyS2 at MMIO 0xff1a0000 (irq = 36, base_baud = 1500000) is a 16550A
[    0.279160] printk: legacy console [ttyS2] enabled
[    0.402379] msm_serial: driver initialized
[    0.403316] SuperH (H)SCI(F) driver initialized
[    0.404040] STM32 USART driver initialized
[    0.409780] platform ff650000.video-codec: Adding to iommu group 0
[    0.411404] platform ff660000.video-codec: Adding to iommu group 1
[    0.422120] loop: module loaded
[    0.423960] megasas: 07.734.00.00-rc1
[    0.433993] tun: Universal TUN/TAP device driver, 1.6
[    0.435945] thunder_xcv, ver 1.0
[    0.436317] thunder_bgx, ver 1.0
[    0.436657] nicpf, ver 1.0
[    0.438931] e1000: Intel(R) PRO/1000 Network Driver
[    0.439372] e1000: Copyright (c) 1999-2006 Intel Corporation.
[    0.439929] e1000e: Intel(R) PRO/1000 Network Driver
[    0.440391] e1000e: Copyright(c) 1999 - 2015 Intel Corporation.
[    0.440960] igb: Intel(R) Gigabit Ethernet Network Driver
[    0.441441] igb: Copyright (c) 2007-2014 Intel Corporation.
[    0.441980] igbvf: Intel(R) Gigabit Virtual Function Network Driver
[    0.442538] igbvf: Copyright (c) 2009 - 2012 Intel Corporation.
[    0.443573] sky2: driver version 1.30
[    0.446521] VFIO - User Level meta-driver version: 0.3
[    0.454378] usbcore: registered new interface driver usb-storage
[    0.459990] i2c_dev: i2c /dev entries driver
[    0.464740] /i2c@ff3c0000/pmic@20: Fixed dependency cycle(s) with /i2c@ff3c0000/pmic@20/regulators/DCDC_REG4
[    0.465645] /i2c@ff3c0000/pmic@20: Fixed dependency cycle(s) with /i2c@ff3c0000/pmic@20/regulators/DCDC_REG5
[    0.479373] sdhci: Secure Digital Host Controller Interface driver
[    0.479938] sdhci: Copyright(c) Pierre Ossman
[    0.481583] Synopsys Designware Multimedia Card Interface Driver
[    0.483588] dwmmc_rockchip fe310000.mmc: IDMAC supports 32-bit address mode.
[    0.483876] sdhci-pltfm: SDHCI platform and OF driver helper
[    0.484298] dwmmc_rockchip fe310000.mmc: Using internal DMA controller.
[    0.485343] dwmmc_rockchip fe310000.mmc: Version ID is 270a
[    0.485883] dwmmc_rockchip fe310000.mmc: DW MMC controller at irq 48,32 bit host data width,256 deep fifo
[    0.486693] mmc0: CQHCI version 5.10
[    0.491335] usbcore: registered new interface driver usbhid
[    0.491846] usbhid: USB HID core driver
[    0.498836] hw perfevents: enabled with armv8_cortex_a53 PMU driver, 7 (0,8000003f) counters available
[    0.501195] hw perfevents: enabled with armv8_cortex_a72 PMU driver, 7 (0,8000003f) counters available
[    0.509763] NET: Registered PF_PACKET protocol family
[    0.510312] 9pnet: Installing 9P2000 support
[    0.510799] Key type dns_resolver registered
[    0.512334] mmc0: SDHCI controller on fe330000.mmc [fe330000.mmc] using ADMA
[    0.522965] registered taskstats version 1
[    0.523571] Loading compiled-in X.509 certificates
[    0.533112] Demotion targets for Node 0: null
[    0.579480] xhci-hcd xhci-hcd.0.auto: xHCI Host Controller
[    0.580002] xhci-hcd xhci-hcd.0.auto: new USB bus registered, assigned bus number 1
[    0.580877] xhci-hcd xhci-hcd.0.auto: hcc params 0x0220fe64 hci version 0x110 quirks 0x0000808002000010
[    0.581110] mmc0: Command Queue Engine enabled
[    0.581743] xhci-hcd xhci-hcd.0.auto: irq 56, io mem 0xfe800000
[    0.581769] mmc0: new HS400 Enhanced strobe MMC card at address 0001
[    0.582420] xhci-hcd xhci-hcd.0.auto: xHCI Host Controller
[    0.583746] xhci-hcd xhci-hcd.0.auto: new USB bus registered, assigned bus number 2
[    0.584465] xhci-hcd xhci-hcd.0.auto: Host supports USB 3.0 SuperSpeed
[    0.584555] mmcblk0: mmc0:0001 DF4016 14.7 GiB
[    0.586281] hub 1-0:1.0: USB hub found
[    0.586665] hub 1-0:1.0: 1 port detected
[    0.587378] usb usb2: We don't know the algorithms for LPM for this host, disabling LPM.
[    0.588329] ehci-platform fe380000.usb: EHCI Host Controller
[    0.588892] hub 2-0:1.0: USB hub found
[    0.589275] hub 2-0:1.0: 1 port detected
[    0.590102] ehci-platform fe380000.usb: new USB bus registered, assigned bus number 3
[    0.590996] ehci-platform fe380000.usb: irq 57, io mem 0xfe380000
[    0.591740] ehci-platform fe3c0000.usb: EHCI Host Controller
[    0.592347] ehci-platform fe3c0000.usb: new USB bus registered, assigned bus number 4
[    0.593224] ehci-platform fe3c0000.usb: irq 58, io mem 0xfe3c0000
[    0.593498] ohci-platform fe3a0000.usb: Generic Platform OHCI controller
[    0.593512]  mmcblk0: p1 p2 p3 p4 p5 p6
[    0.594356] ohci-platform fe3e0000.usb: Generic Platform OHCI controller
[    0.594407] ohci-platform fe3a0000.usb: new USB bus registered, assigned bus number 5
[    0.594756] ohci-platform fe3e0000.usb: new USB bus registered, assigned bus number 6
[    0.594848] ohci-platform fe3e0000.usb: irq 85, io mem 0xfe3e0000
[    0.595616] ohci-platform fe3a0000.usb: irq 84, io mem 0xfe3a0000
[    0.595972] mmcblk0boot0: mmc0:0001 DF4016 4.00 MiB
[    0.599019] mmcblk0boot1: mmc0:0001 DF4016 4.00 MiB
[    0.600203] ehci-platform fe380000.usb: USB 2.0 started, EHCI 1.00
[    0.601830] hub 3-0:1.0: USB hub found
[    0.602231] hub 3-0:1.0: 1 port detected
[    0.602788] mmcblk0rpmb: mmc0:0001 DF4016 4.00 MiB, chardev (511:0)
[    0.612494] ehci-platform fe3c0000.usb: USB 2.0 started, EHCI 1.00
[    0.614152] hub 4-0:1.0: USB hub found
[    0.614542] hub 4-0:1.0: 1 port detected
[    0.634484] vcc_buck5: Bringing 3300000uV into 2200000-2200000uV
[    0.652032] vcca_1v8: Bringing 1800000uV into 1850000-1850000uV
[    0.653024] hub 6-0:1.0: USB hub found
[    0.653394] hub 6-0:1.0: 1 port detected
[    0.657010] vdd1v5_dvp: Bringing 1800000uV into 1500000-1500000uV
[    0.657334] hub 5-0:1.0: USB hub found
[    0.657969] hub 5-0:1.0: 1 port detected
[    0.698366] rk808-rtc rk808-rtc.4.auto: registered as rtc0
[    0.700889] rk808-rtc rk808-rtc.4.auto: setting system clock to 2017-08-05T09:00:10 UTC (1501923610)
[    0.706565] cpu cpu0: EM: created perf domain
[    0.708007] cpu cpu4: EM: created perf domain
[    0.717997] rockchip-pcie f8000000.pcie: host bridge /pcie@f8000000 ranges:
[    0.718708] rockchip-pcie f8000000.pcie:      MEM 0x00fa000000..0x00fbdfffff -> 0x00fa000000
[    0.719461] rockchip-pcie f8000000.pcie:       IO 0x00fbe00000..0x00fbefffff -> 0x00fbe00000
[    0.719792] dwmmc_rockchip fe320000.mmc: IDMAC supports 32-bit address mode.
[    0.720694] rockchip-pcie f8000000.pcie: no vpcie12v regulator found
[    0.720906] dwmmc_rockchip fe320000.mmc: Using internal DMA controller.
[    0.721043] dwmmc_rockchip fe310000.mmc: IDMAC supports 32-bit address mode.
[    0.721067] dwmmc_rockchip fe310000.mmc: Using internal DMA controller.
[    0.721081] dwmmc_rockchip fe310000.mmc: Version ID is 270a
[    0.721122] dwmmc_rockchip fe310000.mmc: DW MMC controller at irq 48,32 bit host data width,256 deep fifo
[    0.724747] dwmmc_rockchip fe320000.mmc: Version ID is 270a
[    0.725368] dwmmc_rockchip fe320000.mmc: DW MMC controller at irq 86,32 bit host data width,256 deep fifo
[    0.728277] dwmmc_rockchip fe320000.mmc: Got CD GPIO
[    0.742512] mmc_host mmc1: Bus speed (slot 0) = 400000Hz (slot req 400000Hz, actual 400000HZ div = 0)
[    0.794388] mmc_host mmc1: Bus speed (slot 0) = 50000000Hz (slot req 50000000Hz, actual 50000000HZ div = 0)
[    0.795542] mmc1: new high speed SDHC card at address 0001
[    0.797472] mmcblk1: mmc1:0001 SD16G 14.4 GiB
[    0.808989] GPT:Primary header thinks Alt. header is not at the end of the disk.
[    0.809675] GPT:7225343 != 30203903
[    0.809991] GPT:Alternate GPT header not at the end of the disk.
[    0.810521] GPT:7225343 != 30203903
[    0.810834] GPT: Use GNU Parted to correct GPT errors.
[    0.811319]  mmcblk1: p1 p2
[    0.860291] usb 4-1: new high-speed USB device number 2 using ehci-platform
[    1.007893] hub 4-1:1.0: USB hub found
[    1.008781] hub 4-1:1.0: 4 ports detected
[    1.428516] rockchip-pcie f8000000.pcie: PCIe link training gen1 timeout!
[    1.429207] rockchip-pcie f8000000.pcie: probe with driver rockchip-pcie failed with error -110
[    1.450116] dwmmc_rockchip fe310000.mmc: IDMAC supports 32-bit address mode.
[    1.450129] clk: Disabling unused clocks
[    1.451154] dwmmc_rockchip fe310000.mmc: Using internal DMA controller.
[    1.451360] PM: genpd: Disabling unused power domains
[    1.451746] dwmmc_rockchip fe310000.mmc: Version ID is 270a
[    1.451780] dwmmc_rockchip fe310000.mmc: DW MMC controller at irq 48,32 bit host data width,256 deep fifo
[    1.453779] check access for rdinit=/init failed: -2, ignoring
[    1.454311] Waiting 10 sec before mounting root device...
[   11.488447] Disabling rootwait; root= is invalid.
[   11.490124] /dev/root: Can't open blockdev
[   11.490594] VFS: Cannot open root device "UUID=d52f7f8b-fa0e-4c9f-a552-d6df4329ac87" or unknown-block(0,0): error -6
[   11.491547] Please append a correct "root=" boot option; here are the available partitions:
[   11.492368] b300        15388672 mmcblk0 
[   11.492378]  driver: mmcblk
[   11.492998]   b301            4096 mmcblk0p1 a6540000-0000-4e08-8000-41e5000028c9
[   11.493005] 
[   11.493805]   b302            4096 mmcblk0p2 e6790000-0000-4335-8000-14e300003a46
[   11.493812] 
[   11.494612]   b303           32768 mmcblk0p3 27710000-0000-4e5e-8000-101d00003473
[   11.494618] 
[   11.495420]   b304           98304 mmcblk0p4 d0580000-0000-470b-8000-6ef900004938
[   11.495426] 
[   11.495595] platform sdio-pwrseq: deferred probe pending: pwrseq_simple: external clock not ready
[   11.496121]   b305           32768 mmcblk0p5 4b7e0000-0000-4737-8000-1be00000227d
[   11.496127] 
[   11.496132]   b306        15204335 mmcblk0p6 614e0000-0000-4b53-8000-1d28000054a9
[   11.496137] 
[   11.496149] b320            4096 mmcblk0boot0 
[   11.496294] rockchip-pm-domain ff310000.power-management:power-controller: sync_state() pending due to fe310000.mmc
[   11.497065]  (driver?)
[   11.497078] rockchip-pm-domain ff310000.power-management:power-controller: sync_state() pending due to ff650000.video-codec
[   11.497734] b340            4096 mmcblk0boot1 
[   11.497743] rockchip-pm-domain ff310000.power-management:power-controller: sync_state() pending due to ff660000.video-codec
[   11.497876]  (driver?)

[   11.497885] rockchip-pm-domain ff310000.power-management:power-controller: sync_state() pending due to ff680000.rga
[   11.497898] b360        15101952 mmcblk1 
[   11.498560] rockchip-pm-domain ff310000.power-management:power-controller: sync_state() pending due to ff940000.hdmi
[   11.498693]  driver: mmcblk
[   11.499302] dwmmc_rockchip fe310000.mmc: IDMAC supports 32-bit address mode.
[   11.500007]   b361          523264 mmcblk1p1 bd1cf4c1-4313-4797-88d2-745d74467271
[   11.500046] dwmmc_rockchip fe310000.mmc: Using internal DMA controller.
[   11.500253] 
[   11.500259]   b362         3070976 mmcblk1p2 61ec8aeb-3d1a-48fa-a9da-54d744ed8bdf
[   11.500278] dwmmc_rockchip fe310000.mmc: Version ID is 270a
[   11.501243] 
[   11.501282] dwmmc_rockchip fe310000.mmc: DW MMC controller at irq 48,32 bit host data width,256 deep fifo
[   11.501659] List of all bdev filesystems:
[   11.509749]  ext3
[   11.509753]  ext2
[   11.509932]  ext4
[   11.510111]  squashfs
[   11.510289]  vfat
[   11.510497] 
[   11.510812] Kernel panic - not syncing: VFS: Unable to mount root fs on unknown-block(0,0)
[   11.511549] CPU: 0 UID: 0 PID: 1 Comm: swapper/0 Not tainted 6.18.33 #1 PREEMPT 
[   11.512210] Hardware name: Radxa ROCK Pi N10 (DT)
[   11.512632] Call trace:
[   11.512857]  show_stack+0x18/0x24 (C)
[   11.513201]  dump_stack_lvl+0x34/0x8c
[   11.513541]  dump_stack+0x18/0x24
[   11.513848]  vpanic+0x324/0x368
[   11.514142]  nmi_panic+0x0/0x64
[   11.514434]  mount_root_generic+0x288/0x368
[   11.514819]  mount_root+0x174/0x338
[   11.515140]  prepare_namespace+0x6c/0x2a4
[   11.515506]  kernel_init_freeable+0x2a4/0x2e4
[   11.515902]  kernel_init+0x20/0x1d8
[   11.516225]  ret_from_fork+0x10/0x20
[   11.516556] SMP: stopping secondary CPUs
[   11.517042] Kernel Offset: disabled
[   11.517356] CPU features: 0x100000,04107800,40004001,0400421b
[   11.517869] Memory Limit: none
[   11.518154] ---[ end Kernel panic - not syncing: VFS: Unable to mount root fs on unknown-block(0,0) ]---
