DDR Version 1.24 20191016
In
Channel 0: LPDDR3, 800MHz
CS = 0
MR0=0x58
MR1=0x58
MR2=0x58
MR3=0x58
MR4=0x1
MR5=0x1
MR6=0x16
MR7=0x0

MR8=0x1F
MR9=0x1F
MR10=0x1F
MR11=0x1F
MR12=0x1F
MR13=0x1F

MR14=0x1F
MR15=0x1F
MR16=0x1F
CS = 1
MR0=0x58
MR1=0x58
MR2=0x58
MR3=0x58
MR4=0x2
MR5=0x1
MR6=0x16
MR7=0x0
MR8=0x1F
MR9=0x1F
MR10=0x1F
MR11=0x1F
MR12=0x1F
MR13=0x1F
MR14=0x1F
MR15=0x1F
MR16=0x1F
Bus Width=32 Col=10 Bank=8 Row=15/15 CS=2 Die Bus-Width=32 Size=2048MB
Channel 1: LPDDR3, 800MHz
CS = 0
MR0=0x58
MR1=0x58
MR2=0x58
MR3=0x58
MR4=0x1
MR5=0x1
MR6=0x16
MR7=0x0
MR8=0x1F
MR9=0x1F
MR10=0x1F
MR11=0x1F
MR12=0x1F
MR13=0x1F
MR14=0x1F
MR15=0x1F
MR16=0x1F
CS = 1
MR0=0x58
MR1=0x58
MR2=0x58
MR3=0x58
MR4=0x2
MR5=0x1
MR6=0x16
MR7=0x0
MR8=0x1F
MR9=0x1F
MR10=0x1F
MR11=0x1F
MR12=0x1F
MR13=0x1F
MR14=0x1F
MR15=0x1F
MR16=0x1F
Bus Width=32 Col=10 Bank=8 Row=15/15 CS=2 Die Bus-Width=32 Size=2048MB
256B stride
ch 0 ddrconfig = 0x101, ddrsize = 0x2020
ch 1 ddrconfig = 0x101, ddrsize = 0x2020
pmugrf_os_reg[2] = 0x3AA0DAA0, stride = 0xD
OUT
Boot1 Release Time: May 29 2020 17:36:36, version: 1.26
CPUId = 0x0
ChipType = 0x10, 342
SdmmcInit=2 0
BootCapSize=100000
UserCapSize=15028MB
FwPartOffset=2000 , 100000
mmc0:cmd5,20
SdmmcInit=0 0
BootCapSize=0
UserCapSize=14748MB
FwPartOffset=2000 , 0
StorageInit ok = 138569
SecureMode = 0
SecureInit read PBA: 0x4
SecureInit read PBA: 0x404
SecureInit read PBA: 0x804
SecureInit read PBA: 0xc04
SecureInit read PBA: 0x1004
SecureInit read PBA: 0x1404
SecureInit read PBA: 0x1804
SecureInit read PBA: 0x1c04
SecureInit ret = 0, SecureMode = 0
atags_set_bootdev: ret:(0)
GPT part:  0, name:          primary, start:0x8000, size:0xff800
GPT part:  1, name:          primary, start:0x108000, size:0x5db800
no find partition:uboot.
Trust Addr:0x4000, 0x58334c42
No find bl30.bin
Load uboot, ReadLba = 2000
Load OK, addr=0x200000, size=0xfc8c0
RunBL31 0x40000 @ 315766 us
NOTICE:  BL31: v1.3(release):845ee93

NOTICE:  BL31: Built : 15:51:11, Jul 22 2020
NOTICE:  BL31: Rockchip release version: v1.1
INFO:    GICv3 with legacy support detected. ARM GICV3 driver initialized in EL3
INFO:    Using opteed sec cpu_context!
INFO:    boot cpu mask: 0
INFO:    plat_rockchip_pmu_init(1196): pd status 3e
INFO:    BL31: Initializing runtime services
INFO:    BL31: Initializing BL32
INF [0x0] TEE-CORE:init_primary_helper:337: Initializing (1.1.0-266-gee81607c #1 Mon Aug 17 09:23:30 UTC 2020 aarch64)


INF [0x0] TEE-CORE:init_primary_helper:338: Release version: 1.2


INF [0x0] TEE-CORE:init_teecore:83: teecore inits done

INFO:    BL31: Preparing for EL3 exit to normal world
INFO:    Entry point address = 0x200000
INFO:    SPSR = 0x3c9


U-Boot 2017.09 (Jun 06 2026 - 14:10:22 +0000)

Model: Rockchip RK3399 Evaluation Board
PreSerial: 2, raw, 0xff1a0000
DRAM:  3.8 GiB
Sysmem: init
Relocation Offset: f5bc7000, fdt: f3dbb358 
no mmc device at slot 1
Found IDB in SDcard
dwmmc@fe320000: 1 (SD), sdhci@fe330000: 0
Bootdev(atags): mmc 1
MMC1: Legacy, 50Mhz
PartType: EFI
No resource partition
Failed to load DTB
Failed to get kernel dtb, ret=-19
io-domain: OK
*** Warning - bad CRC, using default environment

Model: Rockchip RK3399 Evaluation Board
rockchip_set_serialno: could not find efuse/otp device
No misc partition
boot mode: None
CLK: (uboot. arml: enter 400000 KHz, init 816000 KHz, kernel 0N/A)
CLK: (uboot. armb: enter 24000 KHz, init 816000 KHz, kernel 0N/A)
  aplll 816000 KHz
  apllb 816000 KHz
  dpll 800000 KHz
  cpll 24000 KHz
  gpll 800000 KHz
  npll 600000 KHz
  vpll 24000 KHz
  aclk_perihp 133333 KHz
  hclk_perihp 66666 KHz
  pclk_perihp 33333 KHz
  aclk_perilp0 266666 KHz
  hclk_perilp0 88888 KHz
  pclk_perilp0 44444 KHz
  hclk_perilp1 100000 KHz
  pclk_perilp1 50000 KHz
EC20_PWREN = -2
EC20_RESET = -2
------ ec20_init  ------
EC20_PWRKEY = -2
EC20_PWRKEY = -2
Net:   No ethernet found.
Hit key to stop autoboot('CTRL+C'):  5  4  3  2  1  0 
Could not find misc partition
ANDROID: reboot reason: "(none)"
optee api revision: 2.0
TEEC: Waring: Could not find security partition
Not AVB images, AVB skip
android_image_load_by_partname: Can't find part: boot
Android image load failed
Android boot failed, error -1.
Could not find misc partition
Could not find primary part
switch to partitions #0, OK
mmc1 is current device
Scanning mmc 1:1...
Found /extlinux/extlinux.conf
Retrieving file: /extlinux/extlinux.conf
414 bytes read in 23 ms (17.6 KiB/s)
1:	Armbian
Retrieving file: /Image
49986048 bytes read in 2186 ms (21.8 MiB/s)
append: root=PARTUUID=61ec8aeb-3d1a-48fa-a9da-54d744ed8bdf rootflags=data=writeback rw rootwait rootdelay=10 rootfstype=ext4 console=ttyS2,1500000 console=tty1 panic=0 usbcore.autosuspend=-1 initcall_blacklist=psci_checker printk.devkmsg=on log_buf_len=16M maxcpus=4 systemd.default_timeout_start_sec=20 plymouth.enable=0 net.ifnames=0
Retrieving file: /dtb/rockchip/gmac-phyhandle-pll-test.dtb
60580 bytes read in 173 ms (341.8 KiB/s)
Fdt Ramdisk skip relocation
## Flattened Device Tree blob at 08300000
   Booting using the fdt blob at 0x8300000
   Using Device Tree in place at 0000000008300000, end 0000000008311ca3
can't found rockchip,drm-logo, use rockchip,fb-logo
WARNING: could not set reg FDT_ERR_BADOFFSET.
failed to reserve fb-loader-logo memory
Adding bank: 0x00200000 - 0x08400000 (size: 0x08200000)
Adding bank: 0x0a200000 - 0xf8000000 (size: 0xede00000)
Total: 7993.294 ms

Starting kernel ...

[    0.000000] Booting Linux on physical CPU 0x0000000000 [0x410fd034]
[    0.000000] Linux version 6.18.33 (henry@Inspiron-7520) (aarch64-linux-gnu-gcc (Ubuntu 13.3.0-6ubuntu2~24.04.1) 13.3.0, GNU ld (GNU Binutils for Ubuntu) 2.42) #4 SMP PREEMPT Thu Jun 18 21:26:45 CST 2026
[    0.000000] KASLR disabled due to lack of seed
[    0.000000] Machine model: Radxa ROCK Pi N10
[    0.000000] efi: UEFI not found.

[    0.000000] OF: reserved mem: Reserved memory: No reserved-memory node in the DT
[    0.000000] NUMA: Faking a node at [mem 0x0000000000200000-0x00000000f7ffffff]
[    0.000000] NODE_DATA(0) allocated [mem 0xf77f4e00-0xf77f747f]
[    0.000000] Zone ranges:
[    0.000000]   DMA      [mem 0x0000000000200000-0x00000000f7ffffff]
[    0.000000]   DMA32    empty
[    0.000000]   Normal   empty
[    0.000000] Movable zone start for each node
[    0.000000] Early memory node ranges
[    0.000000]   node   0: [mem 0x0000000000200000-0x00000000083fffff]
[    0.000000]   node   0: [mem 0x000000000a200000-0x00000000f7ffffff]
[    0.000000] Initmem setup node 0 [mem 0x0000000000200000-0x00000000f7ffffff]

[    0.000000] On node 0, zone DMA: 512 pages in unavailable ranges
[    0.000000] On node 0, zone DMA: 7680 pages in unavailable ranges
[    0.000000] cma: Reserved 32 MiB at 0x00000000f1800000
[    0.000000] psci: probing for conduit method from DT.
[    0.000000] psci: PSCIv1.0 detected in firmware.
[    0.000000] psci: Using standard PSCI v0.2 function IDs
[    0.000000] psci: Trusted OS migration not required
[    0.000000] psci: SMC Calling Convention v1.0
[    0.000000] percpu: Embedded 25 pages/cpu s63192 r8192 d31016 u102400
[    0.000000] Detected VIPT I-cache on CPU0
[    0.000000] CPU features: detected: GICv3 CPU interface
[    0.000000] CPU features: detected: ARM erratum 845719
[    0.000000] alternatives: applying boot alternatives
[    0.000000] Kernel command line: root=PARTUUID=61ec8aeb-3d1a-48fa-a9da-54d744ed8bdf rootflags=data=writeback rw rootwait rootdelay=10 rootfstype=ext4 console=ttyS2,1500000 console=tty1 panic=0 usbcore.autosuspend=-1 initcall_blacklist=psci_checker printk.devkmsg=on log_buf_len=16M maxcpus=4 systemd.default_timeout_start_sec=20 plymouth.enable=0 net.ifnames=0
[    0.000000] printk: log buffer data + meta data: 16777216 + 58720256 = 75497472 bytes
[    0.000000] printk: early log buf free: 128816(98%)
[    0.000000] Dentry cache hash table entries: 524288 (order: 10, 4194304 bytes, linear)
[    0.000000] Inode-cache hash table entries: 262144 (order: 9, 2097152 bytes, linear)
[    0.000000] software IO TLB: SWIOTLB bounce buffer size adjusted to 3MB
[    0.000000] software IO TLB: area num 8.
[    0.000000] software IO TLB: mapped [mem 0x00000000ec600000-0x00000000eca00000] (4MB)
[    0.000000] Fallback order for Node 0: 0 
[    0.000000] Built 1 zonelists, mobility grouping on.  Total pages: 1007616
[    0.000000] Policy zone: DMA
[    0.000000] mem auto-init: stack:all(zero), heap alloc:off, heap free:off
[    0.000000] SLUB: HWalign=64, Order=0-3, MinObjects=0, CPUs=6, Nodes=1
[    0.000000] rcu: Preemptible hierarchical RCU implementation.
[    0.000000] rcu: 	RCU event tracing is enabled.
[    0.000000] rcu: 	RCU restricting CPUs from NR_CPUS=512 to nr_cpu_ids=6.
[    0.000000] 	Trampoline variant of Tasks RCU enabled.
[    0.000000] 	Tracing variant of Tasks RCU enabled.
[    0.000000] rcu: RCU calculated value of scheduler-enlistment delay is 25 jiffies.
[    0.000000] rcu: Adjusting geometry for rcu_fanout_leaf=16, nr_cpu_ids=6
[    0.000000] RCU Tasks: Setting shift to 3 and lim to 1 rcu_task_cb_adjust=1 rcu_task_cpu_ids=6.
[    0.000000] RCU Tasks Trace: Setting shift to 3 and lim to 1 rcu_task_cb_adjust=1 rcu_task_cpu_ids=6.
[    0.000000] NR_IRQS: 64, nr_irqs: 64, preallocated irqs: 0
[    0.000000] GICv3: GIC: Using split EOI/Deactivate mode
[    0.000000] GICv3: 256 SPIs implemented
[    0.000000] GICv3: 0 Extended SPIs implemented
[    0.000000] Root IRQ handler: gic_handle_irq
[    0.000000] GICv3: GICv3 features: 16 PPIs
[    0.000000] GICv3: GICD_CTLR.DS=0, SCR_EL3.FIQ=1
[    0.000000] GICv3: CPU0: found redistributor 0 region 0:0x00000000fef00000
[    0.000000] ITS [mem 0xfee20000-0xfee3ffff]
[    0.000000] ITS@0x00000000fee20000: allocated 65536 Devices @3480000 (flat, esz 8, psz 64K, shr 0)
[    0.000000] ITS: using cache flushing for cmd queue
[    0.000000] GICv3: using LPI property table @0x0000000003460000
[    0.000000] GIC: using cache flushing for LPI property table
[    0.000000] GICv3: CPU0: using allocated LPI pending table @0x0000000003470000
[    0.000000] GICv3: GIC: PPI partition interrupt-partition-0[0] { /cpus/cpu@0[0] /cpus/cpu@1[1] /cpus/cpu@2[2] /cpus/cpu@3[3] }
[    0.000000] GICv3: GIC: PPI partition interrupt-partition-1[1] { /cpus/cpu@100[4] /cpus/cpu@101[5] }
[    0.000000] rcu: srcu_init: Setting srcu_struct sizes based on contention.
[    0.000000] arch_timer: cp15 timer running at 24.00MHz (phys).
[    0.000000] clocksource: arch_sys_counter: mask: 0xffffffffffffff max_cycles: 0x588fe9dc0, max_idle_ns: 440795202592 ns
[    0.000001] sched_clock: 56 bits at 24MHz, resolution 41ns, wraps every 4398046511097ns
[    0.003489] Console: colour dummy device 80x25
[    0.003509] printk: legacy console [tty1] enabled
[    0.004447] Calibrating delay loop (skipped), value calculated using timer frequency.. 48.00 BogoMIPS (lpj=96000)
[    0.004482] pid_max: default: 32768 minimum: 301
[    0.004634] LSM: initializing lsm=capability
[    0.004817] Mount-cache hash table entries: 8192 (order: 4, 65536 bytes, linear)
[    0.004858] Mountpoint-cache hash table entries: 8192 (order: 4, 65536 bytes, linear)
[    0.008085] rcu: Hierarchical SRCU implementation.
[    0.008123] rcu: 	Max phase no-delay instances is 1000.
[    0.008441] Timer migration: 1 hierarchy levels; 8 children per group; 1 crossnode level
[    0.008770] fsl-mc MSI: msi-controller@fee20000 domain created
[    0.013957] EFI services will not be available.
[    0.014450] smp: Bringing up secondary CPUs ...
[    0.015190] Detected VIPT I-cache on CPU1
[    0.015395] GICv3: CPU1: found redistributor 1 region 0:0x00000000fef20000
[    0.015417] GICv3: CPU1: using allocated LPI pending table @0x0000000003500000
[    0.015473] CPU1: Booted secondary processor 0x0000000001 [0x410fd034]
[    0.016323] Detected VIPT I-cache on CPU2
[    0.016492] GICv3: CPU2: found redistributor 2 region 0:0x00000000fef40000
[    0.016510] GICv3: CPU2: using allocated LPI pending table @0x0000000003510000
[    0.016546] CPU2: Booted secondary processor 0x0000000002 [0x410fd034]
[    0.017381] Detected VIPT I-cache on CPU3
[    0.017551] GICv3: CPU3: found redistributor 3 region 0:0x00000000fef60000
[    0.017568] GICv3: CPU3: using allocated LPI pending table @0x0000000003520000
[    0.017604] CPU3: Booted secondary processor 0x0000000003 [0x410fd034]
[    0.017764] smp: Brought up 1 node, 4 CPUs
[    0.017927] SMP: Total of 4 processors activated.
[    0.017942] CPU: All CPU(s) started at EL2
[    0.017982] CPU features: detected: 32-bit EL0 Support
[    0.017999] CPU features: detected: 32-bit EL1 Support
[    0.018017] CPU features: detected: CRC32 instructions
[    0.018042] CPU features: detected: PMUv3
[    0.018104] alternatives: applying system-wide alternatives
[    0.020259] Memory: 3785488K/4030464K available (18176K kernel code, 5486K rwdata, 13132K rodata, 11840K init, 691K bss, 206088K reserved, 32768K cma-reserved)
[    0.020925] devtmpfs: initialized
[    0.039503] clocksource: jiffies: mask: 0xffffffff max_cycles: 0xffffffff, max_idle_ns: 7645041785100000 ns
[    0.039577] posixtimers hash table entries: 4096 (order: 4, 65536 bytes, linear)
[    0.039700] futex hash table entries: 2048 (131072 bytes on 1 NUMA nodes, total 128 KiB, linear).
[    0.040531] 20368 pages in range for non-PLT usage
[    0.040549] 511888 pages in range for PLT usage
[    0.040989] pinctrl core: initialized pinctrl subsystem
[    0.045860] DMI not present or invalid.
[    0.049685] NET: Registered PF_NETLINK/PF_ROUTE protocol family
[    0.051459] DMA: preallocated 512 KiB GFP_KERNEL pool for atomic allocations
[    0.051790] DMA: preallocated 512 KiB GFP_KERNEL|GFP_DMA pool for atomic allocations
[    0.052312] DMA: preallocated 512 KiB GFP_KERNEL|GFP_DMA32 pool for atomic allocations
[    0.052750] audit: initializing netlink subsys (disabled)
[    0.053059] audit: type=2000 audit(0.052:1): state=initialized audit_enabled=0 res=1
[    0.056839] thermal_sys: Registered thermal governor 'step_wise'
[    0.056856] thermal_sys: Registered thermal governor 'power_allocator'
[    0.056991] cpuidle: using governor menu
[    0.057540] hw-breakpoint: found 6 breakpoint and 4 watchpoint registers.
[    0.057700] ASID allocator initialised with 65536 entries
[    0.062381] Serial: AMBA PL011 UART driver
[    0.066593] /pcie@f8000000: Fixed dependency cycle(s) with /pcie@f8000000/interrupt-controller
[    0.107841] /syscon@ff770000/phy@f780: Fixed dependency cycle(s) with /mmc@fe330000
[    0.110439] /mmc@fe330000: Fixed dependency cycle(s) with /syscon@ff770000/phy@f780
[    0.110558] /syscon@ff770000/phy@f780: Fixed dependency cycle(s) with /mmc@fe330000
[    0.122980] rockchip-gpio ff720000.gpio: probed /pinctrl/gpio@ff720000
[    0.124058] rockchip-gpio ff730000.gpio: probed /pinctrl/gpio@ff730000
[    0.124933] rockchip-gpio ff780000.gpio: probed /pinctrl/gpio@ff780000
[    0.125927] rockchip-gpio ff788000.gpio: probed /pinctrl/gpio@ff788000
[    0.126895] rockchip-gpio ff790000.gpio: probed /pinctrl/gpio@ff790000
[    0.135190] HugeTLB: registered 1.00 GiB page size, pre-allocated 0 pages
[    0.135233] HugeTLB: 0 KiB vmemmap can be freed for a 1.00 GiB page
[    0.135254] HugeTLB: registered 32.0 MiB page size, pre-allocated 0 pages
[    0.135272] HugeTLB: 0 KiB vmemmap can be freed for a 32.0 MiB page
[    0.135291] HugeTLB: registered 2.00 MiB page size, pre-allocated 0 pages
[    0.135308] HugeTLB: 0 KiB vmemmap can be freed for a 2.00 MiB page
[    0.135328] HugeTLB: registered 64.0 KiB page size, pre-allocated 0 pages
[    0.135345] HugeTLB: 0 KiB vmemmap can be freed for a 64.0 KiB page
[    0.138392] ACPI: Interpreter disabled.
[    0.145210] iommu: Default domain type: Translated
[    0.145252] iommu: DMA domain TLB invalidation policy: strict mode
[    0.145801] SCSI subsystem initialized
[    0.146366] usbcore: registered new interface driver usbfs
[    0.146431] usbcore: registered new interface driver hub
[    0.146493] usbcore: registered new device driver usb
[    0.148751] pps_core: LinuxPPS API ver. 1 registered
[    0.148774] pps_core: Software ver. 5.3.6 - Copyright 2005-2007 Rodolfo Giometti <giometti@linux.it>
[    0.148815] PTP clock support registered
[    0.149105] EDAC MC: Ver: 3.0.0
[    0.149904] scmi_core: SCMI protocol bus registered
[    0.151965] FPGA manager framework
[    0.153731] vgaarb: loaded
[    0.154550] clocksource: Switched to clocksource arch_sys_counter
[    0.154996] VFS: Disk quotas dquot_6.6.0
[    0.155037] VFS: Dquot-cache hash table entries: 512 (order 0, 4096 bytes)
[    0.155657] pnp: PnP ACPI: disabled
[    0.165645] NET: Registered PF_INET protocol family
[    0.165927] IP idents hash table entries: 65536 (order: 7, 524288 bytes, linear)
[    0.170178] tcp_listen_portaddr_hash hash table entries: 2048 (order: 3, 32768 bytes, linear)
[    0.170436] Table-perturb hash table entries: 65536 (order: 6, 262144 bytes, linear)
[    0.170484] TCP established hash table entries: 32768 (order: 6, 262144 bytes, linear)
[    0.170825] TCP bind hash table entries: 32768 (order: 8, 1048576 bytes, linear)
[    0.171911] TCP: Hash tables configured (established 32768 bind 32768)
[    0.172113] UDP hash table entries: 2048 (order: 5, 131072 bytes, linear)
[    0.172318] UDP-Lite hash table entries: 2048 (order: 5, 131072 bytes, linear)
[    0.172731] NET: Registered PF_UNIX/PF_LOCAL protocol family
[    0.173332] RPC: Registered named UNIX socket transport module.
[    0.173359] RPC: Registered udp transport module.
[    0.173375] RPC: Registered tcp transport module.
[    0.173390] RPC: Registered tcp-with-tls transport module.
[    0.173406] RPC: Registered tcp NFSv4.1 backchannel transport module.
[    0.173449] PCI: CLS 0 bytes, default 64
[    0.179050] kvm [1]: nv: 568 coarse grained trap handlers
[    0.179788] kvm [1]: IPA Size Limit: 40 bits
[    0.183734] kvm [1]: vgic-v2@fff20000
[    0.183797] kvm [1]: GIC system register CPU interface enabled
[    0.183846] kvm [1]: vgic interrupt IRQ9
[    0.183889] kvm [1]: Hyp nVHE mode initialized successfully
[    0.186070] Initialise system trusted keyrings
[    0.186394] workingset: timestamp_bits=42 max_order=20 bucket_order=0
[    0.186938] squashfs: version 4.0 (2009/01/31) Phillip Lougher
[    0.187325] NFS: Registering the id_resolver key type
[    0.187367] Key type id_resolver registered
[    0.187385] Key type id_legacy registered
[    0.187431] nfs4filelayout_init: NFSv4 File Layout Driver Registering...
[    0.187455] nfs4flexfilelayout_init: NFSv4 Flexfile Layout Driver Registering...
[    0.187773] 9p: Installing v9fs 9p2000 file system support
[    0.269832] Key type asymmetric registered
[    0.269858] Asymmetric key parser 'x509' registered
[    0.269945] Block layer SCSI generic (bsg) driver version 0.4 loaded (major 244)
[    0.269973] io scheduler mq-deadline registered
[    0.269996] io scheduler kyber registered
[    0.270056] io scheduler bfq registered
[    0.302635] ledtrig-cpu: registered to indicate activity on CPUs
[    0.351766] dma-pl330 ff6d0000.dma-controller: Loaded driver for PL330 DMAC-241330
[    0.351817] dma-pl330 ff6d0000.dma-controller: 	DBUFF-32x8bytes Num_Chans-6 Num_Peri-12 Num_Events-12
[    0.353576] dma-pl330 ff6e0000.dma-controller: Loaded driver for PL330 DMAC-241330
[    0.353606] dma-pl330 ff6e0000.dma-controller: 	DBUFF-128x8bytes Num_Chans-8 Num_Peri-20 Num_Events-16
[    0.380152] Serial: 8250/16550 driver, 4 ports, IRQ sharing enabled

[    0.385126] ff180000.serial: ttyS0 at MMIO 0xff180000 (irq = 24, base_baud = 1500000) is a 16550A
[    0.386693] ff1a0000.serial: ttyS2 at MMIO 0xff1a0000 (irq = 25, base_baud = 1500000) is a 16550A
[    0.386821] printk: legacy console [ttyS2] enabled

[    0.501745] msm_serial: driver initialized
[    0.503143] SuperH (H)SCI(F) driver initialized
[    0.504089] STM32 USART driver initialized
[    0.509736] misc dump reg init
[    0.513198] platform ff650000.video-codec: Adding to iommu group 0
[    0.515297] platform ff660000.video-codec: Adding to iommu group 1
[    0.528982] loop: module loaded
[    0.531740] megasas: 07.734.00.00-rc1
[    0.546471] tun: Universal TUN/TAP device driver, 1.6
[    0.549328] thunder_xcv, ver 1.0
[    0.549719] thunder_bgx, ver 1.0
[    0.550085] nicpf, ver 1.0
[    0.553017] e1000: Intel(R) PRO/1000 Network Driver
[    0.553477] e1000: Copyright (c) 1999-2006 Intel Corporation.
[    0.554056] e1000e: Intel(R) PRO/1000 Network Driver
[    0.554509] e1000e: Copyright(c) 1999 - 2015 Intel Corporation.
[    0.555131] igb: Intel(R) Gigabit Ethernet Network Driver
[    0.555622] igb: Copyright (c) 2007-2014 Intel Corporation.
[    0.556189] igbvf: Intel(R) Gigabit Virtual Function Network Driver
[    0.556755] igbvf: Copyright (c) 2009 - 2012 Intel Corporation.
[    0.558093] sky2: driver version 1.30
[    0.561683] rk_gmac-dwmac fe300000.ethernet: IRQ eth_wake_irq not found
[    0.562302] rk_gmac-dwmac fe300000.ethernet: IRQ sfty not found
[    0.563018] rk_gmac-dwmac fe300000.ethernet: PTP uses main clock
[    0.563829] rk_gmac-dwmac fe300000.ethernet: clock input or output? (input).
[    0.564471] rk_gmac-dwmac fe300000.ethernet: TX delay(0x21).
[    0.564988] rk_gmac-dwmac fe300000.ethernet: RX delay(0x15).
[    0.565508] rk_gmac-dwmac fe300000.ethernet: integrated PHY? (no).
[    0.566070] rk_gmac-dwmac fe300000.ethernet: external PHY reset GPIO described; will use one-shot reset and release before MDIO.
[    0.567210] ------------[ cut here ]------------
[    0.567632] WARNING: CPU: 2 PID: 1 at drivers/reset/core.c:799 __reset_control_get_internal+0x70/0x1d0

[    0.568484] Modules linked in:
[    0.568779] CPU: 2 UID: 0 PID: 1 Comm: swapper/0 Not tainted 6.18.33 #4 PREEMPT 
[    0.569450] Hardware name: Radxa ROCK Pi N10 (DT)
[    0.569878] pstate: 00000005 (nzcv daif -PAN -UAO -TCO -DIT -SSBS BTYPE=--)
[    0.570507] pc : __reset_control_get_internal+0x70/0x1d0
[    0.570996] lr : __of_reset_control_get+0x1b0/0x270
[    0.571447] sp : ffff80008004b990
[    0.571752] x29: ffff80008004b990 x28: ffff800082059068 x27: ffff800081f400b0
[    0.572408] x26: ffff800083034000 x25: 0000000000000001 x24: 0000000000000000
[    0.573063] x23: 0000000000000004 x22: ffff000003591780 x21: 0000000000000089
[    0.573719] x20: ffff0000035917a0 x19: ffff000004fc0940 x18: 0000000000000006
[    0.574375] x17: 6269726373656420 x16: 4f49504720746573 x15: 657220594850206c
[    0.575032] x14: ffffffffffffffff x13: 0000000000000008 x12: 0101010101010101
[    0.575687] x11: 7f7f7f7f7f7f7f7f x10: ffff8000827381f2 x9 : 0000000000000010
[    0.576344] x8 : 0101010101010101 x7 : 00000000736c6c65 x6 : 000080e2f4b63536
[    0.576998] x5 : ffff80008004b9e8 x4 : 0000000000000000 x3 : 0000000000000089
[    0.577653] x2 : 0000000000000004 x1 : 0000000000000089 x0 : 0000000000000005
[    0.578310] Call trace:
[    0.578540]  __reset_control_get_internal+0x70/0x1d0 (P)
[    0.579032]  __of_reset_control_get+0x1b0/0x270
[    0.579453]  __reset_control_get+0x2c/0x1d4
[    0.579843]  __devm_reset_control_get+0x74/0x104
[    0.580274]  rk_gmac_probe+0x320/0x778
[    0.580629]  platform_probe+0x5c/0x98
[    0.580974]  really_probe+0xbc/0x29c
[    0.581314]  __driver_probe_device+0x80/0x160
[    0.581723]  driver_probe_device+0xd8/0x15c
[    0.582116]  __driver_attach+0x90/0x19c
[    0.582478]  bus_for_each_dev+0x7c/0xdc
[    0.582840]  driver_attach+0x24/0x30
[    0.583179]  bus_add_driver+0xe4/0x208
[    0.583533]  driver_register+0x5c/0x124
[    0.583890]  __platform_driver_register+0x24/0x30
[    0.584324]  rk_gmac_dwmac_driver_init+0x1c/0x28
[    0.584754]  do_one_initcall+0x80/0x1c8
[    0.585115]  kernel_init_freeable+0x208/0x2e4
[    0.585522]  kernel_init+0x20/0x1d8
[    0.585856]  ret_from_fork+0x10/0x20
[    0.586193] ---[ end trace 0000000000000000 ]---
[    0.586653] rk_gmac-dwmac fe300000.ethernet: error -EBUSY: v4b: failed to get optional stmmaceth reset
[    0.587527] rk_gmac-dwmac fe300000.ethernet: clock input from PHY
[    0.588083] rk_gmac-dwmac fe300000.ethernet: powerup start: phy_iface=9 clock_input=1 integrated_phy=0 tx=0x21 rx=0x15
[    0.594057] rk_gmac-dwmac fe300000.ethernet: init for RGMII
[    0.594584] rk_gmac-dwmac fe300000.ethernet: rk3399 rgmii applied: GRF_SOC_CON5=0x00000208 GRF_SOC_CON6=0x000095a1 tx=0x21 rx=0x15
[    0.595711] rk_gmac-dwmac fe300000.ethernet: external PHY reset (post-grf-post-power) begin (one-shot)
[    0.662607] rk_gmac-dwmac fe300000.ethernet: external PHY reset (post-grf-post-power) end (one-shot, GPIO released)

[    0.663545] rk_gmac-dwmac fe300000.ethernet: v4a: wait 200ms after GMAC GRF/PHY reset before runtime resume/DMA open
[    0.866567] rk_gmac-dwmac fe300000.ethernet: v4b: MAC reset cycle before runtime resume/DMA open
[    0.867360] rk_gmac-dwmac fe300000.ethernet: v4b-reset after-v4a-settle: no stmmaceth reset controller
[    0.868196] rk_gmac-dwmac fe300000.ethernet: powerup done: phy_iface=9 clock_input=1 integrated_phy=0
[    0.869240] rk_gmac-dwmac fe300000.ethernet: User ID: 0x10, Synopsys ID: 0x35
[    0.869896] rk_gmac-dwmac fe300000.ethernet: 	DWMAC1000
[    0.870375] rk_gmac-dwmac fe300000.ethernet: DMA HW capability register supported
[    0.871072] rk_gmac-dwmac fe300000.ethernet: Active PHY interface: GMII/MII (0)
[    0.871734] rk_gmac-dwmac fe300000.ethernet: RX Checksum Offload Engine supported
[    0.872409] rk_gmac-dwmac fe300000.ethernet: COE Type 2
[    0.872885] rk_gmac-dwmac fe300000.ethernet: TX Checksum insertion supported
[    0.873519] rk_gmac-dwmac fe300000.ethernet: Wake-Up On Lan supported
[    0.874187] rk_gmac-dwmac fe300000.ethernet: Normal descriptors
[    0.874742] rk_gmac-dwmac fe300000.ethernet: Ring mode enabled
[    0.875272] rk_gmac-dwmac fe300000.ethernet: Enable RX Mitigation via HW Watchdog Timer
[    0.952141] VFIO - User Level meta-driver version: 0.3
[    0.964596] usbcore: registered new interface driver usb-storage
[    0.972732] i2c_dev: i2c /dev entries driver
[    0.979629] /i2c@ff3c0000/pmic@20: Fixed dependency cycle(s) with /i2c@ff3c0000/pmic@20/regulators/DCDC_REG4
[    0.980559] /i2c@ff3c0000/pmic@20: Fixed dependency cycle(s) with /i2c@ff3c0000/pmic@20/regulators/DCDC_REG5
[    1.005629] dwmmc_rockchip fe310000.mmc: IDMAC supports 32-bit address mode.
[    1.006325] dwmmc_rockchip fe310000.mmc: Using internal DMA controller.
[    1.007001] dwmmc_rockchip fe310000.mmc: Version ID is 270a
[    1.007578] dwmmc_rockchip fe310000.mmc: DW MMC controller at irq 38,32 bit host data width,256 deep fifo
[    1.009041] phy phy-ff770000.syscon:phy@f780.0: Runtime PM usage count underflow!
[    1.009839] mmc0: CQHCI version 5.10
[    1.017513] usbcore: registered new interface driver usbhid
[    1.018049] usbhid: USB HID core driver
[    1.026362] hw perfevents: enabled with armv8_cortex_a53 PMU driver, 7 (0,8000003f) counters available
[    1.027494] armv8-pmu pmu_a72: hw perfevents: failed to probe PMU!
[    1.034749] mmc0: SDHCI controller on fe330000.mmc [fe330000.mmc] using ADMA
[    1.040594] NET: Registered PF_PACKET protocol family
[    1.041194] 9pnet: Installing 9P2000 support
[    1.041672] Key type dns_resolver registered
[    1.060024] registered taskstats version 1
[    1.060714] Loading compiled-in X.509 certificates
[    1.075367] Demotion targets for Node 0: null
[    1.099116] phy phy-ff770000.syscon:phy@f780.0: Runtime PM usage count underflow!
[    1.099886] phy phy-ff770000.syscon:phy@f780.0: Runtime PM usage count underflow!
[    1.101417] phy phy-ff770000.syscon:phy@f780.0: Runtime PM usage count underflow!
[    1.102184] phy phy-ff770000.syscon:phy@f780.0: Runtime PM usage count underflow!
[    1.102926] phy phy-ff770000.syscon:phy@f780.0: Runtime PM usage count underflow!
[    1.106077] mmc0: Command Queue Engine enabled
[    1.106571] mmc0: new HS400 Enhanced strobe MMC card at address 0001
[    1.108770] mmcblk0: mmc0:0001 DF4016 14.7 GiB
[    1.116972]  mmcblk0: p1 p2 p3 p4 p5 p6
[    1.119294] mmcblk0boot0: mmc0:0001 DF4016 4.00 MiB
[    1.122110] mmcblk0boot1: mmc0:0001 DF4016 4.00 MiB
[    1.125044] mmcblk0rpmb: mmc0:0001 DF4016 4.00 MiB, chardev (511:0)
[    1.137055] phy phy-ff770000.syscon:usb2phy@e450.8: Runtime PM usage count underflow!
[    1.144451] phy phy-ff770000.syscon:usb2phy@e450.8: Runtime PM usage count underflow!
[    1.145197] xhci-hcd xhci-hcd.0.auto: xHCI Host Controller
[    1.145718] xhci-hcd xhci-hcd.0.auto: new USB bus registered, assigned bus number 1
[    1.150663] xhci-hcd xhci-hcd.0.auto: hcc params 0x0220fe64 hci version 0x110 quirks 0x0000808002000010
[    1.151578] xhci-hcd xhci-hcd.0.auto: irq 45, io mem 0xfe800000
[    1.152426] xhci-hcd xhci-hcd.0.auto: xHCI Host Controller
[    1.152946] xhci-hcd xhci-hcd.0.auto: new USB bus registered, assigned bus number 2
[    1.153003] phy phy-ff770000.syscon:usb2phy@e450.7: Runtime PM usage count underflow!
[    1.153649] xhci-hcd xhci-hcd.0.auto: Host supports USB 3.0 SuperSpeed
[    1.156076] hub 1-0:1.0: USB hub found
[    1.156500] hub 1-0:1.0: 1 port detected
[    1.156759] ehci-platform fe380000.usb: EHCI Host Controller
[    1.157333] usb usb2: We don't know the algorithms for LPM for this host, disabling LPM.
[    1.159211] hub 2-0:1.0: USB hub found
[    1.159624] hub 2-0:1.0: 1 port detected
[    1.160527] phy phy-ff770000.syscon:usb2phy@e460.9: Runtime PM usage count underflow!
[    1.160676] ehci-platform fe380000.usb: new USB bus registered, assigned bus number 3
[    1.162127] ehci-platform fe380000.usb: irq 46, io mem 0xfe380000
[    1.163532] ehci-platform fe3c0000.usb: EHCI Host Controller
[    1.164101] ehci-platform fe3c0000.usb: new USB bus registered, assigned bus number 4
[    1.164993] ehci-platform fe3c0000.usb: irq 47, io mem 0xfe3c0000
[    1.165264] phy phy-ff770000.syscon:usb2phy@e450.7: Runtime PM usage count underflow!
[    1.166277] ohci-platform fe3a0000.usb: Generic Platform OHCI controller
[    1.166940] ohci-platform fe3a0000.usb: new USB bus registered, assigned bus number 5
[    1.167846] ohci-platform fe3a0000.usb: irq 48, io mem 0xfe3a0000
[    1.167975] phy phy-ff770000.syscon:usb2phy@e460.9: Runtime PM usage count underflow!
[    1.169279] ohci-platform fe3e0000.usb: Generic Platform OHCI controller
[    1.169907] ohci-platform fe3e0000.usb: new USB bus registered, assigned bus number 6
[    1.170744] ohci-platform fe3e0000.usb: irq 74, io mem 0xfe3e0000
[    1.174719] ehci-platform fe380000.usb: USB 2.0 started, EHCI 1.00

[    1.176301] hub 3-0:1.0: USB hub found
[    1.176689] hub 3-0:1.0: 1 port detected
[    1.190565] ehci-platform fe3c0000.usb: USB 2.0 started, EHCI 1.00
[    1.192155] hub 4-0:1.0: USB hub found
[    1.192563] hub 4-0:1.0: 1 port detected
[    1.198015] vcc_buck5: Bringing 3300000uV into 2200000-2200000uV
[    1.205835] vcca_1v8: Bringing 1800000uV into 1850000-1850000uV
[    1.208867] vdd1v5_dvp: Bringing 1800000uV into 1500000-1500000uV
[    1.225531] rk808-rtc rk808-rtc.4.auto: registered as rtc0
[    1.226951] rk808-rtc rk808-rtc.4.auto: setting system clock to 2017-08-05T09:00:10 UTC (1501923610)
[    1.227722] hub 5-0:1.0: USB hub found
[    1.228163] hub 5-0:1.0: 1 port detected
[    1.231823] hub 6-0:1.0: USB hub found
[    1.232240] hub 6-0:1.0: 1 port detected
[    1.234314] cpu cpu0: EM: created perf domain
[    1.245672] dwmmc_rockchip fe320000.mmc: IDMAC supports 32-bit address mode.
[    1.246365] dwmmc_rockchip fe320000.mmc: Using internal DMA controller.
[    1.246634] rockchip-pcie f8000000.pcie: host bridge /pcie@f8000000 ranges:
[    1.246994] dwmmc_rockchip fe320000.mmc: Version ID is 270a
[    1.247642] rockchip-pcie f8000000.pcie:      MEM 0x00fa000000..0x00fbdfffff -> 0x00fa000000
[    1.248144] dwmmc_rockchip fe320000.mmc: DW MMC controller at irq 75,32 bit host data width,256 deep fifo
[    1.248511] dwmmc_rockchip fe310000.mmc: IDMAC supports 32-bit address mode.
[    1.248546] dwmmc_rockchip fe310000.mmc: Using internal DMA controller.
[    1.248556] dwmmc_rockchip fe310000.mmc: Version ID is 270a
[    1.248576] dwmmc_rockchip fe310000.mmc: DW MMC controller at irq 38,32 bit host data width,256 deep fifo
[    1.248876] rockchip-pcie f8000000.pcie:       IO 0x00fbe00000..0x00fbefffff -> 0x00fbe00000
[    1.253355] dwmmc_rockchip fe320000.mmc: Got CD GPIO
[    1.253573] rockchip-pcie f8000000.pcie: no vpcie12v regulator found
[    1.255102] phy phy-ff770000.syscon:pcie-phy.1: Runtime PM usage count underflow!
[    1.255776] phy phy-ff770000.syscon:pcie-phy.2: Runtime PM usage count underflow!
[    1.256441] phy phy-ff770000.syscon:pcie-phy.3: Runtime PM usage count underflow!
[    1.257105] phy phy-ff770000.syscon:pcie-phy.4: Runtime PM usage count underflow!
[    1.267276] mmc_host mmc1: Bus speed = 400000Hz (req 400000Hz, actual 400000HZ div = 0)
[    1.325761] mmc_host mmc1: Bus speed = 50000000Hz (req 50000000Hz, actual 50000000HZ div = 0)
[    1.327178] mmc1: new high speed SDHC card at address 0001
[    1.328939] mmcblk1: mmc1:0001 SD16G 14.4 GiB
[    1.342452] GPT:Primary header thinks Alt. header is not at the end of the disk.
[    1.343170] GPT:7225343 != 30203903
[    1.343491] GPT:Alternate GPT header not at the end of the disk.
[    1.344027] GPT:7225343 != 30203903
[    1.344345] GPT: Use GNU Parted to correct GPT errors.
[    1.344830]  mmcblk1: p1 p2
[    1.438890] usb 4-1: new high-speed USB device number 2 using ehci-platform
[    1.586326] hub 4-1:1.0: USB hub found
[    1.587228] hub 4-1:1.0: 4 ports detected
[    1.962940] rockchip-pcie f8000000.pcie: PCIe link training gen1 timeout!
[    1.963585] phy phy-ff770000.syscon:pcie-phy.4: Runtime PM usage count underflow!
[    1.964275] phy phy-ff770000.syscon:pcie-phy.3: Runtime PM usage count underflow!
[    1.964962] phy phy-ff770000.syscon:pcie-phy.2: Runtime PM usage count underflow!
[    1.965650] phy phy-ff770000.syscon:pcie-phy.1: Runtime PM usage count underflow!
[    1.966335] phy phy-ff770000.syscon:pcie-phy.4: Runtime PM usage count underflow!
[    1.967050] phy phy-ff770000.syscon:pcie-phy.3: Runtime PM usage count underflow!
[    1.967737] phy phy-ff770000.syscon:pcie-phy.2: Runtime PM usage count underflow!
[    1.968421] phy phy-ff770000.syscon:pcie-phy.1: Runtime PM usage count underflow!
[    1.969137] rockchip-pcie f8000000.pcie: probe with driver rockchip-pcie failed with error -110
[    1.990045] dwmmc_rockchip fe310000.mmc: IDMAC supports 32-bit address mode.
[    1.990269] clk: Disabling unused clocks
[    1.990771] dwmmc_rockchip fe310000.mmc: Using internal DMA controller.
[    1.991679] dwmmc_rockchip fe310000.mmc: Version ID is 270a
[    1.991853] PM: genpd: Disabling unused power domains
[    1.992202] dwmmc_rockchip fe310000.mmc: DW MMC controller at irq 38,32 bit host data width,256 deep fifo
[    1.993558] check access for rdinit=/init failed: -2, ignoring
[    1.994079] Waiting 10 sec before mounting root device...
[   12.007767] platform sdio-pwrseq: deferred probe pending: pwrseq_simple: external clock not ready
[   12.008624] rockchip-pm-domain ff310000.power-management:power-controller: sync_state() pending due to fe310000.mmc
[   12.009574] rockchip-pm-domain ff310000.power-management:power-controller: sync_state() pending due to ff650000.video-codec
[   12.010647] rockchip-pm-domain ff310000.power-management:power-controller: sync_state() pending due to ff660000.video-codec
[   12.011670] rockchip-pm-domain ff310000.power-management:power-controller: sync_state() pending due to ff680000.rga
[   12.012625] rockchip-pm-domain ff310000.power-management:power-controller: sync_state() pending due to ff940000.hdmi
[   12.014225] dwmmc_rockchip fe310000.mmc: IDMAC supports 32-bit address mode.
[   12.014931] dwmmc_rockchip fe310000.mmc: Using internal DMA controller.
[   12.015531] dwmmc_rockchip fe310000.mmc: Version ID is 270a
[   12.016063] dwmmc_rockchip fe310000.mmc: DW MMC controller at irq 38,32 bit host data width,256 deep fifo
[   12.019801] EXT4-fs (mmcblk1p2): mounted filesystem d52f7f8b-fa0e-4c9f-a552-d6df4329ac87 r/w with writeback data mode. Quota mode: none.
[   12.021030] VFS: Mounted root (ext4 filesystem) on device 179:98.
[   12.023514] devtmpfs: mounted
[   12.029325] Freeing unused kernel memory: 11840K
[   12.029929] Run /sbin/init as init process

[   12.902505] systemd[1]: System time advanced to built-in epoch: Tue 2026-04-14 03:38:05 CST
[   13.009586] systemd[1]: systemd 257.13-1~deb13u1 running in system mode (+PAM +AUDIT +SELINUX +APPARMOR +IMA +IPE +SMACK +SECCOMP +GCRYPT -GNUTLS +OPENSSL +ACL +BLKID +CURL +ELFUTILS +FIDO2 +IDN2 -IDN +IPTC +KMOD +LIBCRYPTSETUP +LIBCRYPTSETUP_PLUGINS +LIBFDISK +PCRE2 +PWQUALITY +P11KIT +QRENCODE +TPM2 +BZIP2 +LZ4 +XZ +ZLIB +ZSTD +BPF_FRAMEWORK +BTF -XKBCOMMON -UTMP +SYSVINIT +LIBARCHIVE)
[   13.012778] systemd[1]: Detected architecture arm64.
[   13.033149] systemd[1]: Hostname set to <armbian>.
[   13.442432] systemd[1]: bpf-restrict-fs: BPF LSM hook not enabled in the kernel, BPF LSM not supported.
[   13.825416] systemd[1]: Binding to IPv6 address not available since kernel does not support IPv6.
[   13.826285] systemd[1]: Binding to IPv6 address not available since kernel does not support IPv6.
[   14.062075] systemd[1]: Queued start job for default target multi-user.target.
[   14.118500] systemd[1]: Created slice system-getty.slice - Slice /system/getty.
[   14.122379] systemd[1]: Created slice system-modprobe.slice - Slice /system/modprobe.
[   14.126045] systemd[1]: Created slice system-serial\x2dgetty.slice - Slice /system/serial-getty.
[   14.129178] systemd[1]: Created slice user.slice - User and Session Slice.
[   14.130626] systemd[1]: Started systemd-ask-password-console.path - Dispatch Password Requests to Console Directory Watch.
[   14.132256] systemd[1]: Started systemd-ask-password-wall.path - Forward Password Requests to Wall Directory Watch.
[   14.133673] systemd[1]: proc-sys-fs-binfmt_misc.automount - Arbitrary Executable File Formats File System Automount Point skipped, unmet condition check ConditionPathExists=/proc/sys/fs/binfmt_misc
[   14.135433] systemd[1]: Expecting device dev-ttyS2.device - /dev/ttyS2...
[   14.136495] systemd[1]: Reached target nfs-client.target - NFS client services.
[   14.137520] systemd[1]: Reached target paths.target - Path Units.
[   14.138471] systemd[1]: Reached target slices.target - Slice Units.
[   14.139415] systemd[1]: Reached target swap.target - Swaps.
[   14.152255] systemd[1]: Listening on rpcbind.socket - RPCbind Server Activation Socket.
[   14.154090] systemd[1]: Listening on syslog.socket - Syslog Socket.
[   14.162858] systemd[1]: Listening on systemd-creds.socket - Credential Encryption/Decryption.
[   14.164652] systemd[1]: Listening on systemd-initctl.socket - initctl Compatibility Named Pipe.
[   14.166270] systemd[1]: Listening on systemd-journald-dev-log.socket - Journal Socket (/dev/log).
[   14.168191] systemd[1]: Listening on systemd-journald.socket - Journal Sockets.
[   14.169366] systemd[1]: systemd-pcrextend.socket - TPM PCR Measurements skipped, unmet condition check ConditionSecurity=measured-uki
[   14.170600] systemd[1]: systemd-pcrlock.socket - Make TPM PCR Policy skipped, unmet condition check ConditionSecurity=measured-uki
[   14.172384] systemd[1]: Listening on systemd-udevd-control.socket - udev Control Socket.
[   14.173946] systemd[1]: Listening on systemd-udevd-kernel.socket - udev Kernel Socket.
[   14.181375] systemd[1]: Mounting dev-hugepages.mount - Huge Pages File System...
[   14.186637] systemd[1]: Mounting dev-mqueue.mount - POSIX Message Queue File System...
[   14.193178] systemd[1]: Mounting run-lock.mount - Legacy Locks Directory /run/lock...
[   14.204913] systemd[1]: Mounting sys-kernel-debug.mount - Kernel Debug File System...
[   14.211188] systemd[1]: sys-kernel-tracing.mount - Kernel Trace File System skipped, unmet condition check ConditionPathExists=/sys/kernel/tracing
[   14.252005] systemd[1]: Mounting tmp.mount - Temporary Directory /tmp...
[   14.253342] systemd[1]: auth-rpcgss-module.service - Kernel Module supporting RPCSEC_GSS skipped, unmet condition check ConditionPathExists=/etc/krb5.keytab
[   14.259627] systemd[1]: Starting fake-hwclock-load.service - Restore the current clock...
[   14.260873] systemd[1]: kmod-static-nodes.service - Create List of Static Device Nodes skipped, unmet condition check ConditionFileNotEmpty=/lib/modules/6.18.33/modules.devname
[   14.267657] systemd[1]: Starting modprobe@fuse.service - Load Kernel Module fuse...
[   14.271049] systemd[1]: systemd-hibernate-clear.service - Clear Stale Hibernate Storage Info skipped, unmet condition check ConditionPathExists=/sys/firmware/efi/efivars/HibernateLocation-8cf2644b-4b0b-428f-9387-6d876050dc67
[   14.281832] systemd[1]: systemd-hwdb-update.service - Rebuild Hardware Database skipped, unmet condition check ConditionNeedsUpdate=/etc
[   14.292311] systemd[1]: Starting systemd-journald.service - Journal Service...
[   14.308234] systemd[1]: Starting systemd-modules-load.service - Load Kernel Modules...
[   14.309949] systemd[1]: systemd-pcrmachine.service - TPM PCR Machine ID Measurement skipped, unmet condition check ConditionSecurity=measured-uki
[   14.316626] systemd[1]: Starting systemd-tmpfiles-setup-dev-early.service - Create Static Device Nodes in /dev gracefully...
[   14.322940] systemd[1]: systemd-tpm2-setup-early.service - Early TPM SRK Setup skipped, unmet condition check ConditionSecurity=measured-uki
[   14.324322] systemd[1]: systemd-tpm2-setup.service - TPM SRK Setup skipped, unmet condition check ConditionSecurity=measured-uki
[   14.331277] systemd[1]: Starting systemd-udev-load-credentials.service - Load udev Rules from Credentials...
[   14.343091] systemd[1]: Starting systemd-udev-trigger.service - Coldplug All udev Devices...
[   14.352470] systemd[1]: Mounted dev-hugepages.mount - Huge Pages File System.
[   14.354344] systemd[1]: Mounted dev-mqueue.mount - POSIX Message Queue File System.
[   14.356492] systemd[1]: Mounted run-lock.mount - Legacy Locks Directory /run/lock.
[   14.358443] systemd[1]: Mounted sys-kernel-debug.mount - Kernel Debug File System.
[   14.360329] systemd[1]: Mounted tmp.mount - Temporary Directory /tmp.
[   14.362726] systemd[1]: modprobe@fuse.service: Deactivated successfully.
[   14.365196] systemd[1]: Finished modprobe@fuse.service - Load Kernel Module fuse.
[   14.371144] systemd[1]: sys-fs-fuse-connections.mount - FUSE Control File System skipped, unmet condition check ConditionPathExists=/sys/fs/fuse/connections
[   14.431925] systemd[1]: Finished systemd-modules-load.service - Load Kernel Modules.
[   14.439431] systemd[1]: Starting systemd-sysctl.service - Apply Kernel Variables...
[   14.441711] systemd[1]: fake-hwclock-load.service: Deactivated successfully.
[   14.443393] systemd[1]: Finished fake-hwclock-load.service - Restore the current clock.
[   14.475948] systemd[1]: Finished systemd-udev-load-credentials.service - Load udev Rules from Credentials.
[   14.479738] systemd-journald[117]: Collecting audit messages is disabled.
[   14.543012] systemd[1]: Finished systemd-tmpfiles-setup-dev-early.service - Create Static Device Nodes in /dev gracefully.
[   14.544971] systemd[1]: systemd-sysusers.service - Create System Users skipped, no trigger condition checks were met.
[   14.555169] systemd[1]: Starting systemd-tmpfiles-setup-dev.service - Create Static Device Nodes in /dev...
[   14.563084] systemd[1]: Finished systemd-sysctl.service - Apply Kernel Variables.
[   14.611657] systemd[1]: Started systemd-journald.service - Journal Service.
[   14.732981] systemd-journald[117]: Received client request to flush runtime journal.
[   14.964286] systemd-journald[117]: /var/log/journal/63f6b85b0c1e8dbfdd4367466a1d5eef/system.journal: Realtime clock jumped backwards relative to last journal entry, rotating.
[   14.965717] systemd-journald[117]: Rotating system journal.
[   17.299562] systemd-journald[117]: Received client request to relinquish /var/log/journal/63f6b85b0c1e8dbfdd4367466a1d5eef access.
[   19.354614] random: crng init done
[   20.731844] rk_gmac-dwmac fe300000.ethernet eth0: Register MEM_TYPE_PAGE_POOL RxQ-0
[   20.738287] rk_gmac-dwmac fe300000.ethernet eth0: PHY [stmmac-0:00] driver [YT8521 Gigabit Ethernet] (irq=POLL)
[   20.946858] rk_gmac-dwmac fe300000.ethernet eth0: Failed to reset the dma
[   20.947526] rk_gmac-dwmac fe300000.ethernet eth0: stmmac_hw_setup: DMA engine initialization failed
[   20.948355] rk_gmac-dwmac fe300000.ethernet eth0: __stmmac_open: Hw setup failed
[   21.818417] dw-apb-uart ff1a0000.serial: forbid DMA for kernel console
[!p]104[?7h[6n[32766;32766H[6n[!p]104[?7h[6n[32766;32766H[6n


armbian login: root (automatic login)


[38;2;247;16;0m    _             _    _                             __  __ _    _      _ 
   /_\  _ _ _ __ | |__(_)__ _ _ _ ___ _  _ _ _  ___ / _|/ _(_)__(_)__ _| |
  / _ \| '_| '  \| '_ \ / _` | ' \___| || | ' \/ _ \  _|  _| / _| / _` | |
 /_/ \_\_| |_|_|_|_.__/_\__,_|_||_|   \_,_|_||_\___/_| |_| |_\__|_\__,_|_|
                                                                          [0m
 [0;92mv26.05.0[0m for lpa3399pro running Armbian Linux [0;92m6.18.33[0m

 Packages:     Debian [0;92mstable[0m (trixie)

[0;90m Performance:  [0m

 Load:        [0;92m 13%[0m           	 Uptime:         [92m1m[0m	
 Memory usage:[0;92m 3%[0m of 3.66G  	
 CPU temp:    [0;92m 30°C[0m           	 Usage of /:  [0;92m 64%[0m of 2.9G   	

[?2004hroot@armbian:~# 