DDR Version 1.24 20191016
In
Channel 0: LPDDR3, 800MHz
CS = 0
MR0=0x58
MR1=0x58
MR2=0x58
MR3=0x58
MR4=0x2
MR5=0x1
MR6=0x16
MR7=0x0
MR8=0x1F
MR9=0x1F

MR10=0x1F
MR11=0x1F
MR12=0x1F
MR13=0x1F
MR14=0x1F
MR15=0x1F
MR16=0x1F
CS = 1
MR0=0x58
MR1=0x58
MR2=0x58
MR3=0x58
MR4=0x2
MR5=0x1
MR6=0x16
MR7=0x0
MR8=0x1F
MR9=0x1F
MR10=0x1F
MR11=0x1F
MR12=0x1F
MR13=0x1F
MR14=0x1F
MR15=0x1F
MR16=0x1F
Bus Width=32 Col=10 Bank=8 Row=15/15 CS=2 Die Bus-Width=32 Size=2048MB
Channel 1: LPDDR3, 800MHz
CS = 0
MR0=0x58
MR1=0x58
MR2=0x58
MR3=0x58

MR4=0x2
MR5=0x1
MR6=0x16
MR7=0x0
MR8=0x1F
MR9=0x1F
MR10=0x1F
MR11=0x1F
MR12=0x1F
MR13=0x1F
MR14=0x1F
MR15=0x1F
MR16=0x1F
CS = 1
MR0=0x58
MR1=0x58
MR2=0x58
MR3=0x58
MR4=0x2
MR5=0x1
MR6=0x16
MR7=0x0
MR8=0x1F
MR9=0x1F
MR10=0x1F
MR11=0x1F
MR12=0x1F
MR13=0x1F
MR14=0x1F
MR15=0x1F
MR16=0x1F
Bus Width=32 Col=10 Bank=8 Row=15/15 CS=2 Die Bus-Width=32 Size=2048MB
256B stride
ch 0 ddrconfig = 0x101, ddrsize = 0x2020
ch 1 ddrconfig = 0x101, ddrsize = 0x2020
pmugrf_os_reg[2] = 0x3AA0DAA0, stride = 0xD
OUT
Boot1 Release Time: May 29 2020 17:36:36, version: 1.26
CPUId = 0x0
ChipType = 0x10, 341
SdmmcInit=2 0
BootCapSize=100000
UserCapSize=15028MB
FwPartOffset=2000 , 100000
mmc0:cmd5,20
SdmmcInit=0 0
BootCapSize=0
UserCapSize=14748MB
FwPartOffset=2000 , 0
StorageInit ok = 125108
SecureMode = 0
SecureInit read PBA: 0x4
SecureInit read PBA: 0x404
SecureInit read PBA: 0x804
SecureInit read PBA: 0xc04
SecureInit read PBA: 0x1004
SecureInit read PBA: 0x1404
SecureInit read PBA: 0x1804
SecureInit read PBA: 0x1c04
SecureInit ret = 0, SecureMode = 0
atags_set_bootdev: ret:(0)
GPT part:  0, name:          primary, start:0x8000, size:0xff800
GPT part:  1, name:          primary, start:0x108000, size:0x5db800
no find partition:uboot.
Trust Addr:0x4000, 0x58334c42
No find bl30.bin
Load uboot, ReadLba = 2000
Load OK, addr=0x200000, size=0xfc8c0
RunBL31 0x40000 @ 302152 us
NOTICE:  BL31: v1.3(release):845ee93
NOTICE:  BL31: Built : 15:51:11, Jul 22 2020
NOTICE:  BL31: Rockchip release version: v1.1
INFO:    GICv3 with legacy support detected. ARM GICV3 driver initialized in EL3
INFO:    Using opteed sec cpu_context!
INFO:    boot cpu mask: 0
INFO:    plat_rockchip_pmu_init(1196): pd status 3e
INFO:    BL31: Initializing runtime services
INFO:    BL31: Initializing BL32
INF [0x0] TEE-CORE:init_primary_helper:337: Initializing (1.1.0-266-gee81607c #1 Mon Aug 17 09:23:30 UTC 2020 aarch64)


INF [0x0] TEE-CORE:init_primary_helper:338: Release version: 1.2


INF [0x0] TEE-CORE:init_teecore:83: teecore inits done

INFO:    BL31: Preparing for EL3 exit to normal world
INFO:    Entry point address = 0x200000
INFO:    SPSR = 0x3c9



U-Boot 2017.09 (Jun 06 2026 - 14:10:22 +0000)

Model: Rockchip RK3399 Evaluation Board
PreSerial: 2, raw, 0xff1a0000
DRAM:  3.8 GiB
Sysmem: init
Relocation Offset: f5bc7000, fdt: f3dbb358 
no mmc device at slot 1
Found IDB in SDcard
dwmmc@fe320000: 1 (SD), sdhci@fe330000: 0
Bootdev(atags): mmc 1
MMC1: Legacy, 50Mhz
PartType: EFI
No resource partition
Failed to load DTB
Failed to get kernel dtb, ret=-19
io-domain: OK
*** Warning - bad CRC, using default environment

Model: Rockchip RK3399 Evaluation Board
rockchip_set_serialno: could not find efuse/otp device
No misc partition
boot mode: None
CLK: (uboot. arml: enter 400000 KHz, init 816000 KHz, kernel 0N/A)
CLK: (uboot. armb: enter 24000 KHz, init 816000 KHz, kernel 0N/A)
  aplll 816000 KHz
  apllb 816000 KHz
  dpll 800000 KHz
  cpll 24000 KHz
  gpll 800000 KHz
  npll 600000 KHz
  vpll 24000 KHz
  aclk_perihp 133333 KHz
  hclk_perihp 66666 KHz
  pclk_perihp 33333 KHz
  aclk_perilp0 266666 KHz
  hclk_perilp0 88888 KHz
  pclk_perilp0 44444 KHz
  hclk_perilp1 100000 KHz
  pclk_perilp1 50000 KHz
EC20_PWREN = -2
EC20_RESET = -2
------ ec20_init  ------
EC20_PWRKEY = -2
EC20_PWRKEY = -2
Net:   No ethernet found.
Hit key to stop autoboot('CTRL+C'):  5  4  3  2  1  0 
Could not find misc partition
ANDROID: reboot reason: "(none)"
optee api revision: 2.0
TEEC: Waring: Could not find security partition
Not AVB images, AVB skip
android_image_load_by_partname: Can't find part: boot
Android image load failed
Android boot failed, error -1.
Could not find misc partition
Could not find primary part
switch to partitions #0, OK
mmc1 is current device
Scanning mmc 1:1...
Found /extlinux/extlinux.conf
Retrieving file: /extlinux/extlinux.conf
355 bytes read in 22 ms (15.6 KiB/s)
1:	Armbian
Retrieving file: /Image
49678848 bytes read in 2170 ms (21.8 MiB/s)
append: root=UUID=d52f7f8b-fa0e-4c9f-a552-d6df4329ac87 rootflags=data=writeback rw rootwait rootdelay=10 rootfstype=ext4 console=ttyS2,1500000 console=tty1 panic=0 usbcore.autosuspend=-1 initcall_blacklist=psci_checker printk.devkmsg=on log_buf_len=16M net.ifnames=0
Retrieving file: /dtb/rockchip/rk3399pro-neardi-linux-lc110-base.dtb
60186 bytes read in 256 ms (229.5 KiB/s)
Fdt Ramdisk skip relocation
## Flattened Device Tree blob at 08300000
   Booting using the fdt blob at 0x8300000
   Using Device Tree in place at 0000000008300000, end 0000000008311b19
can't found rockchip,drm-logo, use rockchip,fb-logo
WARNING: could not set reg FDT_ERR_BADOFFSET.
failed to reserve fb-loader-logo memory
Adding bank: 0x00200000 - 0x08400000 (size: 0x08200000)
Adding bank: 0x0a200000 - 0xf8000000 (size: 0xede00000)
Total: 8245.131 ms

Starting kernel ...

[    0.000000] Booting Linux on physical CPU 0x0000000000 [0x410fd034]
[    0.000000] Linux version 6.18.33 (henry@Inspiron-7520) (aarch64-linux-gnu-gcc (Ubuntu 13.3.0-6ubuntu2~24.04.1) 13.3.0, GNU ld (GNU Binutils for Ubuntu) 2.42) #1 SMP PREEMPT Wed Jun 17 16:24:23 CST 2026
[    0.000000] KASLR disabled due to lack of seed
[    0.000000] Machine model: Radxa ROCK Pi N10
[    0.000000] efi: UEFI not found.
[    0.000000] OF: reserved mem: Reserved memory: No reserved-memory node in the DT
[    0.000000] NUMA: Faking a node at [mem 0x0000000000200000-0x00000000f7ffffff]
[    0.000000] NODE_DATA(0) allocated [mem 0xf77f6880-0xf77f8eff]
[    0.000000] Zone ranges:
[    0.000000]   DMA      [mem 0x0000000000200000-0x00000000f7ffffff]
[    0.000000]   DMA32    empty
[    0.000000]   Normal   empty
[    0.000000] Movable zone start for each node
[    0.000000] Early memory node ranges
[    0.000000]   node   0: [mem 0x0000000000200000-0x00000000083fffff]
[    0.000000]   node   0: [mem 0x000000000a200000-0x00000000f7ffffff]
[    0.000000] Initmem setup node 0 [mem 0x0000000000200000-0x00000000f7ffffff]
[    0.000000] On node 0, zone DMA: 512 pages in unavailable ranges
[    0.000000] On node 0, zone DMA: 7680 pages in unavailable ranges
[    0.000000] cma: Reserved 32 MiB at 0x00000000f1800000
[    0.000000] psci: probing for conduit method from DT.
[    0.000000] psci: PSCIv1.0 detected in firmware.
[    0.000000] psci: Using standard PSCI v0.2 function IDs
[    0.000000] psci: Trusted OS migration not required
[    0.000000] psci: SMC Calling Convention v1.0
[    0.000000] percpu: Embedded 25 pages/cpu s62552 r8192 d31656 u102400
[    0.000000] Detected VIPT I-cache on CPU0
[    0.000000] CPU features: detected: GICv3 CPU interface
[    0.000000] CPU features: detected: ARM erratum 845719
[    0.000000] alternatives: applying boot alternatives
[    0.000000] Kernel command line: root=UUID=d52f7f8b-fa0e-4c9f-a552-d6df4329ac87 rootflags=data=writeback rw rootwait rootdelay=10 rootfstype=ext4 console=ttyS2,1500000 console=tty1 panic=0 usbcore.autosuspend=-1 initcall_blacklist=psci_checker printk.devkmsg=on log_buf_len=16M net.ifnames=0
[    0.000000] printk: log buffer data + meta data: 16777216 + 58720256 = 75497472 bytes
[    0.000000] printk: early log buf free: 128888(98%)
[    0.000000] Dentry cache hash table entries: 524288 (order: 10, 4194304 bytes, linear)
[    0.000000] Inode-cache hash table entries: 262144 (order: 9, 2097152 bytes, linear)
[    0.000000] software IO TLB: SWIOTLB bounce buffer size adjusted to 3MB
[    0.000000] software IO TLB: area num 8.
[    0.000000] software IO TLB: mapped [mem 0x00000000ec600000-0x00000000eca00000] (4MB)
[    0.000000] Fallback order for Node 0: 0 
[    0.000000] Built 1 zonelists, mobility grouping on.  Total pages: 1007616
[    0.000000] Policy zone: DMA
[    0.000000] mem auto-init: stack:all(zero), heap alloc:off, heap free:off
[    0.000000] SLUB: HWalign=64, Order=0-3, MinObjects=0, CPUs=6, Nodes=1
[    0.000000] rcu: Preemptible hierarchical RCU implementation.
[    0.000000] rcu: 	RCU event tracing is enabled.
[    0.000000] rcu: 	RCU restricting CPUs from NR_CPUS=512 to nr_cpu_ids=6.
[    0.000000] 	Trampoline variant of Tasks RCU enabled.
[    0.000000] 	Tracing variant of Tasks RCU enabled.
[    0.000000] rcu: RCU calculated value of scheduler-enlistment delay is 25 jiffies.
[    0.000000] rcu: Adjusting geometry for rcu_fanout_leaf=16, nr_cpu_ids=6
[    0.000000] RCU Tasks: Setting shift to 3 and lim to 1 rcu_task_cb_adjust=1 rcu_task_cpu_ids=6.
[    0.000000] RCU Tasks Trace: Setting shift to 3 and lim to 1 rcu_task_cb_adjust=1 rcu_task_cpu_ids=6.
[    0.000000] NR_IRQS: 64, nr_irqs: 64, preallocated irqs: 0
[    0.000000] GICv3: GIC: Using split EOI/Deactivate mode
[    0.000000] GICv3: 256 SPIs implemented
[    0.000000] GICv3: 0 Extended SPIs implemented
[    0.000000] Root IRQ handler: gic_handle_irq
[    0.000000] GICv3: GICv3 features: 16 PPIs
[    0.000000] GICv3: GICD_CTLR.DS=0, SCR_EL3.FIQ=1
[    0.000000] GICv3: CPU0: found redistributor 0 region 0:0x00000000fef00000
[    0.000000] ITS [mem 0xfee20000-0xfee3ffff]
[    0.000000] ITS@0x00000000fee20000: allocated 65536 Devices @3880000 (flat, esz 8, psz 64K, shr 0)
[    0.000000] ITS: using cache flushing for cmd queue
[    0.000000] GICv3: using LPI property table @0x0000000003860000
[    0.000000] GIC: using cache flushing for LPI property table
[    0.000000] GICv3: CPU0: using allocated LPI pending table @0x0000000003870000
[    0.000000] GICv3: GIC: PPI partition interrupt-partition-0[0] { /cpus/cpu@0[0] /cpus/cpu@1[1] /cpus/cpu@2[2] /cpus/cpu@3[3] }
[    0.000000] GICv3: GIC: PPI partition interrupt-partition-1[1] { /cpus/cpu@100[4] /cpus/cpu@101[5] }
[    0.000000] rcu: srcu_init: Setting srcu_struct sizes based on contention.
[    0.000000] arch_timer: cp15 timer running at 24.00MHz (phys).
[    0.000000] clocksource: arch_sys_counter: mask: 0xffffffffffffff max_cycles: 0x588fe9dc0, max_idle_ns: 440795202592 ns
[    0.000001] sched_clock: 56 bits at 24MHz, resolution 41ns, wraps every 4398046511097ns
[    0.003302] Console: colour dummy device 80x25
[    0.003321] printk: legacy console [tty1] enabled
[    0.004242] Calibrating delay loop (skipped), value calculated using timer frequency.. 48.00 BogoMIPS (lpj=96000)
[    0.004277] pid_max: default: 32768 minimum: 301
[    0.004424] LSM: initializing lsm=capability
[    0.004608] Mount-cache hash table entries: 8192 (order: 4, 65536 bytes, linear)
[    0.004650] Mountpoint-cache hash table entries: 8192 (order: 4, 65536 bytes, linear)
[    0.007828] rcu: Hierarchical SRCU implementation.
[    0.007866] rcu: 	Max phase no-delay instances is 1000.
[    0.008237] Timer migration: 1 hierarchy levels; 8 children per group; 1 crossnode level
[    0.008560] fsl-mc MSI: msi-controller@fee20000 domain created
[    0.013483] EFI services will not be available.
[    0.013979] smp: Bringing up secondary CPUs ...
[    0.014725] Detected VIPT I-cache on CPU1
[    0.014926] GICv3: CPU1: found redistributor 1 region 0:0x00000000fef20000
[    0.014947] GICv3: CPU1: using allocated LPI pending table @0x0000000003900000
[    0.015003] CPU1: Booted secondary processor 0x0000000001 [0x410fd034]
[    0.015859] Detected VIPT I-cache on CPU2
[    0.016035] GICv3: CPU2: found redistributor 2 region 0:0x00000000fef40000
[    0.016053] GICv3: CPU2: using allocated LPI pending table @0x0000000003910000
[    0.016093] CPU2: Booted secondary processor 0x0000000002 [0x410fd034]
[    0.016937] Detected VIPT I-cache on CPU3
[    0.017114] GICv3: CPU3: found redistributor 3 region 0:0x00000000fef60000

[    0.017132] GICv3: CPU3: using allocated LPI pending table @0x0000000003920000
[    0.017169] CPU3: Booted secondary processor 0x0000000003 [0x410fd034]
[    0.017954] CPU features: detected: Spectre-v2
[    0.017966] CPU features: detected: Spectre-v3a
[    0.017972] CPU features: detected: Spectre-v4
[    0.017977] CPU features: detected: Spectre-BHB
[    0.017984] CPU features: detected: ARM erratum 1742098

[    0.017991] CPU features: detected: ARM errata 1165522, 1319367, or 1530923
[    0.017997] Detected PIPT I-cache on CPU4
[    0.018157] GICv3: CPU4: found redistributor 100 region 0:0x00000000fef80000
[    0.018173] GICv3: CPU4: using allocated LPI pending table @0x0000000003930000
[    0.018211] CPU4: Booted secondary processor 0x0000000100 [0x410fd082]
[    0.018982] Detected PIPT I-cache on CPU5
[    0.019129] GICv3: CPU5: found redistributor 101 region 0:0x00000000fefa0000
[    0.019144] GICv3: CPU5: using allocated LPI pending table @0x0000000003940000
[    0.019174] CPU5: Booted secondary processor 0x0000000101 [0x410fd082]
[    0.019316] smp: Brought up 1 node, 6 CPUs
[    0.019617] SMP: Total of 6 processors activated.

[    0.019633] CPU: All CPU(s) started at EL2
[    0.019678] CPU features: detected: 32-bit EL0 Support
[    0.019695] CPU features: detected: 32-bit EL1 Support
[    0.019714] CPU features: detected: CRC32 instructions
[    0.019739] CPU features: detected: PMUv3
[    0.019819] alternatives: applying system-wide alternatives
[    0.022552] Memory: 3784328K/4030464K available (18176K kernel code, 5442K rwdata, 13052K rodata, 11712K init, 690K bss, 205760K reserved, 32768K cma-reserved)
[    0.023046] devtmpfs: initialized
[    0.034573] clocksource: jiffies: mask: 0xffffffff max_cycles: 0xffffffff, max_idle_ns: 7645041785100000 ns
[    0.034626] posixtimers hash table entries: 4096 (order: 4, 65536 bytes, linear)
[    0.034739] futex hash table entries: 2048 (131072 bytes on 1 NUMA nodes, total 128 KiB, linear).
[    0.035169] 20448 pages in range for non-PLT usage
[    0.035177] 511968 pages in range for PLT usage
[    0.035400] pinctrl core: initialized pinctrl subsystem
[    0.038550] DMI not present or invalid.
[    0.041677] NET: Registered PF_NETLINK/PF_ROUTE protocol family
[    0.043223] DMA: preallocated 512 KiB GFP_KERNEL pool for atomic allocations
[    0.043933] DMA: preallocated 512 KiB GFP_KERNEL|GFP_DMA pool for atomic allocations
[    0.044919] DMA: preallocated 512 KiB GFP_KERNEL|GFP_DMA32 pool for atomic allocations
[    0.045311] audit: initializing netlink subsys (disabled)
[    0.045518] audit: type=2000 audit(0.044:1): state=initialized audit_enabled=0 res=1
[    0.047959] thermal_sys: Registered thermal governor 'step_wise'
[    0.047969] thermal_sys: Registered thermal governor 'power_allocator'
[    0.048065] cpuidle: using governor menu
[    0.048365] hw-breakpoint: found 6 breakpoint and 4 watchpoint registers.
[    0.048555] ASID allocator initialised with 65536 entries
[    0.052175] Serial: AMBA PL011 UART driver
[    0.082386] /syscon@ff770000/phy@f780: Fixed dependency cycle(s) with /mmc@fe330000
[    0.084118] /mmc@fe330000: Fixed dependency cycle(s) with /syscon@ff770000/phy@f780
[    0.084194] /syscon@ff770000/phy@f780: Fixed dependency cycle(s) with /mmc@fe330000
[    0.092981] gpio gpiochip0: Static allocation of GPIO base is deprecated, use dynamic allocation.
[    0.093481] rockchip-gpio ff720000.gpio: probed /pinctrl/gpio@ff720000
[    0.094010] gpio gpiochip1: Static allocation of GPIO base is deprecated, use dynamic allocation.
[    0.094218] rockchip-gpio ff730000.gpio: probed /pinctrl/gpio@ff730000
[    0.094631] gpio gpiochip2: Static allocation of GPIO base is deprecated, use dynamic allocation.
[    0.094818] rockchip-gpio ff780000.gpio: probed /pinctrl/gpio@ff780000
[    0.095225] gpio gpiochip3: Static allocation of GPIO base is deprecated, use dynamic allocation.
[    0.095429] rockchip-gpio ff788000.gpio: probed /pinctrl/gpio@ff788000
[    0.095907] gpio gpiochip4: Static allocation of GPIO base is deprecated, use dynamic allocation.
[    0.096092] rockchip-gpio ff790000.gpio: probed /pinctrl/gpio@ff790000
[    0.100998] HugeTLB: registered 1.00 GiB page size, pre-allocated 0 pages
[    0.101023] HugeTLB: 0 KiB vmemmap can be freed for a 1.00 GiB page
[    0.101037] HugeTLB: registered 32.0 MiB page size, pre-allocated 0 pages
[    0.101049] HugeTLB: 0 KiB vmemmap can be freed for a 32.0 MiB page
[    0.101061] HugeTLB: registered 2.00 MiB page size, pre-allocated 0 pages

[    0.101073] HugeTLB: 0 KiB vmemmap can be freed for a 2.00 MiB page
[    0.101085] HugeTLB: registered 64.0 KiB page size, pre-allocated 0 pages
[    0.101096] HugeTLB: 0 KiB vmemmap can be freed for a 64.0 KiB page
[    0.103257] ACPI: Interpreter disabled.
[    0.107840] iommu: Default domain type: Translated
[    0.107861] iommu: DMA domain TLB invalidation policy: strict mode
[    0.108373] SCSI subsystem initialized
[    0.108780] usbcore: registered new interface driver usbfs
[    0.108823] usbcore: registered new interface driver hub
[    0.108866] usbcore: registered new device driver usb
[    0.110180] pps_core: LinuxPPS API ver. 1 registered
[    0.110193] pps_core: Software ver. 5.3.6 - Copyright 2005-2007 Rodolfo Giometti <giometti@linux.it>
[    0.110219] PTP clock support registered
[    0.110389] EDAC MC: Ver: 3.0.0
[    0.110861] scmi_core: SCMI protocol bus registered
[    0.112283] FPGA manager framework
[    0.113365] vgaarb: loaded
[    0.113839] clocksource: Switched to clocksource arch_sys_counter
[    0.114151] VFS: Disk quotas dquot_6.6.0
[    0.114180] VFS: Dquot-cache hash table entries: 512 (order 0, 4096 bytes)
[    0.114620] pnp: PnP ACPI: disabled
[    0.123294] NET: Registered PF_INET protocol family
[    0.123510] IP idents hash table entries: 65536 (order: 7, 524288 bytes, linear)
[    0.127022] tcp_listen_portaddr_hash hash table entries: 2048 (order: 3, 32768 bytes, linear)
[    0.127082] Table-perturb hash table entries: 65536 (order: 6, 262144 bytes, linear)
[    0.127108] TCP established hash table entries: 32768 (order: 6, 262144 bytes, linear)
[    0.127375] TCP bind hash table entries: 32768 (order: 8, 1048576 bytes, linear)
[    0.128325] TCP: Hash tables configured (established 32768 bind 32768)
[    0.128465] UDP hash table entries: 2048 (order: 5, 131072 bytes, linear)
[    0.128648] UDP-Lite hash table entries: 2048 (order: 5, 131072 bytes, linear)
[    0.128991] NET: Registered PF_UNIX/PF_LOCAL protocol family
[    0.129434] RPC: Registered named UNIX socket transport module.
[    0.129451] RPC: Registered udp transport module.
[    0.129462] RPC: Registered tcp transport module.
[    0.129473] RPC: Registered tcp-with-tls transport module.
[    0.129483] RPC: Registered tcp NFSv4.1 backchannel transport module.
[    0.129517] PCI: CLS 0 bytes, default 64
[    0.133364] kvm [1]: nv: 568 coarse grained trap handlers
[    0.133782] kvm [1]: IPA Size Limit: 40 bits
[    0.136207] kvm [1]: vgic-v2@fff20000
[    0.136274] kvm [1]: GIC system register CPU interface enabled
[    0.136306] kvm [1]: vgic interrupt IRQ18
[    0.136348] kvm [1]: Hyp nVHE mode initialized successfully
[    0.138048] Initialise system trusted keyrings
[    0.138253] workingset: timestamp_bits=42 max_order=20 bucket_order=0
[    0.138638] squashfs: version 4.0 (2009/01/31) Phillip Lougher
[    0.138926] NFS: Registering the id_resolver key type
[    0.138956] Key type id_resolver registered
[    0.138968] Key type id_legacy registered
[    0.138994] nfs4filelayout_init: NFSv4 File Layout Driver Registering...
[    0.139010] nfs4flexfilelayout_init: NFSv4 Flexfile Layout Driver Registering...
[    0.139197] 9p: Installing v9fs 9p2000 file system support
[    0.193322] Key type asymmetric registered
[    0.193340] Asymmetric key parser 'x509' registered
[    0.193412] Block layer SCSI generic (bsg) driver version 0.4 loaded (major 244)
[    0.193431] io scheduler mq-deadline registered
[    0.193446] io scheduler kyber registered
[    0.193494] io scheduler bfq registered
[    0.216209] ledtrig-cpu: registered to indicate activity on CPUs
[    0.251199] dma-pl330 ff6d0000.dma-controller: Loaded driver for PL330 DMAC-241330
[    0.251228] dma-pl330 ff6d0000.dma-controller: 	DBUFF-32x8bytes Num_Chans-6 Num_Peri-12 Num_Events-12
[    0.252342] dma-pl330 ff6e0000.dma-controller: Loaded driver for PL330 DMAC-241330
[    0.252363] dma-pl330 ff6e0000.dma-controller: 	DBUFF-128x8bytes Num_Chans-8 Num_Peri-20 Num_Events-16
[    0.269799] Serial: 8250/16550 driver, 4 ports, IRQ sharing enabled
[    0.273135] ff180000.serial: ttyS0 at MMIO 0xff180000 (irq = 35, base_baud = 1500000) is a 16550A
[    0.274178] ff1a0000.serial: ttyS2 at MMIO 0xff1a0000 (irq = 36, base_baud = 1500000) is a 16550A
[    0.274267] printk: legacy console [ttyS2] enabled
[    0.396555] msm_serial: driver initialized
[    0.397478] SuperH (H)SCI(F) driver initialized
[    0.398210] STM32 USART driver initialized
[    0.403826] platform ff650000.video-codec: Adding to iommu group 0
[    0.405435] platform ff660000.video-codec: Adding to iommu group 1
[    0.416158] loop: module loaded
[    0.417991] megasas: 07.734.00.00-rc1
[    0.427683] tun: Universal TUN/TAP device driver, 1.6
[    0.429563] thunder_xcv, ver 1.0
[    0.429934] thunder_bgx, ver 1.0
[    0.430268] nicpf, ver 1.0
[    0.432501] e1000: Intel(R) PRO/1000 Network Driver
[    0.432943] e1000: Copyright (c) 1999-2006 Intel Corporation.
[    0.433497] e1000e: Intel(R) PRO/1000 Network Driver
[    0.433956] e1000e: Copyright(c) 1999 - 2015 Intel Corporation.
[    0.434529] igb: Intel(R) Gigabit Ethernet Network Driver
[    0.435010] igb: Copyright (c) 2007-2014 Intel Corporation.
[    0.435545] igbvf: Intel(R) Gigabit Virtual Function Network Driver
[    0.436102] igbvf: Copyright (c) 2009 - 2012 Intel Corporation.
[    0.437128] sky2: driver version 1.30
[    0.439948] VFIO - User Level meta-driver version: 0.3
[    0.447519] usbcore: registered new interface driver usb-storage
[    0.452947] i2c_dev: i2c /dev entries driver
[    0.457555] /i2c@ff3c0000/pmic@20: Fixed dependency cycle(s) with /i2c@ff3c0000/pmic@20/regulators/DCDC_REG4
[    0.458488] /i2c@ff3c0000/pmic@20: Fixed dependency cycle(s) with /i2c@ff3c0000/pmic@20/regulators/DCDC_REG5
[    0.471929] sdhci: Secure Digital Host Controller Interface driver
[    0.472493] sdhci: Copyright(c) Pierre Ossman
[    0.474070] Synopsys Designware Multimedia Card Interface Driver
[    0.475951] dwmmc_rockchip fe310000.mmc: IDMAC supports 32-bit address mode.
[    0.476349] sdhci-pltfm: SDHCI platform and OF driver helper
[    0.476609] dwmmc_rockchip fe310000.mmc: Using internal DMA controller.
[    0.477682] dwmmc_rockchip fe310000.mmc: Version ID is 270a
[    0.478243] dwmmc_rockchip fe310000.mmc: DW MMC controller at irq 48,32 bit host data width,256 deep fifo
[    0.478986] mmc0: CQHCI version 5.10
[    0.483581] usbcore: registered new interface driver usbhid
[    0.484094] usbhid: USB HID core driver
[    0.489487] hw perfevents: enabled with armv8_cortex_a53 PMU driver, 7 (0,8000003f) counters available
[    0.492386] hw perfevents: enabled with armv8_cortex_a72 PMU driver, 7 (0,8000003f) counters available
[    0.500710] NET: Registered PF_PACKET protocol family
[    0.501264] 9pnet: Installing 9P2000 support
[    0.501713] Key type dns_resolver registered
[    0.506836] mmc0: SDHCI controller on fe330000.mmc [fe330000.mmc] using ADMA
[    0.513905] registered taskstats version 1
[    0.514507] Loading compiled-in X.509 certificates
[    0.524036] Demotion targets for Node 0: null
[    0.576473] mmc0: Command Queue Engine enabled
[    0.576926] mmc0: new HS400 Enhanced strobe MMC card at address 0001
[    0.577312] xhci-hcd xhci-hcd.0.auto: xHCI Host Controller
[    0.578051] xhci-hcd xhci-hcd.0.auto: new USB bus registered, assigned bus number 1
[    0.578871] xhci-hcd xhci-hcd.0.auto: hcc params 0x0220fe64 hci version 0x110 quirks 0x0000808002000010
[    0.578892] mmcblk0: mmc0:0001 DF4016 14.7 GiB
[    0.579737] xhci-hcd xhci-hcd.0.auto: irq 56, io mem 0xfe800000
[    0.581395] xhci-hcd xhci-hcd.0.auto: xHCI Host Controller
[    0.581924] xhci-hcd xhci-hcd.0.auto: new USB bus registered, assigned bus number 2
[    0.582621] xhci-hcd xhci-hcd.0.auto: Host supports USB 3.0 SuperSpeed
[    0.584384] hub 1-0:1.0: USB hub found
[    0.584766] hub 1-0:1.0: 1 port detected
[    0.585486] usb usb2: We don't know the algorithms for LPM for this host, disabling LPM.
[    0.585886] ehci-platform fe380000.usb: EHCI Host Controller
[    0.586997] hub 2-0:1.0: USB hub found
[    0.587375] hub 2-0:1.0: 1 port detected
[    0.588157] ehci-platform fe380000.usb: new USB bus registered, assigned bus number 3
[    0.588462]  mmcblk0: p1 p2 p3 p4 p5 p6
[    0.589056] ehci-platform fe380000.usb: irq 57, io mem 0xfe380000
[    0.589922] ehci-platform fe3c0000.usb: EHCI Host Controller
[    0.590484] ehci-platform fe3c0000.usb: new USB bus registered, assigned bus number 4
[    0.590995] mmcblk0boot0: mmc0:0001 DF4016 4.00 MiB
[    0.591334] ehci-platform fe3c0000.usb: irq 58, io mem 0xfe3c0000
[    0.591353] ohci-platform fe3a0000.usb: Generic Platform OHCI controller
[    0.591382] ohci-platform fe3a0000.usb: new USB bus registered, assigned bus number 5
[    0.591513] ohci-platform fe3a0000.usb: irq 84, io mem 0xfe3a0000
[    0.591803] ohci-platform fe3e0000.usb: Generic Platform OHCI controller
[    0.594023] mmcblk0boot1: mmc0:0001 DF4016 4.00 MiB
[    0.595072] ohci-platform fe3e0000.usb: new USB bus registered, assigned bus number 6
[    0.595845] ohci-platform fe3e0000.usb: irq 85, io mem 0xfe3e0000
[    0.596256] mmcblk0rpmb: mmc0:0001 DF4016 4.00 MiB, chardev (511:0)
[    0.597989] ehci-platform fe380000.usb: USB 2.0 started, EHCI 1.00
[    0.599459] hub 3-0:1.0: USB hub found
[    0.599845] hub 3-0:1.0: 1 port detected
[    0.610059] ehci-platform fe3c0000.usb: USB 2.0 started, EHCI 1.00
[    0.611483] hub 4-0:1.0: USB hub found
[    0.611869] hub 4-0:1.0: 1 port detected
[    0.623675] vcc_buck5: Bringing 3300000uV into 2200000-2200000uV
[    0.632107] vcca_1v8: Bringing 1800000uV into 1850000-1850000uV
[    0.635283] vdd1v5_dvp: Bringing 1800000uV into 1500000-1500000uV
[    0.651073] hub 5-0:1.0: USB hub found
[    0.651484] hub 5-0:1.0: 1 port detected
[    0.654857] hub 6-0:1.0: USB hub found
[    0.655266] hub 6-0:1.0: 1 port detected
[    0.657420] rk808-rtc rk808-rtc.4.auto: registered as rtc0
[    0.659453] rk808-rtc rk808-rtc.4.auto: setting system clock to 2017-08-05T09:00:10 UTC (1501923610)
[    0.664669] cpu cpu0: EM: created perf domain
[    0.665881] cpu cpu4: EM: created perf domain
DDR Version 1.24 20191016
Channel 0: LPDDR3, 800MHz
CS = 0
MR0=0x58
MR1=0x58
MR2=0x58
MR3=0x58
MR4=0x3
MR5=0x1
MR6=0x16
MR7=0x0
MR8=0x1F
MR9=0x1F
MR10=0x1F
MR11=0x1F
MR12=0x1F
MR13=0x1F
MR14=0x1F
MR15=0x1F

MR16=0x1F
CS = 1
MR0=0x58
MR1=0x58
MR2=0x58
MR3=0x58
MR4=0x3
MR5=0x1
MR6=0x16
MR7=0x0
MR8=0x1F
MR9=0x1F
MR10=0x1F
MR11=0x1F
MR12=0x1F
MR13=0x1F
MR14=0x1F
MR15=0x1F
MR16=0x1F
Bus Width=32 Col=10 Bank=8 Row=15/15 CS=2 Die Bus-Width=32 Size=2048MB
Channel 1: LPDDR3, 800MHz

CS = 0
MR0=0x58
MR1=0x58
MR2=0x58
MR3=0x58
MR4=0x3
MR5=0x1
MR6=0x16
MR7=0x0
MR8=0x1F
MR9=0x1F
MR10=0x1F
MR11=0x1F
MR12=0x1F
MR13=0x1F
MR14=0x1F

MR15=0x1F
MR16=0x1F
CS = 1
MR0=0x58
MR1=0x58
MR2=0x58
MR3=0x58
MR4=0x3
MR5=0x1
MR6=0x16
MR7=0x0
MR8=0x1F
MR9=0x1F
MR10=0x1F
MR11=0x1F
MR12=0x1F
MR13=0x1F
MR14=0x1F
MR15=0x1F
MR16=0x1F
Bus Width=32 Col=10 Bank=8 Row=15/15 CS=2 Die Bus-Width=32 Size=2048MB
256B stride
ch ize = 0x2020
pmugrf_os_reg[2] = 0x3AA0DAA0, stride = 0xD
OUT
Boot1 Release Time: May 29 2020 17:36:36, version: 1.26
CPUId = 0x0
ChipType = 0x10, 340
SdmmcInit=2 0
BootCapSize=100000
UserCapSize=15028MB
FwPartOffset=2000 , 100000
mmc0:cmd5,20
mcInit=0 0
BootCapSize=0
UserCapSize=14748MB
 0x1404
SecureInit read PBA: 0x1804
SecureInit read PBA: 0x1c04
SecureInit ret = 0, SecureMode = 0
atags_set_bootdev: ret:(0)
GPT part:  0, name:          primary, start:0x8000, size:0xff800
GPT Trust Addr:0x4000, 0x58334c42
No find bl30.bin
 OK, addr=0x200000, size=0xfc8c0
INF [0x0] TEE-CORE:init_primary_helper:337: Initializing (1.1.0-266-ge[0x0] TEE-CORE:init_teecore:83: teecore inits done

INFO:    BL31: Preparing for EL3 exit to normal world
INFO:    Entry point address = 0x200000
INFO:    SPSR = 0x3c9


U-Boot 2017.09 (Jun 06 2026 - 14:10:22 +0000)

Model: Rockchip RK3399 Evaluation Board
PreSerial: 2, raw, 0xff1a0000
DRAM:  3.8 GiB
Sysmem: init
Relocation Offset: f5bc7000, fdt: f3dbb358 
d IDB in SDcard
dwmmc@fe320000: 1 (SD), sdhci@fe330000: 0
Bootdev(atags): mmc 1
resource partition
Failed to load DTB
Failed to get kernel dtb, ret=-19
io-domain: OK
rockchip_set_serialno: could not find efuse/otp device
 1 Not AVB images, AVB skip
S355 bytes read in 22 ms (15.6 KiB/s)
1:	Armbian
Retrieving file: /Image
49678848 bytes read in 2170 ms (21.8 MiB/s)
append: root=UUID=d52f7f8b-fa0e-4c9f-a552-d6df4329ac87 rootflags=data=writeback rw rootwait rootdelay=10 rootfstype=ext4 console=ttyS2,1500000 console=tty1 panic=0 usbcore.autosuspend=-1 initcall_blacklist=psci_checker printk.devkmsg=on log_buf_len=16M net.ifnames=0
Retrieving file: /dtb/rockchip/rk3399pro-neardi-linux-lc110-base.dtb
To[    0.000000] Booting Linux on physical CPU 0x0000000000 [0x410fd034]
[    0.000000] Linux version 6.18.33 (henry@Inspiron-7520) (aarch64-linux-gnu-gcc (Ubuntu 13.3.0-6ubuntu2~24.04.1) 13.3.0, GNU ld (GNU Binutils for Ubuntu) 2.42) #1 SMP PREEMPT Wed Jun 17 16:24:23 CST 2026
[    0.000000] KASLR disabled due to lack of seed
[    0.000000] Machine model: Radxa ROCK Pi N10
[    0.000000] efi: UEFI not found.
[    0.000000] OF: reserved mem: Reserved memory: No reserved-memory node in the DT
[    0.000000] NUMA: Faking a node at [mem 0x0000000000200000-0x00000000f7ffffff]
[    0.000000] NODE_DATA(0) allocated [mem 0xf77f6880-0xf77f8eff]
[    0.000000] Zone ranges:
[    0.000000]   DMA      [mem 0x0000000000200000-0x00000000f7ffffff]
[    0.000000]   DMA32    empty
[    0.000000]   Normal   empty
[    0.000000] Movable zone start for each node
[    0.000000] Early memory node ranges
[    0.000000]   node   0: [mem 0x0000000000200000-0x00000000083fffff]
[    0.000000]   node   0: [mem 0x000000000a200000-0x00000000f7ffffff]
[    0.000000] Initmem setup node 0 [mem 0x0000000000200000-0x00000000f7ffffff]
[    0.000000] On node 0, zone DMA: 512 pages in unavailable ranges
[    0.000000] On node 0, zone DMA: 7680 pages in unavailable ranges
[    0.000000] cma: Reserved 32 MiB at 0x00000000f1800000
[    0.000000] psci: probing for conduit method from DT.
[    0.000000] psci: PSCIv1.0 detected in firmware.
[    0.000000] psci: Using standard PSCI v0.2 function IDs
[    0.000000] psci: Trusted OS migration not required
[    0.000000] psci: SMC Calling Convention v1.0
[    0.000000] percpu: Embedded 25 pages/cpu s62552 r8192 d31656 u102400
[    0.000000] Detected VIPT I-cache on CPU0
[    0.000000] CPU features: detected: GICv3 CPU interface
[    0.000000] CPU features: detected: ARM erratum 845719
[    0.000000] alternatives: applying boot alternatives
[    0.000000] Kernel command line: root=UUID=d52f7f8b-fa0e-4c9f-a552-d6df4329ac87 rootflags=data=writeback rw rootwait rootdelay=10 rootfstype=ext4 console=ttyS2,1500000 console=tty1 panic=0 usbcore.autosuspend=-1 initcall_blacklist=psci_checker printk.devkmsg=on log_buf_len=16M net.ifnames=0
[    0.000000] printk: log buffer data + meta data: 16777216 + 58720256 = 75497472 bytes
[    0.000000] printk: early log buf free: 128888(98%)
[    0.000000] Dentry cache hash table entries: 524288 (order: 10, 4194304 bytes, linear)
[    0.000000] Inode-cache hash table entries: 262144 (order: 9, 2097152 bytes, linear)
[    0.000000] software IO TLB: SWIOTLB bounce buffer size adjusted to 3MB
[    0.000000] software IO TLB: area num 8.
[    0.000000] software IO TLB: mapped [mem 0x00000000ec600000-0x00000000eca00000der for Node 0: 0 
[    0.000000] Built 1 zonelists, mobility groumer migration: 1 hierarchy levels; 8 children per group; 1 crossnode level
[    0.008567] fsl-mc MSI: msi-controller@fee20000 domain created
[    0.013494] EFI services will not be available.
[    0.013995] smp: Bringing up secondary CPUs ...
[    0.014737] Detected VIPT I-cache on CPU1
[    0.014942] GICv3: CPU1: found redistributor 1 region 0:0x00000000fef20000
[    0.014962] GICv3: CPU1: using allocated LPI pending table @0x0000000003900000
[    0.015021] CPU1: Booted secondary processor 0x0000000001 [0x410fd034]

[    0.015869] Detected VIPT I-cache on CPU2
[    0.016048] GICv3: CPU2: found redistributor 2 region 0:0x00000000fef40000
[    0.016066] GICv3: CPU2: using allocated LPI pending table @0x0000000003910000
[    0.016105] CPU2: Booted secondary processor 0x0000000002 [0x410fd034]
[    0.016949] Detected VIPT I-cache on CPU3
[    0.017126] GICv3: CPU3: found redistributor 3 region 0:0x00000000fef60000
[    0.017144] GICv3: CPU3: using allocated LPI pending table @0x0000000003920000
[    0.017181] CPU3: Booted secondary processor 0x0000000003 [0x410fd034]
[    0.017968] CPU features: detected: Spectre-v2
[    0.017981] CPU features: detected: Spectre-v3a
[    0.017987] CPU features: detected: Spectre-v4
[    0.017992] CPU features: detected: Spectre-BHB
[    0.017999] CPU features: detected: ARM erratum 1742098
[    0.018006] CPU features: detected: ARM errata 1165522, 1319367, or 1530923
[    0.018012] Detected PIPT I-cache on CPU4
[    0.018173] GICv3: CPU4: found redistributor 100 region 0:0x00000000fef80000
[    0.018189] GICv3: CPU4: using allocated LPI pending table @0x0000000003930000
[    0.018227] CPU4: Booted secondary processor 0x0000000100 [0x410fd082]
[    0.018978] Detected PIPT I-cache on CPU5
[    0.019126] GICv3: CPU5: found redistributor 101 region 0:0x00000000fefa0000
[    0.019141] GICv3: CPU5: using allocated LPI pending table @0x0000000003940000
[    0.019171] CPU5: Booted secondary processor 0x0000000101 [0x410fd082]
[    0.019316] smp: Brought up 1 node, 6 CPUs
[    0.019616] SMP: Total of 6 processors activated.
[    0.019633] CPU: All CPU(s) started at EL2
[    0.019678] CPU features: detected: 32-bit EL0 Support
[    0.019695] CPU features: detected: 32-bit EL1 Support
[    0.019715] CPU features: detected: CRC32 instructions
[    0.019740] CPU features: detected: PMUv3
[    0.019819] alternatives: applying system-wide alternatives
[    0.022553] Memory: 3784328K/4030464K available (18176K kernel code, 5442K rwdata, 13052K rodata, 11712K init, 690K bss, 205760K reserved, 32768K cma-reserved)
[    0.023048] devtmpfs: initialized
[    0.034577] clocksource: jiffies: mask: 0xffffffff max_cycles: 0xffffffff, max_idle_ns: 7645041785100000 ns
[    0.034631] posixtimers hash table entries: 4096 (order: 4, 65536 bytes, linear)
[    0.034744] futex hash table entries: 2048 (131072 bytes on 1 NUMA nodes, total 128 KiB, linear).
[    0.035172] ] gpio gpiochip0: Static allocation of GPIO base is deprecated, use dynamic allocation.
[    0.092574] rockchip-gpio ff720000.gpio: probed /pinctrl/gpio@ff720000
[    0.093106] gpio gpiochip1: Static allocation of GPIO base is deprecated, use dynamic allocation.
[    0.093312] rockchip-gpio ff730000.gpio: probed /pinctrl/gpio@ff730000
[    0.093718] gpio gpiochip2: Static allocation of GPIO base is deprecated, use dynamic allocation.
[    0.093904] rockchip-gpio ff780000.gpio: probed /pinctrl/gpio@ff780000
[    0.094311] gpio gpiochip3: Static allocation of GPIO base is deprecated, use dynamic allocation.
[    0.094490] rockchip-gpio ff788000.gpio: probed /pinctrl/gpio@ff788000
[    0.094967] gpio gpiochip4: Static allocation of GPIO base is deprecated, use dynamic allocation.
[    0.095156] rockchip-gpio ff790000.gpio: probed /pinctrl/gpio@ff790000
[    0.100067] HugeTLB: registered 1.00 GiB page size, pre-allocated 0 pages
[    0.100090] HugeTLB: 0 KiB vmemmap can be freed for a 1.00 GiB page
[    0.100104] HugeTLB: registered 32.0 MiB page size, pre-allocated 0 pages
[    0.100115] HugeTLB: 0 KiB vmemmap can be freed for a 32.0 MiB page
[    0.100128] HugeTLB: registered 2.00 MiB page size, pre-allocated 0 pages
[    0.100139] HugeTLB: 0 KiB vmemmap can be freed for a 2.00 MiB page
[    0.100152] HugeTLB: registered 64.0 KiB page size, pre-allocated 0 pages
[    0.100162] HugeTLB: 0 KiB vmemmap can be freed for a 64.0 KiB page
[    0.102319] ACPI: Interpreter disabled.
[    0.106845] iommu: Default domain type: Translated
[    0.106866] iommu: DMA domain TLB invalidation policy: strict mode
[    0.107403] SCSI subsystem initialized
[    0.107809] us hash table entries: 2048 (order: 5, 131072 bytes, linear)
[    0.127796] NET: Registered PF_UNIX/PF_LOCAL protocol family
[    0.128321] RPC: Registered named UNIX socket transport module.
[    0.128339] RPC: Registered udp transport module.
[    0.128349] RPC: Registered tcp transport module.
[    0.128359] RPC: Registered tcp-with-tls transport module.
[    0.128369] RPC: Registered tcp NFSv4.1 backchannel transport module.
[    0.128402] PCI: CLS 0 bytes, default 64
[    0.132175] kvm [1]: nv: 568 coarse grained trap handlers
[    0.132588] kvm [1]: IPA Size Limit: 40 bits
[    0.135011] kvm [1]: vgic-v2@fff20000
[    0.135078] kvm [1]: GIC system register CPU interface enabled
[    0.135110] kvm [1]: vgic interrupt IRQ18
[    0.135152] kvm [1]: Hyp nVHE mode initialized successfully
[    0.136841] Initialise system trusted keyrings
[    0.137082] workingset: timestamp_bits=42 max_order=20 bucket_order=0
[    0.137463] squashfs: version 4.0 (2009/01/31) Phillip Lougher
[    0.137748] NFS: Registering the id_resolver key type
[    0.137790] Key type id_resolver registered
[    0.137802] Key type id_legacy registered
[    0.137829] nfs4filelayout_init: NFSv4 File Layout Driver Registering...
[    0.137845] nfs4flexfilelayout_init: NFSv4 Flexfile Layout Driver Registering...

[    0.138034] 9p: Installing v9fs 9p2000 file system support
[    0.192247] Key type asymmetric registered
[    0.192264] Asy  0.192326] Block layer SCSI generic (bsg) driver version 0.4 loaded (major 244)
[    0.192344] io scheduler mq-deadline registered
[    0.192360] io scheduler kyber registered
[    0.192413] io scheduler bfq registered
[    0.215166] ledtrig-cpu: registered to indicate activity on CPUs

[    0.249702] dma-pl330 ff6d0000.dma-controller: Loaded driver for PL330 DMAC-241330
[    0.249732] dma-pl330 ff6d0000.dma-controller: 	DBUFF-32x8bytes Num_Chans-6 Num_Peri-12 Num_Events-12
[    0.250845] dma-pl330 ff6e0000.dma-controller: Loaded driver for PL330 DMAC-241330
[    0.250867] dma-pl330 ff6e0000.dma-controller: 	DBUFF-128x8bytes Num_Chans-8 Num_Peri-20 Num_Events-16
[    0.268269] Serial: 8250/16550 driver, 4 ports, IRQ sharing enabled
[    0.271537] ff180000.serial: ttyS0 at MMIO 0xff180000 (irq = 35, base_baud = 1500000) is a 16550A
[    0.272567] ff1a0000.serial: ttyS2 at MMIO 0xff1a0000 (irq = 36, base_baud = 1500000) is a 16550A
[    0.272655] printk: legacy console [ttyS2] enabled
[    0.395100] msm_serial: driver initialized
[    0.396025] SuperH (H)SCI(F) driver initialized
[    0.396718] STM32 USART driver initialized
[ 
[    0.470338] sdhci: Secure Digital Host Controller Interface driver
[    0.470902] sdhci: Copyright(c) Pierre Ossman
[    0.472441] Synopsys Designware Multimedia Card Interface Driver
[    0.474346] dwmmc_rockchip fe310000.mmc: IDMAC supports 32-bit address mode.
[    0.474723] sdhci-pltfm: SDHCI platform and OF driver helper
[    0.475004] dwmmc_rockchip fe310000.mmc: Using internal DMA controller.
[    0.476078] dwmmc_rockchip fe310000.mmc: Version ID is 270a
[    0.476610] dwmmc_rockchip fe310000.mmc: DW MMC controller at irq 48,32 bit host data width,256 deep fifo

[    0.477377] mmc0: CQHCI version 5.10
[    0.505156] mmc0: SDHCI controller on fe330000.mmc [fe330000.mmc] using ADMA
[    0.513294] registered taskstats version 1
[    0.513897] Loading compiled-in X.509 certificates
 assigned bus number 5
[    0.594224] mmcblk0rpmb: mmc0:0001 DF4016 4.00 MiB, chardev (511:0)
[    0.594521] ehci-platform fe3c0000.usb: irq 58, io mem 0xfe3c0000
[    0.594902] ohci-platform fe3e0000.usb: Generic Platform OHCI controller
[    0.594921] ohci-platform fe3e0000.usb: new USB bus registered, assigned bus number 6
[    0.598111] ohci-platform fe3e0000.usb: irq 85, io mem 0xfe3e0000
[    0.608922] ehci-platform fe380000.usb: USB 2.0 started, EHCI 1.00
[    0.610531] hub 3-0:1.0: USB hub found
[    0.610942] hub 3-[    0.620985] ehci-platform fe3c0000.usb: USB 2.0 started, EHCI 1.00
[    0.622650] hub 5-0:1.0: USB hub found
[    0.623057] hub 5-0:1.0: 1 port detected
[    0.627329] vcc_buck5: Bringing 3300000uV into 2200000-2200000uV
[    000-1850000uV
[    0.638042] vdd1v5_dvp: Bringing 1800000uV into 1500000-1500000uV
[  [    0.657768] rk808-rtc rk808-rtc.4.auto: registered as rtc0
[    0.657988] hub 6-0:1.0: USB hub found
[    0.658663] hub 6-0:1.0: 1 port detected
[    0.660150] rk808-rtc rk808-rtc.4.auto: setting system clock to 2017-08-05T09:00:10 UTC (1501923610)
[    0.667171] cpu cpu0: EM: created perf domain
[    0.669039] cpu cpu4: EM: created perf domain
[   s mode.
[    0.680968] dwmmc_rockchip fe320000.mmc: Using internal DMA controller.
[    0.681589] dwmmc_rockchip fe320000.mmc: Ver