DDR Version 1.24 20191016
In
Channel 0: LPDDR3, 800MHz
CS = 0
MR0=0x58
MR1=0x58
MR2=0x58
MR3=0x58
MR4=0x2
MR5=0x1
MR6=0x16
MR7=0x0
MR8=0x1F
MR9=0x1F
MR10=0x1F
MR11=0x1F
MR12=0x1F
MR13=0x1F
MR14=0x1F
MR15=0x1F
MR16=0x1F
CS = 1
MR0=0x58
MR1=0x58
MR2=0x58
MR3=0x58
MR4=0x2
MR5=0x1
MR6=0x16
MR7=0x0
MR8=0x1F
MR9=0x1F
MR10=0x1F
MR11=0x1F
MR12=0x1F
MR13=0x1F
MR14=0x1F
MR15=0x1F
MR16=0x1F
Bus Width=32 Col=10 Bank=8 Row=15/15 CS=2 Die Bus-Width=32 Size=2048MB
Channel 1: LPDDR3, 800MHz
CS = 0
MR0=0x58
MR1=0x58
MR2=0x58
MR3=0x58
MR4=0x2
MR5=0x1
MR6=0x16
MR7=0x0
MR8=0x1F
MR9=0x1F
MR10=0x1F
MR11=0x1F
MR12=0x1F
MR13=0x1F
MR14=0x1F
MR15=0x1F
MR16=0x1F
CS = 1
MR0=0x58
MR1=0x58
MR2=0x58
MR3=0x58
MR4=0x2
MR5=0x1
MR6=0x16
MR7=0x0
MR8=0x1F
MR9=0x1F
MR10=0x1F
MR11=0x1F
MR12=0x1F
MR13=0x1F
MR14=0x1F
MR15=0x1F
MR16=0x1F
Bus Width=32 Col=10 Bank=8 Row=15/15 CS=2 Die Bus-Width=32 Size=2048MB
256B stride
ch 0 ddrconfig = 0x101, ddrsize = 0x2020
ch 1 ddrconfig = 0x101, ddrsize = 0x2020
pmugrf_os_reg[2] = 0x3AA0DAA0, stride = 0xD

OUT
Boot1 Release Time: May 29 2020 17:36:36, version: 1.26
CPUId = 0x0

ChipType = 0x10, 341
SdmmcInit=2 0
BootCapSize=100000
UserCapSize=15028MB
FwPartOffset=2000 , 100000
mmc0:cmd5,20
SdmmcInit=0 0
BootCapSize=0
UserCapSize=14748MB
FwPartOffset=2000 , 0
StorageInit ok = 123110

SecureMode = 0
SecureInit read PBA: 0x4
SecureInit read PBA: 0x404
SecureInit read PBA: 0x804
SecureInit read PBA: 0xc04
SecureInit read PBA: 0x1004
SecureInit read PBA: 0x1404
SecureInit read PBA: 0x1804
SecureInit read PBA: 0x1c04
SecureInit ret = 0, SecureMode = 0
atags_set_bootdev: ret:(0)
GPT part:  0, name:          primary, start:0x8000, size:0xff800
GPT part:  1, name:          primary, start:0x108000, size:0x5db800
no find partition:uboot.
Trust Addr:0x4000, 0x58334c42
No find bl30.bin
Load uboot, ReadLba = 2000
Load OK, addr=0x200000, size=0xfc8c0
RunBL31 0x40000 @ 300607 us
NOTICE:  BL31: v1.3(release):845ee93
NOTICE:  BL31: Built : 15:51:11, Jul 22 2020
NOTICE:  BL31: Rockchip release version: v1.1
INFO:    GICv3 with legacy support detected. ARM GICV3 driver initialized in EL3
INFO:    Using opteed sec cpu_context!
INFO:    boot cpu mask: 0
INFO:    plat_rockchip_pmu_init(1196): pd status 3e
INFO:    BL31: Initializing runtime services
INFO:    BL31: Initializing BL32
INF [0x0] TEE-CORE:init_primary_helper:337: Initializing (1.1.0-266-gee81607c #1 Mon Aug 17 09:23:30 UTC 2020 aarch64)


INF [0x0] TEE-CORE:init_primary_helper:338: Release version: 1.2


INF [0x0] TEE-CORE:init_teecore:83: teecore inits done

INFO:    BL31: Preparing for EL3 exit to normal world
INFO:    Entry point address = 0x200000
INFO:    SPSR = 0x3c9


U-Boot 2017.09 (Jun 06 2026 - 14:10:22 +0000)

Model: Rockchip RK3399 Evaluation Board
PreSerial: 2, raw, 0xff1a0000
DRAM:  3.8 GiB
Sysmem: init
Relocation Offset: f5bc7000, fdt: f3dbb358 
no mmc device at slot 1
Found IDB in SDcard
dwmmc@fe320000: 1 (SD), sdhci@fe330000: 0
Bootdev(atags): mmc 1
MMC1: Legacy, 50Mhz
PartType: EFI
No resource partition
Failed to load DTB
Failed to get kernel dtb, ret=-19
io-domain: OK
*** Warning - bad CRC, using default environment

Model: Rockchip RK3399 Evaluation Board
rockchip_set_serialno: could not find efuse/otp device
No misc partition
boot mode: None
CLK: (uboot. arml: enter 400000 KHz, init 816000 KHz, kernel 0N/A)
CLK: (uboot. armb: enter 24000 KHz, init 816000 KHz, kernel 0N/A)
  aplll 816000 KHz
  apllb 816000 KHz
  dpll 800000 KHz
  cpll 24000 KHz
  gpll 800000 KHz
  npll 600000 KHz
  vpll 24000 KHz
  aclk_perihp 133333 KHz
  hclk_perihp 66666 KHz
  pclk_perihp 33333 KHz
  aclk_perilp0 266666 KHz
  hclk_perilp0 88888 KHz
  pclk_perilp0 44444 KHz
  hclk_perilp1 100000 KHz
  pclk_perilp1 50000 KHz
EC20_PWREN = -2
EC20_RESET = -2
------ ec20_init  ------
EC20_PWRKEY = -2
EC20_PWRKEY = -2
Net:   No ethernet found.
Hit key to stop autoboot('CTRL+C'):  5  4  3  2  1  0 
Could not find misc partition
ANDROID: reboot reason: "(none)"

optee api revision: 2.0
TEEC: Waring: Could not find security partition
Not AVB images, AVB skip
android_image_load_by_partname: Can't find part: boot
Android image load failed
Android boot failed, error -1.
Could not find misc partition
Could not find primary part
switch to partitions #0, OK
mmc1 is current device
Scanning mmc 1:1...
Found /extlinux/extlinux.conf
Retrieving file: /extlinux/extlinux.conf
359 bytes read in 21 ms (16.6 KiB/s)
1:	Armbian
Retrieving file: /Image
49678848 bytes read in 2169 ms (21.8 MiB/s)
append: root=PARTUUID=61ec8aeb-3d1a-48fa-a9da-54d744ed8bdf rootflags=data=writeback rw rootwait rootdelay=10 rootfstype=ext4 console=ttyS2,1500000 console=tty1 panic=0 usbcore.autosuspend=-1 initcall_blacklist=psci_checker printk.devkmsg=on log_buf_len=16M net.ifnames=0
Retrieving file: /dtb/rockchip/rk3399pro-neardi-linux-lc110-base.dtb
60182 bytes read in 262 ms (223.6 KiB/s)
Fdt Ramdisk skip relocation
## Flattened Device Tree blob at 08300000
   Booting using the fdt blob at 0x8300000
   Using Device Tree in place at 0000000008300000, end 0000000008311b15
can't found rockchip,drm-logo, use rockchip,fb-logo
WARNING: could not set reg FDT_ERR_BADOFFSET.
failed to reserve fb-loader-logo memory
Adding bank: 0x00200000 - 0x08400000 (size: 0x08200000)
Adding bank: 0x0a200000 - 0xf8000000 (size: 0xede00000)
Total: 8249.208 ms

Starting kernel ...

[    0.000000] Booting Linux on physical CPU 0x0000000000 [0x410fd034]
[    0.000000] Linux version 6.18.33 (henry@Inspiron-7520) (aarch64-linux-gnu-gcc (Ubuntu 13.3.0-6ubuntu2~24.04.1) 13.3.0, GNU ld (GNU Binutils for Ubuntu) 2.42) #1 SMP PREEMPT Wed Jun 17 16:24:23 CST 2026
[    0.000000] KASLR disabled due to lack of seed
[    0.000000] Machine model: Radxa ROCK Pi N10
[    0.000000] efi: UEFI not found.
[    0.000000] OF: reserved mem: Reserved memory: No reserved-memory node in the DT
[    0.000000] NUMA: Faking a node at [mem 0x0000000000200000-0x00000000f7ffffff]
[    0.000000] NODE_DATA(0) allocated [mem 0xf77f6880-0xf77f8eff]
[    0.000000] Zone ranges:
[    0.000000]   DMA      [mem 0x0000000000200000-0x00000000f7ffffff]
[    0.000000]   DMA32    empty
[    0.000000]   Normal   empty
[    0.000000] Movable zone start for each node
[    0.000000] Early memory node ranges
[    0.000000]   node   0: [mem 0x0000000000200000-0x00000000083fffff]

[    0.000000]   node   0: [mem 0x000000000a200000-0x00000000f7ffffff]
[    0.000000] Initmem setup node 0 [mem 0x0000000000200000-0x00000000f7ffffff]
[    0.000000] On node 0, zone DMA: 512 pages in unavailable ranges
[    0.000000] On node 0, zone DMA: 7680 pages in unavailable ranges
[    0.000000] cma: Reserved 32 MiB at 0x00000000f1800000
[    0.000000] psci: probing for conduit method from DT.
[    0.000000] psci: PSCIv1.0 detected in firmware.
[    0.000000] psci: Using standard PSCI v0.2 function IDs
[    0.000000] psci: Trusted OS migration not required
[    0.000000] psci: SMC Calling Convention v1.0
[    0.000000] percpu: Embedded 25 pages/cpu s62552 r8192 d31656 u102400
[    0.000000] Detected VIPT I-cache on CPU0
[    0.000000] CPU features: detected: GICv3 CPU interface
[    0.000000] CPU features: detected: ARM erratum 845719
[    0.000000] alternatives: applying boot alternatives
[    0.000000] Kernel command line: root=PARTUUID=61ec8aeb-3d1a-48fa-a9da-54d744ed8bdf rootflags=data=writeback rw rootwait rootdelay=10 rootfstype=ext4 console=ttyS2,1500000 console=tty1 panic=0 usbcore.autosuspend=-1 initcall_blacklist=psci_checker printk.devkmsg=on log_buf_len=16M net.ifnames=0
[    0.000000] printk: log buffer data + meta data: 16777216 + 58720256 = 75497472 bytes
[    0.000000] printk: early log buf free: 128880(98%)
[    0.000000] Dentry cache hash table entries: 524288 (order: 10, 4194304 bytes, linear)
[    0.000000] Inode-cache hash table entries: 262144 (order: 9, 2097152 bytes, linear)
[    0.000000] software IO TLB: SWIOTLB bounce buffer size adjusted to 3MB
[    0.000000] software IO TLB: area num 8.
[    0.000000] software IO TLB: mapped [mem 0x00000000ec600000-0x00000000eca00000] (4MB)
[    0.000000] Fallback order for Node 0: 0 
[    0.000000] Built 1 zonelists, mobility grouping on.  Total pages: 1007616
[    0.000000] Policy zone: DMA
[    0.000000] mem auto-init: stack:all(zero), heap alloc:off, heap free:off
[    0.000000] SLUB: HWalign=64, Order=0-3, MinObjects=0, CPUs=6, Nodes=1
[    0.000000] rcu: Preemptible hierarchical RCU implementation.

[    0.000000] rcu: 	RCU event tracing is enabled.
[    0.000000] rcu: 	RCU restricting CPUs from NR_CPUS=512 to nr_cpu_ids=6.
[    0.000000] 	Trampoline variant of Tasks RCU enabled.
[    0.000000] 	Tracing variant of Tasks RCU enabled.
[    0.000000] rcu: RCU calculated value of scheduler-enlistment delay is 25 jiffies.
[    0.000000] rcu: Adjusting geometry for rcu_fanout_leaf=16, nr_cpu_ids=6
[    0.000000] RCU Tasks: Setting shift to 3 and lim to 1 rcu_task_cb_adjust=1 rcu_task_cpu_ids=6.
[    0.000000] RCU Tasks Trace: Setting shift to 3 and lim to 1 rcu_task_cb_adjust=1 rcu_task_cpu_ids=6.
[    0.000000] NR_IRQS: 64, nr_irqs: 64, preallocated irqs: 0
[    0.000000] GICv3: GIC: Using split EOI/Deactivate mode
[    0.000000] GICv3: 256 SPIs implemented
[    0.000000] GICv3: 0 Extended SPIs implemented
[    0.000000] Root IRQ handler: gic_handle_irq
[    0.000000] GICv3: GICv3 features: 16 PPIs
[    0.000000] GICv3: GICD_CTLR.DS=0, SCR_EL3.FIQ=1
[    0.000000] GICv3: CPU0: found redistributor 0 region 0:0x00000000fef00000
[    0.000000] ITS [mem 0xfee20000-0xfee3ffff]
[    0.000000] ITS@0x00000000fee20000: allocated 65536 Devices @3880000 (flat, esz 8, psz 64K, shr 0)
[    0.000000] ITS: using cache flushing for cmd queue
[    0.000000] GICv3: using LPI property table @0x0000000003860000
[    0.000000] GIC: using cache flushing for LPI property table
[    0.000000] GICv3: CPU0: using allocated LPI pending table @0x0000000003870000
[    0.000000] GICv3: GIC: PPI partition interrupt-partition-0[0] { /cpus/cpu@0[0] /cpus/cpu@1[1] /cpus/cpu@2[2] /cpus/cpu@3[3] }
[    0.000000] GICv3: GIC: PPI partition interrupt-partition-1[1] { /cpus/cpu@100[4] /cpus/cpu@101[5] }
[    0.000000] rcu: srcu_init: Setting srcu_struct sizes based on contention.
[    0.000000] arch_timer: cp15 timer running at 24.00MHz (phys).
[    0.000000] clocksource: arch_sys_counter: mask: 0xffffffffffffff max_cycles: 0x588fe9dc0, max_idle_ns: 440795202592 ns
[    0.000001] sched_clock: 56 bits at 24MHz, resolution 41ns, wraps every 4398046511097ns
[    0.003332] Console: colour dummy device 80x25
[    0.003351] printk: legacy console [tty1] enabled
[    0.004272] Calibrating delay loop (skipped), value calculated using timer frequency.. 48.00 BogoMIPS (lpj=96000)
[    0.004308] pid_max: default: 32768 minimum: 301
[    0.004454] LSM: initializing lsm=capability
[    0.004638] Mount-cache hash table entries: 8192 (order: 4, 65536 bytes, linear)
[    0.004681] Mountpoint-cache hash table entries: 8192 (order: 4, 65536 bytes, linear)
[    0.007873] rcu: Hierarchical SRCU implementation.
[    0.007912] rcu: 	Max phase no-delay instances is 1000.
[    0.008275] Timer migration: 1 hierarchy levels; 8 children per group; 1 crossnode level
[    0.008606] fsl-mc MSI: msi-controller@fee20000 domain created
[    0.013528] EFI services will not be available.
[    0.014030] smp: Bringing up secondary CPUs ...
[    0.014773] Detected VIPT I-cache on CPU1
[    0.014980] GICv3: CPU1: found redistributor 1 region 0:0x00000000fef20000
[    0.015001] GICv3: CPU1: using allocated LPI pending table @0x0000000003900000
[    0.015059] CPU1: Booted secondary processor 0x0000000001 [0x410fd034]
[    0.015907] Detected VIPT I-cache on CPU2
[    0.016084] GICv3: CPU2: found redistributor 2 region 0:0x00000000fef40000
[    0.016102] GICv3: CPU2: using allocated LPI pending table @0x0000000003910000
[    0.016142] CPU2: Booted secondary processor 0x0000000002 [0x410fd034]
[    0.016987] Detected VIPT I-cache on CPU3
[    0.017162] GICv3: CPU3: found redistributor 3 region 0:0x00000000fef60000
[    0.017180] GICv3: CPU3: using allocated LPI pending table @0x0000000003920000
[    0.017217] CPU3: Booted secondary processor 0x0000000003 [0x410fd034]
[    0.018009] CPU features: detected: Spectre-v2
[    0.018022] CPU features: detected: Spectre-v3a
[    0.018027] CPU features: detected: Spectre-v4
[    0.018033] CPU features: detected: Spectre-BHB
[    0.018040] CPU features: detected: ARM erratum 1742098
[    0.018047] CPU features: detected: ARM errata 1165522, 1319367, or 1530923
[    0.018053] Detected PIPT I-cache on CPU4
[    0.018214] GICv3: CPU4: found redistributor 100 region 0:0x00000000fef80000
[    0.018229] GICv3: CPU4: using allocated LPI pending table @0x0000000003930000
[    0.018267] CPU4: Booted secondary processor 0x0000000100 [0x410fd082]
[    0.019027] Detected PIPT I-cache on CPU5
[    0.019174] GICv3: CPU5: found redistributor 101 region 0:0x00000000fefa0000
[    0.019189] GICv3: CPU5: using allocated LPI pending table @0x0000000003940000
[    0.019219] CPU5: Booted secondary processor 0x0000000101 [0x410fd082]
[    0.019364] smp: Brought up 1 node, 6 CPUs
[    0.019662] SMP: Total of 6 processors activated.
[    0.019679] CPU: All CPU(s) started at EL2
[    0.019721] CPU features: detected: 32-bit EL0 Support
[    0.019738] CPU features: detected: 32-bit EL1 Support
[    0.019757] CPU features: detected: CRC32 instructions
[    0.019783] CPU features: detected: PMUv3
[    0.019863] alternatives: applying system-wide alternatives
[    0.022599] Memory: 3784328K/4030464K available (18176K kernel code, 5442K rwdata, 13052K rodata, 11712K init, 690K bss, 205760K reserved, 32768K cma-reserved)
[    0.023090] devtmpfs: initialized
[    0.034617] clocksource: jiffies: mask: 0xffffffff max_cycles: 0xffffffff, max_idle_ns: 7645041785100000 ns
[    0.034672] posixtimers hash table entries: 4096 (order: 4, 65536 bytes, linear)
[    0.034783] futex hash table entries: 2048 (131072 bytes on 1 NUMA nodes, total 128 KiB, linear).
[    0.035206] 20448 pages in range for non-PLT usage
[    0.035214] 511968 pages in range for PLT usage
[    0.035440] pinctrl core: initialized pinctrl subsystem
[    0.038595] DMI not present or invalid.
[    0.041723] NET: Registered PF_NETLINK/PF_ROUTE protocol family
[    0.043267] DMA: preallocated 512 KiB GFP_KERNEL pool for atomic allocations
[    0.043979] DMA: preallocated 512 KiB GFP_KERNEL|GFP_DMA pool for atomic allocations
[    0.044969] DMA: preallocated 512 KiB GFP_KERNEL|GFP_DMA32 pool for atomic allocations
[    0.045360] audit: initializing netlink subsys (disabled)
[    0.045562] audit: type=2000 audit(0.044:1): state=initialized audit_enabled=0 res=1
[    0.048006] thermal_sys: Registered thermal governor 'step_wise'
[    0.048015] thermal_sys: Registered thermal governor 'power_allocator'
[    0.048112] cpuidle: using governor menu
[    0.048416] hw-breakpoint: found 6 breakpoint and 4 watchpoint registers.
[    0.048604] ASID allocator initialised with 65536 entries
[    0.052231] Serial: AMBA PL011 UART driver
[    0.054882] /pcie@f8000000: Fixed dependency cycle(s) with /pcie@f8000000/interrupt-controller
[    0.083257] /syscon@ff770000/phy@f780: Fixed dependency cycle(s) with /mmc@fe330000
[    0.084969] /mmc@fe330000: Fixed dependency cycle(s) with /syscon@ff770000/phy@f780
[    0.085042] /syscon@ff770000/phy@f780: Fixed dependency cycle(s) with /mmc@fe330000
[    0.093945] gpio gpiochip0: Static allocation of GPIO base is deprecated, use dynamic allocation.
[    0.094445] rockchip-gpio ff720000.gpio: probed /pinctrl/gpio@ff720000
[    0.094981] gpio gpiochip1: Static allocation of GPIO base is deprecated, use dynamic allocation.
[    0.095188] rockchip-gpio ff730000.gpio: probed /pinctrl/gpio@ff730000
[    0.095629] gpio gpiochip2: Static allocation of GPIO base is deprecated, use dynamic allocation.

[    0.095816] rockchip-gpio ff780000.gpio: probed /pinctrl/gpio@ff780000
[    0.096226] gpio gpiochip3: Static allocation of GPIO base is deprecated, use dynamic allocation.
[    0.096406] rockchip-gpio ff788000.gpio: probed /pinctrl/gpio@ff788000
[    0.096885] gpio gpiochip4: Static allocation of GPIO base is deprecated, use dynamic allocation.
[    0.097068] rockchip-gpio ff790000.gpio: probed /pinctrl/gpio@ff790000
[    0.102051] HugeTLB: registered 1.00 GiB page size, pre-allocated 0 pages
[    0.102075] HugeTLB: 0 KiB vmemmap can be freed for a 1.00 GiB page
[    0.102088] HugeTLB: registered 32.0 MiB page size, pre-allocated 0 pages
[    0.102100] HugeTLB: 0 KiB vmemmap can be freed for a 32.0 MiB page
[    0.102113] HugeTLB: registered 2.00 MiB page size, pre-allocated 0 pages
[    0.102124] HugeTLB: 0 KiB vmemmap can be freed for a 2.00 MiB page
[    0.102137] HugeTLB: registered 64.0 KiB page size, pre-allocated 0 pages
[    0.102148] HugeTLB: 0 KiB vmemmap can be freed for a 64.0 KiB page
[    0.104361] ACPI: Interpreter disabled.
[    0.108951] iommu: Default domain type: Translated
[    0.108971] iommu: DMA domain TLB invalidation policy: strict mode
[    0.109484] SCSI subsystem initialized
[    0.109904] usbcore: registered new interface driver usbfs
[    0.109949] usbcore: registered new interface driver hub
[    0.109991] usbcore: registered new device driver usb
[    0.111330] pps_core: LinuxPPS API ver. 1 registered
[    0.111343] pps_core: Software ver. 5.3.6 - Copyright 2005-2007 Rodolfo Giometti <giometti@linux.it>
[    0.111392] PTP clock support registered
[    0.111569] EDAC MC: Ver: 3.0.0
[    0.112042] scmi_core: SCMI protocol bus registered
[    0.113444] FPGA manager framework
[    0.114517] vgaarb: loaded
[    0.114997] clocksource: Switched to clocksource arch_sys_counter
[    0.115315] VFS: Disk quotas dquot_6.6.0
[    0.115344] VFS: Dquot-cache hash table entries: 512 (order 0, 4096 bytes)
[    0.115821] pnp: PnP ACPI: disabled
[    0.124398] NET: Registered PF_INET protocol family
[    0.124615] IP idents hash table entries: 65536 (order: 7, 524288 bytes, linear)
[    0.127934] tcp_listen_portaddr_hash hash table entries: 2048 (order: 3, 32768 bytes, linear)
[    0.128036] Table-perturb hash table entries: 65536 (order: 6, 262144 bytes, linear)
[    0.128066] TCP established hash table entries: 32768 (order: 6, 262144 bytes, linear)
[    0.128333] TCP bind hash table entries: 32768 (order: 8, 1048576 bytes, linear)
[    0.129283] TCP: Hash tables configured (established 32768 bind 32768)
[    0.129406] UDP hash table entries: 2048 (order: 5, 131072 bytes, linear)
[    0.129588] UDP-Lite hash table entries: 2048 (order: 5, 131072 bytes, linear)
[    0.129932] NET: Registered PF_UNIX/PF_LOCAL protocol family

[    0.130450] RPC: Registered named UNIX socket transport module.
[    0.130467] RPC: Registered udp transport module.
[    0.130477] RPC: Registered tcp transport module.
[    0.130487] RPC: Registered tcp-with-tls transport module.
[    0.130498] RPC: Registered tcp NFSv4.1 backchannel transport module.
[    0.130531] PCI: CLS 0 bytes, default 64
[    0.134295] kvm [1]: nv: 568 coarse grained trap handlers
[    0.134710] kvm [1]: IPA Size Limit: 40 bits
[    0.137132] kvm [1]: vgic-v2@fff20000
[    0.137198] kvm [1]: GIC system register CPU interface enabled
[    0.137230] kvm [1]: vgic interrupt IRQ18
[    0.137272] kvm [1]: Hyp nVHE mode initialized successfully
[    0.138935] Initialise system trusted keyrings
[    0.139163] workingset: timestamp_bits=42 max_order=20 bucket_order=0
[    0.139546] squashfs: version 4.0 (2009/01/31) Phillip Lougher
[    0.139841] NFS: Registering the id_resolver key type
[    0.139883] Key type id_resolver registered
[    0.139894] Key type id_legacy registered
[    0.139920] nfs4filelayout_init: NFSv4 File Layout Driver Registering...
[    0.139936] nfs4flexfilelayout_init: NFSv4 Flexfile Layout Driver Registering...
[    0.140125] 9p: Installing v9fs 9p2000 file system support
[    0.194330] Key type asymmetric registered
[    0.194348] Asymmetric key parser 'x509' registered
[    0.194410] Block layer SCSI generic (bsg) driver version 0.4 loaded (major 244)
[    0.194428] io scheduler mq-deadline registered
[    0.194443] io scheduler kyber registered
[    0.194518] io scheduler bfq registered
[    0.217440] ledtrig-cpu: registered to indicate activity on CPUs
[    0.252443] dma-pl330 ff6d0000.dma-controller: Loaded driver for PL330 DMAC-241330
[    0.252473] dma-pl330 ff6d0000.dma-controller: 	DBUFF-32x8bytes Num_Chans-6 Num_Peri-12 Num_Events-12
[    0.253596] dma-pl330 ff6e0000.dma-controller: Loaded driver for PL330 DMAC-241330
[    0.253616] dma-pl330 ff6e0000.dma-controller: 	DBUFF-128x8bytes Num_Chans-8 Num_Peri-20 Num_Events-16

[    0.271121] Serial: 8250/16550 driver, 4 ports, IRQ sharing enabled
[    0.274345] ff180000.serial: ttyS0 at MMIO 0xff180000 (irq = 35, base_baud = 1500000) is a 16550A
[    0.275382] ff1a0000.serial: ttyS2 at MMIO 0xff1a0000 (irq = 36, base_baud = 1500000) is a 16550A
[    0.275470] printk: legacy console [ttyS2] enabled
[    0.398537] msm_serial: driver initialized
[    0.399497] SuperH (H)SCI(F) driver initialized
[    0.400195] STM32 USART driver initialized
[    0.405806] platform ff650000.video-codec: Adding to iommu group 0
[    0.407467] platform ff660000.video-codec: Adding to iommu group 1
[    0.418217] loop: module loaded
[    0.420086] megasas: 07.734.00.00-rc1
[    0.429826] tun: Universal TUN/TAP device driver, 1.6
[    0.431752] thunder_xcv, ver 1.0
[    0.432100] thunder_bgx, ver 1.0
[    0.432434] nicpf, ver 1.0
[    0.434655] e1000: Intel(R) PRO/1000 Network Driver
[    0.435114] e1000: Copyright (c) 1999-2006 Intel Corporation.
[    0.435669] e1000e: Intel(R) PRO/1000 Network Driver
[    0.436113] e1000e: Copyright(c) 1999 - 2015 Intel Corporation.
[    0.436683] igb: Intel(R) Gigabit Ethernet Network Driver
[    0.437165] igb: Copyright (c) 2007-2014 Intel Corporation.
[    0.437698] igbvf: Intel(R) Gigabit Virtual Function Network Driver
[    0.438256] igbvf: Copyright (c) 2009 - 2012 Intel Corporation.
[    0.439316] sky2: driver version 1.30
[    0.442145] VFIO - User Level meta-driver version: 0.3
[    0.449781] usbcore: registered new interface driver usb-storage
[    0.455317] i2c_dev: i2c /dev entries driver
[    0.459929] /i2c@ff3c0000/pmic@20: Fixed dependency cycle(s) with /i2c@ff3c0000/pmic@20/regulators/DCDC_REG4
[    0.460833] /i2c@ff3c0000/pmic@20: Fixed dependency cycle(s) with /i2c@ff3c0000/pmic@20/regulators/DCDC_REG5
[    0.474244] sdhci: Secure Digital Host Controller Interface driver
[    0.474809] sdhci: Copyright(c) Pierre Ossman
[    0.476401] Synopsys Designware Multimedia Card Interface Driver
[    0.478401] dwmmc_rockchip fe310000.mmc: IDMAC supports 32-bit address mode.
[    0.478644] sdhci-pltfm: SDHCI platform and OF driver helper
[    0.479097] dwmmc_rockchip fe310000.mmc: Using internal DMA controller.
[    0.480156] dwmmc_rockchip fe310000.mmc: Version ID is 270a
[    0.480696] dwmmc_rockchip fe310000.mmc: DW MMC controller at irq 48,32 bit host data width,256 deep fifo
[    0.481457] mmc0: CQHCI version 5.10
[    0.486004] usbcore: registered new interface driver usbhid
[    0.486515] usbhid: USB HID core driver
[    0.493572] hw perfevents: enabled with armv8_cortex_a53 PMU driver, 7 (0,8000003f) counters available
[    0.495380] hw perfevents: enabled with armv8_cortex_a72 PMU driver, 7 (0,8000003f) counters available
[    0.503690] NET: Registered PF_PACKET protocol family
[    0.504247] 9pnet: Installing 9P2000 support
[    0.504715] Key type dns_resolver registered
[    0.507225] mmc0: SDHCI controller on fe330000.mmc [fe330000.mmc] using ADMA
[    0.516986] registered taskstats version 1
[    0.517595] Loading compiled-in X.509 certificates
[    0.527283] Demotion targets for Node 0: null
[    0.575159] xhci-hcd xhci-hcd.0.auto: xHCI Host Controller
[    0.575683] xhci-hcd xhci-hcd.0.auto: new USB bus registered, assigned bus number 1
[    0.576540] xhci-hcd xhci-hcd.0.auto: hcc params 0x0220fe64 hci version 0x110 quirks 0x0000808002000010
[    0.576661] mmc0: Command Queue Engine enabled
[    0.577414] xhci-hcd xhci-hcd.0.auto: irq 56, io mem 0xfe800000
[    0.577826] mmc0: new HS400 Enhanced strobe MMC card at address 0001
[    0.578603] xhci-hcd xhci-hcd.0.auto: xHCI Host Controller
[    0.579462] xhci-hcd xhci-hcd.0.auto: new USB bus registered, assigned bus number 2
[    0.580160] xhci-hcd xhci-hcd.0.auto: Host supports USB 3.0 SuperSpeed
[    0.580276] mmcblk0: mmc0:0001 DF4016 14.7 GiB
[    0.581866] hub 1-0:1.0: USB hub found
[    0.582247] hub 1-0:1.0: 1 port detected
[    0.583040] usb usb2: We don't know the algorithms for LPM for this host, disabling LPM.
[    0.583617] ehci-platform fe380000.usb: EHCI Host Controller
[    0.584488] hub 2-0:1.0: USB hub found
[    0.584868] hub 2-0:1.0: 1 port detected
[    0.585644] ehci-platform fe380000.usb: new USB bus registered, assigned bus number 3
[    0.586541] ehci-platform fe380000.usb: irq 57, io mem 0xfe380000
[    0.586558] ehci-platform fe3c0000.usb: EHCI Host Controller
[    0.586605] ehci-platform fe3c0000.usb: new USB bus registered, assigned bus number 4
[    0.588341] ohci-platform fe3a0000.usb: Generic Platform OHCI controller
[    0.588479] ehci-platform fe3c0000.usb: irq 58, io mem 0xfe3c0000
[    0.589088] ohci-platform fe3a0000.usb: new USB bus registered, assigned bus number 5
[    0.590008] ohci-platform fe3e0000.usb: Generic Platform OHCI controller
[    0.590425] ohci-platform fe3a0000.usb: irq 84, io mem 0xfe3a0000

[    0.590837] ohci-platform fe3e0000.usb: new USB bus registered, assigned bus number 6
[    0.592215] ohci-platform fe3e0000.usb: irq 85, io mem 0xfe3e0000
[    0.592807]  mmcblk0: p1 p2 p3 p4 p5 p6
[    0.595695] mmcblk0boot0: mmc0:0001 DF4016 4.00 MiB
[    0.598531] mmcblk0boot1: mmc0:0001 DF4016 4.00 MiB
[    0.601118] mmcblk0rpmb: mmc0:0001 DF4016 4.00 MiB, chardev (511:0)
[    0.603046] ehci-platform fe380000.usb: USB 2.0 started, EHCI 1.00
[    0.604673] hub 3-0:1.0: USB hub found
[    0.605092] hub 3-0:1.0: 1 port detected
[    0.615045] ehci-platform fe3c0000.usb: USB 2.0 started, EHCI 1.00
[    0.616590] hub 4-0:1.0: USB hub found
[    0.617007] hub 4-0:1.0: 1 port detected
[    0.623647] vcc_buck5: Bringing 3300000uV into 2200000-2200000uV
[    0.631040] vcca_1v8: Bringing 1800000uV into 1850000-1850000uV
[    0.636058] vdd1v5_dvp: Bringing 1800000uV into 1500000-1500000uV
[    0.652651] hub 5-0:1.0: USB hub found
[    0.653060] hub 5-0:1.0: 1 port detected
[    0.654750] hub 6-0:1.0: USB hub found
[    0.655161] hub 6-0:1.0: 1 port detected
[    0.662360] rk808-rtc rk808-rtc.4.auto: registered as rtc0
[    0.664604] rk808-rtc rk808-rtc.4.auto: setting system clock to 2017-08-05T09:00:10 UTC (1501923610)
[    0.669837] cpu cpu0: EM: created perf domain
[    0.671097] cpu cpu4: EM: created perf domain
[    0.681616] rockchip-pcie f8000000.pcie: host bridge /pcie@f8000000 ranges:
[    0.682303] dwmmc_rockchip fe320000.mmc: IDMAC supports 32-bit address mode.
[    0.682313] rockchip-pcie f8000000.pcie:      MEM 0x00fa000000..0x00fbdfffff -> 0x00fa000000
[    0.682328] rockchip-pcie f8000000.pcie:       IO 0x00fbe00000..0x00fbefffff -> 0x00fbe00000
[    0.682381] dwmmc_rockchip fe320000.mmc: Using internal DMA controller.
[    0.683479] rockchip-pcie f8000000.pcie: no vpcie12v regulator found
[    0.683786] dwmmc_rockchip fe320000.mmc: Version ID is 270a
[    0.684539] dwmmc_rockchip fe310000.mmc: IDMAC supports 32-bit address mode.
[    0.685181] dwmmc_rockchip fe320000.mmc: DW MMC controller at irq 86,32 bit host data width,256 deep fifo
[    0.685724] dwmmc_rockchip fe310000.mmc: Using internal DMA controller.
[    0.687233] dwmmc_rockchip fe320000.mmc: Got CD GPIO
[    0.687732] dwmmc_rockchip fe310000.mmc: Version ID is 270a
[    0.689260] dwmmc_rockchip fe310000.mmc: DW MMC controller at irq 48,32 bit host data width,256 deep fifo
[    0.701682] mmc_host mmc1: Bus speed (slot 0) = 400000Hz (slot req 400000Hz, actual 400000HZ div = 0)
[    0.763780] mmc_host mmc1: Bus speed (slot 0) = 50000000Hz (slot req 50000000Hz, actual 50000000HZ div = 0)
[    0.765122] mmc1: new high speed SDHC card at address 0001
[    0.767213] mmcblk1: mmc1:0001 SD16G 14.4 GiB
[    0.779664] GPT:Primary header thinks Alt. header is not at the end of the disk.
[    0.780374] GPT:7225343 != 30203903
[    0.780705] GPT:Alternate GPT header not at the end of the disk.
[    0.781251] GPT:7225343 != 30203903
[    0.781579] GPT: Use GNU Parted to correct GPT errors.
[    0.782084]  mmcblk1: p1 p2
[    0.863341] usb 4-1: new high-speed USB device number 2 using ehci-platform
[    1.010899] hub 4-1:1.0: USB hub found
[    1.011702] hub 4-1:1.0: 4 ports detected
[    1.391431] rockchip-pcie f8000000.pcie: PCIe link training gen1 timeout!
[    1.392115] rockchip-pcie f8000000.pcie: probe with driver rockchip-pcie failed with error -110
[    1.410540] clk: Disabling unused clocks
[    1.410586] dwmmc_rockchip fe310000.mmc: IDMAC supports 32-bit address mode.
[    1.411691] dwmmc_rockchip fe310000.mmc: Using internal DMA controller.
[    1.412286] dwmmc_rockchip fe310000.mmc: Version ID is 270a
[    1.412303] PM: genpd: Disabling unused power domains
[    1.412808] dwmmc_rockchip fe310000.mmc: DW MMC controller at irq 48,32 bit host data width,256 deep fifo
[    1.414319] check access for rdinit=/init failed: -2, ignoring
[    1.414850] Waiting 10 sec before mounting root device...
[   11.496133] platform sdio-pwrseq: deferred probe pending: pwrseq_simple: external clock not ready
[   11.496992] rockchip-pm-domain ff310000.power-management:power-controller: sync_state() pending due to fe310000.mmc
[   11.497942] rockchip-pm-domain ff310000.power-management:power-controller: sync_state() pending due to ff650000.video-codec
[   11.499114] rockchip-pm-domain ff310000.power-management:power-controller: sync_state() pending due to ff660000.video-codec
[   11.500211] rockchip-pm-domain ff310000.power-management:power-controller: sync_state() pending due to ff680000.rga
[   11.501203] rockchip-pm-domain ff310000.power-management:power-controller: sync_state() pending due to ff940000.hdmi
[   11.503129] dwmmc_rockchip fe310000.mmc: IDMAC supports 32-bit address mode.
[   11.503827] dwmmc_rockchip fe310000.mmc: Using internal DMA controller.
[   11.504444] dwmmc_rockchip fe310000.mmc: Version ID is 270a
[   11.504990] dwmmc_rockchip fe310000.mmc: DW MMC controller at irq 48,32 bit host data width,256 deep fifo
[   11.510720] EXT4-fs (mmcblk1p2): recovery complete
[   11.511406] EXT4-fs (mmcblk1p2): mounted filesystem d52f7f8b-fa0e-4c9f-a552-d6df4329ac87 r/w with writeback data mode. Quota mode: none.
[   11.512604] VFS: Mounted root (ext4 filesystem) on device 179:98.
[   11.515079] devtmpfs: mounted
[   11.521344] Freeing unused kernel memory: 11712K
[   11.522204] Run /sbin/init as init process
[   12.407954] systemd[1]: System time advanced to built-in epoch: Tue 2026-04-14 03:38:05 CST
[   12.527257] systemd[1]: systemd 257.13-1~deb13u1 running in system mode (+PAM +AUDIT +SELINUX +APPARMOR +IMA +IPE +SMACK +SECCOMP +GCRYPT -GNUTLS +OPENSSL +ACL +BLKID +CURL +ELFUTILS +FIDO2 +IDN2 -IDN +IPTC +KMOD +LIBCRYPTSETUP +LIBCRYPTSETUP_PLUGINS +LIBFDISK +PCRE2 +PWQUALITY +P11KIT +QRENCODE +TPM2 +BZIP2 +LZ4 +XZ +ZLIB +ZSTD +BPF_FRAMEWORK +BTF -XKBCOMMON -UTMP +SYSVINIT +LIBARCHIVE)
[   12.530358] systemd[1]: Detected architecture arm64.
[   12.549698] systemd[1]: Hostname set to <armbian>.
[   12.563127] systemd[1]: Initializing machine ID from random generator.
[   13.026046] systemd[1]: bpf-restrict-fs: BPF LSM hook not enabled in the kernel, BPF LSM not supported.
[   13.099424] dw-apb-uart ff1a0000.serial: forbid DMA for kernel console
[   13.105048] Unable to handle kernel paging request at virtual address f9fe00000259cb50
[   13.105761] Mem abort info:
[   13.106010]   ESR = 0x0000000096000004
[   13.106341]   EC = 0x25: DABT (current EL), IL = 32 bits
[   13.106808]   SET = 0, FnV = 0
[   13.107099]   EA = 0, S1PTW = 0
[   13.107379]   FSC = 0x04: level 0 translation fault
[   13.107808] Data abort info:
[   13.108063]   ISV = 0, ISS = 0x00000004, ISS2 = 0x00000000
[   13.108545]   CM = 0, WnR = 0, TnD = 0, TagAccess = 0
[   13.108989]   GCS = 0, Overlay = 0, DirtyBit = 0, Xs = 0
[   13.109456] [f9fe00000259cb50] address between user and kernel address ranges
[   13.110083] Internal error: Oops: 0000000096000004 [#1]  SMP
[   13.110580] Modules linked in:
[   13.110857] CPU: 4 UID: 0 PID: 138 Comm: systemd-system- Not tainted 6.18.33 #1 PREEMPT 
[   13.111569] Hardware name: Radxa ROCK Pi N10 (DT)
[   13.111983] pstate: 60000005 (nZCv daif -PAN -UAO -TCO -DIT -SSBS BTYPE=--)

[   13.112595] pc : __handle_mm_fault+0x31c/0x184c
[   13.113006] lr : __handle_mm_fault+0x4c/0x184c
[   13.113402] sp : ffff800083bfbcb0
[   13.113698] x29: ffff800083bfbd50 x28: ffff00000259cb40 x27: ffff00000259cb40
[   13.114330] x26: ffff0000024e7000 x25: ffff0000024e8fe8 x24: 0000000000100073
[   13.114959] x23: ffff00000499a100 x22: ffff800081e03000 x21: 0000000000001255
[   13.115588] x20: ffff00000259cb40 x19: 00000000000001fd x18: 0000000000000000
[   13.116219] x17: 0000000000000000 x16: ffff80008187cf38 x15: 0000ffff7fedafff
[   13.116854] x14: 0000ffff7f841000 x13: 1fffe000004a1c41 x12: ffff00000250e20c
[   13.117490] x11: ffff800083bfbd60 x10: ffff00000250e200 x9 : 0000ffff7f84ffff
[   13.118121] x8 : ffff800083bfbd48 x7 : 0000000000000000 x6 : ffff00000250e280
[   13.118750] x5 : 0000000000000000 x4 : ffff800083bfbd38 x3 : ffff800083bfbcd0
[   13.119378] x2 : 0000ffff7fab0000 x1 : ffff000002507fe8 x0 : 080000000250b403
[   13.120008] Call trace:
[   13.120226]  __handle_mm_fault+0x31c/0x184c (P)
[   13.120632]  handle_mm_fault+0x150/0x270
[   13.120982]  do_page_fault+0x108/0x68c
[   13.121317]  do_mem_abort+0x44/0x94

[   13.121630]  el0_da+0x30/0xb8
[   13.121901]  el0t_64_sync_handler+0xd0/0xe4
[   13.122271]  el0t_64_sync+0x198/0x19c
[   13.122600] Code: f90013ff 910083e3 f94023e2 910223e4 (f9400b80) 
[   13.123138] ---[ end trace 0000000000000000 ]---
[   67.287278] random: crng init done
[  103.048382] systemd[1]: Failed to fork off sandboxing environment for executing generators: Protocol error
[  103.062296] systemd[1]: Freezing execution.
