DDR Version 1.24 20191016
In
Channel 0: LPDDR3, 800MHz
CS = 0
MR0=0x58
MR1=0x58
MR2=0x58
MR3=0x58
MR4=0x2
MR5=0x1
MR6=0x16
MR7=0x0
MR8=0x1F
MR9=0x1F
MR10=0x1F
MR11=0x1F
MR12=0x1F
MR13=0x1F
MR14=0x1F
MR15=0x1F
MR16=0x1F
CS = 1
MR0=0x58
MR1=0x58
MR2=0x58
MR3=0x58
MR4=0x2
MR5=0x1
MR6=0x16
MR7=0x0
MR8=0x1F
MR9=0x1F
MR10=0x1F
MR11=0x1F
MR12=0x1F
MR13=0x1F
MR14=0x1F
MR15=0x1F
MR16=0x1F
Bus Width=32 Col=10 Bank=8 Row=15/15 CS=2 Die Bus-Width=32 Size=2048MB
Channel 1: LPDDR3, 800MHz
CS = 0
MR0=0x58
MR1=0x58
MR2=0x58
MR3=0x58
MR4=0x2
MR5=0x1
MR6=0x16
MR7=0x0
MR8=0x1F
MR9=0x1F
MR10=0x1F
MR11=0x1F

MR12=0x1F
MR13=0x1F
MR14=0x1F
MR15=0x1F
MR16=0x1F
CS = 1
MR0=0x58
MR1=0x58
MR2=0x58
MR3=0x58
MR4=0x2
MR5=0x1
MR6=0x16
MR7=0x0
MR8=0x1F
MR9=0x1F
MR10=0x1F
MR11=0x1F
MR12=0x1F
MR13=0x1F
MR14=0x1F
MR15=0x1F
MR16=0x1F
Bus Width=32 Col=10 Bank=8 Row=15/15 CS=2 Die Bus-Width=32 Size=2048MB
256B stride
ch 0 ddrconfig = 0x101, ddrsize = 0x2020
ch 1 ddrconfig = 0x101, ddrsize = 0x2020
pmugrf_os_reg[2] = 0x3AA0DAA0, stride = 0xD
OUT
Boot1 Release Time: May 29 2020 17:36:36, version: 1.26
CPUId = 0x0
ChipType = 0x10, 342
SdmmcInit=2 0
BootCapSize=100000
UserCapSize=15028MB
FwPartOffset=2000 , 100000
mmc0:cmd5,20
SdmmcInit=0 0
BootCapSize=0
UserCapSize=14748MB
FwPartOffset=2000 , 0
StorageInit ok = 130782
SecureMode = 0
SecureInit read PBA: 0x4
SecureInit read PBA: 0x404
SecureInit read PBA: 0x804
SecureInit read PBA: 0xc04
SecureInit read PBA: 0x1004
SecureInit read PBA: 0x1404
SecureInit read PBA: 0x1804
SecureInit read PBA: 0x1c04
SecureInit ret = 0, SecureMode = 0
atags_set_bootdev: ret:(0)
GPT part:  0, name:          primary, start:0x8000, size:0xff800
GPT part:  1, name:          primary, start:0x108000, size:0x5db800
no find partition:uboot.
Trust Addr:0x4000, 0x58334c42
No find bl30.bin
Load uboot, ReadLba = 2000
Load OK, addr=0x200000, size=0xfc8c0
RunBL31 0x40000 @ 307835 us
NOTICE:  BL31: v1.3(release):845ee93
NOTICE:  BL31: Built : 15:51:11, Jul 22 2020
NOTICE:  BL31: Rockchip release version: v1.1
INFO:    GICv3 with legacy support detected. ARM GICV3 driver initialized in EL3
INFO:    Using opteed sec cpu_context!
INFO:    boot cpu mask: 0
INFO:    plat_rockchip_pmu_init(1196): pd status 3e
INFO:    BL31: Initializing runtime services
INFO:    BL31: Initializing BL32
INF [0x0] TEE-CORE:init_primary_helper:337: Initializing (1.1.0-266-gee81607c #1 Mon Aug 17 09:23:30 UTC 2020 aarch64)


INF [0x0] TEE-CORE:init_primary_helper:338: Release version: 1.2


INF [0x0] TEE-CORE:init_teecore:83: teecore inits done

INFO:    BL31: Preparing for EL3 exit to normal world
INFO:    Entry point address = 0x200000
INFO:    SPSR = 0x3c9



U-Boot 2017.09 (Jun 06 2026 - 14:10:22 +0000)

Model: Rockchip RK3399 Evaluation Board
PreSerial: 2, raw, 0xff1a0000
DRAM:  3.8 GiB
Sysmem: init
Relocation Offset: f5bc7000, fdt: f3dbb358 
no mmc device at slot 1
Found IDB in SDcard
dwmmc@fe320000: 1 (SD), sdhci@fe330000: 0
Bootdev(atags): mmc 1
MMC1: Legacy, 50Mhz
PartType: EFI
No resource partition
Failed to load DTB
Failed to get kernel dtb, ret=-19
io-domain: OK
*** Warning - bad CRC, using default environment

Model: Rockchip RK3399 Evaluation Board
rockchip_set_serialno: could not find efuse/otp device
No misc partition
boot mode: None
CLK: (uboot. arml: enter 400000 KHz, init 816000 KHz, kernel 0N/A)
CLK: (uboot. armb: enter 24000 KHz, init 816000 KHz, kernel 0N/A)
  aplll 816000 KHz
  apllb 816000 KHz
  dpll 800000 KHz
  cpll 24000 KHz
  gpll 800000 KHz
  npll 600000 KHz
  vpll 24000 KHz
  aclk_perihp 133333 KHz
  hclk_perihp 66666 KHz
  pclk_perihp 33333 KHz
  aclk_perilp0 266666 KHz
  hclk_perilp0 88888 KHz
  pclk_perilp0 44444 KHz
  hclk_perilp1 100000 KHz
  pclk_perilp1 50000 KHz
EC20_PWREN = -2
EC20_RESET = -2
------ ec20_init  ------
EC20_PWRKEY = -2
EC20_PWRKEY = -2
Net:   No ethernet found.
Hit key to stop autoboot('CTRL+C'):  5  4  3  2  1  0 
Could not find misc partition
ANDROID: reboot reason: "(none)"
optee api revision: 2.0
TEEC: Waring: Could not find security partition
Not AVB images, AVB skip
android_image_load_by_partname: Can't find part: boot
Android image load failed
Android boot failed, error -1.
Could not find misc partition
Could not find primary part
switch to partitions #0, OK
mmc1 is current device
Scanning mmc 1:1...
Found /extlinux/extlinux.conf
Retrieving file: /extlinux/extlinux.conf
414 bytes read in 23 ms (17.6 KiB/s)
1:	Armbian
Retrieving file: /Image
50051584 bytes read in 2188 ms (21.8 MiB/s)
append: root=PARTUUID=61ec8aeb-3d1a-48fa-a9da-54d744ed8bdf rootflags=data=writeback rw rootwait rootdelay=10 rootfstype=ext4 console=ttyS2,1500000 console=tty1 panic=0 usbcore.autosuspend=-1 initcall_blacklist=psci_checker printk.devkmsg=on log_buf_len=16M maxcpus=4 systemd.default_timeout_start_sec=20 plymouth.enable=0 net.ifnames=0
Retrieving file: /dtb/rockchip/gmac-phyhandle-pll-test.dtb
60580 bytes read in 184 ms (321.3 KiB/s)
Fdt Ramdisk skip relocation
## Flattened Device Tree blob at 08300000
   Booting using the fdt blob at 0x8300000
   Using Device Tree in place at 0000000008300000, end 0000000008311ca3
can't found rockchip,drm-logo, use rockchip,fb-logo
WARNING: could not set reg FDT_ERR_BADOFFSET.
failed to reserve fb-loader-logo memory
Adding bank: 0x00200000 - 0x08400000 (size: 0x08200000)
Adding bank: 0x0a200000 - 0xf8000000 (size: 0xede00000)
Total: 8004.726 ms

Starting kernel ...

[    0.000000] Booting Linux on physical CPU 0x0000000000 [0x410fd034]
[    0.000000] Linux version 6.18.33 (henry@Inspiron-7520) (aarch64-linux-gnu-gcc (Ubuntu 13.3.0-6ubuntu2~24.04.1) 13.3.0, GNU ld (GNU Binutils for Ubuntu) 2.42) #7 SMP PREEMPT Fri Jun 19 08:54:46 CST 2026
[    0.000000] KASLR disabled due to lack of seed
[    0.000000] Machine model: Radxa ROCK Pi N10
[    0.000000] efi: UEFI not found.
[    0.000000] OF: reserved mem: Reserved memory: No reserved-memory node in the DT
[    0.000000] NUMA: Faking a node at [mem 0x0000000000200000-0x00000000f7ffffff]
[    0.000000] NODE_DATA(0) allocated [mem 0xf77f4e00-0xf77f747f]
[    0.000000] Zone ranges:
[    0.000000]   DMA      [mem 0x0000000000200000-0x00000000f7ffffff]
[    0.000000]   DMA32    empty
[    0.000000]   Normal   empty
[    0.000000] Movable zone start for each node
[    0.000000] Early memory node ranges
[    0.000000]   node   0: [mem 0x0000000000200000-0x00000000083fffff]
[    0.000000]   node   0: [mem 0x000000000a200000-0x00000000f7ffffff]
[    0.000000] Initmem setup node 0 [mem 0x0000000000200000-0x00000000f7ffffff]
[    0.000000] On node 0, zone DMA: 512 pages in unavailable ranges
[    0.000000] On node 0, zone DMA: 7680 pages in unavailable ranges
[    0.000000] cma: Reserved 32 MiB at 0x00000000f1800000
[    0.000000] psci: probing for conduit method from DT.
[    0.000000] psci: PSCIv1.0 detected in firmware.
[    0.000000] psci: Using standard PSCI v0.2 function IDs
[    0.000000] psci: Trusted OS migration not required
[    0.000000] psci: SMC Calling Convention v1.0
[    0.000000] percpu: Embedded 25 pages/cpu s63192 r8192 d31016 u102400
[    0.000000] Detected VIPT I-cache on CPU0
[    0.000000] CPU features: detected: GICv3 CPU interface
[    0.000000] CPU features: detected: ARM erratum 845719
[    0.000000] alternatives: applying boot alternatives
[    0.000000] Kernel command line: root=PARTUUID=61ec8aeb-3d1a-48fa-a9da-54d744ed8bdf rootflags=data=writeback rw rootwait rootdelay=10 rootfstype=ext4 console=ttyS2,1500000 console=tty1 panic=0 usbcore.autosuspend=-1 initcall_blacklist=psci_checker printk.devkmsg=on log_buf_len=16M maxcpus=4 systemd.default_timeout_start_sec=20 plymouth.enable=0 net.ifnames=0
[    0.000000] printk: log buffer data + meta data: 16777216 + 58720256 = 75497472 bytes
[    0.000000] printk: early log buf free: 128816(98%)
[    0.000000] Dentry cache hash table entries: 524288 (order: 10, 4194304 bytes, linear)
[    0.000000] Inode-cache hash table entries: 262144 (order: 9, 2097152 bytes, linear)
[    0.000000] software IO TLB: SWIOTLB bounce buffer size adjusted to 3MB
[    0.000000] software IO TLB: area num 8.
[    0.000000] software IO TLB: mapped [mem 0x00000000ec600000-0x00000000eca00000] (4MB)
[    0.000000] Fallback order for Node 0: 0 
[    0.000000] Built 1 zonelists, mobility grouping on.  Total pages: 1007616
[    0.000000] Policy zone: DMA
[    0.000000] mem auto-init: stack:all(zero), heap alloc:off, heap free:off
[    0.000000] SLUB: HWalign=64, Order=0-3, MinObjects=0, CPUs=6, Nodes=1
[    0.000000] rcu: Preemptible hierarchical RCU implementation.
[    0.000000] rcu: 	RCU event tracing is enabled.
[    0.000000] rcu: 	RCU restricting CPUs from NR_CPUS=512 to nr_cpu_ids=6.
[    0.000000] 	Trampoline variant of Tasks RCU enabled.
[    0.000000] 	Tracing variant of Tasks RCU enabled.
[    0.000000] rcu: RCU calculated value of scheduler-enlistment delay is 25 jiffies.
[    0.000000] rcu: Adjusting geometry for rcu_fanout_leaf=16, nr_cpu_ids=6
[    0.000000] RCU Tasks: Setting shift to 3 and lim to 1 rcu_task_cb_adjust=1 rcu_task_cpu_ids=6.
[    0.000000] RCU Tasks Trace: Setting shift to 3 and lim to 1 rcu_task_cb_adjust=1 rcu_task_cpu_ids=6.
[    0.000000] NR_IRQS: 64, nr_irqs: 64, preallocated irqs: 0
[    0.000000] GICv3: GIC: Using split EOI/Deactivate mode
[    0.000000] GICv3: 256 SPIs implemented
[    0.000000] GICv3: 0 Extended SPIs implemented
[    0.000000] Root IRQ handler: gic_handle_irq
[    0.000000] GICv3: GICv3 features: 16 PPIs
[    0.000000] GICv3: GICD_CTLR.DS=0, SCR_EL3.FIQ=1
[    0.000000] GICv3: CPU0: found redistributor 0 region 0:0x00000000fef00000
[    0.000000] ITS [mem 0xfee20000-0xfee3ffff]
[    0.000000] ITS@0x00000000fee20000: allocated 65536 Devices @3480000 (flat, esz 8, psz 64K, shr 0)
[    0.000000] ITS: using cache flushing for cmd queue
[    0.000000] GICv3: using LPI property table @0x0000000003460000
[    0.000000] GIC: using cache flushing for LPI property table
[    0.000000] GICv3: CPU0: using allocated LPI pending table @0x0000000003470000
[    0.000000] GICv3: GIC: PPI partition interrupt-partition-0[0] { /cpus/cpu@0[0] /cpus/cpu@1[1] /cpus/cpu@2[2] /cpus/cpu@3[3] }
[    0.000000] GICv3: GIC: PPI partition interrupt-partition-1[1] { /cpus/cpu@100[4] /cpus/cpu@101[5] }
[    0.000000] rcu: srcu_init: Setting srcu_struct sizes based on contention.
[    0.000000] arch_timer: cp15 timer running at 24.00MHz (phys).

[    0.000000] clocksource: arch_sys_counter: mask: 0xffffffffffffff max_cycles: 0x588fe9dc0, max_idle_ns: 440795202592 ns
[    0.000001] sched_clock: 56 bits at 24MHz, resolution 41ns, wraps every 4398046511097ns
[    0.003477] Console: colour dummy device 80x25
[    0.003496] printk: legacy console [tty1] enabled
[    0.004423] Calibrating delay loop (skipped), value calculated using timer frequency.. 48.00 BogoMIPS (lpj=96000)
[    0.004459] pid_max: default: 32768 minimum: 301
[    0.004612] LSM: initializing lsm=capability
[    0.004795] Mount-cache hash table entries: 8192 (order: 4, 65536 bytes, linear)
[    0.004836] Mountpoint-cache hash table entries: 8192 (order: 4, 65536 bytes, linear)
[    0.007979] rcu: Hierarchical SRCU implementation.
[    0.008058] rcu: 	Max phase no-delay instances is 1000.
[    0.008371] Timer migration: 1 hierarchy levels; 8 children per group; 1 crossnode level
[    0.008698] fsl-mc MSI: msi-controller@fee20000 domain created
[    0.013908] EFI services will not be available.
[    0.014390] smp: Bringing up secondary CPUs ...
[    0.015121] Detected VIPT I-cache on CPU1
[    0.015324] GICv3: CPU1: found redistributor 1 region 0:0x00000000fef20000
[    0.015345] GICv3: CPU1: using allocated LPI pending table @0x0000000003500000
[    0.015401] CPU1: Booted secondary processor 0x0000000001 [0x410fd034]

[    0.016233] Detected VIPT I-cache on CPU2
[    0.016405] GICv3: CPU2: found redistributor 2 region 0:0x00000000fef40000
[    0.016422] GICv3: CPU2: using allocated LPI pending table @0x0000000003510000
[    0.016458] CPU2: Booted secondary processor 0x0000000002 [0x410fd034]
[    0.017284] Detected VIPT I-cache on CPU3
[    0.017454] GICv3: CPU3: found redistributor 3 region 0:0x00000000fef60000
[    0.017471] GICv3: CPU3: using allocated LPI pending table @0x0000000003520000
[    0.017505] CPU3: Booted secondary processor 0x0000000003 [0x410fd034]

[    0.017665] smp: Brought up 1 node, 4 CPUs
[    0.017825] SMP: Total of 4 processors activated.
[    0.017841] CPU: All CPU(s) started at EL2
[    0.017884] CPU features: detected: 32-bit EL0 Support
[    0.017901] CPU features: detected: 32-bit EL1 Support
[    0.017919] CPU features: detected: CRC32 instructions
[    0.017944] CPU features: detected: PMUv3
[    0.018003] alternatives: applying system-wide alternatives
[    0.020159] Memory: 3785420K/4030464K available (18240K kernel code, 5486K rwdata, 13132K rodata, 11840K init, 691K bss, 206152K reserved, 32768K cma-reserved)
[    0.020833] devtmpfs: initialized
[    0.039215] clocksource: jiffies: mask: 0xffffffff max_cycles: 0xffffffff, max_idle_ns: 7645041785100000 ns

[    0.039292] posixtimers hash table entries: 4096 (order: 4, 65536 bytes, linear)
[    0.039414] futex hash table entries: 2048 (131072 bytes on 1 NUMA nodes, total 128 KiB, linear).
[    0.040253] 20352 pages in range for non-PLT usage
[    0.040272] 511872 pages in range for PLT usage
[    0.040669] pinctrl core: initialized pinctrl subsystem
[    0.045546] DMI not present or invalid.
[    0.049367] NET: Registered PF_NETLINK/PF_ROUTE protocol family
[    0.051320] DMA: preallocated 512 KiB GFP_KERNEL pool for atomic allocations
[    0.052460] DMA: preallocated 512 KiB GFP_KERNEL|GFP_DMA pool for atomic allocations
[    0.054037] DMA: preallocated 512 KiB GFP_KERNEL|GFP_DMA32 pool for atomic allocations
[    0.054126] audit: initializing netlink subsys (disabled)

[    0.054420] audit: type=2000 audit(0.052:1): state=initialized audit_enabled=0 res=1
[    0.058209] thermal_sys: Registered thermal governor 'step_wise'
[    0.058226] thermal_sys: Registered thermal governor 'power_allocator'
[    0.058366] cpuidle: using governor menu
[    0.058907] hw-breakpoint: found 6 breakpoint and 4 watchpoint registers.
[    0.059060] ASID allocator initialised with 65536 entries
[    0.064271] Serial: AMBA PL011 UART driver
[    0.068427] /pcie@f8000000: Fixed dependency cycle(s) with /pcie@f8000000/interrupt-controller
[    0.109589] /syscon@ff770000/phy@f780: Fixed dependency cycle(s) with /mmc@fe330000
[    0.112151] /mmc@fe330000: Fixed dependency cycle(s) with /syscon@ff770000/phy@f780
[    0.112273] /syscon@ff770000/phy@f780: Fixed dependency cycle(s) with /mmc@fe330000
[    0.124732] rockchip-gpio ff720000.gpio: probed /pinctrl/gpio@ff720000
[    0.125780] rockchip-gpio ff730000.gpio: probed /pinctrl/gpio@ff730000
[    0.126692] rockchip-gpio ff780000.gpio: probed /pinctrl/gpio@ff780000
[    0.127609] rockchip-gpio ff788000.gpio: probed /pinctrl/gpio@ff788000
[    0.128527] rockchip-gpio ff790000.gpio: probed /pinctrl/gpio@ff790000
[    0.136790] HugeTLB: registered 1.00 GiB page size, pre-allocated 0 pages
[    0.136832] HugeTLB: 0 KiB vmemmap can be freed for a 1.00 GiB page
[    0.136853] HugeTLB: registered 32.0 MiB page size, pre-allocated 0 pages
[    0.136871] HugeTLB: 0 KiB vmemmap can be freed for a 32.0 MiB page
[    0.136891] HugeTLB: registered 2.00 MiB page size, pre-allocated 0 pages
[    0.136908] HugeTLB: 0 KiB vmemmap can be freed for a 2.00 MiB page
[    0.136928] HugeTLB: registered 64.0 KiB page size, pre-allocated 0 pages
[    0.136946] HugeTLB: 0 KiB vmemmap can be freed for a 64.0 KiB page
[    0.139976] ACPI: Interpreter disabled.
[    0.146408] iommu: Default domain type: Translated
[    0.146453] iommu: DMA domain TLB invalidation policy: strict mode
[    0.147043] SCSI subsystem initialized
[    0.147604] usbcore: registered new interface driver usbfs
[    0.147674] usbcore: registered new interface driver hub
[    0.147731] usbcore: registered new device driver usb
[    0.150032] pps_core: LinuxPPS API ver. 1 registered
[    0.150054] pps_core: Software ver. 5.3.6 - Copyright 2005-2007 Rodolfo Giometti <giometti@linux.it>
[    0.150095] PTP clock support registered
[    0.150383] EDAC MC: Ver: 3.0.0
[    0.151149] scmi_core: SCMI protocol bus registered
[    0.153194] FPGA manager framework
[    0.154852] vgaarb: loaded
[    0.155671] clocksource: Switched to clocksource arch_sys_counter
[    0.156282] VFS: Disk quotas dquot_6.6.0
[    0.156328] VFS: Dquot-cache hash table entries: 512 (order 0, 4096 bytes)
[    0.156884] pnp: PnP ACPI: disabled
[    0.166730] NET: Registered PF_INET protocol family
[    0.167010] IP idents hash table entries: 65536 (order: 7, 524288 bytes, linear)
[    0.171431] tcp_listen_portaddr_hash hash table entries: 2048 (order: 3, 32768 bytes, linear)
[    0.171510] Table-perturb hash table entries: 65536 (order: 6, 262144 bytes, linear)
[    0.171545] TCP established hash table entries: 32768 (order: 6, 262144 bytes, linear)

[    0.171891] TCP bind hash table entries: 32768 (order: 8, 1048576 bytes, linear)
[    0.172980] TCP: Hash tables configured (established 32768 bind 32768)
[    0.173166] UDP hash table entries: 2048 (order: 5, 131072 bytes, linear)
[    0.173376] UDP-Lite hash table entries: 2048 (order: 5, 131072 bytes, linear)
[    0.173793] NET: Registered PF_UNIX/PF_LOCAL protocol family
[    0.174414] RPC: Registered named UNIX socket transport module.
[    0.174439] RPC: Registered udp transport module.
[    0.174456] RPC: Registered tcp transport module.
[    0.174471] RPC: Registered tcp-with-tls transport module.
[    0.174487] RPC: Registered tcp NFSv4.1 backchannel transport module.
[    0.174526] PCI: CLS 0 bytes, default 64
[    0.180104] kvm [1]: nv: 568 coarse grained trap handlers
[    0.180834] kvm [1]: IPA Size Limit: 40 bits
[    0.184772] kvm [1]: vgic-v2@fff20000
[    0.184836] kvm [1]: GIC system register CPU interface enabled
[    0.184885] kvm [1]: vgic interrupt IRQ9
[    0.184928] kvm [1]: Hyp nVHE mode initialized successfully
[    0.187049] Initialise system trusted keyrings
[    0.187362] workingset: timestamp_bits=42 max_order=20 bucket_order=0
[    0.187894] squashfs: version 4.0 (2009/01/31) Phillip Lougher
[    0.188279] NFS: Registering the id_resolver key type
[    0.188318] Key type id_resolver registered
[    0.188336] Key type id_legacy registered
[    0.188386] nfs4filelayout_init: NFSv4 File Layout Driver Registering...
[    0.188409] nfs4flexfilelayout_init: NFSv4 Flexfile Layout Driver Registering...
[    0.188716] 9p: Installing v9fs 9p2000 file system support
[    0.270587] Key type asymmetric registered
[    0.270612] Asymmetric key parser 'x509' registered
[    0.270711] Block layer SCSI generic (bsg) driver version 0.4 loaded (major 244)
[    0.270739] io scheduler mq-deadline registered
[    0.270763] io scheduler kyber registered
[    0.270822] io scheduler bfq registered
[    0.303025] ledtrig-cpu: registered to indicate activity on CPUs
[    0.351619] dma-pl330 ff6d0000.dma-controller: Loaded driver for PL330 DMAC-241330
[    0.351705] dma-pl330 ff6d0000.dma-controller: 	DBUFF-32x8bytes Num_Chans-6 Num_Peri-12 Num_Events-12
[    0.353442] dma-pl330 ff6e0000.dma-controller: Loaded driver for PL330 DMAC-241330
[    0.353472] dma-pl330 ff6e0000.dma-controller: 	DBUFF-128x8bytes Num_Chans-8 Num_Peri-20 Num_Events-16
[    0.379175] Serial: 8250/16550 driver, 4 ports, IRQ sharing enabled
[    0.384280] ff180000.serial: ttyS0 at MMIO 0xff180000 (irq = 24, base_baud = 1500000) is a 16550A
[    0.385800] ff1a0000.serial: ttyS2 at MMIO 0xff1a0000 (irq = 25, base_baud = 1500000) is a 16550A
[    0.385926] printk: legacy console [ttyS2] enabled
[    0.500827] msm_serial: driver initialized
[    0.502065] SuperH (H)SCI(F) driver initialized
[    0.503009] STM32 USART driver initialized
[    0.508673] misc dump reg init
[    0.512143] platform ff650000.video-codec: Adding to iommu group 0
[    0.514166] platform ff660000.video-codec: Adding to iommu group 1
[    0.527718] loop: module loaded
[    0.530367] megasas: 07.734.00.00-rc1
[    0.544998] tun: Universal TUN/TAP device driver, 1.6
[    0.547785] thunder_xcv, ver 1.0
[    0.548172] thunder_bgx, ver 1.0
[    0.548537] nicpf, ver 1.0
[    0.551333] e1000: Intel(R) PRO/1000 Network Driver
[    0.551827] e1000: Copyright (c) 1999-2006 Intel Corporation.
[    0.552422] e1000e: Intel(R) PRO/1000 Network Driver
[    0.552873] e1000e: Copyright(c) 1999 - 2015 Intel Corporation.
[    0.553463] igb: Intel(R) Gigabit Ethernet Network Driver
[    0.553954] igb: Copyright (c) 2007-2014 Intel Corporation.
[    0.554513] igbvf: Intel(R) Gigabit Virtual Function Network Driver
[    0.555078] igbvf: Copyright (c) 2009 - 2012 Intel Corporation.
[    0.556469] sky2: driver version 1.30
[    0.560013] rk_gmac-dwmac fe300000.ethernet: IRQ eth_wake_irq not found
[    0.560633] rk_gmac-dwmac fe300000.ethernet: IRQ sfty not found
[    0.561318] rk_gmac-dwmac fe300000.ethernet: PTP uses main clock
[    0.562123] rk_gmac-dwmac fe300000.ethernet: clock input or output? (input).
[    0.562763] rk_gmac-dwmac fe300000.ethernet: TX delay(0x21).
[    0.563279] rk_gmac-dwmac fe300000.ethernet: RX delay(0x15).
[    0.563840] rk_gmac-dwmac fe300000.ethernet: integrated PHY? (no).
[    0.564405] rk_gmac-dwmac fe300000.ethernet: external PHY reset GPIO described; will use one-shot reset and release before MDIO.
[    0.565436] rk_gmac-dwmac fe300000.ethernet: v4b-fix: reused stmmac core stmmaceth reset controller
[    0.566285] rk_gmac-dwmac fe300000.ethernet: clock input from PHY
[    0.566838] rk_gmac-dwmac fe300000.ethernet: powerup start: phy_iface=9 clock_input=1 integrated_phy=0 tx=0x21 rx=0x15
[    0.572825] rk_gmac-dwmac fe300000.ethernet: v4d: clocks enabled (5 clks, includes mac_clk_rx for RGMII)
[    0.573681] rk_gmac-dwmac fe300000.ethernet: init for RGMII
[    0.574191] rk_gmac-dwmac fe300000.ethernet: rk3399 rgmii applied: GRF_SOC_CON5=0x00000208 GRF_SOC_CON6=0x000095a1 tx=0x21 rx=0x15
[    0.575316] rk_gmac-dwmac fe300000.ethernet: external PHY reset (post-grf-post-power) begin (one-shot)
[    0.639708] rk_gmac-dwmac fe300000.ethernet: external PHY reset (post-grf-post-power) end (one-shot, GPIO released)
[    0.640646] rk_gmac-dwmac fe300000.ethernet: v4a: wait 200ms after GMAC GRF/PHY reset before runtime resume/DMA open
[    0.843691] rk_gmac-dwmac fe300000.ethernet: v4b: MAC reset cycle before runtime resume/DMA open
[    0.844484] rk_gmac-dwmac fe300000.ethernet: v4b-reset after-v4a-settle: assert stmmaceth
[    0.865239] rk_gmac-dwmac fe300000.ethernet: v4b-reset after-v4a-settle: deassert stmmaceth
[    0.919686] rk_gmac-dwmac fe300000.ethernet: v4b-reset after-v4a-settle: done
[    0.920333] rk_gmac-dwmac fe300000.ethernet: powerup done: phy_iface=9 clock_input=1 integrated_phy=0
[    0.921386] rk_gmac-dwmac fe300000.ethernet: User ID: 0x10, Synopsys ID: 0x35
[    0.922039] rk_gmac-dwmac fe300000.ethernet: 	DWMAC1000

[    0.922518] rk_gmac-dwmac fe300000.ethernet: DMA HW capability register supported
[    0.923194] rk_gmac-dwmac fe300000.ethernet: Active PHY interface: GMII/MII (0)
[    0.923873] rk_gmac-dwmac fe300000.ethernet: RX Checksum Offload Engine supported
[    0.924550] rk_gmac-dwmac fe300000.ethernet: COE Type 2
[    0.925026] rk_gmac-dwmac fe300000.ethernet: TX Checksum insertion supported
[    0.925660] rk_gmac-dwmac fe300000.ethernet: Wake-Up On Lan supported
[    0.926328] rk_gmac-dwmac fe300000.ethernet: Normal descriptors
[    0.926865] rk_gmac-dwmac fe300000.ethernet: Ring mode enabled
[    0.927393] rk_gmac-dwmac fe300000.ethernet: Enable RX Mitigation via HW Watchdog Timer
[    1.005203] VFIO - User Level meta-driver version: 0.3
[    1.017646] usbcore: registered new interface driver usb-storage
[    1.025752] i2c_dev: i2c /dev entries driver
[    1.032656] /i2c@ff3c0000/pmic@20: Fixed dependency cycle(s) with /i2c@ff3c0000/pmic@20/regulators/DCDC_REG4
[    1.033585] /i2c@ff3c0000/pmic@20: Fixed dependency cycle(s) with /i2c@ff3c0000/pmic@20/regulators/DCDC_REG5
[    1.058529] dwmmc_rockchip fe310000.mmc: IDMAC supports 32-bit address mode.
[    1.059231] dwmmc_rockchip fe310000.mmc: Using internal DMA controller.
[    1.059882] dwmmc_rockchip fe310000.mmc: Version ID is 270a
[    1.060464] dwmmc_rockchip fe310000.mmc: DW MMC controller at irq 38,32 bit host data width,256 deep fifo
[    1.061528] phy phy-ff770000.syscon:phy@f780.0: Runtime PM usage count underflow!
[    1.062333] mmc0: CQHCI version 5.10
[    1.070192] usbcore: registered new interface driver usbhid
[    1.070727] usbhid: USB HID core driver
[    1.079204] hw perfevents: enabled with armv8_cortex_a53 PMU driver, 7 (0,8000003f) counters available
[    1.080319] armv8-pmu pmu_a72: hw perfevents: failed to probe PMU!
[    1.087906] mmc0: SDHCI controller on fe330000.mmc [fe330000.mmc] using ADMA
[    1.094260] NET: Registered PF_PACKET protocol family
[    1.094977] 9pnet: Installing 9P2000 support
[    1.095581] Key type dns_resolver registered
[    1.114816] registered taskstats version 1
[    1.115497] Loading compiled-in X.509 certificates
[    1.130512] Demotion targets for Node 0: null
[    1.152962] phy phy-ff770000.syscon:phy@f780.0: Runtime PM usage count underflow!
[    1.153731] phy phy-ff770000.syscon:phy@f780.0: Runtime PM usage count underflow!
[    1.155262] phy phy-ff770000.syscon:phy@f780.0: Runtime PM usage count underflow!
[    1.156107] phy phy-ff770000.syscon:phy@f780.0: Runtime PM usage count underflow!
[    1.156833] phy phy-ff770000.syscon:phy@f780.0: Runtime PM usage count underflow!
[    1.160098] mmc0: Command Queue Engine enabled
[    1.160553] mmc0: new HS400 Enhanced strobe MMC card at address 0001
[    1.162359] mmcblk0: mmc0:0001 DF4016 14.7 GiB
[    1.170706]  mmcblk0: p1 p2 p3 p4 p5 p6
[    1.172956] mmcblk0boot0: mmc0:0001 DF4016 4.00 MiB
[    1.177011] mmcblk0boot1: mmc0:0001 DF4016 4.00 MiB
[    1.180013] mmcblk0rpmb: mmc0:0001 DF4016 4.00 MiB, chardev (511:0)
[    1.193063] phy phy-ff770000.syscon:usb2phy@e450.8: Runtime PM usage count underflow!
[    1.205172] phy phy-ff770000.syscon:usb2phy@e450.8: Runtime PM usage count underflow!
[    1.205177] phy phy-ff770000.syscon:usb2phy@e450.7: Runtime PM usage count underflow!
[    1.205205] xhci-hcd xhci-hcd.0.auto: xHCI Host Controller
[    1.207133] xhci-hcd xhci-hcd.0.auto: new USB bus registered, assigned bus number 1
[    1.207741] ehci-platform fe380000.usb: EHCI Host Controller
[    1.208069] xhci-hcd xhci-hcd.0.auto: hcc params 0x0220fe64 hci version 0x110 quirks 0x0000808002000010
[    1.208373] ehci-platform fe380000.usb: new USB bus registered, assigned bus number 2
[    1.209208] xhci-hcd xhci-hcd.0.auto: irq 45, io mem 0xfe800000
[    1.210043] ehci-platform fe380000.usb: irq 46, io mem 0xfe380000
[    1.210260] phy phy-ff770000.syscon:usb2phy@e460.9: Runtime PM usage count underflow!
[    1.210671] xhci-hcd xhci-hcd.0.auto: xHCI Host Controller
[    1.212206] xhci-hcd xhci-hcd.0.auto: new USB bus registered, assigned bus number 3
[    1.212678] ehci-platform fe3c0000.usb: EHCI Host Controller
[    1.212926] xhci-hcd xhci-hcd.0.auto: Host supports USB 3.0 SuperSpeed
[    1.213441] ehci-platform fe3c0000.usb: new USB bus registered, assigned bus number 4
[    1.213878] phy phy-ff770000.syscon:usb2phy@e450.7: Runtime PM usage count underflow!
[    1.213901] ohci-platform fe3a0000.usb: Generic Platform OHCI controller
[    1.213922] ohci-platform fe3a0000.usb: new USB bus registered, assigned bus number 5
[    1.214072] ohci-platform fe3a0000.usb: irq 48, io mem 0xfe3a0000
[    1.214813] ehci-platform fe3c0000.usb: irq 47, io mem 0xfe3c0000
[    1.216030] hub 1-0:1.0: USB hub found
[    1.216078] hub 1-0:1.0: 1 port detected
[    1.218748] phy phy-ff770000.syscon:usb2phy@e460.9: Runtime PM usage count underflow!

[    1.219097] usb usb3: We don't know the algorithms for LPM for this host, disabling LPM.
[    1.219476] ohci-platform fe3e0000.usb: Generic Platform OHCI controller
[    1.221182] hub 3-0:1.0: USB hub found
[    1.221569] hub 3-0:1.0: 1 port detected
[    1.222395] ohci-platform fe3e0000.usb: new USB bus registered, assigned bus number 6
[    1.223249] ohci-platform fe3e0000.usb: irq 74, io mem 0xfe3e0000
[    1.223721] ehci-platform fe380000.usb: USB 2.0 started, EHCI 1.00
[    1.225414] hub 2-0:1.0: USB hub found
[    1.225825] hub 2-0:1.0: 1 port detected
[    1.235683] ehci-platform fe3c0000.usb: USB 2.0 started, EHCI 1.00
[    1.237095] hub 4-0:1.0: USB hub found
[    1.237478] hub 4-0:1.0: 1 port detected
[    1.251322] vcc_buck5: Bringing 3300000uV into 2200000-2200000uV
[    1.260870] vcca_1v8: Bringing 1800000uV into 1850000-1850000uV
[    1.265280] vdd1v5_dvp: Bringing 1800000uV into 1500000-1500000uV
[    1.272777] hub 5-0:1.0: USB hub found
[    1.273175] hub 5-0:1.0: 1 port detected
[    1.284866] hub 6-0:1.0: USB hub found
[    1.285282] hub 6-0:1.0: 1 port detected
[    1.285656] rk808-rtc rk808-rtc.4.auto: registered as rtc0
[    1.286953] rk808-rtc rk808-rtc.4.auto: setting system clock to 2017-08-05T09:00:10 UTC (1501923610)
[    1.293881] cpu cpu0: EM: created perf domain
[    1.304291] dwmmc_rockchip fe320000.mmc: IDMAC supports 32-bit address mode.
[    1.304983] dwmmc_rockchip fe320000.mmc: Using internal DMA controller.
[    1.305096] rockchip-pcie f8000000.pcie: host bridge /pcie@f8000000 ranges:
[    1.305579] dwmmc_rockchip fe320000.mmc: Version ID is 270a
[    1.305623] rockchip-pcie f8000000.pcie:      MEM 0x00fa000000..0x00fbdfffff -> 0x00fa000000
[    1.306258] dwmmc_rockchip fe320000.mmc: DW MMC controller at irq 75,32 bit host data width,256 deep fifo
[    1.306698] rockchip-pcie f8000000.pcie:       IO 0x00fbe00000..0x00fbefffff -> 0x00fbe00000
[    1.306844] dwmmc_rockchip fe310000.mmc: IDMAC supports 32-bit address mode.
[    1.306869] dwmmc_rockchip fe310000.mmc: Using internal DMA controller.
[    1.306878] dwmmc_rockchip fe310000.mmc: Version ID is 270a
[    1.306894] dwmmc_rockchip fe310000.mmc: DW MMC controller at irq 38,32 bit host data width,256 deep fifo
[    1.307912] dwmmc_rockchip fe320000.mmc: Got CD GPIO
[    1.308702] rockchip-pcie f8000000.pcie: no vpcie12v regulator found
[    1.313291] phy phy-ff770000.syscon:pcie-phy.1: Runtime PM usage count underflow!
[    1.313964] phy phy-ff770000.syscon:pcie-phy.2: Runtime PM usage count underflow!
[    1.314629] phy phy-ff770000.syscon:pcie-phy.3: Runtime PM usage count underflow!
[    1.315294] phy phy-ff770000.syscon:pcie-phy.4: Runtime PM usage count underflow!
[    1.319796] mmc_host mmc1: Bus speed = 400000Hz (req 400000Hz, actual 400000HZ div = 0)
[    1.377570] mmc_host mmc1: Bus speed = 50000000Hz (req 50000000Hz, actual 50000000HZ div = 0)
[    1.378471] mmc1: new high speed SDHC card at address 0001
[    1.380576] mmcblk1: mmc1:0001 SD16G 14.4 GiB
[    1.391591] GPT:Primary header thinks Alt. header is not at the end of the disk.
[    1.392340] GPT:7225343 != 30203903
[    1.392662] GPT:Alternate GPT header not at the end of the disk.
[    1.393199] GPT:7225343 != 30203903
[    1.393517] GPT: Use GNU Parted to correct GPT errors.
[    1.394003]  mmcblk1: p1 p2
[    1.487987] usb 4-1: new high-speed USB device number 2 using ehci-platform
[    1.635398] hub 4-1:1.0: USB hub found
[    1.636251] hub 4-1:1.0: 4 ports detected
[    2.024057] rockchip-pcie f8000000.pcie: PCIe link training gen1 timeout!
[    2.024706] phy phy-ff770000.syscon:pcie-phy.4: Runtime PM usage count underflow!
[    2.025395] phy phy-ff770000.syscon:pcie-phy.3: Runtime PM usage count underflow!
[    2.026082] phy phy-ff770000.syscon:pcie-phy.2: Runtime PM usage count underflow!
[    2.026770] phy phy-ff770000.syscon:pcie-phy.1: Runtime PM usage count underflow!
[    2.027455] phy phy-ff770000.syscon:pcie-phy.4: Runtime PM usage count underflow!
[    2.028170] phy phy-ff770000.syscon:pcie-phy.3: Runtime PM usage count underflow!
[    2.028856] phy phy-ff770000.syscon:pcie-phy.2: Runtime PM usage count underflow!
[    2.029540] phy phy-ff770000.syscon:pcie-phy.1: Runtime PM usage count underflow!
[    2.030251] rockchip-pcie f8000000.pcie: probe with driver rockchip-pcie failed with error -110
[    2.059452] dwmmc_rockchip fe310000.mmc: IDMAC supports 32-bit address mode.
[    2.060211] dwmmc_rockchip fe310000.mmc: Using internal DMA controller.
[    2.060323] clk: Disabling unused clocks
[    2.060826] dwmmc_rockchip fe310000.mmc: Version ID is 270a
[    2.061688] dwmmc_rockchip fe310000.mmc: DW MMC controller at irq 38,32 bit host data width,256 deep fifo
[    2.061945] PM: genpd: Disabling unused power domains
[    2.063319] check access for rdinit=/init failed: -2, ignoring
[    2.063917] Waiting 10 sec before mounting root device...
[   12.265088] platform sdio-pwrseq: deferred probe pending: pwrseq_simple: external clock not ready
[   12.265947] rockchip-pm-domain ff310000.power-management:power-controller: sync_state() pending due to fe310000.mmc
[   12.266947] rockchip-pm-domain ff310000.power-management:power-controller: sync_state() pending due to ff650000.video-codec
[   12.268032] rockchip-pm-domain ff310000.power-management:power-controller: sync_state() pending due to ff660000.video-codec
[   12.269139] rockchip-pm-domain ff310000.power-management:power-controller: sync_state() pending due to ff680000.rga
[   12.270138] rockchip-pm-domain ff310000.power-management:power-controller: sync_state() pending due to ff940000.hdmi
[   12.272217] dwmmc_rockchip fe310000.mmc: IDMAC supports 32-bit address mode.
[   12.272910] dwmmc_rockchip fe310000.mmc: Using internal DMA controller.
[   12.273526] dwmmc_rockchip fe310000.mmc: Version ID is 270a
[   12.274076] dwmmc_rockchip fe310000.mmc: DW MMC controller at irq 38,32 bit host data width,256 deep fifo
[   13.367526] EXT4-fs (mmcblk1p2): recovery complete
[   13.371367] EXT4-fs (mmcblk1p2): mounted filesystem d52f7f8b-fa0e-4c9f-a552-d6df4329ac87 r/w with writeback data mode. Quota mode: none.
[   13.372560] VFS: Mounted root (ext4 filesystem) on device 179:98.
[   13.375006] devtmpfs: mounted
[   13.381296] Freeing unused kernel memory: 11840K
[   13.381898] Run /sbin/init as init process
[   14.159538] systemd[1]: System time advanced to built-in epoch: Tue 2026-04-14 03:38:05 CST
[   14.272443] systemd[1]: systemd 257.13-1~deb13u1 running in system mode (+PAM +AUDIT +SELINUX +APPARMOR +IMA +IPE +SMACK +SECCOMP +GCRYPT -GNUTLS +OPENSSL +ACL +BLKID +CURL +ELFUTILS +FIDO2 +IDN2 -IDN +IPTC +KMOD +LIBCRYPTSETUP +LIBCRYPTSETUP_PLUGINS +LIBFDISK +PCRE2 +PWQUALITY +P11KIT +QRENCODE +TPM2 +BZIP2 +LZ4 +XZ +ZLIB +ZSTD +BPF_FRAMEWORK +BTF -XKBCOMMON -UTMP +SYSVINIT +LIBARCHIVE)
[   14.275543] systemd[1]: Detected architecture arm64.
[   14.295022] systemd[1]: Hostname set to <armbian>.
[   14.705464] systemd[1]: bpf-restrict-fs: BPF LSM hook not enabled in the kernel, BPF LSM not supported.
[   15.242454] systemd[1]: Binding to IPv6 address not available since kernel does not support IPv6.
[   15.243322] systemd[1]: Binding to IPv6 address not available since kernel does not support IPv6.
[   15.480486] systemd[1]: Queued start job for default target multi-user.target.
[   15.523553] systemd[1]: Created slice system-getty.slice - Slice /system/getty.
[   15.527311] systemd[1]: Created slice system-modprobe.slice - Slice /system/modprobe.
[   15.530994] systemd[1]: Created slice system-serial\x2dgetty.slice - Slice /system/serial-getty.
[   15.534054] systemd[1]: Created slice user.slice - User and Session Slice.
[   15.535380] systemd[1]: Started systemd-ask-password-console.path - Dispatch Password Requests to Console Directory Watch.
[   15.537386] systemd[1]: Started systemd-ask-password-wall.path - Forward Password Requests to Wall Directory Watch.
[   15.538877] systemd[1]: proc-sys-fs-binfmt_misc.automount - Arbitrary Executable File Formats File System Automount Point skipped, unmet condition check ConditionPathExists=/proc/sys/fs/binfmt_misc
[   15.540617] systemd[1]: Expecting device dev-ttyS2.device - /dev/ttyS2...
[   15.541637] systemd[1]: Reached target nfs-client.target - NFS client services.
[   15.542568] systemd[1]: Reached target paths.target - Path Units.
[   15.543413] systemd[1]: Reached target slices.target - Slice Units.
[   15.544301] systemd[1]: Reached target swap.target - Swaps.
[   15.556832] systemd[1]: Listening on rpcbind.socket - RPCbind Server Activation Socket.
[   15.559044] systemd[1]: Listening on syslog.socket - Syslog Socket.
[   15.567944] systemd[1]: Listening on systemd-creds.socket - Credential Encryption/Decryption.
[   15.569697] systemd[1]: Listening on systemd-initctl.socket - initctl Compatibility Named Pipe.
[   15.571306] systemd[1]: Listening on systemd-journald-dev-log.socket - Journal Socket (/dev/log).
[   15.573414] systemd[1]: Listening on systemd-journald.socket - Journal Sockets.
[   15.574592] systemd[1]: systemd-pcrextend.socket - TPM PCR Measurements skipped, unmet condition check ConditionSecurity=measured-uki
[   15.575822] systemd[1]: systemd-pcrlock.socket - Make TPM PCR Policy skipped, unmet condition check ConditionSecurity=measured-uki
[   15.577472] systemd[1]: Listening on systemd-udevd-control.socket - udev Control Socket.
[   15.578854] systemd[1]: Listening on systemd-udevd-kernel.socket - udev Kernel Socket.
[   15.586069] systemd[1]: Mounting dev-hugepages.mount - Huge Pages File System...
[   15.591506] systemd[1]: Mounting dev-mqueue.mount - POSIX Message Queue File System...
[   15.598318] systemd[1]: Mounting run-lock.mount - Legacy Locks Directory /run/lock...
[   15.603874] systemd[1]: Mounting sys-kernel-debug.mount - Kernel Debug File System...
[   15.608317] systemd[1]: sys-kernel-tracing.mount - Kernel Trace File System skipped, unmet condition check ConditionPathExists=/sys/kernel/tracing
[   15.620002] systemd[1]: Mounting tmp.mount - Temporary Directory /tmp...
[   15.621341] systemd[1]: auth-rpcgss-module.service - Kernel Module supporting RPCSEC_GSS skipped, unmet condition check ConditionPathExists=/etc/krb5.keytab
[   15.627250] systemd[1]: Starting fake-hwclock-load.service - Restore the current clock...
[   15.631997] systemd[1]: kmod-static-nodes.service - Create List of Static Device Nodes skipped, unmet condition check ConditionFileNotEmpty=/lib/modules/6.18.33/modules.devname
[   15.657300] systemd[1]: Starting modprobe@fuse.service - Load Kernel Module fuse...
[   15.658766] systemd[1]: systemd-hibernate-clear.service - Clear Stale Hibernate Storage Info skipped, unmet condition check ConditionPathExists=/sys/firmware/efi/efivars/HibernateLocation-8cf2644b-4b0b-428f-9387-6d876050dc67
[   15.669102] systemd[1]: systemd-hwdb-update.service - Rebuild Hardware Database skipped, unmet condition check ConditionNeedsUpdate=/etc
[   15.678993] systemd[1]: Starting systemd-journald.service - Journal Service...
[   15.691566] systemd[1]: Starting systemd-modules-load.service - Load Kernel Modules...
[   15.692901] systemd[1]: systemd-pcrmachine.service - TPM PCR Machine ID Measurement skipped, unmet condition check ConditionSecurity=measured-uki
[   15.700411] systemd[1]: Starting systemd-tmpfiles-setup-dev-early.service - Create Static Device Nodes in /dev gracefully...
[   15.705906] systemd[1]: systemd-tpm2-setup-early.service - Early TPM SRK Setup skipped, unmet condition check ConditionSecurity=measured-uki
[   15.707257] systemd[1]: systemd-tpm2-setup.service - TPM SRK Setup skipped, unmet condition check ConditionSecurity=measured-uki
[   15.716652] systemd[1]: Starting systemd-udev-load-credentials.service - Load udev Rules from Credentials...
[   15.730144] systemd[1]: Starting systemd-udev-trigger.service - Coldplug All udev Devices...
[   15.743869] systemd[1]: Mounted dev-hugepages.mount - Huge Pages File System.
[   15.745728] systemd[1]: Mounted dev-mqueue.mount - POSIX Message Queue File System.
[   15.747584] systemd[1]: Mounted run-lock.mount - Legacy Locks Directory /run/lock.
[   15.749457] systemd[1]: Mounted sys-kernel-debug.mount - Kernel Debug File System.
[   15.751353] systemd[1]: Mounted tmp.mount - Temporary Directory /tmp.
[   15.753722] systemd[1]: modprobe@fuse.service: Deactivated successfully.
[   15.755419] systemd[1]: Finished modprobe@fuse.service - Load Kernel Module fuse.
[   15.758712] systemd[1]: sys-fs-fuse-connections.mount - FUSE Control File System skipped, unmet condition check ConditionPathExists=/sys/fs/fuse/connections
[   15.786326] systemd[1]: fake-hwclock-load.service: Deactivated successfully.
[   15.787890] systemd[1]: Finished fake-hwclock-load.service - Restore the current clock.
[   15.790891] systemd[1]: Finished systemd-modules-load.service - Load Kernel Modules.
[   15.801518] systemd[1]: Starting systemd-sysctl.service - Apply Kernel Variables...
[   15.857500] systemd[1]: Finished systemd-udev-load-credentials.service - Load udev Rules from Credentials.
[   15.864858] systemd-journald[113]: Collecting audit messages is disabled.
[   15.916042] systemd[1]: Finished systemd-tmpfiles-setup-dev-early.service - Create Static Device Nodes in /dev gracefully.
[   15.918132] systemd[1]: systemd-sysusers.service - Create System Users skipped, no trigger condition checks were met.
[   15.923088] systemd[1]: Starting systemd-tmpfiles-setup-dev.service - Create Static Device Nodes in /dev...
[   15.926216] systemd[1]: Finished systemd-sysctl.service - Apply Kernel Variables.
[   15.994961] systemd[1]: Started systemd-journald.service - Journal Service.
[   16.118628] systemd-journald[113]: Received client request to flush runtime journal.
[   16.228272] systemd-journald[113]: /var/log/journal/63f6b85b0c1e8dbfdd4367466a1d5eef/system.journal: Realtime clock jumped backwards relative to last journal entry, rotating.
[   16.229727] systemd-journald[113]: Rotating system journal.
[   18.058211] systemd-journald[113]: Received client request to relinquish /var/log/journal/63f6b85b0c1e8dbfdd4367466a1d5eef access.
[   19.119711] random: crng init done
[   20.590189] rk_gmac-dwmac fe300000.ethernet eth0: Register MEM_TYPE_PAGE_POOL RxQ-0
[   20.596912] rk_gmac-dwmac fe300000.ethernet eth0: PHY [stmmac-0:00] driver [YT8521 Gigabit Ethernet] (irq=POLL)
[   20.598806] rk_gmac-dwmac fe300000.ethernet eth0: v4c: DMA_BUS_MODE before reset: 0x00020101 (SWR=1)
[   20.599649] rk_gmac-dwmac fe300000.ethernet eth0: v4c: DMA_BUS_MODE after SWR write: 0x00020101 (SWR=1)
[   20.610546] rk_gmac-dwmac fe300000.ethernet eth0: v4c: poll [1/20]: 0x00020101 (SWR still set)
[   20.621360] rk_gmac-dwmac fe300000.ethernet eth0: v4c: poll [2/20]: 0x00020101 (SWR still set)
[   20.632167] rk_gmac-dwmac fe300000.ethernet eth0: v4c: poll [3/20]: 0x00020101 (SWR still set)
[   20.642971] rk_gmac-dwmac fe300000.ethernet eth0: v4c: poll [4/20]: 0x00020101 (SWR still set)
[   20.653792] rk_gmac-dwmac fe300000.ethernet eth0: v4c: poll [5/20]: 0x00020101 (SWR still set)
[   20.664591] rk_gmac-dwmac fe300000.ethernet eth0: v4c: poll [6/20]: 0x00020101 (SWR still set)
[   20.675394] rk_gmac-dwmac fe300000.ethernet eth0: v4c: poll [7/20]: 0x00020101 (SWR still set)
[   20.686218] rk_gmac-dwmac fe300000.ethernet eth0: v4c: poll [8/20]: 0x00020101 (SWR still set)
[   20.697019] rk_gmac-dwmac fe300000.ethernet eth0: v4c: poll [9/20]: 0x00020101 (SWR still set)
[   20.707812] rk_gmac-dwmac fe300000.ethernet eth0: v4c: poll [10/20]: 0x00020101 (SWR still set)
[   20.718617] rk_gmac-dwmac fe300000.ethernet eth0: v4c: poll [11/20]: 0x00020101 (SWR still set)
[   20.729414] rk_gmac-dwmac fe300000.ethernet eth0: v4c: poll [12/20]: 0x00020101 (SWR still set)
[   20.740214] rk_gmac-dwmac fe300000.ethernet eth0: v4c: poll [13/20]: 0x00020101 (SWR still set)
[   20.751015] rk_gmac-dwmac fe300000.ethernet eth0: v4c: poll [14/20]: 0x00020101 (SWR still set)
[   20.761828] rk_gmac-dwmac fe300000.ethernet eth0: v4c: poll [15/20]: 0x00020101 (SWR still set)
[   20.772628] rk_gmac-dwmac fe300000.ethernet eth0: v4c: poll [16/20]: 0x00020101 (SWR still set)
[   20.783423] rk_gmac-dwmac fe300000.ethernet eth0: v4c: poll [17/20]: 0x00020101 (SWR still set)
[   20.794229] rk_gmac-dwmac fe300000.ethernet eth0: v4c: poll [18/20]: 0x00020101 (SWR still set)
[   20.805025] rk_gmac-dwmac fe300000.ethernet eth0: v4c: poll [19/20]: 0x00020101 (SWR still set)
[   20.815823] rk_gmac-dwmac fe300000.ethernet eth0: v4c: poll [20/20]: 0x00020101 (SWR still set)
[   20.816619] rk_gmac-dwmac fe300000.ethernet eth0: v4c: SWR stuck after 200ms: 0x00020101
[   20.817339] rk_gmac-dwmac fe300000.ethernet eth0: Failed to reset the dma
[   20.817945] rk_gmac-dwmac fe300000.ethernet eth0: stmmac_hw_setup: DMA engine initialization failed
[   20.818747] rk_gmac-dwmac fe300000.ethernet eth0: __stmmac_open: Hw setup failed
[   21.894430] dw-apb-uart ff1a0000.serial: forbid DMA for kernel console
[!p]104[?7h[6n[32766;32766H[6n[!p]104[?7h[6n[32766;32766H[6n


armbian login: root (automatic login)


[38;2;247;16;0m    _             _    _                             __  __ _    _      _ 
   /_\  _ _ _ __ | |__(_)__ _ _ _ ___ _  _ _ _  ___ / _|/ _(_)__(_)__ _| |
  / _ \| '_| '  \| '_ \ / _` | ' \___| || | ' \/ _ \  _|  _| / _| / _` | |
 /_/ \_\_| |_|_|_|_.__/_\__,_|_||_|   \_,_|_||_\___/_| |_| |_\__|_\__,_|_|
                                                                          [0m
 [0;92mv26.05.0[0m for lpa3399pro running Armbian Linux [0;92m6.18.33[0m

 Packages:     Debian [0;92mstable[0m (trixie)

[0;90m Performance:  [0m

 Load:        [0;92m 7%[0m           	 Uptime:         [92m1m[0m	
 Memory usage:[0;92m 3%[0m of 3.66G  	
 CPU temp:    [0;92m 32°C[0m           	 Usage of /:  [0;92m 64%[0m of 2.9G   	

[?2004hroot@armbian:~# [?2004l
[?2004h[?2004l

[?2004hroot@armbian:~# 
[?2004l
[?2004hroot@armbian:~# echo TTL_CONNECTED
[?2004l
TTL_CONNECTED
[?2004hroot@armbian:~# 