DDR Version 1.24 20191016
In
Channel 0: LPDDR3, 800MHz
CS = 0
MR0=0x58
MR1=0x58
MR2=0x58
MR3=0x58
MR4=0x2
MR5=0x1
MR6=0x16
MR7=0x0
MR8=0x1F
MR9=0x1F
MR10=0x1F
MR11=0x1F
MR12=0x1F
MR13=0x1F
MR14=0x1F
MR15=0x1F
MR16=0x1F
CS = 1
MR0=0x58
MR1=0x58
MR2=0x58
MR3=0x58
MR4=0x2
MR5=0x1
MR6=0x16
MR7=0x0

MR8=0x1F
MR9=0x1F
MR10=0x1F
MR11=0x1F
MR12=0x1F
MR13=0x1F
MR14=0x1F
MR15=0x1F
MR16=0x1F
Bus Width=32 Col=10 Bank=8 Row=15/15 CS=2 Die Bus-Width=32 Size=2048MB
Channel 1: LPDDR3, 800MHz
CS = 0

MR0=0x58
MR1=0x58
MR2=0x58
MR3=0x58
MR4=0x2
MR5=0x1
MR6=0x16
MR7=0x0
MR8=0x1F
MR9=0x1F
MR10=0x1F
MR11=0x1F
MR12=0x1F
MR13=0x1F

MR14=0x1F
MR15=0x1F
MR16=0x1F
CS = 1
MR0=0x58
MR1=0x58
MR2=0x58
MR3=0x58
MR4=0x2
MR5=0x1
MR6=0x16
MR7=0x0
MR8=0x1F
MR9=0x1F
MR10=0x1F
MR11=0x1F
MR12=0x1F
MR13=0x1F
MR14=0x1F
MR15=0x1F
MR16=0x1F
Bus Width=32 Col=10 Bank=8 Row=15/15 CS=2 Die Bus-Width=32 Size=2048MB
256B stride
ch 0 ddrconfig = 0x101, ddrsize = 0x2020
ch 1 ddrconfig = 0x101, ddrsize = 0x2020
pmugrf_os_reg[2] = 0x3AA0DAA0, stride = 0xD
OUT
Boot1 Release Time: May 29 2020 17:36:36, version: 1.26
CPUId = 0x0
ChipType = 0x10, 341
SdmmcInit=2 0
BootCapSize=100000
UserCapSize=15028MB
FwPartOffset=2000 , 100000
mmc0:cmd5,20
SdmmcInit=0 0
BootCapSize=0
UserCapSize=14748MB
FwPartOffset=2000 , 0
StorageInit ok = 141974
SecureMode = 0
SecureInit read PBA: 0x4
SecureInit read PBA: 0x404
SecureInit read PBA: 0x804
SecureInit read PBA: 0xc04
SecureInit read PBA: 0x1004
SecureInit read PBA: 0x1404
SecureInit read PBA: 0x1804
SecureInit read PBA: 0x1c04
SecureInit ret = 0, SecureMode = 0
atags_set_bootdev: ret:(0)
GPT part:  0, name:          primary, start:0x8000, size:0xff800
GPT part:  1, name:          primary, start:0x108000, size:0x5db800
no find partition:uboot.
Trust Addr:0x4000, 0x58334c42
No find bl30.bin
Load uboot, ReadLba = 2000
Load OK, addr=0x200000, size=0xfc8c0
RunBL31 0x40000 @ 319166 us
NOTICE:  BL31: v1.3(release):845ee93
NOTICE:  BL31: Built : 15:51:11, Jul 22 2020
NOTICE:  BL31: Rockchip release version: v1.1
INFO:    GICv3 with legacy support detected. ARM GICV3 driver initialized in EL3
INFO:    Using opteed sec cpu_context!
INFO:    boot cpu mask: 0
INFO:    plat_rockchip_pmu_init(1196): pd status 3e

INFO:    BL31: Initializing runtime services
INFO:    BL31: Initializing BL32
INF [0x0] TEE-CORE:init_primary_helper:337: Initializing (1.1.0-266-gee81607c #1 Mon Aug 17 09:23:30 UTC 2020 aarch64)


INF [0x0] TEE-CORE:init_primary_helper:338: Release version: 1.2


INF [0x0] TEE-CORE:init_teecore:83: teecore inits done

INFO:    BL31: Preparing for EL3 exit to normal world
INFO:    Entry point address = 0x200000
INFO:    SPSR = 0x3c9


U-Boot 2017.09 (Jun 06 2026 - 14:10:22 +0000)

Model: Rockchip RK3399 Evaluation Board
PreSerial: 2, raw, 0xff1a0000
DRAM:  3.8 GiB
Sysmem: init
Relocation Offset: f5bc7000, fdt: f3dbb358 
no mmc device at slot 1
Found IDB in SDcard
dwmmc@fe320000: 1 (SD), sdhci@fe330000: 0
Bootdev(atags): mmc 1
MMC1: Legacy, 50Mhz
PartType: EFI
No resource partition
Failed to load DTB
Failed to get kernel dtb, ret=-19
io-domain: OK
*** Warning - bad CRC, using default environment

Model: Rockchip RK3399 Evaluation Board
rockchip_set_serialno: could not find efuse/otp device
No misc partition
boot mode: None
CLK: (uboot. arml: enter 400000 KHz, init 816000 KHz, kernel 0N/A)
CLK: (uboot. armb: enter 24000 KHz, init 816000 KHz, kernel 0N/A)
  aplll 816000 KHz
  apllb 816000 KHz
  dpll 800000 KHz
  cpll 24000 KHz
  gpll 800000 KHz
  npll 600000 KHz
  vpll 24000 KHz
  aclk_perihp 133333 KHz
  hclk_perihp 66666 KHz
  pclk_perihp 33333 KHz
  aclk_perilp0 266666 KHz
  hclk_perilp0 88888 KHz
  pclk_perilp0 44444 KHz
  hclk_perilp1 100000 KHz
  pclk_perilp1 50000 KHz
EC20_PWREN = -2
EC20_RESET = -2
------ ec20_init  ------
EC20_PWRKEY = -2
EC20_PWRKEY = -2
Net:   No ethernet found.
Hit key to stop autoboot('CTRL+C'):  5  4  3  2  1  0 
Could not find misc partition
ANDROID: reboot reason: "(none)"
optee api revision: 2.0
TEEC: Waring: Could not find security partition
Not AVB images, AVB skip
android_image_load_by_partname: Can't find part: boot
Android image load failed
Android boot failed, error -1.
Could not find misc partition
Could not find primary part
switch to partitions #0, OK
mmc1 is current device
Scanning mmc 1:1...
Found /extlinux/extlinux.conf
Retrieving file: /extlinux/extlinux.conf
355 bytes read in 20 ms (16.6 KiB/s)
1:	Armbian
Retrieving file: /Image
49678848 bytes read in 2169 ms (21.8 MiB/s)
append: root=UUID=d52f7f8b-fa0e-4c9f-a552-d6df4329ac87 rootflags=data=writeback rw rootwait rootdelay=10 rootfstype=ext4 console=ttyS2,1500000 console=tty1 panic=0 usbcore.autosuspend=-1 initcall_blacklist=psci_checker printk.devkmsg=on log_buf_len=16M net.ifnames=0
Retrieving file: /dtb/rockchip/rk3399pro-neardi-linux-lc110-base.dtb
60178 bytes read in 252 ms (232.4 KiB/s)
Fdt Ramdisk skip relocation
## Flattened Device Tree blob at 08300000
   Booting using the fdt blob at 0x8300000
   Using Device Tree in place at 0000000008300000, end 0000000008311b11
can't found rockchip,drm-logo, use rockchip,fb-logo
WARNING: could not set reg FDT_ERR_BADOFFSET.
failed to reserve fb-loader-logo memory
Adding bank: 0x00200000 - 0x08400000 (size: 0x08200000)
Adding bank: 0x0a200000 - 0xf8000000 (size: 0xede00000)
Total: 8240.222 ms

Starting kernel ...

[    0.000000] Booting Linux on physical CPU 0x0000000000 [0x410fd034]
[    0.000000] Linux version 6.18.33 (henry@Inspiron-7520) (aarch64-linux-gnu-gcc (Ubuntu 13.3.0-6ubuntu2~24.04.1) 13.3.0, GNU ld (GNU Binutils for Ubuntu) 2.42) #1 SMP PREEMPT Wed Jun 17 16:24:23 CST 2026
[    0.000000] KASLR disabled due to lack of seed
[    0.000000] Machine model: Radxa ROCK Pi N10
[    0.000000] efi: UEFI not found.
[    0.000000] OF: reserved mem: Reserved memory: No reserved-memory node in the DT
[    0.000000] NUMA: Faking a node at [mem 0x0000000000200000-0x00000000f7ffffff]
[    0.000000] NODE_DATA(0) allocated [mem 0xf77f6880-0xf77f8eff]
[    0.000000] Zone ranges:

[    0.000000]   DMA      [mem 0x0000000000200000-0x00000000f7ffffff]
[    0.000000]   DMA32    empty
[    0.000000]   Normal   empty
[    0.000000] Movable zone start for each node
[    0.000000] Early memory node ranges
[    0.000000]   node   0: [mem 0x0000000000200000-0x00000000083fffff]
[    0.000000]   node   0: [mem 0x000000000a200000-0x00000000f7ffffff]
[    0.000000] Initmem setup node 0 [mem 0x0000000000200000-0x00000000f7ffffff]
[    0.000000] On node 0, zone DMA: 512 pages in unavailable ranges
[    0.000000] On node 0, zone DMA: 7680 pages in unavailable ranges
[    0.000000] cma: Reserved 32 MiB at 0x00000000f1800000
[    0.000000] psci: probing for conduit method from DT.
[    0.000000] psci: PSCIv1.0 detected in firmware.
[    0.000000] psci: Using standard PSCI v0.2 function IDs
[    0.000000] psci: Trusted OS migration not required
[    0.000000] psci: SMC Calling Convention v1.0
[    0.000000] percpu: Embedded 25 pages/cpu s62552 r8192 d31656 u102400
[    0.000000] Detected VIPT I-cache on CPU0
[    0.000000] CPU features: detected: GICv3 CPU interface
[    0.000000] CPU features: detected: ARM erratum 845719
[    0.000000] alternatives: applying boot alternatives
[    0.000000] Kernel command line: root=UUID=d52f7f8b-fa0e-4c9f-a552-d6df4329ac87 rootflags=data=writeback rw rootwait rootdelay=10 rootfstype=ext4 console=ttyS2,1500000 console=tty1 panic=0 usbcore.autosuspend=-1 initcall_blacklist=psci_checker printk.devkmsg=on log_buf_len=16M net.ifnames=0
[    0.000000] printk: log buffer data + meta data: 16777216 + 58720256 = 75497472 bytes
[    0.000000] printk: early log buf free: 128888(98%)
[    0.000000] Dentry cache hash table entries: 524288 (order: 10, 4194304 bytes, linear)
[    0.000000] Inode-cache hash table entries: 262144 (order: 9, 2097152 bytes, linear)
[    0.000000] software IO TLB: SWIOTLB bounce buffer size adjusted to 3MB
[    0.000000] software IO TLB: area num 8.
[    0.000000] software IO TLB: mapped [mem 0x00000000ec600000-0x00000000eca00000] (4MB)
[    0.000000] Fallback order for Node 0: 0 
[    0.000000] Built 1 zonelists, mobility grouping on.  Total pages: 1007616
[    0.000000] Policy zone: DMA
[    0.000000] mem auto-init: stack:all(zero), heap alloc:off, heap free:off
[    0.000000] SLUB: HWalign=64, Order=0-3, MinObjects=0, CPUs=6, Nodes=1
[    0.000000] rcu: Preemptible hierarchical RCU implementation.
[    0.000000] rcu: 	RCU event tracing is enabled.
[    0.000000] rcu: 	RCU restricting CPUs from NR_CPUS=512 to nr_cpu_ids=6.
[    0.000000] 	Trampoline variant of Tasks RCU enabled.
[    0.000000] 	Tracing variant of Tasks RCU enabled.
[    0.000000] rcu: RCU calculated value of scheduler-enlistment delay is 25 jiffies.
[    0.000000] rcu: Adjusting geometry for rcu_fanout_leaf=16, nr_cpu_ids=6
[    0.000000] RCU Tasks: Setting shift to 3 and lim to 1 rcu_task_cb_adjust=1 rcu_task_cpu_ids=6.
[    0.000000] RCU Tasks Trace: Setting shift to 3 and lim to 1 rcu_task_cb_adjust=1 rcu_task_cpu_ids=6.
[    0.000000] NR_IRQS: 64, nr_irqs: 64, preallocated irqs: 0
[    0.000000] GICv3: GIC: Using split EOI/Deactivate mode
[    0.000000] GICv3: 256 SPIs implemented
[    0.000000] GICv3: 0 Extended SPIs implemented
[    0.000000] Root IRQ handler: gic_handle_irq
[    0.000000] GICv3: GICv3 features: 16 PPIs
[    0.000000] GICv3: GICD_CTLR.DS=0, SCR_EL3.FIQ=1
[    0.000000] GICv3: CPU0: found redistributor 0 region 0:0x00000000fef00000
[    0.000000] ITS [mem 0xfee20000-0xfee3ffff]
[    0.000000] ITS@0x00000000fee20000: allocated 65536 Devices @3880000 (flat, esz 8, psz 64K, shr 0)
[    0.000000] ITS: using cache flushing for cmd queue
[    0.000000] GICv3: using LPI property table @0x0000000003860000
[    0.000000] GIC: using cache flushing for LPI property table
[    0.000000] GICv3: CPU0: using allocated LPI pending table @0x0000000003870000
[    0.000000] GICv3: GIC: PPI partition interrupt-partition-0[0] { /cpus/cpu@0[0] /cpus/cpu@1[1] /cpus/cpu@2[2] /cpus/cpu@3[3] }

[    0.000000] GICv3: GIC: PPI partition interrupt-partition-1[1] { /cpus/cpu@100[4] /cpus/cpu@101[5] }
[    0.000000] rcu: srcu_init: Setting srcu_struct sizes based on contention.
[    0.000000] arch_timer: cp15 timer running at 24.00MHz (phys).
[    0.000000] clocksource: arch_sys_counter: mask: 0xffffffffffffff max_cycles: 0x588fe9dc0, max_idle_ns: 440795202592 ns
[    0.000001] sched_clock: 56 bits at 24MHz, resolution 41ns, wraps every 4398046511097ns
[    0.003321] Console: colour dummy device 80x25
[    0.003339] printk: legacy console [tty1] enabled
[    0.004259] Calibrating delay loop (skipped), value calculated using timer frequency.. 48.00 BogoMIPS (lpj=96000)
[    0.004295] pid_max: default: 32768 minimum: 301
[    0.004444] LSM: initializing lsm=capability
[    0.004626] Mount-cache hash table entries: 8192 (order: 4, 65536 bytes, linear)
[    0.004668] Mountpoint-cache hash table entries: 8192 (order: 4, 65536 bytes, linear)
[    0.007855] rcu: Hierarchical SRCU implementation.
[    0.007893] rcu: 	Max phase no-delay instances is 1000.
[    0.008257] Timer migration: 1 hierarchy levels; 8 children per group; 1 crossnode level
[    0.008578] fsl-mc MSI: msi-controller@fee20000 domain created
[    0.013486] EFI services will not be available.
[    0.013987] smp: Bringing up secondary CPUs ...
[    0.014731] Detected VIPT I-cache on CPU1
[    0.014932] GICv3: CPU1: found redistributor 1 region 0:0x00000000fef20000
[    0.014953] GICv3: CPU1: using allocated LPI pending table @0x0000000003900000
[    0.015011] CPU1: Booted secondary processor 0x0000000001 [0x410fd034]
[    0.015864] Detected VIPT I-cache on CPU2
[    0.016039] GICv3: CPU2: found redistributor 2 region 0:0x00000000fef40000
[    0.016057] GICv3: CPU2: using allocated LPI pending table @0x0000000003910000
[    0.016096] CPU2: Booted secondary processor 0x0000000002 [0x410fd034]
[    0.016942] Detected VIPT I-cache on CPU3
[    0.017119] GICv3: CPU3: found redistributor 3 region 0:0x00000000fef60000
[    0.017137] GICv3: CPU3: using allocated LPI pending table @0x0000000003920000
[    0.017173] CPU3: Booted secondary processor 0x0000000003 [0x410fd034]
[    0.017964] CPU features: detected: Spectre-v2
[    0.017977] CPU features: detected: Spectre-v3a
[    0.017982] CPU features: detected: Spectre-v4
[    0.017988] CPU features: detected: Spectre-BHB
[    0.017995] CPU features: detected: ARM erratum 1742098
[    0.018002] CPU features: detected: ARM errata 1165522, 1319367, or 1530923
[    0.018008] Detected PIPT I-cache on CPU4
[    0.018166] GICv3: CPU4: found redistributor 100 region 0:0x00000000fef80000
[    0.018183] GICv3: CPU4: using allocated LPI pending table @0x0000000003930000
[    0.018220] CPU4: Booted secondary processor 0x0000000100 [0x410fd082]
[    0.018990] Detected PIPT I-cache on CPU5
[    0.019136] GICv3: CPU5: found redistributor 101 region 0:0x00000000fefa0000
[    0.019151] GICv3: CPU5: using allocated LPI pending table @0x0000000003940000
[    0.019181] CPU5: Booted secondary processor 0x0000000101 [0x410fd082]
[    0.019324] smp: Brought up 1 node, 6 CPUs
[    0.019625] SMP: Total of 6 processors activated.
[    0.019642] CPU: All CPU(s) started at EL2
[    0.019684] CPU features: detected: 32-bit EL0 Support
[    0.019701] CPU features: detected: 32-bit EL1 Support
[    0.019721] CPU features: detected: CRC32 instructions
[    0.019746] CPU features: detected: PMUv3
[    0.019827] alternatives: applying system-wide alternatives
[    0.022561] Memory: 3784328K/4030464K available (18176K kernel code, 5442K rwdata, 13052K rodata, 11712K init, 690K bss, 205760K reserved, 32768K cma-reserved)
[    0.023055] devtmpfs: initialized
[    0.034579] clocksource: jiffies: mask: 0xffffffff max_cycles: 0xffffffff, max_idle_ns: 7645041785100000 ns
[    0.034633] posixtimers hash table entries: 4096 (order: 4, 65536 bytes, linear)
[    0.034744] futex hash table entries: 2048 (131072 bytes on 1 NUMA nodes, total 128 KiB, linear).
[    0.035169] 20448 pages in range for non-PLT usage
[    0.035178] 511968 pages in range for PLT usage
[    0.035398] pinctrl core: initialized pinctrl subsystem
[    0.038557] DMI not present or invalid.
[    0.041678] NET: Registered PF_NETLINK/PF_ROUTE protocol family
[    0.043221] DMA: preallocated 512 KiB GFP_KERNEL pool for atomic allocations
[    0.043933] DMA: preallocated 512 KiB GFP_KERNEL|GFP_DMA pool for atomic allocations
[    0.044922] DMA: preallocated 512 KiB GFP_KERNEL|GFP_DMA32 pool for atomic allocations
[    0.045312] audit: initializing netlink subsys (disabled)
[    0.045519] audit: type=2000 audit(0.040:1): state=initialized audit_enabled=0 res=1
[    0.047964] thermal_sys: Registered thermal governor 'step_wise'
[    0.047974] thermal_sys: Registered thermal governor 'power_allocator'
[    0.048072] cpuidle: using governor menu
[    0.048372] hw-breakpoint: found 6 breakpoint and 4 watchpoint registers.
[    0.048560] ASID allocator initialised with 65536 entries
[    0.052186] Serial: AMBA PL011 UART driver
[    0.054843] /pcie@f8000000: Fixed dependency cycle(s) with /pcie@f8000000/interrupt-controller
[    0.083808] /syscon@ff770000/phy@f780: Fixed dependency cycle(s) with /mmc@fe330000
[    0.085512] /mmc@fe330000: Fixed dependency cycle(s) with /syscon@ff770000/phy@f780
[    0.085584] /syscon@ff770000/phy@f780: Fixed dependency cycle(s) with /mmc@fe330000
[    0.094605] gpio gpiochip0: Static allocation of GPIO base is deprecated, use dynamic allocation.
[    0.095102] rockchip-gpio ff720000.gpio: probed /pinctrl/gpio@ff720000
[    0.095658] gpio gpiochip1: Static allocation of GPIO base is deprecated, use dynamic allocation.
[    0.095864] rockchip-gpio ff730000.gpio: probed /pinctrl/gpio@ff730000
[    0.096279] gpio gpiochip2: Static allocation of GPIO base is deprecated, use dynamic allocation.
[    0.096465] rockchip-gpio ff780000.gpio: probed /pinctrl/gpio@ff780000
[    0.096934] gpio gpiochip3: Static allocation of GPIO base is deprecated, use dynamic allocation.
[    0.097119] rockchip-gpio ff788000.gpio: probed /pinctrl/gpio@ff788000
[    0.097594] gpio gpiochip4: Static allocation of GPIO base is deprecated, use dynamic allocation.
[    0.097775] rockchip-gpio ff790000.gpio: probed /pinctrl/gpio@ff790000
[    0.102828] HugeTLB: registered 1.00 GiB page size, pre-allocated 0 pages
[    0.102852] HugeTLB: 0 KiB vmemmap can be freed for a 1.00 GiB page
[    0.102865] HugeTLB: registered 32.0 MiB page size, pre-allocated 0 pages
[    0.102877] HugeTLB: 0 KiB vmemmap can be freed for a 32.0 MiB page

[    0.102890] HugeTLB: registered 2.00 MiB page size, pre-allocated 0 pages
[    0.102901] HugeTLB: 0 KiB vmemmap can be freed for a 2.00 MiB page
[    0.102913] HugeTLB: registered 64.0 KiB page size, pre-allocated 0 pages
[    0.102924] HugeTLB: 0 KiB vmemmap can be freed for a 64.0 KiB page
[    0.105126] ACPI: Interpreter disabled.
[    0.109755] iommu: Default domain type: Translated
[    0.109776] iommu: DMA domain TLB invalidation policy: strict mode
[    0.110290] SCSI subsystem initialized
[    0.110695] usbcore: registered new interface driver usbfs
[    0.110740] usbcore: registered new interface driver hub
[    0.110782] usbcore: registered new device driver usb
[    0.112160] pps_core: LinuxPPS API ver. 1 registered
[    0.112174] pps_core: Software ver. 5.3.6 - Copyright 2005-2007 Rodolfo Giometti <giometti@linux.it>
[    0.112200] PTP clock support registered
[    0.112378] EDAC MC: Ver: 3.0.0
[    0.112839] scmi_core: SCMI protocol bus registered
[    0.114246] FPGA manager framework
[    0.115326] vgaarb: loaded
[    0.115830] clocksource: Switched to clocksource arch_sys_counter
[    0.116147] VFS: Disk quotas dquot_6.6.0
[    0.116175] VFS: Dquot-cache hash table entries: 512 (order 0, 4096 bytes)
[    0.116605] pnp: PnP ACPI: disabled
[    0.125202] NET: Registered PF_INET protocol family
[    0.125417] IP idents hash table entries: 65536 (order: 7, 524288 bytes, linear)

[    0.128745] tcp_listen_portaddr_hash hash table entries: 2048 (order: 3, 32768 bytes, linear)
[    0.128851] Table-perturb hash table entries: 65536 (order: 6, 262144 bytes, linear)
[    0.128876] TCP established hash table entries: 32768 (order: 6, 262144 bytes, linear)
[    0.129142] TCP bind hash table entries: 32768 (order: 8, 1048576 bytes, linear)
[    0.130091] TCP: Hash tables configured (established 32768 bind 32768)
[    0.130214] UDP hash table entries: 2048 (order: 5, 131072 bytes, linear)
[    0.130395] UDP-Lite hash table entries: 2048 (order: 5, 131072 bytes, linear)
[    0.130746] NET: Registered PF_UNIX/PF_LOCAL protocol family
[    0.131314] RPC: Registered named UNIX socket transport module.
[    0.131333] RPC: Registered udp transport module.
[    0.131342] RPC: Registered tcp transport module.
[    0.131353] RPC: Registered tcp-with-tls transport module.
[    0.131363] RPC: Registered tcp NFSv4.1 backchannel transport module.
[    0.131396] PCI: CLS 0 bytes, default 64
[    0.135237] kvm [1]: nv: 568 coarse grained trap handlers
[    0.135648] kvm [1]: IPA Size Limit: 40 bits
[    0.138065] kvm [1]: vgic-v2@fff20000
[    0.138130] kvm [1]: GIC system register CPU interface enabled
[    0.138163] kvm [1]: vgic interrupt IRQ18
[    0.138205] kvm [1]: Hyp nVHE mode initialized successfully
[    0.139897] Initialise system trusted keyrings
[    0.140104] workingset: timestamp_bits=42 max_order=20 bucket_order=0
[    0.140487] squashfs: version 4.0 (2009/01/31) Phillip Lougher
[    0.140778] NFS: Registering the id_resolver key type
[    0.140826] Key type id_resolver registered
[    0.140837] Key type id_legacy registered
[    0.140869] nfs4filelayout_init: NFSv4 File Layout Driver Registering...

[    0.140885] nfs4flexfilelayout_init: NFSv4 Flexfile Layout Driver Registering...
[    0.141076] 9p: Installing v9fs 9p2000 file system support

[    0.195232] Key type asymmetric registered
[    0.195250] Asymmetric key parser 'x509' registered
[    0.195312] Block layer SCSI generic (bsg) driver version 0.4 loaded (major 244)
[    0.195330] io scheduler mq-deadline registered
[    0.195345] io scheduler kyber registered
[    0.195391] io scheduler bfq registered
[    0.218466] ledtrig-cpu: registered to indicate activity on CPUs
[    0.253569] dma-pl330 ff6d0000.dma-controller: Loaded driver for PL330 DMAC-241330

[    0.253599] dma-pl330 ff6d0000.dma-controller: 	DBUFF-32x8bytes Num_Chans-6 Num_Peri-12 Num_Events-12
[    0.254721] dma-pl330 ff6e0000.dma-controller: Loaded driver for PL330 DMAC-241330
[    0.254742] dma-pl330 ff6e0000.dma-controller: 	DBUFF-128x8bytes Num_Chans-8 Num_Peri-20 Num_Events-16
[    0.272326] Serial: 8250/16550 driver, 4 ports, IRQ sharing enabled
[    0.275606] ff180000.serial: ttyS0 at MMIO 0xff180000 (irq = 35, base_baud = 1500000) is a 16550A
[    0.276699] ff1a0000.serial: ttyS2 at MMIO 0xff1a0000 (irq = 36, base_baud = 1500000) is a 16550A
[    0.276788] printk: legacy console [ttyS2] enabled
[    0.400001] msm_serial: driver initialized
[    0.400934] SuperH (H)SCI(F) driver initialized
[    0.401634] STM32 USART driver initialized
[    0.407392] platform ff650000.video-codec: Adding to iommu group 0
[    0.409067] platform ff660000.video-codec: Adding to iommu group 1
[    0.419868] loop: module loaded
[    0.421692] megasas: 07.734.00.00-rc1
[    0.431508] tun: Universal TUN/TAP device driver, 1.6
[    0.433412] thunder_xcv, ver 1.0
[    0.433756] thunder_bgx, ver 1.0
[    0.434089] nicpf, ver 1.0
[    0.436362] e1000: Intel(R) PRO/1000 Network Driver
[    0.436805] e1000: Copyright (c) 1999-2006 Intel Corporation.
[    0.437363] e1000e: Intel(R) PRO/1000 Network Driver
[    0.437807] e1000e: Copyright(c) 1999 - 2015 Intel Corporation.
[    0.438372] igb: Intel(R) Gigabit Ethernet Network Driver
[    0.438855] igb: Copyright (c) 2007-2014 Intel Corporation.
[    0.439388] igbvf: Intel(R) Gigabit Virtual Function Network Driver
[    0.439964] igbvf: Copyright (c) 2009 - 2012 Intel Corporation.
[    0.440997] sky2: driver version 1.30
[    0.443881] VFIO - User Level meta-driver version: 0.3
[    0.451537] usbcore: registered new interface driver usb-storage
[    0.457062] i2c_dev: i2c /dev entries driver
[    0.461675] /i2c@ff3c0000/pmic@20: Fixed dependency cycle(s) with /i2c@ff3c0000/pmic@20/regulators/DCDC_REG4
[    0.462578] /i2c@ff3c0000/pmic@20: Fixed dependency cycle(s) with /i2c@ff3c0000/pmic@20/regulators/DCDC_REG5
[    0.476093] sdhci: Secure Digital Host Controller Interface driver
[    0.476659] sdhci: Copyright(c) Pierre Ossman
[    0.478217] Synopsys Designware Multimedia Card Interface Driver
[    0.480085] dwmmc_rockchip fe310000.mmc: IDMAC supports 32-bit address mode.
[    0.480530] sdhci-pltfm: SDHCI platform and OF driver helper
[    0.480743] dwmmc_rockchip fe310000.mmc: Using internal DMA controller.
[    0.481818] dwmmc_rockchip fe310000.mmc: Version ID is 270a
[    0.482352] dwmmc_rockchip fe310000.mmc: DW MMC controller at irq 48,32 bit host data width,256 deep fifo
[    0.483109] mmc0: CQHCI version 5.10
[    0.487578] usbcore: registered new interface driver usbhid
[    0.488123] usbhid: USB HID core driver
[    0.494762] hw perfevents: enabled with armv8_cortex_a53 PMU driver, 7 (0,8000003f) counters available
[    0.497162] hw perfevents: enabled with armv8_cortex_a72 PMU driver, 7 (0,8000003f) counters available
[    0.505555] NET: Registered PF_PACKET protocol family
[    0.506111] 9pnet: Installing 9P2000 support
[    0.506558] Key type dns_resolver registered
[    0.511511] mmc0: SDHCI controller on fe330000.mmc [fe330000.mmc] using ADMA
[    0.518816] registered taskstats version 1
[    0.519412] Loading compiled-in X.509 certificates
[    0.529264] Demotion targets for Node 0: null
[    0.582002] xhci-hcd xhci-hcd.0.auto: xHCI Host Controller
[    0.582550] xhci-hcd xhci-hcd.0.auto: new USB bus registered, assigned bus number 1
[    0.583386] xhci-hcd xhci-hcd.0.auto: hcc params 0x0220fe64 hci version 0x110 quirks 0x0000808002000010
[    0.584330] xhci-hcd xhci-hcd.0.auto: irq 56, io mem 0xfe800000
[    0.585141] xhci-hcd xhci-hcd.0.auto: xHCI Host Controller
[    0.585663] xhci-hcd xhci-hcd.0.auto: new USB bus registered, assigned bus number 2
[    0.586370] xhci-hcd xhci-hcd.0.auto: Host supports USB 3.0 SuperSpeed
[    0.588205] hub 1-0:1.0: USB hub found
[    0.588624] hub 1-0:1.0: 1 port detected
[    0.589534] usb usb2: We don't know the algorithms for LPM for this host, disabling LPM.
[    0.591159] hub 2-0:1.0: USB hub found
[    0.591566] hub 2-0:1.0: 1 port detected
[    0.592604] ehci-platform fe380000.usb: EHCI Host Controller
[    0.593184] ehci-platform fe380000.usb: new USB bus registered, assigned bus number 3
[    0.594078] ehci-platform fe380000.usb: irq 57, io mem 0xfe380000
[    0.596475] ehci-platform fe3c0000.usb: EHCI Host Controller
[    0.597068] ehci-platform fe3c0000.usb: new USB bus registered, assigned bus number 4
[    0.597420] ohci-platform fe3a0000.usb: Generic Platform OHCI controller
[    0.597920] ehci-platform fe3c0000.usb: irq 58, io mem 0xfe3c0000
[    0.598381] ohci-platform fe3a0000.usb: new USB bus registered, assigned bus number 5
[    0.598478] ohci-platform fe3a0000.usb: irq 59, io mem 0xfe3a0000
[    0.600897] mmc0: Command Queue Engine enabled
[    0.601337] mmc0: new HS400 Enhanced strobe MMC card at address 0001
[    0.604196] mmcblk0: mmc0:0001 DF4016 14.7 GiB
[    0.607351] ohci-platform fe3e0000.usb: Generic Platform OHCI controller
[    0.608030] ehci-platform fe380000.usb: USB 2.0 started, EHCI 1.00
[    0.608067] ohci-platform fe3e0000.usb: new USB bus registered, assigned bus number 6
[    0.609749] hub 3-0:1.0: USB hub found
[    0.609748] ohci-platform fe3e0000.usb: irq 85, io mem 0xfe3e0000
[    0.610699] hub 3-0:1.0: 1 port detected
[    0.611710]  mmcblk0: p1 p2 p3 p4 p5 p6
[    0.614168] mmcblk0boot0: mmc0:0001 DF4016 4.00 MiB
[    0.617083] mmcblk0boot1: mmc0:0001 DF4016 4.00 MiB
[    0.619959] ehci-platform fe3c0000.usb: USB 2.0 started, EHCI 1.00

[    0.620097] mmcblk0rpmb: mmc0:0001 DF4016 4.00 MiB, chardev (511:0)
[    0.621521] hub 4-0:1.0: USB hub found
[    0.621907] hub 4-0:1.0: 1 port detected
[    0.641907] vcc_buck5: Bringing 3300000uV into 2200000-2200000uV
[    0.649576] vcca_1v8: Bringing 1800000uV into 1850000-1850000uV
[    0.652533] vdd1v5_dvp: Bringing 1800000uV into 1500000-1500000uV
[    0.661065] hub 5-0:1.0: USB hub found
[    0.661447] hub 5-0:1.0: 1 port detected
[    0.669069] hub 6-0:1.0: USB hub found
[    0.669476] hub 6-0:1.0: 1 port detected
[    0.678110] rk808-rtc rk808-rtc.4.auto: registered as rtc0
[    0.680123] rk808-rtc rk808-rtc.4.auto: setting system clock to 2017-08-05T09:00:10 UTC (1501923610)
[    0.687304] cpu cpu0: EM: created perf domain
[    0.689510] cpu cpu4: EM: created perf domain
[    0.698721] dwmmc_rockchip fe320000.mmc: IDMAC supports 32-bit address mode.
[    0.699196] rockchip-pcie f8000000.pcie: host bridge /pcie@f8000000 ranges:
[    0.699412] dwmmc_rockchip fe320000.mmc: Using internal DMA controller.
[    0.700049] rockchip-pcie f8000000.pcie:      MEM 0x00fa000000..0x00fbdfffff -> 0x00fa000000
[    0.700202] dwmmc_rockchip fe320000.mmc: Version ID is 270a
[    0.700654] rockchip-pcie f8000000.pcie:       IO 0x00fbe00000..0x00fbefffff -> 0x00fbe00000
[    0.700757] dwmmc_rockchip fe320000.mmc: DW MMC controller at irq 86,32 bit host data width,256 deep fifo
[    0.701500] dwmmc_rockchip fe310000.mmc: IDMAC supports 32-bit address mode.
[    0.701792] rockchip-pcie f8000000.pcie: no vpcie12v regulator found
[    0.703057] dwmmc_rockchip fe320000.mmc: Got CD GPIO
[    0.703546] dwmmc_rockchip fe310000.mmc: Using internal DMA controller.
[    0.705757] dwmmc_rockchip fe310000.mmc: Version ID is 270a
[    0.706295] dwmmc_rockchip fe310000.mmc: DW MMC controller at irq 48,32 bit host data width,256 deep fifo
[    0.715967] mmc_host mmc1: Bus speed (slot 0) = 400000Hz (slot req 400000Hz, actual 400000HZ div = 0)
[    0.774556] mmc_host mmc1: Bus speed (slot 0) = 50000000Hz (slot req 50000000Hz, actual 50000000HZ div = 0)
[    0.775743] mmc1: new high speed SDHC card at address 0001
[    0.777654] mmcblk1: mmc1:0001 SD16G 14.4 GiB
[    0.792301] GPT:Primary header thinks Alt. header is not at the end of the disk.
[    0.793009] GPT:7225343 != 30203903
[    0.793339] GPT:Alternate GPT header not at the end of the disk.
[    0.793886] GPT:7225343 != 30203903
[    0.794214] GPT: Use GNU Parted to correct GPT errors.
[    0.794722]  mmcblk1: p1 p2
[    0.868191] usb 4-1: new high-speed USB device number 2 using ehci-platform
[    1.016431] hub 4-1:1.0: USB hub found
[    1.017288] hub 4-1:1.0: 4 ports detected

[    1.412207] rockchip-pcie f8000000.pcie: PCIe link training gen1 timeout!
[    1.412893] rockchip-pcie f8000000.pcie: probe with driver rockchip-pcie failed with error -110
[    1.425956] rk_gmac-dwmac fe300000.ethernet: IRQ eth_wake_irq not found
[    1.426574] rk_gmac-dwmac fe300000.ethernet: IRQ sfty not found
[    1.427149] rk_gmac-dwmac fe300000.ethernet: Deprecated MDIO bus assumption used
[    1.427889] rk_gmac-dwmac fe300000.ethernet: PTP uses main clock
[    1.428855] rk_gmac-dwmac fe300000.ethernet: clock input or output? (input).
[    1.429484] rk_gmac-dwmac fe300000.ethernet: TX delay(0x28).
[    1.429989] rk_gmac-dwmac fe300000.ethernet: RX delay(0x11).
[    1.430497] rk_gmac-dwmac fe300000.ethernet: integrated PHY? (no).
[    1.431066] rk_gmac-dwmac fe300000.ethernet: clock input from PHY
[    1.436618] rk_gmac-dwmac fe300000.ethernet: init for RGMII
[    1.437507] rk_gmac-dwmac fe300000.ethernet: User ID: 0x10, Synopsys ID: 0x35
[    1.438147] rk_gmac-dwmac fe300000.ethernet: 	DWMAC1000
[    1.438615] rk_gmac-dwmac fe300000.ethernet: DMA HW capability register supported
[    1.439278] rk_gmac-dwmac fe300000.ethernet: RX Checksum Offload Engine supported
[    1.439958] rk_gmac-dwmac fe300000.ethernet: COE Type 2
[    1.440426] rk_gmac-dwmac fe300000.ethernet: TX Checksum insertion supported
[    1.441050] rk_gmac-dwmac fe300000.ethernet: Wake-Up On Lan supported
[    1.441675] rk_gmac-dwmac fe300000.ethernet: Normal descriptors
[    1.442202] rk_gmac-dwmac fe300000.ethernet: Ring mode enabled
[    1.442720] rk_gmac-dwmac fe300000.ethernet: Enable RX Mitigation via HW Watchdog Timer
[    1.528257] YT8521 Gigabit Ethernet stmmac-0:00: attached PHY driver (mii_bus:phy_addr=stmmac-0:00, irq=POLL)
[    1.529196] YT8521 Gigabit Ethernet stmmac-0:03: attached PHY driver (mii_bus:phy_addr=stmmac-0:03, irq=POLL)
