DDR Version 1.24 20191016
In
Channel 0: LPDDR3, 800MHz
CS = 0
MR0=0x58
MR1=0x58
MR2=0x58
MR3=0x58
MR4=0x2
MR5=0x1
MR6=0x16
MR7=0x0
MR8=0x1F
MR9=0x1F
MR10=0x1F
MR11=0x1F
MR12=0x1F
MR13=0x1F
MR14=0x1F
MR15=0x1F
MR16=0x1F
CS = 1
MR0=0x58
MR1=0x58
MR2=0x58
MR3=0x58
MR4=0x2
MR5=0x1
MR6=0x16
MR7=0x0
MR8=0x1F
MR9=0x1F
MR10=0x1F
MR11=0x1F
MR12=0x1F
MR13=0x1F
MR14=0x1F
MR15=0x1F
MR16=0x1F
Bus Width=32 Col=10 Bank=8 Row=15/15 CS=2 Die Bus-Width=32 Size=2048MB
Channel 1: LPDDR3, 800MHz
CS = 0
MR0=0x58
MR1=0x58
MR2=0x58
MR3=0x58
MR4=0x2
MR5=0x1
MR6=0x16
MR7=0x0
MR8=0x1F
MR9=0x1F
MR10=0x1F
MR11=0x1F

MR12=0x1F
MR13=0x1F
MR14=0x1F
MR15=0x1F
MR16=0x1F
CS = 1
MR0=0x58
MR1=0x58
MR2=0x58
MR3=0x58
MR4=0x2
MR5=0x1
MR6=0x16
MR7=0x0
MR8=0x1F
MR9=0x1F
MR10=0x1F
MR11=0x1F
MR12=0x1F
MR13=0x1F
MR14=0x1F
MR15=0x1F
MR16=0x1F
Bus Width=32 Col=10 Bank=8 Row=15/15 CS=2 Die Bus-Width=32 Size=2048MB
256B stride
ch 0 ddrconfig = 0x101, ddrsize = 0x2020
ch 1 ddrconfig = 0x101, ddrsize = 0x2020
pmugrf_os_reg[2] = 0x3AA0DAA0, stride = 0xD
OUT
Boot1 Release Time: May 29 2020 17:36:36, version: 1.26
CPUId = 0x0
ChipType = 0x10, 341
SdmmcInit=2 0
BootCapSize=100000
UserCapSize=15028MB
FwPartOffset=2000 , 100000
mmc0:cmd5,20
SdmmcInit=0 0
BootCapSize=0
UserCapSize=14748MB
FwPartOffset=2000 , 0
StorageInit ok = 127378
SecureMode = 0
SecureInit read PBA: 0x4
SecureInit read PBA: 0x404
SecureInit read PBA: 0x804
SecureInit read PBA: 0xc04
SecureInit read PBA: 0x1004
SecureInit read PBA: 0x1404
SecureInit read PBA: 0x1804
SecureInit read PBA: 0x1c04
SecureInit ret = 0, SecureMode = 0
atags_set_bootdev: ret:(0)
GPT part:  0, name:          primary, start:0x8000, size:0xff800
GPT part:  1, name:          primary, start:0x108000, size:0x5db800
no find partition:uboot.
Trust Addr:0x4000, 0x58334c42
No find bl30.bin
Load uboot, ReadLba = 2000
Load OK, addr=0x200000, size=0xfc8c0
RunBL31 0x40000 @ 304389 us
NOTICE:  BL31: v1.3(release):845ee93
NOTICE:  BL31: Built : 15:51:11, Jul 22 2020
NOTICE:  BL31: Rockchip release version: v1.1
INFO:    GICv3 with legacy support detected. ARM GICV3 driver initialized in EL3
INFO:    Using opteed sec cpu_context!
INFO:    boot cpu mask: 0

INFO:    plat_rockchip_pmu_init(1196): pd status 3e
INFO:    BL31: Initializing runtime services
INFO:    BL31: Initializing BL32
INF [0x0] TEE-CORE:init_primary_helper:337: Initializing (1.1.0-266-gee81607c #1 Mon Aug 17 09:23:30 UTC 2020 aarch64)


INF [0x0] TEE-CORE:init_primary_helper:338: Release version: 1.2


INF [0x0] TEE-CORE:init_teecore:83: teecore inits done

INFO:    BL31: Preparing for EL3 exit to normal world
INFO:    Entry point address = 0x200000
INFO:    SPSR = 0x3c9


U-Boot 2017.09 (Jun 06 2026 - 14:10:22 +0000)

Model: Rockchip RK3399 Evaluation Board
PreSerial: 2, raw, 0xff1a0000
DRAM:  3.8 GiB
Sysmem: init
Relocation Offset: f5bc7000, fdt: f3dbb358 
no mmc device at slot 1
Found IDB in SDcard
dwmmc@fe320000: 1 (SD), sdhci@fe330000: 0
Bootdev(atags): mmc 1

MMC1: Legacy, 50Mhz
PartType: EFI
No resource partition
Failed to load DTB
Failed to get kernel dtb, ret=-19
io-domain: OK
*** Warning - bad CRC, using default environment

Model: Rockchip RK3399 Evaluation Board
rockchip_set_serialno: could not find efuse/otp device
No misc partition
boot mode: None
CLK: (uboot. arml: enter 400000 KHz, init 816000 KHz, kernel 0N/A)
CLK: (uboot. armb: enter 24000 KHz, init 816000 KHz, kernel 0N/A)
  aplll 816000 KHz
  apllb 816000 KHz
  dpll 800000 KHz
  cpll 24000 KHz
  gpll 800000 KHz
  npll 600000 KHz
  vpll 24000 KHz
  aclk_perihp 133333 KHz
  hclk_perihp 66666 KHz
  pclk_perihp 33333 KHz
  aclk_perilp0 266666 KHz
  hclk_perilp0 88888 KHz
  pclk_perilp0 44444 KHz
  hclk_perilp1 100000 KHz
  pclk_perilp1 50000 KHz
EC20_PWREN = -2
EC20_RESET = -2
------ ec20_init  ------
EC20_PWRKEY = -2
EC20_PWRKEY = -2
Net:   No ethernet found.
Hit key to stop autoboot('CTRL+C'):  5  4  3  2  1  0 
Could not find misc partition
ANDROID: reboot reason: "(none)"
optee api revision: 2.0
TEEC: Waring: Could not find security partition
Not AVB images, AVB skip
android_image_load_by_partname: Can't find part: boot
Android image load failed
Android boot failed, error -1.
Could not find misc partition
Could not find primary part
switch to partitions #0, OK
mmc1 is current device
Scanning mmc 1:1...
Found /extlinux/extlinux.conf
Retrieving file: /extlinux/extlinux.conf
353 bytes read in 21 ms (15.6 KiB/s)
1:	Armbian
Retrieving file: /Image
49678848 bytes read in 2169 ms (21.8 MiB/s)
append: root=UUID=d52f7f8b-fa0e-4c9f-a552-d6df4329ac87 rootflags=data=writeback rw rootwait rootdelay=5 rootfstype=ext4 console=ttyS2,1500000 console=tty1 panic=0 usbcore.autosuspend=-1 initcall_blacklist=psci_checker initcall_debug printk.devkmsg=on net.ifnames=0
Retrieving file: /dtb/rockchip/rk3399pro-neardi-linux-lc110-base.dtb
60178 bytes read in 252 ms (232.4 KiB/s)
Fdt Ramdisk skip relocation
## Flattened Device Tree blob at 08300000
   Booting using the fdt blob at 0x8300000
   Using Device Tree in place at 0000000008300000, end 0000000008311b11
can't found rockchip,drm-logo, use rockchip,fb-logo
WARNING: could not set reg FDT_ERR_BADOFFSET.
failed to reserve fb-loader-logo memory
Adding bank: 0x00200000 - 0x08400000 (size: 0x08200000)
Adding bank: 0x0a200000 - 0xf8000000 (size: 0xede00000)
Total: 8239.247 ms

Starting kernel ...

** 947 printk messages dropped **
[    0.111384] HugeTLB: registered 1.00 GiB page size, pre-allocated 0 pages
[    0.111402] HugeTLB: 0 KiB vmemmap can be freed for a 1.00 GiB page
[    0.111416] HugeTLB: registered 32.0 MiB page size, pre-allocated 0 pages
[    0.111427] HugeTLB: 0 KiB vmemmap can be freed for a 32.0 MiB page
[    0.111440] HugeTLB: registered 2.00 MiB page size, pre-allocated 0 pages
[    0.111451] HugeTLB: 0 KiB vmemmap can be freed for a 2.00 MiB page
[    0.111463] HugeTLB: registered 64.0 KiB page size, pre-allocated 0 pages
[    0.111474] HugeTLB: 0 KiB vmemmap can be freed for a 64.0 KiB page
[    0.114324] ACPI: Interpreter disabled.
[    0.119946] iommu: Default domain type: Translated
[    0.119961] iommu: DMA domain TLB invalidation policy: strict mode
[    0.120604] SCSI subsystem initialized
[    0.121185] usbcore: registered new interface driver usbfs
[    0.121233] usbcore: registered new interface driver hub
[    0.121275] usbcore: registered new device driver usb
[    0.122907] pps_core: LinuxPPS API ver. 1 registered
[    0.122919] pps_core: Software ver. 5.3.6 - Copyright 2005-2007 Rodolfo Giometti <giometti@linux.it>
[    0.122966] PTP clock support registered

[    0.123237] EDAC MC: Ver: 3.0.0
[    0.123799] scmi_core: SCMI protocol bus registered
[    0.125693] FPGA manager framework
[    0.127204] vgaarb: loaded
[    0.127819] clocksource: Switched to clocksource arch_sys_counter
[    0.128625] VFS: Disk quotas dquot_6.6.0
[    0.128653] VFS: Dquot-cache hash table entries: 512 (order 0, 4096 bytes)
[    0.129592] pnp: PnP ACPI: disabled
[    0.138227] NET: Registered PF_INET protocol family
[    0.138441] IP idents hash table entries: 65536 (order: 7, 524288 bytes, linear)
[    0.141760] tcp_listen_portaddr_hash hash table entries: 2048 (order: 3, 32768 bytes, linear)
[    0.141864] Table-perturb hash table entries: 65536 (order: 6, 262144 bytes, linear)
[    0.141889] TCP established hash table entries: 32768 (order: 6, 262144 bytes, linear)
[    0.142158] TCP bind hash table entries: 32768 (order: 8, 1048576 bytes, linear)
[    0.143107] TCP: Hash tables configured (established 32768 bind 32768)
[    0.143226] UDP hash table entries: 2048 (order: 5, 131072 bytes, linear)
[    0.143408] UDP-Lite hash table entries: 2048 (order: 5, 131072 bytes, linear)
[    0.143782] NET: Registered PF_UNIX/PF_LOCAL protocol family
[    0.144476] RPC: Registered named UNIX socket transport module.
[    0.144493] RPC: Registered udp transport module.
[    0.144503] RPC: Registered tcp transport module.
[    0.144513] RPC: Registered tcp-with-tls transport module.
[    0.144523] RPC: Registered tcp NFSv4.1 backchannel transport module.
[    0.144609] PCI: CLS 0 bytes, default 64
[    0.148617] kvm [1]: nv: 568 coarse grained trap handlers
[    0.149042] kvm [1]: IPA Size Limit: 40 bits
[    0.151434] kvm [1]: vgic-v2@fff20000
[    0.151498] kvm [1]: GIC system register CPU interface enabled
[    0.151533] kvm [1]: vgic interrupt IRQ18

[    0.151573] kvm [1]: Hyp nVHE mode initialized successfully
[    0.153925] Initialise system trusted keyrings
[    0.154271] workingset: timestamp_bits=42 max_order=20 bucket_order=0
[    0.155084] squashfs: version 4.0 (2009/01/31) Phillip Lougher

[    0.155488] NFS: Registering the id_resolver key type
[    0.155527] Key type id_resolver registered
[    0.155539] Key type id_legacy registered
[    0.155590] nfs4filelayout_init: NFSv4 File Layout Driver Registering...
[    0.155622] nfs4flexfilelayout_init: NFSv4 Flexfile Layout Driver Registering...
[    0.155944] 9p: Installing v9fs 9p2000 file system support
[    0.210796] Key type asymmetric registered
[    0.210830] Asymmetric key parser 'x509' registered
[    0.210947] Block layer SCSI generic (bsg) driver version 0.4 loaded (major 244)
[    0.210985] io scheduler mq-deadline registered
[    0.211020] io scheduler kyber registered
[    0.211086] io scheduler bfq registered
[    0.238433] ledtrig-cpu: registered to indicate activity on CPUs
[    0.281032] dma-pl330 ff6d0000.dma-controller: Loaded driver for PL330 DMAC-241330
[    0.281059] dma-pl330 ff6d0000.dma-controller: 	DBUFF-32x8bytes Num_Chans-6 Num_Peri-12 Num_Events-12

[    0.282195] dma-pl330 ff6e0000.dma-controller: Loaded driver for PL330 DMAC-241330
[    0.282215] dma-pl330 ff6e0000.dma-controller: 	DBUFF-128x8bytes Num_Chans-8 Num_Peri-20 Num_Events-16
[    0.302842] Serial: 8250/16550 driver, 4 ports, IRQ sharing enabled
[    0.306313] ff180000.serial: ttyS0 at MMIO 0xff180000 (irq = 35, base_baud = 1500000) is a 16550A
[    0.307352] ff1a0000.serial: ttyS2 at MMIO 0xff1a0000 (irq = 36, base_baud = 1500000) is a 16550A
[    0.307438] printk: legacy console [ttyS2] enabled
[    0.348696] msm_serial: driver initialized
[    0.349739] SuperH (H)SCI(F) driver initialized
[    0.350460] STM32 USART driver initialized
[    0.356810] platform ff650000.video-codec: Adding to iommu group 0
[    0.358462] platform ff660000.video-codec: Adding to iommu group 1
[    0.369764] loop: module loaded
[    0.372203] megasas: 07.734.00.00-rc1
[    0.383797] tun: Universal TUN/TAP device driver, 1.6
[    0.385989] thunder_xcv, ver 1.0
[    0.386364] thunder_bgx, ver 1.0
[    0.386725] nicpf, ver 1.0
[    0.389569] e1000: Intel(R) PRO/1000 Network Driver
[    0.390009] e1000: Copyright (c) 1999-2006 Intel Corporation.
[    0.390591] e1000e: Intel(R) PRO/1000 Network Driver
[    0.391034] e1000e: Copyright(c) 1999 - 2015 Intel Corporation.
[    0.391633] igb: Intel(R) Gigabit Ethernet Network Driver
[    0.392130] igb: Copyright (c) 2007-2014 Intel Corporation.
[    0.392693] igbvf: Intel(R) Gigabit Virtual Function Network Driver
[    0.393250] igbvf: Copyright (c) 2009 - 2012 Intel Corporation.
[    0.394354] sky2: driver version 1.30
[    0.397606] VFIO - User Level meta-driver version: 0.3
[    0.406120] usbcore: registered new interface driver usb-storage
[    0.412669] i2c_dev: i2c /dev entries driver
[    0.417628] /i2c@ff3c0000/pmic@20: Fixed dependency cycle(s) with /i2c@ff3c0000/pmic@20/regulators/DCDC_REG4
[    0.418529] /i2c@ff3c0000/pmic@20: Fixed dependency cycle(s) with /i2c@ff3c0000/pmic@20/regulators/DCDC_REG5
[    0.434152] sdhci: Secure Digital Host Controller Interface driver
[    0.434709] sdhci: Copyright(c) Pierre Ossman
[    0.436456] Synopsys Designware Multimedia Card Interface Driver
[    0.438758] dwmmc_rockchip fe310000.mmc: IDMAC supports 32-bit address mode.
[    0.439423] sdhci-pltfm: SDHCI platform and OF driver helper
[    0.439433] dwmmc_rockchip fe310000.mmc: Using internal DMA controller.
[    0.439989] dwmmc_rockchip fe310000.mmc: Version ID is 270a
[    0.441120] dwmmc_rockchip fe310000.mmc: DW MMC controller at irq 48,32 bit host data width,256 deep fifo
[    0.443099] mmc0: CQHCI version 5.10
[    0.449849] usbcore: registered new interface driver usbhid
[    0.450356] usbhid: USB HID core driver
[    0.458072] hw perfevents: enabled with armv8_cortex_a53 PMU driver, 7 (0,8000003f) counters available
[    0.459779] hw perfevents: enabled with armv8_cortex_a72 PMU driver, 7 (0,8000003f) counters available
[    0.469284] NET: Registered PF_PACKET protocol family
[    0.469923] 9pnet: Installing 9P2000 support
[    0.470455] Key type dns_resolver registered
[    0.471735] mmc0: SDHCI controller on fe330000.mmc [fe330000.mmc] using ADMA
[    0.483442] registered taskstats version 1
[    0.484511] Loading compiled-in X.509 certificates
[    0.494555] Demotion targets for Node 0: null
[    0.543679] xhci-hcd xhci-hcd.0.auto: xHCI Host Controller
[    0.544267] xhci-hcd xhci-hcd.0.auto: new USB bus registered, assigned bus number 1
[    0.545101] xhci-hcd xhci-hcd.0.auto: hcc params 0x0220fe64 hci version 0x110 quirks 0x0000808002000010
[    0.545966] xhci-hcd xhci-hcd.0.auto: irq 56, io mem 0xfe800000
[    0.546750] xhci-hcd xhci-hcd.0.auto: xHCI Host Controller
[    0.547259] xhci-hcd xhci-hcd.0.auto: new USB bus registered, assigned bus number 2
[    0.548005] xhci-hcd xhci-hcd.0.auto: Host supports USB 3.0 SuperSpeed
[    0.550651] mmc0: Command Queue Engine enabled
[    0.550653] hub 1-0:1.0: USB hub found
[    0.550687] hub 1-0:1.0: 1 port detected
[    0.551073] mmc0: new HS400 Enhanced strobe MMC card at address 0001
[    0.551856] ehci-platform fe380000.usb: EHCI Host Controller
[    0.552759] mmcblk0: mmc0:0001 DF4016 14.7 GiB
[    0.553327] ehci-platform fe380000.usb: new USB bus registered, assigned bus number 3
[    0.553391] usb usb2: We don't know the algorithms for LPM for this host, disabling LPM.
[    0.553907] ehci-platform fe3c0000.usb: EHCI Host Controller
[    0.554222] ehci-platform fe380000.usb: irq 57, io mem 0xfe380000
[    0.555424] hub 2-0:1.0: USB hub found
[    0.556248] hub 2-0:1.0: 1 port detected
[    0.557065] ehci-platform fe3c0000.usb: new USB bus registered, assigned bus number 4
[    0.557983] ehci-platform fe3c0000.usb: irq 58, io mem 0xfe3c0000
[    0.558750]  mmcblk0: p1 p2 p3 p4 p5 p6
[    0.558773] ohci-platform fe3a0000.usb: Generic Platform OHCI controller
[    0.559736] ohci-platform fe3a0000.usb: new USB bus registered, assigned bus number 5
[    0.560670] mmcblk0boot0: mmc0:0001 DF4016 4.00 MiB
[    0.560883] ohci-platform fe3a0000.usb: irq 59, io mem 0xfe3a0000
[    0.561944] ohci-platform fe3e0000.usb: Generic Platform OHCI controller
[    0.562562] ohci-platform fe3e0000.usb: new USB bus registered, assigned bus number 6
[    0.563304] mmcblk0boot1: mmc0:0001 DF4016 4.00 MiB
[    0.563351] ohci-platform fe3e0000.usb: irq 85, io mem 0xfe3e0000
[    0.565630] mmcblk0rpmb: mmc0:0001 DF4016 4.00 MiB, chardev (511:0)
[    0.571862] ehci-platform fe380000.usb: USB 2.0 started, EHCI 1.00
[    0.573557] hub 3-0:1.0: USB hub found
[    0.573964] hub 3-0:1.0: 1 port detected
[    0.583926] ehci-platform fe3c0000.usb: USB 2.0 started, EHCI 1.00
[    0.585490] hub 4-0:1.0: USB hub found
[    0.585884] hub 4-0:1.0: 1 port detected
[    0.596580] vcc_buck5: Bringing 3300000uV into 2200000-2200000uV
[    0.604597] vcca_1v8: Bringing 1800000uV into 1850000-1850000uV
[    0.609420] vdd1v5_dvp: Bringing 1800000uV into 1500000-1500000uV
[    0.624887] hub 5-0:1.0: USB hub found
[    0.625264] hub 5-0:1.0: 1 port detected
[    0.629170] hub 6-0:1.0: USB hub found
[    0.629560] hub 6-0:1.0: 1 port detected
[    0.636143] rk808-rtc rk808-rtc.4.auto: registered as rtc0
[    0.638132] rk808-rtc rk808-rtc.4.auto: setting system clock to 2017-08-05T09:00:10 UTC (1501923610)
[    0.645445] cpu cpu0: EM: created perf domain
[    0.648133] cpu cpu4: EM: created perf domain
