DDR Version 1.24 20191016
In
Channel 0: LPDDR3, 800MHz
CS = 0
MR0=0x58
MR1=0x58
MR2=0x58
MR3=0x58
MR4=0x2
MR5=0x1
MR6=0x16
MR7=0x0
MR8=0x1F
MR9=0x1F
MR10=0x1F
MR11=0x1F
MR12=0x1F
MR13=0x1F
MR14=0x1F
MR15=0x1F
MR16=0x1F
CS = 1
MR0=0x58
MR1=0x58
MR2=0x58
MR3=0x58
MR4=0x2
MR5=0x1
MR6=0x16
MR7=0x0
MR8=0x1F
MR9=0x1F
MR10=0x1F
MR11=0x1F
MR12=0x1F
MR13=0x1F
MR14=0x1F
MR15=0x1F
MR16=0x1F
Bus Width=32 Col=10 Bank=8 Row=15/15 CS=2 Die Bus-Width=32 Size=2048MB
Channel 1: LPDDR3, 800MHz
CS = 0
MR0=0x58
MR1=0x58
MR2=0x58
MR3=0x58
MR4=0x2
MR5=0x1
MR6=0x16
MR7=0x0
MR8=0x1F
MR9=0x1F
MR10=0x1F
MR11=0x1F
MR12=0x1F
MR13=0x1F
MR14=0x1F
MR15=0x1F
MR16=0x1F
CS = 1
MR0=0x58
MR1=0x58
MR2=0x58
MR3=0x58
MR4=0x2
MR5=0x1
MR6=0x16
MR7=0x0
MR8=0x1F
MR9=0x1F
MR10=0x1F
MR11=0x1F
MR12=0x1F
MR13=0x1F
MR14=0x1F
MR15=0x1F
MR16=0x1F
Bus Width=32 Col=10 Bank=8 Row=15/15 CS=2 Die Bus-Width=32 Size=2048MB
256B stride
ch 0 ddrconfig = 0x101, ddrsize = 0x2020
ch 1 ddrconfig = 0x101, ddrsize = 0x2020
pmugrf_os_reg[2] = 0x3AA0DAA0, stride = 0xD
OUT
Boot1 Release Time: May 29 2020 17:36:36, version: 1.26
CPUId = 0x0
ChipType = 0x10, 341
SdmmcInit=2 0
BootCapSize=100000
UserCapSize=15028MB
FwPartOffset=2000 , 100000
mmc0:cmd5,20
SdmmcInit=0 0
BootCapSize=0
UserCapSize=14748MB
FwPartOffset=2000 , 0
StorageInit ok = 126179
SecureMode = 0
SecureInit read PBA: 0x4
SecureInit read PBA: 0x404
SecureInit read PBA: 0x804
SecureInit read PBA: 0xc04
SecureInit read PBA: 0x1004
SecureInit read PBA: 0x1404
SecureInit read PBA: 0x1804
SecureInit read PBA: 0x1c04
SecureInit ret = 0, SecureMode = 0
atags_set_bootdev: ret:(0)
GPT part:  0, name:          primary, start:0x8000, size:0xff800
GPT part:  1, name:          primary, start:0x108000, size:0x5db800
no find partition:uboot.
Trust Addr:0x4000, 0x58334c42
No find bl30.bin
Load uboot, ReadLba = 2000
Load OK, addr=0x200000, size=0xfc8c0
RunBL31 0x40000 @ 303660 us
NOTICE:  BL31: v1.3(release):845ee93
NOTICE:  BL31: Built : 15:51:11, Jul 22 2020
NOTICE:  BL31: Rockchip release version: v1.1
INFO:    GICv3 with legacy support detected. ARM GICV3 driver initialized in EL3
INFO:    Using opteed sec cpu_context!
INFO:    boot cpu mask: 0
INFO:    plat_rockchip_pmu_init(1196): pd status 3e
INFO:    BL31: Initializing runtime services
INFO:    BL31: Initializing BL32
INF [0x0] TEE-CORE:init_primary_helper:337: Initializing (1.1.0-266-gee81607c #1 Mon Aug 17 09:23:30 UTC 2020 aarch64)


INF [0x0] TEE-CORE:init_primary_helper:338: Release version: 1.2


INF [0x0] TEE-CORE:init_teecore:83: teecore inits done

INFO:    BL31: Preparing for EL3 exit to normal world
INFO:    Entry point address = 0x200000
INFO:    SPSR = 0x3c9


U-Boot 2017.09 (Jun 06 2026 - 14:10:22 +0000)

Model: Rockchip RK3399 Evaluation Board
PreSerial: 2, raw, 0xff1a0000
DRAM:  3.8 GiB
Sysmem: init
Relocation Offset: f5bc7000, fdt: f3dbb358 
no mmc device at slot 1
Found IDB in SDcard
dwmmc@fe320000: 1 (SD), sdhci@fe330000: 0
Bootdev(atags): mmc 1
MMC1: Legacy, 50Mhz
PartType: EFI
No resource partition
Failed to load DTB
Failed to get kernel dtb, ret=-19
io-domain: OK
*** Warning - bad CRC, using default environment

Model: Rockchip RK3399 Evaluation Board
rockchip_set_serialno: could not find efuse/otp device
No misc partition
boot mode: None
CLK: (uboot. arml: enter 400000 KHz, init 816000 KHz, kernel 0N/A)
CLK: (uboot. armb: enter 24000 KHz, init 816000 KHz, kernel 0N/A)
  aplll 816000 KHz
  apllb 816000 KHz
  dpll 800000 KHz
  cpll 24000 KHz
  gpll 800000 KHz
  npll 600000 KHz
  vpll 24000 KHz
  aclk_perihp 133333 KHz
  hclk_perihp 66666 KHz
  pclk_perihp 33333 KHz
  aclk_perilp0 266666 KHz
  hclk_perilp0 88888 KHz
  pclk_perilp0 44444 KHz
  hclk_perilp1 100000 KHz
  pclk_perilp1 50000 KHz
EC20_PWREN = -2
EC20_RESET = -2
------ ec20_init  ------
EC20_PWRKEY = -2
EC20_PWRKEY = -2
Net:   No ethernet found.
Hit key to stop autoboot('CTRL+C'):  5  4  3  2  1  0 
Could not find misc partition
ANDROID: reboot reason: "(none)"
optee api revision: 2.0
TEEC: Waring: Could not find security partition
Not AVB images, AVB skip
android_image_load_by_partname: Can't find part: boot
Android image load failed
Android boot failed, error -1.
Could not find misc partition
Could not find primary part
switch to partitions #0, OK
mmc1 is current device
Scanning mmc 1:1...
Found /extlinux/extlinux.conf
Retrieving file: /extlinux/extlinux.conf
359 bytes read in 22 ms (15.6 KiB/s)
1:	Armbian
Retrieving file: /Image
49678848 bytes read in 2170 ms (21.8 MiB/s)
append: root=PARTUUID=61ec8aeb-3d1a-48fa-a9da-54d744ed8bdf rootflags=data=writeback rw rootwait rootdelay=10 rootfstype=ext4 console=ttyS2,1500000 console=tty1 panic=0 usbcore.autosuspend=-1 initcall_blacklist=psci_checker printk.devkmsg=on log_buf_len=16M net.ifnames=0
Retrieving file: /dtb/rockchip/rk3399pro-neardi-linux-lc110-base.dtb
60182 bytes read in 267 ms (219.7 KiB/s)
Fdt Ramdisk skip relocation
## Flattened Device Tree blob at 08300000
   Booting using the fdt blob at 0x8300000
   Using Device Tree in place at 0000000008300000, end 0000000008311b15
can't found rockchip,drm-logo, use rockchip,fb-logo
WARNING: could not set reg FDT_ERR_BADOFFSET.
failed to reserve fb-loader-logo memory
Adding bank: 0x00200000 - 0x08400000 (size: 0x08200000)
Adding bank: 0x0a200000 - 0xf8000000 (size: 0xede00000)
Total: 8253.889 ms

Starting kernel ...

[    0.000000] Booting Linux on physical CPU 0x0000000000 [0x410fd034]
[    0.000000] Linux version 6.18.33 (henry@Inspiron-7520) (aarch64-linux-gnu-gcc (Ubuntu 13.3.0-6ubuntu2~24.04.1) 13.3.0, GNU ld (GNU Binutils for Ubuntu) 2.42) #1 SMP PREEMPT Wed Jun 17 16:24:23 CST 2026
[    0.000000] KASLR disabled due to lack of seed
[    0.000000] Machine model: Radxa ROCK Pi N10
[    0.000000] efi: UEFI not found.
[    0.000000] OF: reserved mem: Reserved memory: No reserved-memory node in the DT
[    0.000000] NUMA: Faking a node at [mem 0x0000000000200000-0x00000000f7ffffff]
[    0.000000] NODE_DATA(0) allocated [mem 0xf77f6880-0xf77f8eff]
[    0.000000] Zone ranges:
[    0.000000]   DMA      [mem 0x0000000000200000-0x00000000f7ffffff]
[    0.000000]   DMA32    empty
[    0.000000]   Normal   empty
[    0.000000] Movable zone start for each node
[    0.000000] Early memory node ranges
[    0.000000]   node   0: [mem 0x0000000000200000-0x00000000083fffff]
[    0.000000]   node   0: [mem 0x000000000a200000-0x00000000f7ffffff]
[    0.000000] Initmem setup node 0 [mem 0x0000000000200000-0x00000000f7ffffff]
[    0.000000] On node 0, zone DMA: 512 pages in unavailable ranges
[    0.000000] On node 0, zone DMA: 7680 pages in unavailable ranges
[    0.000000] cma: Reserved 32 MiB at 0x00000000f1800000
[    0.000000] psci: probing for conduit method from DT.
[    0.000000] psci: PSCIv1.0 detected in firmware.
[    0.000000] psci: Using standard PSCI v0.2 function IDs
[    0.000000] psci: Trusted OS migration not required
[    0.000000] psci: SMC Calling Convention v1.0
[    0.000000] percpu: Embedded 25 pages/cpu s62552 r8192 d31656 u102400
[    0.000000] Detected VIPT I-cache on CPU0
[    0.000000] CPU features: detected: GICv3 CPU interface
[    0.000000] CPU features: detected: ARM erratum 845719
[    0.000000] alternatives: applying boot alternatives
[    0.000000] Kernel command line: root=PARTUUID=61ec8aeb-3d1a-48fa-a9da-54d744ed8bdf rootflags=data=writeback rw rootwait rootdelay=10 rootfstype=ext4 console=ttyS2,1500000 console=tty1 panic=0 usbcore.autosuspend=-1 initcall_blacklist=psci_checker printk.devkmsg=on log_buf_len=16M net.ifnames=0
[    0.000000] printk: log buffer data + meta data: 16777216 + 58720256 = 75497472 bytes
[    0.000000] printk: early log buf free: 128880(98%)
[    0.000000] Dentry cache hash table entries: 524288 (order: 10, 4194304 bytes, linear)
[    0.000000] Inode-cache hash table entries: 262144 (order: 9, 2097152 bytes, linear)
[    0.000000] software IO TLB: SWIOTLB bounce buffer size adjusted to 3MB
[    0.000000] software IO TLB: area num 8.

[    0.000000] software IO TLB: mapped [mem 0x00000000ec600000-0x00000000eca00000] (4MB)
[    0.000000] Fallback order for Node 0: 0 
[    0.000000] Built 1 zonelists, mobility grouping on.  Total pages: 1007616
[    0.000000] Policy zone: DMA
[    0.000000] mem auto-init: stack:all(zero), heap alloc:off, heap free:off
[    0.000000] SLUB: HWalign=64, Order=0-3, MinObjects=0, CPUs=6, Nodes=1
[    0.000000] rcu: Preemptible hierarchical RCU implementation.
[    0.000000] rcu: 	RCU event tracing is enabled.
[    0.000000] rcu: 	RCU restricting CPUs from NR_CPUS=512 to nr_cpu_ids=6.

[    0.000000] 	Trampoline variant of Tasks RCU enabled.
[    0.000000] 	Tracing variant of Tasks RCU enabled.
[    0.000000] rcu: RCU calculated value of scheduler-enlistment delay is 25 jiffies.
[    0.000000] rcu: Adjusting geometry for rcu_fanout_leaf=16, nr_cpu_ids=6
[    0.000000] RCU Tasks: Setting shift to 3 and lim to 1 rcu_task_cb_adjust=1 rcu_task_cpu_ids=6.
[    0.000000] RCU Tasks Trace: Setting shift to 3 and lim to 1 rcu_task_cb_adjust=1 rcu_task_cpu_ids=6.
[    0.000000] NR_IRQS: 64, nr_irqs: 64, preallocated irqs: 0
[    0.000000] GICv3: GIC: Using split EOI/Deactivate mode
[    0.000000] GICv3: 256 SPIs implemented
[    0.000000] GICv3: 0 Extended SPIs implemented
[    0.000000] Root IRQ handler: gic_handle_irq
[    0.000000] GICv3: GICv3 features: 16 PPIs
[    0.000000] GICv3: GICD_CTLR.DS=0, SCR_EL3.FIQ=1
[    0.000000] GICv3: CPU0: found redistributor 0 region 0:0x00000000fef00000
[    0.000000] ITS [mem 0xfee20000-0xfee3ffff]
[    0.000000] ITS@0x00000000fee20000: allocated 65536 Devices @3880000 (flat, esz 8, psz 64K, shr 0)
[    0.000000] ITS: using cache flushing for cmd queue
[    0.000000] GICv3: using LPI property table @0x0000000003860000
[    0.000000] GIC: using cache flushing for LPI property table
[    0.000000] GICv3: CPU0: using allocated LPI pending table @0x0000000003870000
[    0.000000] GICv3: GIC: PPI partition interrupt-partition-0[0] { /cpus/cpu@0[0] /cpus/cpu@1[1] /cpus/cpu@2[2] /cpus/cpu@3[3] }
[    0.000000] GICv3: GIC: PPI partition interrupt-partition-1[1] { /cpus/cpu@100[4] /cpus/cpu@101[5] }
[    0.000000] rcu: srcu_init: Setting srcu_struct sizes based on contention.
[    0.000000] arch_timer: cp15 timer running at 24.00MHz (phys).
[    0.000000] clocksource: arch_sys_counter: mask: 0xffffffffffffff max_cycles: 0x588fe9dc0, max_idle_ns: 440795202592 ns
[    0.000001] sched_clock: 56 bits at 24MHz, resolution 41ns, wraps every 4398046511097ns
[    0.003308] Console: colour dummy device 80x25
[    0.003328] printk: legacy console [tty1] enabled
[    0.004251] Calibrating delay loop (skipped), value calculated using timer frequency.. 48.00 BogoMIPS (lpj=96000)
[    0.004288] pid_max: default: 32768 minimum: 301
[    0.004437] LSM: initializing lsm=capability
[    0.004618] Mount-cache hash table entries: 8192 (order: 4, 65536 bytes, linear)
[    0.004660] Mountpoint-cache hash table entries: 8192 (order: 4, 65536 bytes, linear)
[    0.007844] rcu: Hierarchical SRCU implementation.
[    0.007883] rcu: 	Max phase no-delay instances is 1000.
[    0.008250] Timer migration: 1 hierarchy levels; 8 children per group; 1 crossnode level
[    0.008571] fsl-mc MSI: msi-controller@fee20000 domain created
[    0.013500] EFI services will not be available.
[    0.013997] smp: Bringing up secondary CPUs ...
[    0.014738] Detected VIPT I-cache on CPU1
[    0.014944] GICv3: CPU1: found redistributor 1 region 0:0x00000000fef20000
[    0.014965] GICv3: CPU1: using allocated LPI pending table @0x0000000003900000
[    0.015022] CPU1: Booted secondary processor 0x0000000001 [0x410fd034]
[    0.015872] Detected VIPT I-cache on CPU2
[    0.016047] GICv3: CPU2: found redistributor 2 region 0:0x00000000fef40000
[    0.016066] GICv3: CPU2: using allocated LPI pending table @0x0000000003910000
[    0.016105] CPU2: Booted secondary processor 0x0000000002 [0x410fd034]
[    0.016959] Detected VIPT I-cache on CPU3
[    0.017136] GICv3: CPU3: found redistributor 3 region 0:0x00000000fef60000
[    0.017154] GICv3: CPU3: using allocated LPI pending table @0x0000000003920000
[    0.017192] CPU3: Booted secondary processor 0x0000000003 [0x410fd034]
[    0.017979] CPU features: detected: Spectre-v2
[    0.017992] CPU features: detected: Spectre-v3a
[    0.017997] CPU features: detected: Spectre-v4
[    0.018003] CPU features: detected: Spectre-BHB
[    0.018010] CPU features: detected: ARM erratum 1742098
[    0.018017] CPU features: detected: ARM errata 1165522, 1319367, or 1530923
[    0.018023] Detected PIPT I-cache on CPU4
[    0.018182] GICv3: CPU4: found redistributor 100 region 0:0x00000000fef80000
[    0.018198] GICv3: CPU4: using allocated LPI pending table @0x0000000003930000
[    0.018236] CPU4: Booted secondary processor 0x0000000100 [0x410fd082]
[    0.018995] Detected PIPT I-cache on CPU5
[    0.019142] GICv3: CPU5: found redistributor 101 region 0:0x00000000fefa0000
[    0.019158] GICv3: CPU5: using allocated LPI pending table @0x0000000003940000
[    0.019188] CPU5: Booted secondary processor 0x0000000101 [0x410fd082]
[    0.019331] smp: Brought up 1 node, 6 CPUs
[    0.019633] SMP: Total of 6 processors activated.
[    0.019649] CPU: All CPU(s) started at EL2
[    0.019694]  P0.101173] HugeTLB: registered 2.00 MiB page size, pre-allocated 0 pages
[    0.101184] HugeTLB: 0 KiB vmemmap can be freed for a 2.00 MiB page
[    0.101196] HugeTLB: registered 64.0 KiB page size, pre-allocated 0 pages
[    0.101207] HugeTLB: 0 KiB vmemmap can be freed for a 64.0 KiB page
[    0.103414] ACPI: Interpreter disabled.
[    0.108006] iommu: Default domain type: Translated
[    0.108025] iommu: DMA domain TLB invalidation policy: strict mode
[    0.108532] SCSI subsystem initialized
[    0.108938] usbcore: registered new interface driver usbfs
[    0.108983] usbcore: registered new interface driver hub
[    0.109026] usbcore: registered new device driver usb
[    0.110357] pps_core: LinuxPPS API ver. 1 registered
[    0.110370] pps_core: Software ver. 5.3.6 - Copyright 2005-2007 Rodolfo Giometti <giometti@linux.it>
[    0.110395] PTP clock support registered
[    0.110565] EDAC MC: Ver: 3.0.0
[    0.111037] scmi_core: SCMI protocol bus registered
[    0.112473] FPGA manager framework
[    0.113548] vgaarb: loaded
[    0.114044] clocksource: Switched to clocksource arch_sys_counter
[    0.114360] VFS: Disk quotas dquot_6.6.0
[    0.114390] VFS: Dquot-cache hash table entries: 512 (order 0, 4096 bytes)
[    0.114821] pnp: PnP ACPI: disabled
[    0.123445] NET: Registered PF_INET protocol family
[    0.123662] IP idents hash table entries: 65536 (order: 7, 524288 bytes, linear)
[    0.126994] tcp_listen_portaddr_hash hash table entries: 2048 (order: 3, 32768 bytes, linear)
[    0.127101] Table-perturb hash table entries: 65536 (order: 6, 262144 bytes, linear)
[    0.127128] TCP established hash table entries: 32768 (order: 6, 262144 bytes, linear)
[    0.127394] TCP bind hash table entries: 32768 (order: 8, 1048576 bytes, linear)
[    0.128343] TCP: Hash tables configured (established 32768 bind 32768)
[    0.128465] UDP hash table entries: 2048 (order: 5, 131072 bytes, linear)
[    0.128647] UDP-Lite hash table entries: 2048 (order: 5, 131072 bytes, linear)
[    0.128996] NET: Registered PF_UNIX/PF_LOCAL protocol family
[    0.129564] RPC: Registered named UNIX socket transport module.
[    0.129583] RPC: Registered udp transport module.
[    0.129593] RPC: Registered tcp transport module.
[    0.129603] RPC: Registered tcp-with-tls transport module.
[    0.129613] RPC: Registered tcp NFSv4.1 backchannel transport module.
[    0.129646] PCI: CLS 0 bytes, default 64
[    0.133453] kvm [1]: nv: 568 coarse grained trap handlers
[    0.133872] kvm [1]: IPA Size Limit: 40 bits
[    0.136301] kvm [1]: vgic-v2@fff20000
[    0.136366] kvm [1]: GIC system register CPU interface enabled
[    0.136398] kvm [1]: vgic interrupt IRQ18
[    0.136439] kvm [1]: Hyp nVHE mode initialized successfully
[    0.138131] Initialise system trusted keyrings
[    0.138335] workingset: timestamp_bits=42 max_order=20 bucket_order=0
[    0.138711] squashfs: version 4.0 (2009/01/31) Phillip Lougher
[    0.139013] NFS: Registering the id_resolver key type
[    0.139043] Key type id_resolver registered
[    0.139054] Key type id_legacy registered
[    0.139086] nfs4filelayout_init: NFSv4 File Layout Driver Registering...
[    0.139102] nfs4flexfilelayout_init: NFSv4 Flexfile Layout Driver Registering...
[    0.139291] 9p: Installing v9fs 9p2000 file system support
[    0.193462] Key type asymmetric registered
[    0.193481] Asymmetric key parser 'x509' registered
[    0.193541] Block layer SCSI generic (bsg) driver version 0.4 loaded (major 244)
[    0.193559] io scheduler mq-deadline registered
[    0.193574] io scheduler kyber registered
[    0.193621] io scheduler bfq registered
[    0.216589] ledtrig-cpu: registered to indicate activity on CPUs
[    0.251516] dma-pl330 ff6d0000.dma-controller: Loaded driver for PL330 DMAC-241330
[    0.251546] dma-pl330 ff6d0000.dma-controller: 	DBUFF-32x8bytes Num_Chans-6 Num_Peri-12 Num_Events-12
[    0.252666] dma-pl330 ff6e0000.dma-controller: Loaded driver for PL330 DMAC-241330
[    0.252686] dma-pl330 ff6e0000.dma-controller: 	DBUFF-128x8bytes Num_Chans-8 Num_Peri-20 Num_Events-16
[    0.270298] Serial: 8250/16550 driver, 4 ports, IRQ sharing enabled
[    0.273610] ff180000.serial: ttyS0 at MMIO 0xff180000 (irq = 35, base_baud = 1500000) is a 16550A
[    0.274666] ff1a0000.serial: ttyS2 at MMIO 0xff1a0000 (irq = 36, base_baud = 1500000) is a 16550A
[    0.274753] printk: legacy console [ttyS2] enabled
[    0.397823] msm_serial: driver initialized
[    0.398784] SuperH (H)SCI(F) driver initialized
[    0.399486] STM32 USART driver initialized
[    0.405060] platform ff650000.video-codec: Adding to iommu group 0
[    0.406730] platform ff660000.video-codec: Adding to iommu group 1
[    0.417
4[    0.448962] usbcore: registered new interface driver usb-storage
[    0.454511] i2c_dev: i2c /dev entries driver
[    0.459120] /i2c@ff3c0000/pmic@20: Fixed dependency cycle(s) with /i2c@ff3c0000/pmic@20/regulators/DCDC_REG4
[    0.460025] /i2c@ff3c0000/pmic@20: Fixed dependency cycle(s) with /i2c@ff3c0000/pmic@20/regulators/DCDC_REG5
[    0.473542] sdhci: Secure Digital Host Controller Interface driver
[    0.474132] sdhci: Copyright(c) Pierre Ossman
[    0.475709] Synopsys Designware Multimedia Card Interface Driver
[    0.477711] dwmmc_rockchip fe310000.mmc: IDMAC supports 32-bit address mode.
[    0.477945] sdhci-pltfm: SDHCI platform and OF driver helper
[    0.478437] dwmmc_rockchip fe310000.mmc: Using internal DMA controller.
[    0.479466] dwmmc_rockchip fe310000.mmc: Version ID is 270a
[    0.480005] dwmmc_rockchip fe310000.mmc: DW MMC controller at irq 48,32 bit host data width,256 deep fifo
[    0.480750] mmc0: CQHCI version 5.10
[    0.485266] usbcore: registered new interface driver usbhid
[    0.485777] usbhid: USB HID core driver
[    0.492779] hw perfevents: enabled with armv8_cortex_a53 PMU driver, 7 (0,8000003f) counters available
[    0.495080] hw perfevents: enabled with armv8_cortex_a72 PMU driver, 7 (0,8000003f) counters available
[    0.503511] NET: Registered PF_PACKET protocol family
[    0.504071] 9pnet: Installing 9P2000 support
[    0.504529] Key type dns_resolver registered
[    0.506189] mmc0: SDHCI controller on fe330000.mmc [fe330000.mmc] using ADMA
[    0.516812] registered taskstats version 1
[    0.517419] Loading compiled-in X.509 certificates
[    0.527078] Demotion targets for Node 0: null
[    0.573300] xhci-hcd xhci-hcd.0.auto: xHCI Host Controller
[    0.573823] xhci-hcd xhci-hcd.0.auto: new USB bus registered, assigned bus number 1
[    0.578222] xhci-hcd xhci-hcd.0.auto: hcc params 0x0220fe64 hci version 0x110 quirks 0x0000808002000010
[    0.579093] xhci-hcd xhci-hcd.0.auto: irq 56, io mem 0xfe800000
[    0.579870] xhci-hcd xhci-hcd.0.auto: xHCI Host Controller
[    0.580380] xhci-hcd xhci-hcd.0.auto: new USB bus registered, assigned bus number 2
[    0.580562] ehci-platform fe380000.usb: EHCI Host Controller
[    0.581074] xhci-hcd xhci-hcd.0.auto: Host supports USB 3.0 SuperSpeed
[    0.581148] ehci-platform fe380000.usb: new USB bus registered, assigned bus number 3
[    0.582386] hub 1-0:1.0: USB hub found
[    0.583281] hub 1-0:1.0: 1 port detected
[    0.583411] ehci-platform fe380000.usb: irq 57, io mem 0xfe380000
[    0.583801] mmc0: Command Queue Engine enabled
[    0.584015] usb usb2: We don't know the algorithms for LPM for this host, disabling LPM.
[    0.584560] hub 2-0:1.0: USB hub found
[    0.584599] mmc0: new HS400 Enhanced strobe MMC card at address 0001
[    0.584945] ehci-platform fe3c0000.usb: EHCI Host Controller
[    0.585331] hub 2-0:1.0: 1 port detected
[    0.585565] ohci-platform fe3a0000.usb: Generic Platform OHCI controller
[    0.586982] mmcblk0: mmc0:0001 DF4016 14.7 GiB
[    0.587628] ehci-platform fe3c0000.usb: new USB bus registered, assigned bus number 4
[    0.587728] ohci-platform fe3a0000.usb: new USB bus registered, assigned bus number 5
[    0.588264] ehci-platform fe3c0000.usb: irq 58, io mem 0xfe3c0000
[    0.588934] ohci-platform fe3a0000.usb: irq 59, io mem 0xfe3a0000
[    0.591664] ohci-platform fe3e0000.usb: Generic Platform OHCI controller
[    0.592307] ohci-platform fe3e0000.usb: new USB bus registered, assigned bus number 6
[    0.593298] ohci-platform fe3e0000.usb: irq 85, io mem 0xfe3e0000
[    0.594213] ehci-platform fe380000.usb: USB 2.0 started, EHCI 1.00
[    0.594373]  mmcblk0: p1 p2 p3 p4 p5 p6
[    0.595940] hub 3-0:1.0: USB hub found
[    0.596338] hub 3-0:1.0: 1 port detected
[    0.597326] mmcblk0boot0: mmc0:0001 DF4016 4.00 MiB
[    0.599549] mmcblk0boot1: mmc0:0001 DF4016 4.00 MiB
[    0.601573] mmcblk0rpmb: mmc0:0001 DF4016 4.00 MiB, chardev (511:0)
[    0.606173] ehci-platform fe3c0000.usb: USB 2.0 started, EHCI 1.00
[    0.607655] hub 4-0:1.0: USB hub found
[    0.608043] hub 4-0:1.0: 1 port detected
[    0.628371] vcc_buck5: Bringing 3300000uV into 2200000-2200000uV
[    0.646101] vcca_1v8: Bringing 1800000uV into 1850000-1850000uV
[    0.651230] hub 5-0:1.0: USB hub found
[    0.651608] vdd1v5_dvp: Bringing 1800000uV into 1500000-1500000uV
[    0.651638] hub 5-0:1.0: 1 port detected
[    0.653754] hub 6-0:1.0: USB hub found
[    0.654171] hub 6-0:1.0: 1 port detected
[    0.683092] rk808-rtc rk808-rtc.4.auto: registered as rtc0
[    0.686007] rk808-rtc rk808-rtc.4.auto: setting system clock to 2017-08-05T09:00:10 UTC (1501923610)
[    0.691766] cpu cpu0: EM: created perf domain
[    0.693207] cpu cpu4: EM: created perf domain
[    0.703347] rockchip-pcie f8000000.pcie: host bridge /pcie@f8000000 ranges:
[    0.703870] dwmmc_rockchip fe320000.mmc: IDMAC supports 32-bit address mode.
[    0.703999] rockchip-pcie f8000000.pcie:      MEM 0x00fa000000..0x00fbdfffff -> 0x00fa000000
[    0.704013] rockchip-pcie f8000000.pcie:       IO 0x00fbe00000..0x00fbefffff -> 0x00fbe00000
[    0.704654] dwmmc_rockchip fe320000.mmc: Using internal DMA controller.
[    0.705692] rockchip-pcie f8000000.pcie: no vpcie12v regulator found
[    0.705750] dwmmc_rockchip fe310000.mmc: IDMAC supports 32-bit address mode.
[    0.705783] dwmmc_rockchip fe310000.mmc: Using internal DMA controller.
[    0.705797] dwmmc_rockchip fe310000.mmc: Version ID is 270a
[    0.705838] dwmmc_rockchip fe310000.mmc: DW MMC controller at irq 48,32 bit host data width,256 deep fifo
[    0.706157] dwmmc_rockchip fe320000.mmc: Version ID is 270a
[    0.710401] dwmmc_rockchip fe320000.mmc: DW MMC controller at irq 86,32 bit host data width,256 deep fifo
[    0.712315] dwmmc_rockchip fe320000.mmc: Got CD GPIO
[    0.727099] mmc_host mmc1: Bus speed (slot 0) = 400000Hz (slot req 400000Hz, actual 400000HZ div = 0)
[    0.791981] mmc_host mmc1: Bus speed (slot 0) = 50000000Hz (slot req 50000000Hz, actual 50000000HZ div = 0)
[    0.793327] mmc1: new high speed SDHC card at address 0001
[    0.795743] mmcblk1: mmc1:0001 SD16G 14.4 GiB
[    0.808288] GPT:Primary header thinks Alt. header is not at the end of the disk.
[    0.809000] GPT:7225343 != 30203903
[    0.809331] GPT:Alternate GPT header not at the end of the disk.
[    0.809878] GPT:7225343 != 30203903
[    0.810236] GPT: Use GNU Parted to correct GPT errors.
[    0.810743]  mmcblk1: p1 p2
[    0.854501] usb 4-1: new high-speed USB device number 2 using ehci-platform
[    1.002328] hub 4-1:1.0: USB hub found
[    1.003146] hub 4-1:1.0: 4 ports detected
[    1.414438] rockchip-pcie f8000000.pcie: PCIe link training gen1 timeout!
[    1.415127] rockchip-pcie f8000000.pcie: probe with driver rockchip-pcie failed with error -110
[    1.435881] dwmmc_rockchip fe310000.mmc: IDMAC supports 32-bit address mode.
[    1.435895] clk: Disabling unused clocks
[    1.436907] dwmmc_rockchip fe310000.mmc: Using internal DMA controller.
[    1.437164] PM: genpd: Disabling unused power domains
[    1.437499] dwmmc_rockchip fe310000.mmc: Version ID is 270a
[    1.437533] dwmmc_rockchip fe310000.mmc: DW MMC controller at irq 48,32 bit host data width,256 deep fifo
[    1.439529] check access for rdinit=/init failed: -2, ignoring
[    1.440061] Waiting 10 sec before mounting root device...
[   11.494989] platform sdio-pwrseq: deferred probe pending: pwrseq_simple: external clock not ready
[   11.496024] rockchip-pm-domain ff310000.power-management:power-controller: sync_state() pending due to fe310000.mmc
[   11.497254] rockchip-pm-domain ff310000.power-management:power-controller: sync_state() pending due to ff650000.video-codec
[   11.499778] rockchip-pm-domain ff310000.power-management:power-controller: sync_state() pending due to ff660000.video-codec
[   11.501045] rockchip-pm-domain ff310000.power-management:power-controller: sync_state() pending due to ff680000.rga
[   11.502197] rockchip-pm-domain ff310000.power-management:power-controller: sync_state() pending due to ff940000.hdmi
[   11.505714] dwmmc_rockchip fe310000.mmc: IDMAC supports 32-bit address mode.
[   11.506439] dwmmc_rockchip fe310000.mmc: Using internal DMA controller.
[   11.507039] dwmmc_rockchip fe310000.mmc: Version ID is 270a
[   11.507569] dwmmc_rockchip fe310000.mmc: DW MMC controller at irq 48,32 bit host data width,256 deep fifo
[   11.509174] EXT4-fs (mmcblk1p2): mounted filesystem d52f7f8b-fa0e-4c9f-a552-d6df4329ac87 r/w with writeback data mode. Quota mode: none.
[   11.510423] VFS: Mounted root (ext4 filesystem) on device 179:98.
[   11.512578] devtmpfs: mounted
[   11.519635] Freeing unused kernel memory: 11712K
[   11.520205] Run /sbin/init as init process
[   12.390315] systemd[1]: System time advanced to built-in epoch: Tue 2026-04-14 03:38:05 CST
[   12.500799] systemd[1]: systemd 257.13-1~deb13u1 running in system mode (+PAM +AUDIT +SELINUX +APPARMOR +IMA +IPE +SMACK +SECCOMP +GCRYPT -GNUTLS +OPENSSL +ACL +BLKID +CURL +ELFUTILS +FIDO2 +IDN2 -IDN +IPTC +KMOD +LIBCRYPTSETUP +LIBCRYPTSETUP_PLUGINS +LIBFDISK +PCRE2 +PWQUALITY +P11KIT +QRENCODE +TPM2 +BZIP2 +LZ4 +XZ +ZLIB +ZSTD +BPF_FRAMEWORK +BTF -XKBCOMMON -UTMP +SYSVINIT +LIBARCHIVE)
[   12.504010] systemd[1]: Detected architecture arm64.
[   12.524393] systemd[1]: Hostname set to <armbian>.
[   12.854987] systemd[1]: bpf-restrict-fs: BPF LSM hook not enabled in the kernel, BPF LSM not supported.
[   12.986334] systemd[1]: timers.target: Wants dependency dropin /etc/systemd/system/timers.target.wants/e2scrub_all.timer.disabled_20260618_091558 is not a valid unit name, ignoring.
[   12.987891] systemd[1]: timers.target: Wants dependency dropin /etc/systemd/system/timers.target.wants/fstrim.timer.disabled_20260618_091558 is not a valid unit name, ignoring.
[   13.391247] systemd[1]: Binding to IPv6 address not available since kernel does not support IPv6.
[   13.392103] systemd[1]: Binding to IPv6 address not available since kernel does not support IPv6.
[   13.573010] systemd[1]: Queued start job for default target graphical.target.
[   13.615858] systemd[1]: Created slice system-modprobe.slice - Slice /system/modprobe.
[   13.620060] systemd[1]: Created slice system-serial\x2dgetty.slice - Slice /system/serial-getty.
[   13.623058] systemd[1]: Created slice user.slice - User and Session Slice.
[   13.624450] systemd[1]: Started systemd-ask-password-wall.path - Forward Password Requests to Wall Directory Watch.
[   13.625909] systemd[1]: proc-sys-fs-binfmt_misc.automount - Arbitrary Executable File Formats File System Automount Point skipped, unmet condition check ConditionPathExists=/proc/sys/fs/binfmt_misc
[   13.627688] systemd[1]: Expecting device dev-ttyAML0.device - /dev/ttyAML0...
[   13.628617] systemd[1]: Expecting device dev-ttyS2.device - /dev/ttyS2...
[   13.629648] systemd[1]: Reached target nfs-client.target - NFS client services.
[   13.630822] systemd[1]: Reached target slices.target - Slice Units.
[   13.631736] systemd[1]: Reached target swap.target - Swaps.
[   13.647472] systemd[1]: Listening on rpcbind.socket - RPCbind Server Activation Socket.
[   13.650136] systemd[1]: Listening on syslog.socket - Syslog Socket.
[   13.659213] systemd[1]: Listening on systemd-creds.socket - Credential Encryption/Decryption.
[   13.660987] systemd[1]: Listening on systemd-initctl.socket - initctl Compatibility Named Pipe.
[   13.662778] systemd[1]: Listening on systemd-journald-dev-log.socket - Journal Socket (/dev/log).
[   13.664632] systemd[1]: Listening on systemd-journald.socket - Journal Sockets.
[   13.666018] systemd[1]: systemd-pcrextend.socket - TPM PCR Measurements skipped, unmet condition check ConditionSecurity=measured-uki
[   13.667363] systemd[1]: systemd-pcrlock.socket - Make TPM PCR Policy skipped, unmet condition check ConditionSecurity=measured-uki

[   13.669513] systemd[1]: Listening on systemd-udevd-control.socket - udev Control Socket.
[   13.671082] systemd[1]: Listening on systemd-udevd-kernel.socket - udev Kernel Socket.
[   13.678967] systemd[1]: Mounting dev-hugepages.mount - Huge Pages File System...
[   13.684551] systemd[1]: Mounting dev-mqueue.mount - POSIX Message Queue File System...
[   13.691713] systemd[1]: Mounting run-lock.mount - Legacy Locks Directory /run/lock...
[   13.697245] systemd[1]: Mounting sys-kernel-debug.mount - Kernel Debug File System...
[   13.699308] systemd[1]: sys-kernel-tracing.mount - Kernel Trace File System skipped, unmet condition check ConditionPathExists=/sys/kernel/tracing
[   13.707065] systemd[1]: Mounting tmp.mount - Temporary Directory /tmp...
[   13.708510] systemd[1]: auth-rpcgss-module.service - Kernel Module supporting RPCSEC_GSS skipped, unmet condition check ConditionPathExists=/etc/krb5.keytab
[   13.715100] systemd[1]: Starting fake-hwclock-load.service - Restore the current clock...
[   13.729898] systemd[1]: Starting keyboard-setup.service - Set the console keyboard layout...
[   13.731244] systemd[1]: kmod-static-nodes.service - Create List of Static Device Nodes skipped, unmet condition check ConditionFileNotEmpty=/lib/modules/6.18.33/modules.devname
[   13.740585] systemd[1]: Starting modprobe@configfs.service - Load Kernel Module configfs...
[   13.746461] systemd[1]: Starting modprobe@drm.service - Load Kernel Module drm...
[   13.751985] systemd[1]: Starting modprobe@efi_pstore.service - Load Kernel Module efi_pstore...
[   13.755997] Kernel panic - not syncing: stack-protector: Kernel stack is corrupted in: filemap_get_entry+0x1b0/0x1b0
[   13.756939] CPU: 4 UID: 0 PID: 137 Comm: 9 Not tainted 6.18.33 #1 PREEMPT 
[   13.757545] Hardware name: Radxa ROCK Pi N10 (DT)
[   13.757961] Call trace:
[   13.758179]  show_stack+0x18/0x24 (C)
[   13.758508]  dump_stack_lvl+0x34/0x8c
[   13.758838]  dump_stack+0x18/0x24
[   13.759135]  vpanic+0x324/0x368
[   13.759418]  nmi_panic+0x0/0x64
[   13.759699]  __stack_chk_fail+0x20/0x24
[   13.760040]  __filemap_get_folio+0x0/0x3e8
[   13.760405]  __filemap_get_folio+0x3c/0x3e8
[   13.760776]  filemap_fault+0x74/0x9a4
[   13.761102]  __do_fault+0x3c/0x228
[   13.761408]  __handle_mm_fault+0x4f8/0x184c
[   13.761779]  handle_mm_fault+0x150/0x270
[   13.762128]  do_page_fault+0x108/0x68c
[   13.762465]  do_translation_fault+0x5c/0x68
[   13.762837]  do_mem_abort+0x44/0x94
[   13.763150]  el0_da+0x30/0xb8
[   13.763417]  el0t_64_sync_handler+0xd0/0xe4
[   13.763788]  el0t_64_sync+0x198/0x19c
[   13.764115] SMP: stopping secondary CPUs
[   13.764517] Kernel Offset: disabled
[   13.764826] CPU features: 0x100000,04107800,40004001,0400421b
[   13.765333] Memory Limit: none
[   13.765609] ---[ end Kernel panic - not syncing: stack-protector: Kernel stack is corrupted in: filemap_get_entry+0x1b0/0x1b0 ]---
