[   22.305567] rk_gmac-dwmac fe300000.ethernet eth0: Register MEM_TYPE_PAGE_POOL RxQ-0
[   22.312001] rk_gmac-dwmac fe300000.ethernet eth0: PHY [stmmac-0:00] driver [YT8521 Gigabit Ethernet] (irq=POLL)
[   22.313866] rk_gmac-dwmac fe300000.ethernet eth0: v4e: DMA_BUS_MODE before reset: 0x00020100 (SWR=0)
[   22.314710] rk_gmac-dwmac fe300000.ethernet eth0: v4e: DMA_BUS_MODE after SWR write: 0x00020101 (SWR=1)
[   22.325627] rk_gmac-dwmac fe300000.ethernet eth0: v4e: SWR cleared after 10 ms: 0x00020100
[   22.326406] rk_gmac-dwmac fe300000.ethernet eth0: No Safety Features support found
[   22.327616] rk_gmac-dwmac fe300000.ethernet eth0: PTP not supported by HW
[   22.328253] rk_gmac-dwmac fe300000.ethernet eth0: configuring for phy/rgmii link mode
[   22.881480] dw-apb-uart ff1a0000.serial: forbid DMA for kernel console
[!p]104[?7h[6n[32766;32766H[6n[!p]104[?7h[6n[32766;32766H[6n

armbian login: root (automatic login)


[38;2;247;16;0m    _             _    _                             __  __ _    _      _ 
   /_\  _ _ _ __ | |__(_)__ _ _ _ ___ _  _ _ _  ___ / _|/ _(_)__(_)__ _| |
  / _ \| '_| '  \| '_ \ / _` | ' \___| || | ' \/ _ \  _|  _| / _| / _` | |
 /_/ \_\_| |_|_|_|_.__/_\__,_|_||_|   \_,_|_||_\___/_| |_| |_\__|_\__,_|_|
                                                                          [0m
 [0;92mv26.05.0[0m for lpa3399pro running Armbian Linux [0;92m6.18.33[0m

 Packages:     Debian [0;92mstable[0m (trixie)

[0;90m Performance:  [0m

 Load:        [0;92m 36%[0m           	 Uptime:         [92m1m[0m	
 Memory usage:[0;92m 3%[0m of 3.66G  	
 CPU temp:    [0;92m 29°C[0m           	 Usage of /:  [0;92m 76%[0m of 2.9G   	

[   24.388508] rk_gmac-dwmac fe300000.ethernet eth0: Link is Up - 100Mbps/Full - flow control rx/tx
[?2004hroot@armbian:~# 

[?2004l
[?2004hroot@armbian:~# 
[?2004l
[?2004hroot@armbian:~# [  246.596057] cfg80211: Loading compiled-in X.509 certificates for regulatory database
[  246.609427] dwmmc_rockchip fe310000.mmc: IDMAC supports 32-bit address mode.
[  246.610126] dwmmc_rockchip fe310000.mmc: Using internal DMA controller.
[  246.610736] dwmmc_rockchip fe310000.mmc: Version ID is 270a
[  246.611282] dwmmc_rockchip fe310000.mmc: DW MMC controller at irq 38,32 bit host data width,256 deep fifo
[  246.626533] Loaded X.509 cert 'sforshee: 00b28ddf47aef9cea7'
[  246.628285] Loaded X.509 cert 'wens: 61c038651aabdcf94bd0ac7ff06c7248db18c600'
[  247.198004] Bluetooth: Core ver 2.22
[  247.198528] NET: Registered PF_BLUETOOTH protocol family
[  247.199024] Bluetooth: HCI device and connection manager initialized
[  247.199702] Bluetooth: HCI socket layer initialized
[  247.200178] Bluetooth: L2CAP socket layer initialized
[  247.200699] Bluetooth: SCO socket layer initialized
[  247.259865] Bluetooth: HCI UART driver ver 2.3
[  247.260306] Bluetooth: HCI UART protocol H4 registered
[  247.260866] Bluetooth: HCI UART protocol LL registered
[  247.261871] Bluetooth: HCI UART protocol Broadcom registered
[  247.262497] Bluetooth: HCI UART protocol QCA registered
[  247.263059] Bluetooth: HCI UART protocol Marvell registered
[  247.295269] usbcore: registered new interface driver btusb
[  247.330527] usbcore: registered new interface driver option
[  247.331140] usbserial: USB Serial support registered for GSM modem (1-port)
[  247.350796] usbcore: registered new interface driver cdc_wdm
[  247.354168] usbcore: registered new interface driver qmi_wwan
[  247.369284] usbcore: registered new interface driver cdc_ether
[  247.371999] usbcore: registered new interface driver cdc_ncm
[  247.373872] usbcore: registered new interface driver cdc_mbim

[  247.393848] PPP generic driver version 2.4.2
[  247.421984] PPP Deflate Compression module registered
[  910.983130] systemd-journald[118]: Received client request to flush runtime journal.
[  911.234028] systemd-journald[118]: Received client request to relinquish /var/log/journal/63f6b85b0c1e8dbfdd4367466a1d5eef access.
DDR Version 1.24 20191016
In
Channel 0: LPDDR3, 800MHz
CS = 0
MR0=0x58
MR1=0x58
MR2=0x58
MR3=0x58
MR4=0x2
MR5=0x1
MR6=0x16
MR7=0x0
MR8=0x1F
MR9=0x1F
MR10=0x1F
MR11=0x1F
MR12=0x1F
MR13=0x1F
MR14=0x1F
MR15=0x1F

MR16=0x1F
CS = 1
MR0=0x58
MR1=0x58
MR2=0x58
MR3=0x58
MR4=0x2
MR5=0x1
MR6=0x16
MR7=0x0
MR8=0x1F
MR9=0x1F
MR10=0x1F
MR11=0x1F
MR12=0x1F
MR13=0x1F
MR14=0x1F
MR15=0x1F
MR16=0x1F
Bus Width=32 Col=10 Bank=8 Row=15/15 CS=2 Die Bus-Width=32 Size=2048MB
Channel 1: LPDDR3, 800MHz
CS = 0
MR0=0x58
MR1=0x58
MR2=0x58
MR3=0x58
MR4=0x2
MR5=0x1
MR6=0x16
MR7=0x0
MR8=0x1F
MR9=0x1F
MR10=0x1F
MR11=0x1F
MR12=0x1F
MR13=0x1F
MR14=0x1F
MR15=0x1F
MR16=0x1F
CS = 1
MR0=0x58
MR1=0x58
MR2=0x58
MR3=0x58
MR4=0x2
MR5=0x1
MR6=0x16
MR7=0x0
MR8=0x1F
MR9=0x1F
MR10=0x1F
MR11=0x1F
MR12=0x1F
MR13=0x1F
MR14=0x1F
MR15=0x1F
MR16=0x1F
Bus Width=32 Col=10 Bank=8 Row=15/15 CS=2 Die Bus-Width=32 Size=2048MB
256B stride
ch 0 ddrconfig = 0x101, ddrsize = 0x2020
ch 1 ddrconfig = 0x101, ddrsize = 0x2020
pmugrf_os_reg[2] = 0x3AA0DAA0, stride = 0xD
OUT
Boot1 Release Time: May 29 2020 17:36:36, version: 1.26
CPUId = 0x0
ChipType = 0x10, 341
SdmmcInit=2 0
BootCapSize=100000
UserCapSize=15028MB
FwPartOffset=2000 , 100000
mmc0:cmd5,20
SdmmcInit=0 0
BootCapSize=0
UserCapSize=14748MB
FwPartOffset=2000 , 0
StorageInit ok = 119483
SecureMode = 0
SecureInit read PBA: 0x4
SecureInit read PBA: 0x404
SecureInit read PBA: 0x804
SecureInit read PBA: 0xc04
SecureInit read PBA: 0x1004
SecureInit read PBA: 0x1404
SecureInit read PBA: 0x1804
SecureInit read PBA: 0x1c04
SecureInit ret = 0, SecureMode = 0
atags_set_bootdev: ret:(0)
GPT part:  0, name:          primary, start:0x8000, size:0xff800
GPT part:  1, name:          primary, start:0x108000, size:0x5db800
no find partition:uboot.
Trust Addr:0x4000, 0x58334c42
No find bl30.bin
Load uboot, ReadLba = 2000
Load OK, addr=0x200000, size=0xfc8c0
RunBL31 0x40000 @ 297065 us
NOTICE:  BL31: v1.3(release):845ee93
NOTICE:  BL31: Built : 15:51:11, Jul 22 2020
NOTICE:  BL31: Rockchip release version: v1.1
INFO:    GICv3 with legacy support detected. ARM GICV3 driver initialized in EL3
INFO:    Using opteed sec cpu_context!
INFO:    boot cpu mask: 0
INFO:    plat_rockchip_pmu_init(1196): pd status 3e
INFO:    BL31: Initializing runtime services
INFO:    BL31: Initializing BL32
INF [0x0] TEE-CORE:init_primary_helper:337: Initializing (1.1.0-266-gee81607c #1 Mon Aug 17 09:23:30 UTC 2020 aarch64)


INF [0x0] TEE-CORE:init_primary_helper:338: Release version: 1.2


INF [0x0] TEE-CORE:init_teecore:83: teecore inits done

INFO:    BL31: Preparing for EL3 exit to normal world
INFO:    Entry point address = 0x200000
INFO:    SPSR = 0x3c9


U-Boot 2017.09 (Jun 06 2026 - 14:10:22 +0000)

Model: Rockchip RK3399 Evaluation Board
PreSerial: 2, raw, 0xff1a0000
DRAM:  3.8 GiB
Sysmem: init
Relocation Offset: f5bc7000, fdt: f3dbb358 
no mmc device at slot 1
Found IDB in SDcard
dwmmc@fe320000: 1 (SD), sdhci@fe330000: 0
Bootdev(atags): mmc 1

MMC1: Legacy, 50Mhz
PartType: EFI
No resource partition
Failed to load DTB
Failed to get kernel dtb, ret=-19
io-domain: OK
*** Warning - bad CRC, using default environment

Model: Rockchip RK3399 Evaluation Board
rockchip_set_serialno: could not find efuse/otp device
No misc partition
boot mode: None
CLK: (uboot. arml: enter 400000 KHz, init 816000 KHz, kernel 0N/A)
CLK: (uboot. armb: enter 24000 KHz, init 816000 KHz, kernel 0N/A)
  aplll 816000 KHz
  apllb 816000 KHz
  dpll 800000 KHz
  cpll 24000 KHz
  gpll 800000 KHz
  npll 600000 KHz
  vpll 24000 KHz
  aclk_perihp 133333 KHz
  hclk_perihp 66666 KHz
  pclk_perihp 33333 KHz
  aclk_perilp0 266666 KHz
  hclk_perilp0 88888 KHz
  pclk_perilp0 44444 KHz
  hclk_perilp1 100000 KHz
  pclk_perilp1 50000 KHz
EC20_PWREN = -2
EC20_RESET = -2
------ ec20_init  ------
EC20_PWRKEY = -2
EC20_PWRKEY = -2
Net:   No ethernet found.
Hit key to stop autoboot('CTRL+C'):  5  4  3  2  1  0 
Could not find misc partition
ANDROID: reboot reason: "(none)"
optee api revision: 2.0
TEEC: Waring: Could not find security partition
Not AVB images, AVB skip
android_image_load_by_partname: Can't find part: boot
Android image load failed
Android boot failed, error -1.
Could not find misc partition
Could not find primary part
switch to partitions #0, OK
mmc1 is current device
Scanning mmc 1:1...
Found /extlinux/extlinux.conf
Retrieving file: /extlinux/extlinux.conf
418 bytes read in 24 ms (16.6 KiB/s)
1:	Armbian
Retrieving file: /Image
49986048 bytes read in 14367 ms (3.3 MiB/s)
append: root=PARTUUID=61ec8aeb-3d1a-48fa-a9da-54d744ed8bdf rootflags=data=writeback rw rootwait rootdelay=10 rootfstype=ext4 console=ttyS2,1500000 console=tty1 panic=0 usbcore.autosuspend=-1 initcall_blacklist=psci_checker printk.devkmsg=on log_buf_len=16M maxcpus=4 systemd.default_timeout_start_sec=20 plymouth.enable=0 net.ifnames=0
Retrieving file: /dtb/rockchip/gmac-phyhandle-pll-test-v4f.dtb
60612 bytes read in 162 ms (365.2 KiB/s)
Fdt Ramdisk skip relocation
## Flattened Device Tree blob at 08300000

   Booting using the fdt blob at 0x8300000
   Using Device Tree in place at 0000000008300000, end 0000000008311cc3
can't found rockchip,drm-logo, use rockchip,fb-logo
WARNING: could not set reg FDT_ERR_BADOFFSET.
failed to reserve fb-loader-logo memory
Adding bank: 0x00200000 - 0x08400000 (size: 0x08200000)
Adding bank: 0x0a200000 - 0xf8000000 (size: 0xede00000)
Total: 19805.817 ms

Starting kernel ...

[    0.000000] Booting Linux on physical CPU 0x0000000000 [0x410fd034]
[    0.000000] Linux version 6.18.33 (henry@Inspiron-7520) (aarch64-linux-gnu-gcc (Ubuntu 13.3.0-6ubuntu2~24.04.1) 13.3.0, GNU ld (GNU Binutils for Ubuntu) 2.42) #8 SMP PREEMPT Fri Jun 19 10:01:52 CST 2026
[    0.000000] KASLR disabled due to lack of seed
[    0.000000] Machine model: Radxa ROCK Pi N10
[    0.000000] efi: UEFI not found.
[    0.000000] OF: reserved mem: Reserved memory: No reserved-memory node in the DT
[    0.000000] NUMA: Faking a node at [mem 0x0000000000200000-0x00000000f7ffffff]
[    0.000000] NODE_DATA(0) allocated [mem 0xf77f4d80-0xf77f73ff]
[    0.000000] Zone ranges:
[    0.000000]   DMA      [mem 0x0000000000200000-0x00000000f7ffffff]
[    0.000000]   DMA32    empty
[    0.000000]   Normal   empty
[    0.000000] Movable zone start for each node
[    0.000000] Early memory node ranges
[    0.000000]   node   0: [mem 0x0000000000200000-0x00000000083fffff]
[    0.000000]   node   0: [mem 0x000000000a200000-0x00000000f7ffffff]
[    0.000000] Initmem setup node 0 [mem 0x0000000000200000-0x00000000f7ffffff]
[    0.000000] On node 0, zone DMA: 512 pages in unavailable ranges
[    0.000000] On node 0, zone DMA: 7680 pages in unavailable ranges
[    0.000000] cma: Reserved 32 MiB at 0x00000000f1800000
[    0.000000] psci: probing for conduit method from DT.

[    0.000000] psci: PSCIv1.0 detected in firmware.
[    0.000000] psci: Using standard PSCI v0.2 function IDs
[    0.000000] psci: Trusted OS migration not required
[    0.000000] psci: SMC Calling Convention v1.0
[    0.000000] percpu: Embedded 25 pages/cpu s63192 r8192 d31016 u102400
[    0.000000] Detected VIPT I-cache on CPU0
[    0.000000] CPU features: detected: GICv3 CPU interface
[    0.000000] CPU features: detected: ARM erratum 845719
[    0.000000] alternatives: applying boot alternatives
[    0.000000] Kernel command line: root=PARTUUID=61ec8aeb-3d1a-48fa-a9da-54d744ed8bdf rootflags=data=writeback rw rootwait rootdelay=10 rootfstype=ext4 console=ttyS2,1500000 console=tty1 panic=0 usbcore.autosuspend=-1 initcall_blacklist=psci_checker printk.devkmsg=on log_buf_len=16M maxcpus=4 systemd.default_timeout_start_sec=20 plymouth.enable=0 net.ifnames=0
[    0.000000] printk: log buffer data + meta data: 16777216 + 58720256 = 75497472 bytes
[    0.000000] printk: early log buf free: 128816(98%)
[    0.000000] Dentry cache hash table entries: 524288 (order: 10, 4194304 bytes, linear)
[    0.000000] Inode-cache hash table entries: 262144 (order: 9, 2097152 bytes, linear)
[    0.000000] software IO TLB: SWIOTLB bounce buffer size adjusted to 3MB
[    0.000000] software IO TLB: area num 8.
[    0.000000] software IO TLB: mapped [mem 0x00000000ec600000-0x00000000eca00000] (4MB)
[    0.000000] Fallback order for Node 0: 0 
[    0.000000] Built 1 zonelists, mobility grouping on.  Total pages: 1007616
[    0.000000] Policy zone: DMA
[    0.000000] mem auto-init: stack:all(zero), heap alloc:off, heap free:off
[    0.000000] SLUB: HWalign=64, Order=0-3, MinObjects=0, CPUs=6, Nodes=1
[    0.000000] rcu: Preemptible hierarchical RCU implementation.
[    0.000000] rcu: 	RCU event tracing is enabled.
[    0.000000] rcu: 	RCU restricting CPUs from NR_CPUS=512 to nr_cpu_ids=6.
[    0.000000] 	Trampoline variant of Tasks RCU enabled.
[    0.000000] 	Tracing variant of Tasks RCU enabled.
[    0.000000] rcu: RCU calculated value of scheduler-enlistment delay is 25 jiffies.
[    0.000000] rcu: Adjusting geometry for rcu_fanout_leaf=16, nr_cpu_ids=6
[    0.000000] RCU Tasks: Setting shift to 3 and lim to 1 rcu_task_cb_adjust=1 rcu_task_cpu_ids=6.
[    0.000000] RCU Tasks Trace: Setting shift to 3 and lim to 1 rcu_task_cb_adjust=1 rcu_task_cpu_ids=6.
[    0.000000] NR_IRQS: 64, nr_irqs: 64, preallocated irqs: 0
[    0.000000] GICv3: GIC: Using split EOI/Deactivate mode
[    0.000000] GICv3: 256 SPIs implemented
[    0.000000] GICv3: 0 Extended SPIs implemented
[    0.000000] Root IRQ handler: gic_handle_irq
[    0.000000] GICv3: GICv3 features: 16 PPIs
[    0.000000] GICv3: GICD_CTLR.DS=0, SCR_EL3.FIQ=1
[    0.000000] GICv3: CPU0: found redistributor 0 region 0:0x00000000fef00000
[    0.000000] ITS [mem 0xfee20000-0xfee3ffff]
[    0.000000] ITS@0x00000000fee20000: allocated 65536 Devices @3480000 (flat, esz 8, psz 64K, shr 0)
[    0.000000] ITS: using cache flushing for cmd queue
[    0.000000] GICv3: using LPI property table @0x0000000003460000
[    0.000000] GIC: using cache flushing for LPI property table
[    0.000000] GICv3: CPU0: using allocated LPI pending table @0x0000000003470000
[    0.000000] GICv3: GIC: PPI partition interrupt-partition-0[0] { /cpus/cpu@0[0] /cpus/cpu@1[1] /cpus/cpu@2[2] /cpus/cpu@3[3] }
[    0.000000] GICv3: GIC: PPI partition interrupt-partition-1[1] { /cpus/cpu@100[4] /cpus/cpu@101[5] }
[    0.000000] rcu: srcu_init: Setting srcu_struct sizes based on contention.
[    0.000000] arch_timer: cp15 timer running at 24.00MHz (phys).
[    0.000000] clocksource: arch_sys_counter: mask: 0xffffffffffffff max_cycles: 0x588fe9dc0, max_idle_ns: 440795202592 ns
[    0.000001] sched_clock: 56 bits at 24MHz, resolution 41ns, wraps every 4398046511097ns
[    0.003488] Console: colour dummy device 80x25
[    0.003507] printk: legacy console [tty1] enabled
[    0.004430] Calibrating delay loop (skipped), value calculated using timer frequency.. 48.00 BogoMIPS (lpj=96000)
[    0.004466] pid_max: default: 32768 minimum: 301
[    0.004615] LSM: initializing lsm=capability
[    0.004798] Mount-cache hash table entries: 8192 (order: 4, 65536 bytes, linear)
[    0.004840] Mountpoint-cache hash table entries: 8192 (order: 4, 65536 bytes, linear)
[    0.008053] rcu: Hierarchical SRCU implementation.
[    0.008091] rcu: 	Max phase no-delay instances is 1000.
[    0.008407] Timer migration: 1 hierarchy levels; 8 children per group; 1 crossnode level
[    0.008736] fsl-mc MSI: msi-controller@fee20000 domain created
[    0.013924] EFI services will not be available.
[    0.014419] smp: Bringing up secondary CPUs ...
[    0.015155] Detected VIPT I-cache on CPU1
[    0.015360] GICv3: CPU1: found redistributor 1 region 0:0x00000000fef20000
[    0.015380] GICv3: CPU1: using allocated LPI pending table @0x0000000003500000
[    0.015434] CPU1: Booted secondary processor 0x0000000001 [0x410fd034]
[    0.016296] Detected VIPT I-cache on CPU2
[    0.016470] GICv3: CPU2: found redistributor 2 region 0:0x00000000fef40000
[    0.016487] GICv3: CPU2: using allocated LPI pending table @0x0000000003510000
[    0.016524] CPU2: Booted secondary processor 0x0000000002 [0x410fd034]
[    0.017355] Detected VIPT I-cache on CPU3
[    0.017525] GICv3: CPU3: found redistributor 3 region 0:0x00000000fef60000
[    0.017542] GICv3: CPU3: using allocated LPI pending table @0x0000000003520000
[    0.017578] CPU3: Booted secondary processor 0x0000000003 [0x410fd034]
[    0.017735] smp: Brought up 1 node, 4 CPUs
[    0.017894] SMP: Total of 4 processors activated.
[    0.017910] CPU: All CPU(s) started at EL2
[    0.017952] CPU features: detected: 32-bit EL0 Support
[    0.017969] CPU features: detected: 32-bit EL1 Support
[    0.017988] CPU features: detected: CRC32 instructions
[    0.018013] CPU features: detected: PMUv3
[    0.018073] alternatives: applying system-wide alternatives
[    0.020227] Memory: 3785488K/4030464K available (18176K kernel code, 5486K rwdata, 13132K rodata, 11840K init, 691K bss, 206088K reserved, 32768K cma-reserved)
[    0.020902] devtmpfs: initialized
[    0.039045] clocksource: jiffies: mask: 0xffffffff max_cycles: 0xffffffff, max_idle_ns: 7645041785100000 ns
[    0.039120] posixtimers hash table entries: 4096 (order: 4, 65536 bytes, linear)
[    0.039242] futex hash table entries: 2048 (131072 bytes on 1 NUMA nodes, total 128 KiB, linear).
[    0.040068] 20368 pages in range for non-PLT usage
[    0.040086] 511888 pages in range for PLT usage
[    0.040476] pinctrl core: initialized pinctrl subsystem
[    0.045375] DMI not present or invalid.
[    0.049199] NET: Registered PF_NETLINK/PF_ROUTE protocol family
[    0.051151] DMA: preallocated 512 KiB GFP_KERNEL pool for atomic allocations
[    0.052292] DMA: preallocated 512 KiB GFP_KERNEL|GFP_DMA pool for atomic allocations
[    0.053871] DMA: preallocated 512 KiB GFP_KERNEL|GFP_DMA32 pool for atomic allocations
[    0.053960] audit: initializing netlink subsys (disabled)
[    0.054259] audit: type=2000 audit(0.052:1): state=initialized audit_enabled=0 res=1
[    0.058045] thermal_sys: Registered thermal governor 'step_wise'
[    0.058061] thermal_sys: Registered thermal governor 'power_allocator'
[    0.058200] cpuidle: using governor menu
[    0.058740] hw-breakpoint: found 6 breakpoint and 4 watchpoint registers.
[    0.058900] ASID allocator initialised with 65536 entries
[    0.064134] Serial: AMBA PL011 UART driver
[    0.068290] /pcie@f8000000: Fixed dependency cycle(s) with /pcie@f8000000/interrupt-controller
[    0.109349] /syscon@ff770000/phy@f780: Fixed dependency cycle(s) with /mmc@fe330000
[    0.111896] /mmc@fe330000: Fixed dependency cycle(s) with /syscon@ff770000/phy@f780
[    0.112027] /syscon@ff770000/phy@f780: Fixed dependency cycle(s) with /mmc@fe330000
[    0.124429] rockchip-gpio ff720000.gpio: probed /pinctrl/gpio@ff720000
[    0.125492] rockchip-gpio ff730000.gpio: probed /pinctrl/gpio@ff730000
[    0.126401] rockchip-gpio ff780000.gpio: probed /pinctrl/gpio@ff780000
[    0.127335] rockchip-gpio ff788000.gpio: probed /pinctrl/gpio@ff788000
[    0.128254] rockchip-gpio ff790000.gpio: probed /pinctrl/gpio@ff790000
[    0.136494] HugeTLB: registered 1.00 GiB page size, pre-allocated 0 pages
[    0.136537] HugeTLB: 0 KiB vmemmap can be freed for a 1.00 GiB page
[    0.136558] HugeTLB: registered 32.0 MiB page size, pre-allocated 0 pages
[    0.136575] HugeTLB: 0 KiB vmemmap can be freed for a 32.0 MiB page
[    0.136595] HugeTLB: registered 2.00 MiB page size, pre-allocated 0 pages
[    0.136612] HugeTLB: 0 KiB vmemmap can be freed for a 2.00 MiB page
[    0.136631] HugeTLB: registered 64.0 KiB page size, pre-allocated 0 pages
[    0.136649] HugeTLB: 0 KiB vmemmap can be freed for a 64.0 KiB page
[    0.139662] ACPI: Interpreter disabled.
[    0.146100] iommu: Default domain type: Translated
[    0.146143] iommu: DMA domain TLB invalidation policy: strict mode
[    0.146737] SCSI subsystem initialized
[    0.147304] usbcore: registered new interface driver usbfs
[    0.147374] usbcore: registered new interface driver hub
[    0.147431] usbcore: registered new device driver usb
[    0.149722] pps_core: LinuxPPS API ver. 1 registered
[    0.149745] pps_core: Software ver. 5.3.6 - Copyright 2005-2007 Rodolfo Giometti <giometti@linux.it>
[    0.149785] PTP clock support registered
[    0.150076] EDAC MC: Ver: 3.0.0
[    0.150840] scmi_core: SCMI protocol bus registered
[    0.152896] FPGA manager framework
[    0.154561] vgaarb: loaded
[    0.155388] clocksource: Switched to clocksource arch_sys_counter
[    0.155822] VFS: Disk quotas dquot_6.6.0
[    0.155861] VFS: Dquot-cache hash table entries: 512 (order 0, 4096 bytes)
[    0.156537] pnp: PnP ACPI: disabled
[    0.166427] NET: Registered PF_INET protocol family
[    0.166709] IP idents hash table entries: 65536 (order: 7, 524288 bytes, linear)
[    0.171134] tcp_listen_portaddr_hash hash table entries: 2048 (order: 3, 32768 bytes, linear)
[    0.171214] Table-perturb hash table entries: 65536 (order: 6, 262144 bytes, linear)
[    0.171248] TCP established hash table entries: 32768 (order: 6, 262144 bytes, linear)
[    0.171588] TCP bind hash table entries: 32768 (order: 8, 1048576 bytes, linear)
[    0.172672] TCP: Hash tables configured (established 32768 bind 32768)
[    0.172857] UDP hash table entries: 2048 (order: 5, 131072 bytes, linear)
[    0.173067] UDP-Lite hash table entries: 2048 (order: 5, 131072 bytes, linear)
[    0.173483] NET: Registered PF_UNIX/PF_LOCAL protocol family
[    0.174103] RPC: Registered named UNIX socket transport module.
[    0.174131] RPC: Registered udp transport module.
[    0.174146] RPC: Registered tcp transport module.
[    0.174161] RPC: Registered tcp-with-tls transport module.
[    0.174176] RPC: Registered tcp NFSv4.1 backchannel transport module.
[    0.174215] PCI: CLS 0 bytes, default 64
[    0.179776] kvm [1]: nv: 568 coarse grained trap handlers
[    0.180503] kvm [1]: IPA Size Limit: 40 bits
[    0.184443] kvm [1]: vgic-v2@fff20000
[    0.184507] kvm [1]: GIC system register CPU interface enabled
[    0.184556] kvm [1]: vgic interrupt IRQ9
[    0.184599] kvm [1]: Hyp nVHE mode initialized successfully
[    0.186715] Initialise system trusted keyrings
[    0.187036] workingset: timestamp_bits=42 max_order=20 bucket_order=0
[    0.187571] squashfs: version 4.0 (2009/01/31) Phillip Lougher
[    0.187960] NFS: Registering the id_resolver key type
[    0.188001] Key type id_resolver registered
[    0.188019] Key type id_legacy registered
[    0.188068] nfs4filelayout_init: NFSv4 File Layout Driver Registering...
[    0.188092] nfs4flexfilelayout_init: NFSv4 Flexfile Layout Driver Registering...
[    0.188400] 9p: Installing v9fs 9p2000 file system support
[    0.270420] Key type asymmetric registered
[    0.270445] Asymmetric key parser 'x509' registered
[    0.270546] Block layer SCSI generic (bsg) driver version 0.4 loaded (major 244)
[    0.270574] io scheduler mq-deadline registered
[    0.270597] io scheduler kyber registered
[    0.270655] io scheduler bfq registered

[    0.303019] ledtrig-cpu: registered to indicate activity on CPUs
[    0.351853] dma-pl330 ff6d0000.dma-controller: Loaded driver for PL330 DMAC-241330
[    0.351905] dma-pl330 ff6d0000.dma-controller: 	DBUFF-32x8bytes Num_Chans-6 Num_Peri-12 Num_Events-12
[    0.353616] dma-pl330 ff6e0000.dma-controller: Loaded driver for PL330 DMAC-241330
[    0.353647] dma-pl330 ff6e0000.dma-controller: 	DBUFF-128x8bytes Num_Chans-8 Num_Peri-20 Num_Events-16
[    0.379448] Serial: 8250/16550 driver, 4 ports, IRQ sharing enabled
[    0.384402] ff180000.serial: ttyS0 at MMIO 0xff180000 (irq = 24, base_baud = 1500000) is a 16550A
[    0.385919] ff1a0000.serial: ttyS2 at MMIO 0xff1a0000 (irq = 25, base_baud = 1500000) is a 16550A
[    0.386045] printk: legacy console [ttyS2] enabled
[    0.500878] msm_serial: driver initialized
[    0.502082] SuperH (H)SCI(F) driver initialized
[    0.503025] STM32 USART driver initialized
[    0.508759] misc dump reg init
[    0.512224] platform ff650000.video-codec: Adding to iommu group 0
[    0.514228] platform ff660000.video-codec: Adding to iommu group 1
[    0.527893] loop: module loaded
[    0.530591] megasas: 07.734.00.00-rc1
[    0.545386] tun: Universal TUN/TAP device driver, 1.6
[    0.548224] thunder_xcv, ver 1.0
[    0.548613] thunder_bgx, ver 1.0
[    0.548972] nicpf, ver 1.0
[    0.551846] e1000: Intel(R) PRO/1000 Network Driver
[    0.552304] e1000: Copyright (c) 1999-2006 Intel Corporation.
[    0.552890] e1000e: Intel(R) PRO/1000 Network Driver
[    0.553340] e1000e: Copyright(c) 1999 - 2015 Intel Corporation.
[    0.553929] igb: Intel(R) Gigabit Ethernet Network Driver
[    0.554420] igb: Copyright (c) 2007-2014 Intel Corporation.
[    0.554978] igbvf: Intel(R) Gigabit Virtual Function Network Driver
[    0.555569] igbvf: Copyright (c) 2009 - 2012 Intel Corporation.
[    0.556909] sky2: driver version 1.30
[    0.560435] rk_gmac-dwmac fe300000.ethernet: IRQ eth_wake_irq not found
[    0.561054] rk_gmac-dwmac fe300000.ethernet: IRQ sfty not found
[    0.561740] rk_gmac-dwmac fe300000.ethernet: PTP uses main clock
[    0.562569] rk_gmac-dwmac fe300000.ethernet: clock input or output? (output).
[    0.563217] rk_gmac-dwmac fe300000.ethernet: TX delay(0x21).
[    0.563770] rk_gmac-dwmac fe300000.ethernet: RX delay(0x15).
[    0.564293] rk_gmac-dwmac fe300000.ethernet: integrated PHY? (no).
[    0.564856] rk_gmac-dwmac fe300000.ethernet: external PHY reset GPIO described; will use one-shot reset and release before MDIO.
[    0.565887] rk_gmac-dwmac fe300000.ethernet: v4b-fix: reused stmmac core stmmaceth reset controller
[    0.566735] rk_gmac-dwmac fe300000.ethernet: rk3399pro test workaround: forcing clock_input=true for external RGMII PHY
[    0.567713] rk_gmac-dwmac fe300000.ethernet: powerup start: phy_iface=9 clock_input=1 integrated_phy=0 tx=0x21 rx=0x15
[    0.573682] rk_gmac-dwmac fe300000.ethernet: v4d: clocks enabled (5 clks, includes mac_clk_rx for RGMII)
[    0.574537] rk_gmac-dwmac fe300000.ethernet: init for RGMII
[    0.575047] rk_gmac-dwmac fe300000.ethernet: rk3399 rgmii applied: GRF_SOC_CON5=0x00000208 GRF_SOC_CON6=0x000095a1 tx=0x21 rx=0x15
[    0.576187] rk_gmac-dwmac fe300000.ethernet: external PHY reset (post-grf-post-power) begin (one-shot)
[    0.639427] rk_gmac-dwmac fe300000.ethernet: external PHY reset (post-grf-post-power) end (one-shot, GPIO released)
[    0.640364] rk_gmac-dwmac fe300000.ethernet: v4a: wait 200ms after GMAC GRF/PHY reset before runtime resume/DMA open
[    0.843408] rk_gmac-dwmac fe300000.ethernet: v4b: MAC reset cycle before runtime resume/DMA open
[    0.844201] rk_gmac-dwmac fe300000.ethernet: v4b-reset after-v4a-settle: assert stmmaceth
[    0.864956] rk_gmac-dwmac fe300000.ethernet: v4b-reset after-v4a-settle: deassert stmmaceth
[    0.919414] rk_gmac-dwmac fe300000.ethernet: v4b-reset after-v4a-settle: done
[    0.920067] rk_gmac-dwmac fe300000.ethernet: powerup done: phy_iface=9 clock_input=1 integrated_phy=0
[    0.921110] rk_gmac-dwmac fe300000.ethernet: User ID: 0x10, Synopsys ID: 0x35
[    0.921763] rk_gmac-dwmac fe300000.ethernet: 	DWMAC1000
[    0.922240] rk_gmac-dwmac fe300000.ethernet: DMA HW capability register supported
[    0.922913] rk_gmac-dwmac fe300000.ethernet: Active PHY interface: GMII/MII (0)
[    0.923595] rk_gmac-dwmac fe300000.ethernet: RX Checksum Offload Engine supported
[    0.924270] rk_gmac-dwmac fe300000.ethernet: COE Type 2
[    0.924746] rk_gmac-dwmac fe300000.ethernet: TX Checksum insertion supported
[    0.925381] rk_gmac-dwmac fe300000.ethernet: Wake-Up On Lan supported
[    0.926043] rk_gmac-dwmac fe300000.ethernet: Normal descriptors
[    0.926581] rk_gmac-dwmac fe300000.ethernet: Ring mode enabled
[    0.927109] rk_gmac-dwmac fe300000.ethernet: Enable RX Mitigation via HW Watchdog Timer
[    1.004993] VFIO - User Level meta-driver version: 0.3
[    1.017440] usbcore: registered new interface driver usb-storage
[    1.025557] i2c_dev: i2c /dev entries driver
[    1.032536] /i2c@ff3c0000/pmic@20: Fixed dependency cycle(s) with /i2c@ff3c0000/pmic@20/regulators/DCDC_REG4
[    1.033464] /i2c@ff3c0000/pmic@20: Fixed dependency cycle(s) with /i2c@ff3c0000/pmic@20/regulators/DCDC_REG5
[    1.058550] dwmmc_rockchip fe310000.mmc: IDMAC supports 32-bit address mode.
[    1.059258] dwmmc_rockchip fe310000.mmc: Using internal DMA controller.
[    1.059936] dwmmc_rockchip fe310000.mmc: Version ID is 270a
[    1.060514] dwmmc_rockchip fe310000.mmc: DW MMC controller at irq 38,32 bit host data width,256 deep fifo
[    1.061514] phy phy-ff770000.syscon:phy@f780.0: Runtime PM usage count underflow!
[    1.062307] mmc0: CQHCI version 5.10
[    1.070193] usbcore: registered new interface driver usbhid
[    1.070729] usbhid: USB HID core driver
[    1.079142] hw perfevents: enabled with armv8_cortex_a53 PMU driver, 7 (0,8000003f) counters available
[    1.080269] armv8-pmu pmu_a72: hw perfevents: failed to probe PMU!
[    1.087556] mmc0: SDHCI controller on fe330000.mmc [fe330000.mmc] using ADMA
[    1.094218] NET: Registered PF_PACKET protocol family
[    1.094937] 9pnet: Installing 9P2000 support
[    1.095565] Key type dns_resolver registered
[    1.114430] registered taskstats version 1
[    1.115122] Loading compiled-in X.509 certificates
[    1.129378] Demotion targets for Node 0: null
[    1.152292] phy phy-ff770000.syscon:phy@f780.0: Runtime PM usage count underflow!
[    1.153059] phy phy-ff770000.syscon:phy@f780.0: Runtime PM usage count underflow!
[    1.154592] phy phy-ff770000.syscon:phy@f780.0: Runtime PM usage count underflow!
[    1.155364] phy phy-ff770000.syscon:phy@f780.0: Runtime PM usage count underflow!
[    1.156129] phy phy-ff770000.syscon:phy@f780.0: Runtime PM usage count underflow!
[    1.159465] mmc0: Command Queue Engine enabled
[    1.159920] mmc0: new HS400 Enhanced strobe MMC card at address 0001
[    1.161863] mmcblk0: mmc0:0001 DF4016 14.7 GiB
[    1.168626]  mmcblk0: p1 p2 p3 p4 p5 p6
[    1.170869] mmcblk0boot0: mmc0:0001 DF4016 4.00 MiB
[    1.173994] mmcblk0boot1: mmc0:0001 DF4016 4.00 MiB
[    1.177188] mmcblk0rpmb: mmc0:0001 DF4016 4.00 MiB, chardev (511:0)
[    1.191938] phy phy-ff770000.syscon:usb2phy@e450.8: Runtime PM usage count underflow!
[    1.199207] phy phy-ff770000.syscon:usb2phy@e450.8: Runtime PM usage count underflow!
[    1.200040] xhci-hcd xhci-hcd.0.auto: xHCI Host Controller
[    1.200571] xhci-hcd xhci-hcd.0.auto: new USB bus registered, assigned bus number 1
[    1.201431] xhci-hcd xhci-hcd.0.auto: hcc params 0x0220fe64 hci version 0x110 quirks 0x0000808002000010
[    1.202305] xhci-hcd xhci-hcd.0.auto: irq 45, io mem 0xfe800000
[    1.203175] xhci-hcd xhci-hcd.0.auto: xHCI Host Controller
[    1.203723] xhci-hcd xhci-hcd.0.auto: new USB bus registered, assigned bus number 2
[    1.204438] xhci-hcd xhci-hcd.0.auto: Host supports USB 3.0 SuperSpeed
[    1.206207] phy phy-ff770000.syscon:usb2phy@e450.7: Runtime PM usage count underflow!
[    1.206258] hub 1-0:1.0: USB hub found
[    1.207335] hub 1-0:1.0: 1 port detected

[    1.208283] usb usb2: We don't know the algorithms for LPM for this host, disabling LPM.
[    1.209228] ehci-platform fe380000.usb: EHCI Host Controller
[    1.210014] phy phy-ff770000.syscon:usb2phy@e460.9: Runtime PM usage count underflow!
[    1.210065] hub 2-0:1.0: USB hub found
[    1.211147] hub 2-0:1.0: 1 port detected
[    1.212072] ehci-platform fe380000.usb: new USB bus registered, assigned bus number 3
[    1.212969] ehci-platform fe380000.usb: irq 46, io mem 0xfe380000
[    1.213048] ehci-platform fe3c0000.usb: EHCI Host Controller
[    1.213465] phy phy-ff770000.syscon:usb2phy@e450.7: Runtime PM usage count underflow!
[    1.213487] ohci-platform fe3a0000.usb: Generic Platform OHCI controller
[    1.213510] ohci-platform fe3a0000.usb: new USB bus registered, assigned bus number 4
[    1.213643] ohci-platform fe3a0000.usb: irq 48, io mem 0xfe3a0000
[    1.214090] ehci-platform fe3c0000.usb: new USB bus registered, assigned bus number 5
[    1.217267] phy phy-ff770000.syscon:usb2phy@e460.9: Runtime PM usage count underflow!
[    1.217489] ehci-platform fe3c0000.usb: irq 47, io mem 0xfe3c0000
[    1.218085] ohci-platform fe3e0000.usb: Generic Platform OHCI controller
[    1.219232] ohci-platform fe3e0000.usb: new USB bus registered, assigned bus number 6
[    1.220095] ohci-platform fe3e0000.usb: irq 74, io mem 0xfe3e0000
[    1.227410] ehci-platform fe380000.usb: USB 2.0 started, EHCI 1.00

[    1.228991] hub 3-0:1.0: USB hub found
[    1.229399] hub 3-0:1.0: 1 port detected
[    1.239408] ehci-platform fe3c0000.usb: USB 2.0 started, EHCI 1.00
[    1.240828] hub 5-0:1.0: USB hub found
[    1.241212] hub 5-0:1.0: 1 port detected
[    1.248508] vcc_buck5: Bringing 3300000uV into 2200000-2200000uV
[    1.256435] vcca_1v8: Bringing 1800000uV into 1850000-1850000uV
[    1.259555] vdd1v5_dvp: Bringing 1800000uV into 1500000-1500000uV
[    1.272664] hub 4-0:1.0: USB hub found
[    1.273083] hub 4-0:1.0: 1 port detected
[    1.277325] rk808-rtc rk808-rtc.4.auto: registered as rtc0
[    1.278633] rk808-rtc rk808-rtc.4.auto: setting system clock to 2017-08-05T09:00:22 UTC (1501923622)
[    1.284620] hub 6-0:1.0: USB hub found
[    1.285034] hub 6-0:1.0: 1 port detected
[    1.285866] cpu cpu0: EM: created perf domain
[    1.296782] dwmmc_rockchip fe320000.mmc: IDMAC supports 32-bit address mode.
[    1.297475] dwmmc_rockchip fe320000.mmc: Using internal DMA controller.
[    1.297591] rockchip-pcie f8000000.pcie: host bridge /pcie@f8000000 ranges:
[    1.298070] dwmmc_rockchip fe320000.mmc: Version ID is 270a
[    1.298114] rockchip-pcie f8000000.pcie:      MEM 0x00fa000000..0x00fbdfffff -> 0x00fa000000
[    1.298745] dwmmc_rockchip fe320000.mmc: DW MMC controller at irq 75,32 bit host data width,256 deep fifo
[    1.299190] rockchip-pcie f8000000.pcie:       IO 0x00fbe00000..0x00fbefffff -> 0x00fbe00000
[    1.299328] dwmmc_rockchip fe310000.mmc: IDMAC supports 32-bit address mode.
[    1.299355] dwmmc_rockchip fe310000.mmc: Using internal DMA controller.
[    1.299364] dwmmc_rockchip fe310000.mmc: Version ID is 270a
[    1.299450] dwmmc_rockchip fe310000.mmc: DW MMC controller at irq 38,32 bit host data width,256 deep fifo
[    1.301810] dwmmc_rockchip fe320000.mmc: Got CD GPIO
[    1.302682] rockchip-pcie f8000000.pcie: no vpcie12v regulator found
[    1.305965] phy phy-ff770000.syscon:pcie-phy.1: Runtime PM usage count underflow!
[    1.306638] phy phy-ff770000.syscon:pcie-phy.2: Runtime PM usage count underflow!
[    1.307302] phy phy-ff770000.syscon:pcie-phy.3: Runtime PM usage count underflow!
[    1.307986] phy phy-ff770000.syscon:pcie-phy.4: Runtime PM usage count underflow!
[    1.315674] mmc_host mmc1: Bus speed = 400000Hz (req 400000Hz, actual 400000HZ div = 0)
[    1.377397] mmc_host mmc1: Bus speed = 50000000Hz (req 50000000Hz, actual 50000000HZ div = 0)
[    1.378635] mmc1: new high speed SDHC card at address 0001
[    1.380533] mmcblk1: mmc1:0001 SD16G 14.4 GiB
[    1.394018]  mmcblk1: p1 p2
[    1.487711] usb 5-1: new high-speed USB device number 2 using ehci-platform
[    1.635116] hub 5-1:1.0: USB hub found
[    1.635891] hub 5-1:1.0: 4 ports detected
[    2.015747] rockchip-pcie f8000000.pcie: PCIe link training gen1 timeout!
[    2.016393] phy phy-ff770000.syscon:pcie-phy.4: Runtime PM usage count underflow!
[    2.017080] phy phy-ff770000.syscon:pcie-phy.3: Runtime PM usage count underflow!
[    2.017767] phy phy-ff770000.syscon:pcie-phy.2: Runtime PM usage count underflow!
[    2.018453] phy phy-ff770000.syscon:pcie-phy.1: Runtime PM usage count underflow!
[    2.019137] phy phy-ff770000.syscon:pcie-phy.4: Runtime PM usage count underflow!
[    2.019851] phy phy-ff770000.syscon:pcie-phy.3: Runtime PM usage count underflow!
[    2.020536] phy phy-ff770000.syscon:pcie-phy.2: Runtime PM usage count underflow!
[    2.021219] phy phy-ff770000.syscon:pcie-phy.1: Runtime PM usage count underflow!
[    2.021934] rockchip-pcie f8000000.pcie: probe with driver rockchip-pcie failed with error -110
[    2.043559] dwmmc_rockchip fe310000.mmc: IDMAC supports 32-bit address mode.
[    2.044195] clk: Disabling unused clocks
[    2.044253] dwmmc_rockchip fe310000.mmc: Using internal DMA controller.
[    2.045165] dwmmc_rockchip fe310000.mmc: Version ID is 270a
[    2.045408] PM: genpd: Disabling unused power domains
[    2.045691] dwmmc_rockchip fe310000.mmc: DW MMC controller at irq 38,32 bit host data width,256 deep fifo
[    2.047112] check access for rdinit=/init failed: -2, ignoring
[    2.047656] Waiting 10 sec before mounting root device...
[   12.264917] platform sdio-pwrseq: deferred probe pending: pwrseq_simple: external clock not ready
[   12.265776] rockchip-pm-domain ff310000.power-management:power-controller: sync_state() pending due to fe310000.mmc
[   12.266727] rockchip-pm-domain ff310000.power-management:power-controller: sync_state() pending due to ff650000.video-codec
[   12.267779] rockchip-pm-domain ff310000.power-management:power-controller: sync_state() pending due to ff660000.video-codec
[   12.268799] rockchip-pm-domain ff310000.power-management:power-controller: sync_state() pending due to ff680000.rga
[   12.269755] rockchip-pm-domain ff310000.power-management:power-controller: sync_state() pending due to ff940000.hdmi
[   12.271683] dwmmc_rockchip fe310000.mmc: IDMAC supports 32-bit address mode.
[   12.272376] dwmmc_rockchip fe310000.mmc: Using internal DMA controller.
[   12.272990] dwmmc_rockchip fe310000.mmc: Version ID is 270a
[   12.273537] dwmmc_rockchip fe310000.mmc: DW MMC controller at irq 38,32 bit host data width,256 deep fifo
[   13.722043] EXT4-fs (mmcblk1p2): recovery complete
[   13.727496] EXT4-fs (mmcblk1p2): mounted filesystem d52f7f8b-fa0e-4c9f-a552-d6df4329ac87 r/w with writeback data mode. Quota mode: none.
[   13.728687] VFS: Mounted root (ext4 filesystem) on device 179:98.
[   13.730889] devtmpfs: mounted
[   13.737404] Freeing unused kernel memory: 11840K
[   13.738043] Run /sbin/init as init process
[   14.627336] systemd[1]: System time advanced to built-in epoch: Tue 2026-04-14 03:38:05 CST
[   14.889231] NET: Registered PF_INET6 protocol family
[   14.891940] Segment Routing with IPv6
[   14.892343] In-situ OAM (IOAM) with IPv6
[   14.984910] systemd[1]: systemd 257.13-1~deb13u1 running in system mode (+PAM +AUDIT +SELINUX +APPARMOR +IMA +IPE +SMACK +SECCOMP +GCRYPT -GNUTLS +OPENSSL +ACL +BLKID +CURL +ELFUTILS +FIDO2 +IDN2 -IDN +IPTC +KMOD +LIBCRYPTSETUP +LIBCRYPTSETUP_PLUGINS +LIBFDISK +PCRE2 +PWQUALITY +P11KIT +QRENCODE +TPM2 +BZIP2 +LZ4 +XZ +ZLIB +ZSTD +BPF_FRAMEWORK +BTF -XKBCOMMON -UTMP +SYSVINIT +LIBARCHIVE)
[   14.988090] systemd[1]: Detected architecture arm64.
[   15.008391] systemd[1]: Hostname set to <armbian>.
[   15.395500] systemd[1]: bpf-restrict-fs: BPF LSM hook not enabled in the kernel, BPF LSM not supported.
[   16.114171] systemd[1]: Queued start job for default target multi-user.target.
[   16.155152] systemd[1]: Created slice system-getty.slice - Slice /system/getty.
[   16.158989] systemd[1]: Created slice system-modprobe.slice - Slice /system/modprobe.
[   16.162668] systemd[1]: Created slice system-serial\x2dgetty.slice - Slice /system/serial-getty.
[   16.165865] systemd[1]: Created slice user.slice - User and Session Slice.
[   16.167214] systemd[1]: Started systemd-ask-password-console.path - Dispatch Password Requests to Console Directory Watch.
[   16.168847] systemd[1]: Started systemd-ask-password-wall.path - Forward Password Requests to Wall Directory Watch.
[   16.170238] systemd[1]: proc-sys-fs-binfmt_misc.automount - Arbitrary Executable File Formats File System Automount Point skipped, unmet condition check ConditionPathExists=/proc/sys/fs/binfmt_misc
[   16.171991] systemd[1]: Expecting device dev-ttyS2.device - /dev/ttyS2...
[   16.173050] systemd[1]: Reached target nfs-client.target - NFS client services.
[   16.174089] systemd[1]: Reached target paths.target - Path Units.
[   16.175049] systemd[1]: Reached target slices.target - Slice Units.
[   16.175980] systemd[1]: Reached target swap.target - Swaps.
[   16.200234] systemd[1]: Listening on rpcbind.socket - RPCbind Server Activation Socket.
[   16.202414] systemd[1]: Listening on syslog.socket - Syslog Socket.
[   16.211423] systemd[1]: Listening on systemd-creds.socket - Credential Encryption/Decryption.
[   16.213243] systemd[1]: Listening on systemd-initctl.socket - initctl Compatibility Named Pipe.
[   16.214878] systemd[1]: Listening on systemd-journald-dev-log.socket - Journal Socket (/dev/log).
[   16.216849] systemd[1]: Listening on systemd-journald.socket - Journal Sockets.
[   16.218032] systemd[1]: systemd-pcrextend.socket - TPM PCR Measurements skipped, unmet condition check ConditionSecurity=measured-uki
[   16.219228] systemd[1]: systemd-pcrlock.socket - Make TPM PCR Policy skipped, unmet condition check ConditionSecurity=measured-uki
[   16.221012] systemd[1]: Listening on systemd-udevd-control.socket - udev Control Socket.
[   16.222616] systemd[1]: Listening on systemd-udevd-kernel.socket - udev Kernel Socket.
[   16.230000] systemd[1]: Mounting dev-hugepages.mount - Huge Pages File System...
[   16.235196] systemd[1]: Mounting dev-mqueue.mount - POSIX Message Queue File System...
[   16.242207] systemd[1]: Mounting run-lock.mount - Legacy Locks Directory /run/lock...
[   16.247612] systemd[1]: Mounting sys-kernel-debug.mount - Kernel Debug File System...
[   16.252141] systemd[1]: sys-kernel-tracing.mount - Kernel Trace File System skipped, unmet condition check ConditionPathExists=/sys/kernel/tracing
[   16.262690] systemd[1]: Mounting tmp.mount - Temporary Directory /tmp...
[   16.268050] systemd[1]: auth-rpcgss-module.service - Kernel Module supporting RPCSEC_GSS skipped, unmet condition check ConditionPathExists=/etc/krb5.keytab
[   16.273888] systemd[1]: Starting fake-hwclock-load.service - Restore the current clock...
[   16.295455] systemd[1]: Starting kmod-static-nodes.service - Create List of Static Device Nodes...
[   16.304344] systemd[1]: Starting modprobe@fuse.service - Load Kernel Module fuse...
[   16.308221] systemd[1]: systemd-hibernate-clear.service - Clear Stale Hibernate Storage Info skipped, unmet condition check ConditionPathExists=/sys/firmware/efi/efivars/HibernateLocation-8cf2644b-4b0b-428f-9387-6d876050dc67
[   16.329008] systemd[1]: systemd-hwdb-update.service - Rebuild Hardware Database skipped, unmet condition check ConditionNeedsUpdate=/etc
[   16.338920] systemd[1]: Starting systemd-journald.service - Journal Service...
[   16.351275] systemd[1]: Starting systemd-modules-load.service - Load Kernel Modules...
[   16.352603] systemd[1]: systemd-pcrmachine.service - TPM PCR Machine ID Measurement skipped, unmet condition check ConditionSecurity=measured-uki
[   16.354167] systemd[1]: systemd-tpm2-setup-early.service - Early TPM SRK Setup skipped, unmet condition check ConditionSecurity=measured-uki
[   16.355612] systemd[1]: systemd-tpm2-setup.service - TPM SRK Setup skipped, unmet condition check ConditionSecurity=measured-uki
[   16.361378] systemd[1]: Starting systemd-udev-load-credentials.service - Load udev Rules from Credentials...
[   16.372030] systemd[1]: Starting systemd-udev-trigger.service - Coldplug All udev Devices...
[   16.401765] systemd[1]: Mounted dev-hugepages.mount - Huge Pages File System.
[   16.403605] systemd[1]: Mounted dev-mqueue.mount - POSIX Message Queue File System.
[   16.405173] systemd[1]: Mounted run-lock.mount - Legacy Locks Directory /run/lock.
[   16.406729] systemd[1]: Mounted sys-kernel-debug.mount - Kernel Debug File System.
[   16.408285] systemd[1]: Mounted tmp.mount - Temporary Directory /tmp.
[   16.410457] systemd[1]: Finished kmod-static-nodes.service - Create List of Static Device Nodes.
[   16.416760] systemd[1]: Starting systemd-tmpfiles-setup-dev-early.service - Create Static Device Nodes in /dev gracefully...
[   16.460981] fuse: init (API version 7.45)
[   16.470716] systemd[1]: modprobe@fuse.service: Deactivated successfully.
[   16.472623] systemd[1]: Finished modprobe@fuse.service - Load Kernel Module fuse.
[   16.478945] systemd[1]: Mounting sys-fs-fuse-connections.mount - FUSE Control File System...
[   16.545345] systemd[1]: Mounted sys-fs-fuse-connections.mount - FUSE Control File System.
[   16.568531] systemd[1]: fake-hwclock-load.service: Deactivated successfully.
[   16.569876] systemd[1]: Finished fake-hwclock-load.service - Restore the current clock.
[   16.572524] systemd[1]: Finished systemd-modules-load.service - Load Kernel Modules.
[   16.578458] systemd[1]: Starting systemd-sysctl.service - Apply Kernel Variables...
[   16.583999] systemd-journald[116]: Collecting audit messages is disabled.
[   16.587746] systemd[1]: Finished systemd-udev-load-credentials.service - Load udev Rules from Credentials.
[   16.643809] systemd[1]: Finished systemd-tmpfiles-setup-dev-early.service - Create Static Device Nodes in /dev gracefully.
[   16.645829] systemd[1]: systemd-sysusers.service - Create System Users skipped, no trigger condition checks were met.
[   16.650926] systemd[1]: Starting systemd-tmpfiles-setup-dev.service - Create Static Device Nodes in /dev...
[   16.672192] systemd[1]: Finished systemd-sysctl.service - Apply Kernel Variables.
[   16.725220] systemd[1]: Started systemd-journald.service - Journal Service.
[   16.853349] systemd-journald[116]: Received client request to flush runtime journal.
[   16.948048] systemd-journald[116]: /var/log/journal/63f6b85b0c1e8dbfdd4367466a1d5eef/system.journal: Realtime clock jumped backwards relative to last journal entry, rotating.
[   16.949481] systemd-journald[116]: Rotating system journal.

[   19.176226] systemd-journald[116]: Received client request to relinquish /var/log/journal/63f6b85b0c1e8dbfdd4367466a1d5eef access.
[   19.685341] input: rk805 pwrkey as /devices/platform/ff3c0000.i2c/i2c-0/0-0020/rk805-pwrkey.3.auto/input/input0
[   19.703324] dwmmc_rockchip fe310000.mmc: IDMAC supports 32-bit address mode.
[   19.704038] dwmmc_rockchip fe310000.mmc: Using internal DMA controller.
[   19.704640] dwmmc_rockchip fe310000.mmc: Version ID is 270a
[   19.705171] dwmmc_rockchip fe310000.mmc: DW MMC controller at irq 38,32 bit host data width,256 deep fifo
[   19.747837]  cs_system_cfg: CoreSight Configuration manager initialised
[   19.773961] mc: Linux media interface: v0.10
[   19.774718] dwmmc_rockchip fe310000.mmc: IDMAC supports 32-bit address mode.
[   19.776417] dwmmc_rockchip fe310000.mmc: Using internal DMA controller.
[   19.777035] dwmmc_rockchip fe310000.mmc: Version ID is 270a
[   19.777578] dwmmc_rockchip fe310000.mmc: DW MMC controller at irq 38,32 bit host data width,256 deep fifo
[   19.795453] random: crng init done
[   19.978836] coresight-cpu-debug fe430000.debug: Coresight debug-CPU0 initialized
[   19.979938] coresight-cpu-debug fe432000.debug: Coresight debug-CPU1 initialized
[   19.980914] coresight-cpu-debug fe434000.debug: Coresight debug-CPU2 initialized
[   19.981977] coresight-cpu-debug fe436000.debug: Coresight debug-CPU3 initialized
[   19.982884] coresight-cpu-debug fe610000.debug: CPU4 debug arch init failed

[   19.983771] coresight-cpu-debug fe710000.debug: CPU5 debug arch init failed
[   19.989427] dwmmc_rockchip fe310000.mmc: IDMAC supports 32-bit address mode.
[   19.990119] dwmmc_rockchip fe310000.mmc: Using internal DMA controller.
[   19.990721] dwmmc_rockchip fe310000.mmc: Version ID is 270a
[   19.991259] dwmmc_rockchip fe310000.mmc: DW MMC controller at irq 38,32 bit host data width,256 deep fifo
[   20.081816] videodev: Linux video capture interface: v2.00
[   20.102906] usbcore: registered new device driver onboard-usb-dev
[   20.661721] dwmmc_rockchip fe310000.mmc: IDMAC supports 32-bit address mode.
[   20.662466] dwmmc_rockchip fe310000.mmc: Using internal DMA controller.
[   20.663095] dwmmc_rockchip fe310000.mmc: Version ID is 270a
[   20.664545] dwmmc_rockchip fe310000.mmc: DW MMC controller at irq 38,32 bit host data width,256 deep fifo
[   20.664566] rk3288-crypto ff8b0000.crypto: will run requests pump with realtime priority
[   20.664626] rk3288-crypto ff8b0000.crypto: Register ecb(aes) as ecb-aes-rk
[   20.666860] rk3288-crypto ff8b0000.crypto: Register cbc(aes) as cbc-aes-rk
[   20.667926] rk3288-crypto ff8b0000.crypto: Register ecb(des) as ecb-des-rk
[   20.668604] rk3288-crypto ff8b0000.crypto: Register cbc(des) as cbc-des-rk

[   20.669250] rk3288-crypto ff8b0000.crypto: Register ecb(des3_ede) as ecb-des3-ede-rk
[   20.669975] rk3288-crypto ff8b0000.crypto: Register cbc(des3_ede) as cbc-des3-ede-rk
[   20.670700] rk3288-crypto ff8b0000.crypto: Register sha1 as rk-sha1
[   20.671294] rk3288-crypto ff8b0000.crypto: Register sha256 as rk-sha256
[   20.672021] rk3288-crypto ff8b0000.crypto: Register md5 as rk-md5
[   20.673812] rk3288-crypto ff8b8000.crypto: will run requests pump with realtime priority
[   20.688439] dwmmc_rockchip fe310000.mmc: IDMAC supports 32-bit address mode.
[   20.689159] dwmmc_rockchip fe310000.mmc: Using internal DMA controller.
[   20.689784] dwmmc_rockchip fe310000.mmc: Version ID is 270a
[   20.690346] dwmmc_rockchip fe310000.mmc: DW MMC controller at irq 38,32 bit host data width,256 deep fifo
[   20.703602] rtc-hym8563 2-0051: could not init device, -110
[   20.704284] rtc-hym8563 2-0051: probe with driver rtc-hym8563 failed with error -110
[   20.792015] rockchip-rga ff680000.rga: HW Version: 0x03.02
[   20.793058] rockchip-rga ff680000.rga: Registered rockchip-rga as /dev/video1
[   20.806795] dwmmc_rockchip fe310000.mmc: IDMAC supports 32-bit address mode.
[   20.807539] dwmmc_rockchip fe310000.mmc: Using internal DMA controller.
[   20.808146] dwmmc_rockchip fe310000.mmc: Version ID is 270a
[   20.808677] dwmmc_rockchip fe310000.mmc: DW MMC controller at irq 38,32 bit host data width,256 deep fifo
[   20.908136] hantro-vpu ff650000.video-codec: registered rockchip,rk3399-vpu-enc as /dev/video2
[   20.909579] hantro-vpu ff650000.video-codec: registered rockchip,rk3399-vpu-dec as /dev/video3
[   20.924840] dwmmc_rockchip fe310000.mmc: IDMAC supports 32-bit address mode.
[   20.925546] dwmmc_rockchip fe310000.mmc: Using internal DMA controller.
[   20.926167] dwmmc_rockchip fe310000.mmc: Version ID is 270a
[   20.926724] dwmmc_rockchip fe310000.mmc: DW MMC controller at irq 38,32 bit host data width,256 deep fifo
[   21.641514] systemd-journald[116]: Received client request to flush runtime journal.
[   21.745584] dwmmc_rockchip fe310000.mmc: IDMAC supports 32-bit address mode.
[   21.746304] dwmmc_rockchip fe310000.mmc: Using internal DMA controller.
[   21.746931] dwmmc_rockchip fe310000.mmc: Version ID is 270a
[   21.747561] dwmmc_rockchip fe310000.mmc: DW MMC controller at irq 38,32 bit host data width,256 deep fifo
[   22.592008] systemd-journald[116]: Received client request to relinquish /var/log/journal/63f6b85b0c1e8dbfdd4367466a1d5eef access.
[   24.093859] rk_gmac-dwmac fe300000.ethernet eth0: Register MEM_TYPE_PAGE_POOL RxQ-0
[   24.100563] rk_gmac-dwmac fe300000.ethernet eth0: PHY [stmmac-0:00] driver [YT8521 Gigabit Ethernet] (irq=POLL)
[   24.102451] rk_gmac-dwmac fe300000.ethernet eth0: v4e: DMA_BUS_MODE before reset: 0x00020100 (SWR=0)
[   24.103298] rk_gmac-dwmac fe300000.ethernet eth0: v4e: DMA_BUS_MODE after SWR write: 0x00020101 (SWR=1)
[   24.114240] rk_gmac-dwmac fe300000.ethernet eth0: v4e: SWR cleared after 10 ms: 0x00020100
[   24.115020] rk_gmac-dwmac fe300000.ethernet eth0: No Safety Features support found
[   24.119463] rk_gmac-dwmac fe300000.ethernet eth0: PTP not supported by HW
[   24.120118] rk_gmac-dwmac fe300000.ethernet eth0: configuring for phy/rgmii link mode
[   24.661672] dw-apb-uart ff1a0000.serial: forbid DMA for kernel console
[!p]104[?7h[6n[32766;32766H[6n[!p]104[?7h[6n[32766;32766H[6n

armbian login: root (automatic login)


[38;2;247;16;0m    _             _    _                             __  __ _    _      _ 
   /_\  _ _ _ __ | |__(_)__ _ _ _ ___ _  _ _ _  ___ / _|/ _(_)__(_)__ _| |
  / _ \| '_| '  \| '_ \ / _` | ' \___| || | ' \/ _ \  _|  _| / _| / _` | |
 /_/ \_\_| |_|_|_|_.__/_\__,_|_||_|   \_,_|_||_\___/_| |_| |_\__|_\__,_|_|
                                                                          [0m
 [0;92mv26.05.0[0m for lpa3399pro running Armbian Linux [0;92m6.18.33[0m

 Packages:     Debian [0;92mstable[0m (trixie)

[0;90m Performance:  [0m

 Load:        [0;92m 64%[0m           	 Uptime:         [92m1m[0m	
 Memory usage:[0;92m 3%[0m of 3.66G  	
 CPU temp:    [0;92m 34°C[0m           	 Usage of /:  [0;92m 76%[0m of 2.9G   	

[   26.180610] rk_gmac-dwmac fe300000.ethernet eth0: Link is Up - 100Mbps/Full - flow control rx/tx
[?2004hroot@armbian:~# 