
In
0 ddrconfig = 0x101, ddrsize = 0x2020
ch 1 ddrconfig = 0x101, ddrsSdmFwPartOffset=2000 , 0
StorageInit ok = 114993
SecureMode = 0
SecureInit read PBA: 0x4
SecureInit read PBA: 0x404
SecureInit read PBA: 0x804
SecureInit read PBA: 0xc04
SecureInit read PBA: 0x1004
SecureInit read PBA:part:  1, name:          primary, start:0x108000, size:0x5db800
no find partition:uboot.
Load uboot, ReadLba = 2000
LoadRunBL31 0x40000 @ 292709 us
NOTICE:  BL31: v1.3(release):845ee93
NOTICE:  BL31: Built : 15:51:11, Jul 22 2020
NOTICE:  BL31: Rockchip release version: v1.1
INFO:    GICv3 with legacy support detected. ARM GICV3 driver initialized in EL3
INFO:    Using opteed sec cpu_context!
INFO:    boot cpu mask: 0
INFO:    plat_rockchip_pmu_init(1196): pd status 3e
INFO:    BL31: Initializing runtime services
INFO:    BL31: Initializing BL32

e81607c #1 Mon Aug 17 09:23:30 UTC 2020 aarch64)


INF [0x0] TEE-CORE:init_primary_helper:338: Release version: 1.2


INF 
no mmc device at slot 1
FounMMC1: Legacy, 50Mhz
PartType: EFI
No *** Warning - bad CRC, using default environment

Model: Rockchip RK3399 Evaluation Board
No misc partition
boot mode: None
CLK: (uboot. arml: enter 400000 KHz, init 816000 KHz, kernel 0N/A)
CLK: (uboot. armb: enter 24000 KHz, init 816000 KHz, kernel 0N/A)
  aplll 816000 KHz
  apllb 816000 KHz
  dpll 800000 KHz
  cpll 24000 KHz
  gpll 800000 KHz
  npll 600000 KHz
  vpll 24000 KHz
  aclk_perihp 133333 KHz
  hclk_perihp 66666 KHz
  pclk_perihp 33333 KHz
  aclk_perilp0 266666 KHz
  hclk_perilp0 88888 KHz
  pclk_perilp0 44444 KHz
  hclk_perilp1 100000 KHz
  pclk_perilp1 50000 KHz
EC20_PWREN = -2
EC20_RESET = -2
------ ec20_init  ------
EC20_PWRKEY = -2
EC20_PWRKEY = -2
Net:   No ethernet found.
Hit key to stop autoboot('CTRL+C'):  5  4  3  2  0 
Could not find misc partition
ANDROID: reboot reason: "(none)"
optee api revision: 2.0
TEEC: Waring: Could not find security partition
android_image_load_by_partname: Can't find part: boot
Android image load failed
Android boot failed, error -1.

Could not find misc partition
Could not find primary part
switch to partitions #0, OK
mmc1 is current device
canning mmc 1:1...
Found /extlinux/extlinux.conf
Retrieving file: /extlinux/extlinux.conf
60186 bytes read in 255 ms (230.5 KiB/s)
Fdt Ramdisk skip relocation
## Flattened Device Tree blob at 08300000
   Booting using the fdt blob at 0x8300000
   Using Device Tree in place at 0000000008300000, end 0000000008311b19
can't found rockchip,drm-logo, use rockchip,fb-logo
WARNING: could not set reg FDT_ERR_BADOFFSET.
failed to reserve fb-loader-logo memory
Adding bank: 0x00200000 - 0x08400000 (size: 0x08200000)
Adding bank: 0x0a200000 - 0xf8000000 (size: 0xede00000)
tal: 8245.825 ms

Starting kernel ...

] (4MB)
[    0.000000] Fallback orping on.  Total pages: 1007616
[    0.000000] Policy zone: DMA
[    0.000000] mem auto-init: stack:all(zero), heap alloc:off, heap free:off
[    0.000000] SLUB: HWalign=64, Order=0-3, MinObjects=0, CPUs=6, Nodes=1
[    0.000000] rcu: Preemptible hierarchical RCU implementation.
[    0.000000] rcu: 	RCU event tracing is enabled.
[    0.000000] rcu: 	RCU restricting CPUs from NR_CPUS=512 to nr_cpu_ids=6.
[    0.000000] 	Trampoline variant of Tasks RCU enabled.
[    0.000000] 	Tracing variant of Tasks RCU enabled.
[    0.000000] rcu: RCU calculated value of scheduler-enlistment delay is 25 jiffies.
[    0.000000] rcu: Adjusting geometry for rcu_fanout_leaf=16, nr_cpu_ids=6

[    0.000000] RCU Tasks: Setting shift to 3 and lim to 1 rcu_task_cb_adjust=1 rcu_task_cpu_ids=6.
[    0.000000] RCU Tasks Trace: Setting shift to 3 and lim to 1 rcu_task_cb_adjust=1 rcu_task_cpu_ids=6.
[    0.000000] NR_IRQS: 64, nr_irqs: 64, preallocated irqs: 0
[    0.000000] GICv3: GIC: Using split EOI/Deactivate mode
[    0.000000] GICv3: 256 SPIs implemented
[    0.000000] GICv3: 0 Extended SPIs implemented
[    0.000000] Root IRQ handler: gic_handle_irq
[    0.000000] GICv3: GICv3 features: 16 PPIs
[    0.000000] GICv3: GICD_CTLR.DS=0, SCR_EL3.FIQ=1
[    0.000000] GICv3: CPU0: found redistributor 0 region 0:0x00000000fef00000
[    0.000000] ITS [mem 0xfee20000-0xfee3ffff]
[    0.000000] ITS@0x00000000fee20000: allocated 65536 Devices @3880000 (flat, esz 8, psz 64K, shr 0)
[    0.000000] ITS: using cache flushing for cmd queue
[    0.000000] GICv3: using LPI property table @0x0000000003860000
[    0.000000] GIC: using cache flushing for LPI property table
[    0.000000] GICv3: CPU0: using allocated LPI pending table @0x0000000003870000
[    0.000000] GICv3: GIC: PPI partition interrupt-partition-0[0] { /cpus/cpu@0[0] /cpus/cpu@1[1] /cpus/cpu@2[2] /cpus/cpu@3[3] }
[    0.000000] GICv3: GIC: PPI partition interrupt-partition-1[1] { /cpus/cpu@100[4] /cpus/cpu@101[5] }
[    0.000000] rcu: srcu_init: Setting srcu_struct sizes based on contention.
[    0.000000] arch_timer: cp15 timer running at 24.00MHz (phys).
[    0.000000] clocksource: arch_sys_counter: mask: 0xffffffffffffff max_cycles: 0x588fe9dc0, max_idle_ns: 440795202592 ns
[    0.000001] sched_clock: 56 bits at 24MHz, resolution 41ns, wraps every 4398046511097ns
[    0.003309] Console: colour dummy device 80x25
[    0.003328] printk: legacy console [tty1] enabled
[    0.004253] Calibrating delay loop (skipped), value calculated using timer frequency.. 48.00 BogoMIPS (lpj=96000)
[    0.004288] pid_max: default: 32768 minimum: 301
[    0.004435] LSM: initializing lsm=capability
[    0.004617] Mount-cache hash table entries: 8192 (order: 4, 65536 bytes, linear)
[    0.004659] Mountpoint-cache hash table entries: 8192 (order: 4, 65536 bytes, linear)
[    0.007846] rcu: Hierarchical SRCU implementation.
[    0.007885] rcu: 	Max phase no-delay instances is 1000.
[    0.008245] Ti20448 pages in range for non-PLT usage
[    0.035180] 511968 pages in range for PLT usage
[    0.035406] pinctrl core: initialized pinctrl subsystem
[    0.038567] DMI not present or invalid.
[    0.041689] NET: Registered PF_NETLINK/PF_ROUTE protocol family
[    0.043233] DMA: preallocated 512 KiB GFP_KERNEL pool for atomic allocations
[    0.043944] DMA: preallocated 512 KiB GFP_KERNEL|GFP_DMA pool for atomic allocations
[    0.044931] DMA: preallocated 512 KiB GFP_KERNEL|GFP_DMA32 pool for atomic allocations
[    0.045321] audit: initializing netlink subsys (disabled)
[    0.045518] audit: type=2000 audit(0.044:1): state=initialized audit_enabled=0 res=1
[    0.047738] thermal_sys: Registered thermal governor 'step_wise'
[    0.047748] thermal_sys: Registered thermal governor 'power_allocator'
[    0.047844] cpuidle: using governor menu
[    0.048145] hw-breakpoint: found 6 breakpoint and 4 watchpoint registers.
[    0.048311] ASID allocator initialised with 65536 entries
[    0.051197] Serial: AMBA PL011 UART driver
[    0.081472] /syscon@ff770000/phy@f780: Fixed dependency cycle(s) with /mmc@fe330000
[    0.083185] /mmc@fe330000: Fixed dependency cycle(s) with /syscon@ff770000/phy@f780

[    0.083257] /syscon@ff770000/phy@f780: Fixed dependency cycle(s) with /mmc@fe330000
[    0.092091bcore: registered new interface driver usbfs
[    0.107853] usbcore: registered new interface driver hub
[    0.107897] usbcore: registered new device driver usb
[    0.109223] pps_core: LinuxPPS API ver. 1 registered
[    0.109236] pps_core: Software ver. 5.3.6 - Copyright 2005-2007 Rodolfo Giometti <giometti@linux.it>
[    0.109261] PTP clock support registered
[    0.109431] EDAC MC: Ver: 3.0.0
[    0.109914] scmi_core: SCMI protocol bus registered
[    0.111295] FPGA manager framework
[    0.112408] vgaarb: loaded
[    0.112884] clocksource: Switched to clocksource arch_sys_counter
[    0.113200] VFS: Disk quotas dquot_6.6.0
[    0.113229] VFS: Dquot-cache hash table entries: 512 (order 0, 4096 bytes)
[    0.113665] pnp: PnP ACPI: disabled
[    0.122250] NET: Registered PF_INET protocol family
[    0.122472] IP idents hash table entries: 65536 (order: 7, 524288 bytes, linear)
[    0.125791] tcp_listen_portaddr_hash hash table entries: 2048 (order: 3, 32768 bytes, linear)
[    0.125894] Table-perturb hash table entries: 65536 (order: 6, 262144 bytes, linear)
[    0.125924] TCP established hash table entries: 32768 (order: 6, 262144 bytes, linear)
[    0.126191] TCP bind hash table entries: 32768 (order: 8, 1048576 bytes, linear)
[    0.127140] TCP: Hash tables configured (established 32768 bind 32768)
[    0.127266] UDP hash table entries: 2048 (order: 5, 131072 bytes, linear)
[    0.127448] UDP-Litemmetric key parser 'x509' registered
[     0.402269] platform ff650000.video-codec: Adding to iommu group 0
[    0.403885] platform ff660000.video-codec: Adding to iommu group 1
[    0.414544] loop: module loaded
[    0.416364] megasas: 07.734.00.00-rc1
[    0.426117] tun: Universal TUN/TAP device driver, 1.6
[    0.428032] thunder_xcv, ver 1.0
[    0.428376] thunder_bgx, ver 1.0
[    0.428710] nicpf, ver 1.0
[    0.430956] e1000: Intel(R) PRO/1000 Network Driver
[    0.431399] e1000: Copyright (c) 1999-2006 Intel Corporation.
[    0.431958] e1000e: Intel(R) PRO/1000 Network Driver
[    0.432402] e1000e: Copyright(c) 1999 - 2015 Intel Corporation.

[    0.432991] igb: Intel(R) Gigabit Ethernet Network Driver
[    0.433474] igb: Copyright (c) 2007-2014 Intel Corporation.
[    0.434008] igbvf: Intel(R) Gigabit Virtual Function Network Driver
[    0.434566] igbvf: Copyright (c) 2009 - 2012 Intel Corporation.
[    0.435588] sky2: driver version 1.30
[    0.438419] VFIO - User Level meta-driver version: 0.3
[    0.445993] usbcore: registered new interface driver usb-storage
[    0.451416] i2c_dev: i2c /dev entries driver
[    0.455979] /i2c@ff3c0000/pmic@20: Fixed dependency cycle(s) with /i2c@ff3c0000/pmic@20/regulators/DCDC_REG4
[    0.456915] /i2c@ff3c0000/pmic@20: Fixed dependency cycle(s) with /i2c@ff3c0000/pmic@20/regulators/DCDC_REG5
[    0.481954] usbcore: registered new interface driver usbhid
[    0.482466] usbhid: USB HID core driver
[    0.488623] hw perfevents: enabled with armv8_cortex_a53 PMU driver, 7 (0,8000003f) counters available
[    0.491469] hw perfevents: enabled with armv8_cortex_a72 PMU driver, 7 (0,8000003f) counters available
[    0.499804] NET: Registered PF_PACKET protocol family
[    0.500360] 9pnet: Installing 9P2000 support
[    0.500822] Key type dns_resolver registered
[    0.523430] Demotion targets for Node 0: null
[    0.574146] xhci-hcd xhci-hcd.0.auto: xHCI Host Controller
[    0.574693] xhci-hcd xhci-hcd.0.auto: new USB bus registered, assigned bus number 1
[    0.575532] xhci-hcd xhci-hcd.0.auto: hcc params 0x0220fe64 hci version 0x110 quirks 0x0000808002000010
[    0.576551] mmc0: Command Queue Engine enabled
[    0.577005] mmc0: new HS400 Enhanced strobe MMC card at address 0001
[    0.578715] mmcblk0: mmc0:0001 DF4016 14.7 GiB
[    0.580949] xhci-hcd xhci-hcd.0.auto: irq 56, io mem 0xfe800000
[    0.581988] xhci-hcd xhci-hcd.0.auto: xHCI Host Controller
[    0.582519] xhci-hcd xhci-hcd.0.auto: new USB bus registered, assigned bus number 2
[    0.583226] xhci-hcd xhci-hcd.0.auto: Host supports USB 3.0 SuperSpeed
[    0.584800] hub 1-0:1.0: USB hub found
[    0.585039] ehci-platform fe380000.usb: EHCI Host Controller
[    0.585231] hub 1-0:1.0: 1 port detected
[    0.585425]  mmcblk0: p1 p2 p3 p4 p5 p6
[    0.587036] usb usb2: We don't know the algorithms for LPM for this host, disabling LPM.
[    0.587375] mmcblk0boot0: mmc0:0001 DF4016 4.00 MiB
[    0.589524] hub 2-0:1.0: USB hub found
[    0.589936] hub 2-0:1.0: 1 port detected
[    0.590813] mmcblk0boot1: mmc0:0001 DF4016 4.00 MiB
[    0.590849] ehci-platform fe3c0000.usb: EHCI Host Controller
[    0.591074] ehci-platform fe380000.usb: new USB bus registered, assigned bus number 3
[    0.591809] ehci-platform fe380000.usb: irq 57, io mem 0xfe380000
[    0.592334] ohci-platform fe3a0000.usb: Generic Platform OHCI controller
[    0.592356] ohci-platform fe3a0000.usb: new USB bus registered, assigned bus number 4
[    0.592438] ohci-platform fe3a0000.usb: irq 59, io mem 0xfe3a0000
[    0.592525] ehci-platform fe3c0000.usb: new USB bus registered,0:1.0: 1 port detected
0.635033] vcca_1v8: Bringing 1800000uV into 1850  0.650137] hub 4-0:1.0: USB hub found
[    0.650529] hub 4-0:1.0: 1 port detected
 0.680201] dwmmc_rockchip fe320000.mmc: IDMAC supports 32-bit addression ID is 270a
[    0.682169] dwmmc_rockchip fe320000.mmc: DW MMC controller at irq 86,32 bit host data width,256 deep fifo
[    0.682863] dwmmc_rockchip fe310000.mmc: IDMAC supports 32-bit address mode.
[    0.683708] dwmmc_rockchip fe310000.mmc: Using internal DMA controller.
[    0.684136] dwmmc_rockchip fe320000.mmc: Got CD GPIO
[    0.684321] dwmmc_rockchip fe310000.mmc: Version ID is 270a
[    0.684357] dwmmc_rockchip fe310000.mmc: DW MMC controller at irq 48,32 bit host data width,256 deep fifo
