DDR Version 1.24 20191016
In
Channel 0: LPDDR3, 800MHz
CS = 0
MR0=0x58
MR1=0x58
MR2=0x58
MR3=0x58
MR4=0x2
MR5=0x1
MR6=0x16
MR7=0x0
MR8=0x1F
MR9=0x1F
MR10=0x1F
MR11=0x1F
MR12=0x1F
MR13=0x1F
MR14=0x1F
MR15=0x1F
MR16=0x1F
CS = 1
MR0=0x58
MR1=0x58
MR2=0x58
MR3=0x58
MR4=0x2
MR5=0x1
MR6=0x16
MR7=0x0
MR8=0x1F
MR9=0x1F
MR10=0x1F
MR11=0x1F
MR12=0x1F
MR13=0x1F
MR14=0x1F
MR15=0x1F
MR16=0x1F
Bus Width=32 Col=10 Bank=8 Row=15/15 CS=2 Die Bus-Width=32 Size=2048MB
Channel 1: LPDDR3, 800MHz
CS = 0
MR0=0x58
MR1=0x58
MR2=0x58
MR3=0x58
MR4=0x2
MR5=0x1
MR6=0x16
MR7=0x0
MR8=0x1F
MR9=0x1F
MR10=0x1F
MR11=0x1F
MR12=0x1F
MR13=0x1F
MR14=0x1F
MR15=0x1F
MR16=0x1F
CS = 1
MR0=0x58
MR1=0x58
MR2=0x58
MR3=0x58
MR4=0x2
MR5=0x1
MR6=0x16
MR7=0x0
MR8=0x1F
MR9=0x1F
MR10=0x1F
MR11=0x1F
MR12=0x1F
MR13=0x1F
MR14=0x1F
MR15=0x1F
MR16=0x1F
Bus Width=32 Col=10 Bank=8 Row=15/15 CS=2 Die Bus-Width=32 Size=2048MB
256B stride
ch 0 ddrconfig = 0x101, ddrsize = 0x2020
ch 1 ddrconfig = 0x101, ddrsize = 0x2020
pmugrf_os_reg[2] = 0x3AA0DAA0, stride = 0xD
OUT
Boot1 Release Time: May 29 2020 17:36:36, version: 1.26
CPUId = 0x0
ChipType = 0x10, 343
SdmmcInit=2 0
BootCapSize=100000
UserCapSize=15028MB
FwPartOffset=2000 , 100000
mmc0:cmd5,20
SdmmcInit=0 0
BootCapSize=0
UserCapSize=14748MB
FwPartOffset=2000 , 0
StorageInit ok = 125191
SecureMode = 0
SecureInit read PBA: 0x4
SecureInit read PBA: 0x404
SecureInit read PBA: 0x804
SecureInit read PBA: 0xc04
SecureInit read PBA: 0x1004
SecureInit read PBA: 0x1404
SecureInit read PBA: 0x1804
SecureInit read PBA: 0x1c04
SecureInit ret = 0, SecureMode = 0
atags_set_bootdev: ret:(0)
GPT part:  0, name:          primary, start:0x8000, size:0xff800
GPT part:  1, name:          primary, start:0x108000, size:0x5db800
no find partition:uboot.
Trust Addr:0x4000, 0x58334c42
No find bl30.bin
Load uboot, ReadLba = 2000
Load OK, addr=0x200000, size=0xfc8c0
RunBL31 0x40000 @ 302122 us
NOTICE:  BL31: v1.3(release):845ee93
NOTICE:  BL31: Built : 15:51:11, Jul 22 2020
NOTICE:  BL31: Rockchip release version: v1.1
INFO:    GICv3 with legacy support detected. ARM GICV3 driver initialized in EL3
INFO:    Using opteed sec cpu_context!
INFO:    boot cpu mask: 0
INFO:    plat_rockchip_pmu_init(1196): pd status 3e
INFO:    BL31: Initializing runtime services
INFO:    BL31: Initializing BL32
INF [0x0] TEE-CORE:init_primary_helper:337: Initializing (1.1.0-266-gee81607c #1 Mon Aug 17 09:23:30 UTC 2020 aarch64)


INF [0x0] TEE-CORE:init_primary_helper:338: Release version: 1.2


INF [0x0] TEE-CORE:init_teecore:83: teecore inits done

INFO:    BL31: Preparing for EL3 exit to normal world
INFO:    Entry point address = 0x200000
INFO:    SPSR = 0x3c9


U-Boot 2017.09 (Jun 06 2026 - 14:10:22 +0000)

Model: Rockchip RK3399 Evaluation Board
PreSerial: 2, raw, 0xff1a0000
DRAM:  3.8 GiB
Sysmem: init
Relocation Offset: f5bc7000, fdt: f3dbb358 
no mmc device at slot 1
Found IDB in SDcard
dwmmc@fe320000: 1 (SD), sdhci@fe330000: 0
Bootdev(atags): mmc 1
MMC1: Legacy, 50Mhz
PartType: EFI

No resource partition
Failed to load DTB
Failed to get kernel dtb, ret=-19
io-domain: OK
*** Warning - bad CRC, using default environment

Model: Rockchip RK3399 Evaluation Board
rockchip_set_serialno: could not find efuse/otp device
No misc partition
boot mode: None
CLK: (uboot. arml: enter 400000 KHz, init 816000 KHz, kernel 0N/A)
CLK: (uboot. armb: enter 24000 KHz, init 816000 KHz, kernel 0N/A)
  aplll 816000 KHz
  apllb 816000 KHz
  dpll 800000 KHz
  cpll 24000 KHz
  gpll 800000 KHz
  npll 600000 KHz
  vpll 24000 KHz
  aclk_perihp 133333 KHz
  hclk_perihp 66666 KHz
  pclk_perihp 33333 KHz
  aclk_perilp0 266666 KHz
  hclk_perilp0 88888 KHz
  pclk_perilp0 44444 KHz
  hclk_perilp1 100000 KHz
  pclk_perilp1 50000 KHz
EC20_PWREN = -2
EC20_RESET = -2
------ ec20_init  ------
EC20_PWRKEY = -2
EC20_PWRKEY = -2
Net:   No ethernet found.
Hit key to stop autoboot('CTRL+C'):  5  4  3  2  1  0 
Could not find misc partition
ANDROID: reboot reason: "(none)"
optee api revision: 2.0
TEEC: Waring: Could not find security partition
Not AVB images, AVB skip
android_image_load_by_partname: Can't find part: boot
Android image load failed
Android boot failed, error -1.
Could not find misc partition
Could not find primary part
switch to partitions #0, OK
mmc1 is current device
Scanning mmc 1:1...
Found /extlinux/extlinux.conf
Retrieving file: /extlinux/extlinux.conf
424 bytes read in 24 ms (16.6 KiB/s)
1:	Armbian
Retrieving file: /Image
49678848 bytes read in 2173 ms (21.8 MiB/s)
append: root=PARTUUID=61ec8aeb-3d1a-48fa-a9da-54d744ed8bdf rootflags=data=writeback rw rootwait rootdelay=10 rootfstype=ext4 console=ttyS2,1500000 console=tty1 panic=0 usbcore.autosuspend=-1 initcall_blacklist=psci_checker printk.devkmsg=on log_buf_len=16M maxcpus=4 systemd.default_timeout_start_sec=20 plymouth.enable=0 net.ifnames=0
Retrieving file: /dtb/rockchip/rk3399pro-neardi-linux-lc110-base.dtb
60182 bytes read in 290 ms (202.1 KiB/s)
Fdt Ramdisk skip relocation
## Flattened Device Tree blob at 08300000
   Booting using the fdt blob at 0x8300000
   Using Device Tree in place at 0000000008300000, end 0000000008311b15
can't found rockchip,drm-logo, use rockchip,fb-logo
WARNING: could not set reg FDT_ERR_BADOFFSET.
failed to reserve fb-loader-logo memory
Adding bank: 0x00200000 - 0x08400000 (size: 0x08200000)
Adding bank: 0x0a200000 - 0xf8000000 (size: 0xede00000)
Total: 8285.247 ms

Starting kernel ...

[    0.000000] Booting Linux on physical CPU 0x0000000000 [0x410fd034]
[    0.000000] Linux version 6.18.33 (henry@Inspiron-7520) (aarch64-linux-gnu-gcc (Ubuntu 13.3.0-6ubuntu2~24.04.1) 13.3.0, GNU ld (GNU Binutils for Ubuntu) 2.42) #1 SMP PREEMPT Wed Jun 17 16:24:23 CST 2026
[    0.000000] KASLR disabled due to lack of seed
[    0.000000] Machine model: Radxa ROCK Pi N10
[    0.000000] efi: UEFI not found.
[    0.000000] OF: reserved mem: Reserved memory: No reserved-memory node in the DT
[    0.000000] NUMA: Faking a node at [mem 0x0000000000200000-0x00000000f7ffffff]
[    0.000000] NODE_DATA(0) allocated [mem 0xf77f6880-0xf77f8eff]
[    0.000000] Zone ranges:
[    0.000000]   DMA      [mem 0x0000000000200000-0x00000000f7ffffff]
[    0.000000]   DMA32    empty
[    0.000000]   Normal   empty
[    0.000000] Movable zone start for each node
[    0.000000] Early memory node ranges
[    0.000000]   node   0: [mem 0x0000000000200000-0x00000000083fffff]
[    0.000000]   node   0: [mem 0x000000000a200000-0x00000000f7ffffff]
[    0.000000] Initmem setup node 0 [mem 0x0000000000200000-0x00000000f7ffffff]
[    0.000000] On node 0, zone DMA: 512 pages in unavailable ranges
[    0.000000] On node 0, zone DMA: 7680 pages in unavailable ranges
[    0.000000] cma: Reserved 32 MiB at 0x00000000f1800000
[    0.000000] psci: probing for conduit method from DT.
[    0.000000] psci: PSCIv1.0 detected in firmware.
[    0.000000] psci: Using standard PSCI v0.2 function IDs
[    0.000000] psci: Trusted OS migration not required
[    0.000000] psci: SMC Calling Convention v1.0
[    0.000000] percpu: Embedded 25 pages/cpu s62552 r8192 d31656 u102400
[    0.000000] Detected VIPT I-cache on CPU0
[    0.000000] CPU features: detected: GICv3 CPU interface
[    0.000000] CPU features: detected: ARM erratum 845719
[    0.000000] alternatives: applying boot alternatives
[    0.000000] Kernel command line: root=PARTUUID=61ec8aeb-3d1a-48fa-a9da-54d744ed8bdf rootflags=data=writeback rw rootwait rootdelay=10 rootfstype=ext4 console=ttyS2,1500000 console=tty1 panic=0 usbcore.autosuspend=-1 initcall_blacklist=psci_checker printk.devkmsg=on log_buf_len=16M maxcpus=4 systemd.default_timeout_start_sec=20 plymouth.enable=0 net.ifnames=0
[    0.000000] printk: log buffer data + meta data: 16777216 + 58720256 = 75497472 bytes
[    0.000000] printk: early log buf free: 128816(98%)
[    0.000000] Dentry cache hash table entries: 524288 (order: 10, 4194304 bytes, linear)
[    0.000000] Inode-cache hash table entries: 262144 (order: 9, 2097152 bytes, linear)
[    0.000000] software IO TLB: SWIOTLB bounce buffer size adjusted to 3MB
[    0.000000] software IO TLB: area num 8.
[    0.000000] software IO TLB: mapped [mem 0x00000000ec600000-0x00000000eca00000] (4MB)
[    0.000000] Fallback order for Node 0: 0 
[    0.000000] Built 1 zonelists, mobility grouping on.  Total pages: 1007616
[    0.000000] Policy zone: DMA
[    0.000000] mem auto-init: stack:all(zero), heap alloc:off, heap free:off
[    0.000000] SLUB: HWalign=64, Order=0-3, MinObjects=0, CPUs=6, Nodes=1
[    0.000000] rcu: Preemptible hierarchical RCU implementation.
[    0.000000] rcu: 	RCU event tracing is enabled.
[    0.000000] rcu: 	RCU restricting CPUs from NR_CPUS=512 to nr_cpu_ids=6.
[    0.000000] 	Trampoline variant of Tasks RCU enabled.
[    0.000000] 	Tracing variant of Tasks RCU enabled.
[    0.000000] rcu: RCU calculated value of scheduler-enlistment delay is 25 jiffies.
[    0.000000] rcu: Adjusting geometry for rcu_fanout_leaf=16, nr_cpu_ids=6
[    0.000000] RCU Tasks: Setting shift to 3 and lim to 1 rcu_task_cb_adjust=1 rcu_task_cpu_ids=6.
[    0.000000] RCU Tasks Trace: Setting shift to 3 and lim to 1 rcu_task_cb_adjust=1 rcu_task_cpu_ids=6.
[    0.000000] NR_IRQS: 64, nr_irqs: 64, preallocated irqs: 0
[    0.000000] GICv3: GIC: Using split EOI/Deactivate mode
[    0.000000] GICv3: 256 SPIs implemented
[    0.000000] GICv3: 0 Extended SPIs implemented
[    0.000000] Root IRQ handler: gic_handle_irq

[    0.000000] GICv3: GICv3 features: 16 PPIs
[    0.000000] GICv3: GICD_CTLR.DS=0, SCR_EL3.FIQ=1
[    0.000000] GICv3: CPU0: found redistributor 0 region 0:0x00000000fef00000
[    0.000000] ITS [mem 0xfee20000-0xfee3ffff]
[    0.000000] ITS@0x00000000fee20000: allocated 65536 Devices @3880000 (flat, esz 8, psz 64K, shr 0)
[    0.000000] ITS: using cache flushing for cmd queue
[    0.000000] GICv3: using LPI property table @0x0000000003860000
[    0.000000] GIC: using cache flushing for LPI property table
[    0.000000] GICv3: CPU0: using allocated LPI pending table @0x0000000003870000
[    0.000000] GICv3: GIC: PPI partition interrupt-partition-0[0] { /cpus/cpu@0[0] /cpus/cpu@1[1] /cpus/cpu@2[2] /cpus/cpu@3[3] }
[    0.000000] GICv3: GIC: PPI partition interrupt-partition-1[1] { /cpus/cpu@100[4] /cpus/cpu@101[5] }
[    0.000000] rcu: srcu_init: Setting srcu_struct sizes based on contention.
[    0.000000] arch_timer: cp15 timer running at 24.00MHz (phys).
[    0.000000] clocksource: arch_sys_counter: mask: 0xffffffffffffff max_cycles: 0x588fe9dc0, max_idle_ns: 440795202592 ns
[    0.000001] sched_clock: 56 bits at 24MHz, resolution 41ns, wraps every 4398046511097ns
[    0.003314] Console: colour dummy device 80x25
[    0.003332] printk: legacy console [tty1] enabled
[    0.004261] Calibrating delay loop (skipped), value calculated using timer frequency.. 48.00 BogoMIPS (lpj=96000)
[    0.004297] pid_max: default: 32768 minimum: 301
[    0.004444] LSM: initializing lsm=capability
[    0.004625] Mount-cache hash table entries: 8192 (order: 4, 65536 bytes, linear)
[    0.004667] Mountpoint-cache hash table entries: 8192 (order: 4, 65536 bytes, linear)
[    0.007840] rcu: Hierarchical SRCU implementation.
[    0.007879] rcu: 	Max phase no-delay instances is 1000.
[    0.008257] Timer migration: 1 hierarchy levels; 8 children per group; 1 crossnode level
[    0.008568] fsl-mc MSI: msi-controller@fee20000 domain created
[    0.013498] EFI services will not be available.
[    0.013996] smp: Bringing up secondary CPUs ...
[    0.014738] Detected VIPT I-cache on CPU1
[    0.014944] GICv3: CPU1: found redistributor 1 region 0:0x00000000fef20000
[    0.014966] GICv3: CPU1: using allocated LPI pending table @0x0000000003900000
[    0.015022] CPU1: Booted secondary processor 0x0000000001 [0x410fd034]
[    0.015880] Detected VIPT I-cache on CPU2
[    0.016056] GICv3: CPU2: found redistributor 2 region 0:0x00000000fef40000
[    0.016074] GICv3: CPU2: using allocated LPI pending table @0x0000000003910000
[    0.016112] CPU2: Booted secondary processor 0x0000000002 [0x410fd034]
[    0.016956] Detected VIPT I-cache on CPU3
[    0.017131] GICv3: CPU3: found redistributor 3 region 0:0x00000000fef60000
[    0.017149] GICv3: CPU3: using allocated LPI pending table @0x0000000003920000
[    0.017187] CPU3: Booted secondary processor 0x0000000003 [0x410fd034]
[    0.017362] smp: Brought up 1 node, 4 CPUs
[    0.017521] SMP: Total of 4 processors activated.
[    0.017537] CPU: All CPU(s) started at EL2
[    0.017582] CPU features: detected: 32-bit EL0 Support
[    0.017600] CPU features: detected: 32-bit EL1 Support
[    0.017619] CPU features: detected: CRC32 instructions
[    0.017644] CPU features: detected: PMUv3
[    0.017703] alternatives: applying system-wide alternatives
[    0.019807] Memory: 3785784K/4030464K available (18176K kernel code, 5442K rwdata, 13052K rodata, 11712K init, 690K bss, 205760K reserved, 32768K cma-reserved)
[    0.020475] devtmpfs: initialized
[    0.038918] clocksource: jiffies: mask: 0xffffffff max_cycles: 0xffffffff, max_idle_ns: 7645041785100000 ns
[    0.038993] posixtimers hash table entries: 4096 (order: 4, 65536 bytes, linear)
[    0.039116] futex hash table entries: 2048 (131072 bytes on 1 NUMA nodes, total 128 KiB, linear).
[    0.039949] 20448 pages in range for non-PLT usage
[    0.039969] 511968 pages in range for PLT usage
[    0.040355] pinctrl core: initialized pinctrl subsystem
[    0.045079] DMI not present or invalid.
[    0.048906] NET: Registered PF_NETLINK/PF_ROUTE protocol family
[    0.051085] DMA: preallocated 512 KiB GFP_KERNEL pool for atomic allocations
[    0.052222] DMA: preallocated 512 KiB GFP_KERNEL|GFP_DMA pool for atomic allocations
[    0.053799] DMA: preallocated 512 KiB GFP_KERNEL|GFP_DMA32 pool for atomic allocations
[    0.053885] audit: initializing netlink subsys (disabled)
[    0.054183] audit: type=2000 audit(0.052:1): state=initialized audit_enabled=0 res=1
[    0.057735] thermal_sys: Registered thermal governor 'step_wise'
[    0.057751] thermal_sys: Registered thermal governor 'power_allocator'
[    0.057897] cpuidle: using governor menu
[    0.058434] hw-breakpoint: found 6 breakpoint and 4 watchpoint registers.
[    0.058590] ASID allocator initialised with 65536 entries
[    0.063704] Serial: AMBA PL011 UART driver
[    0.067703] /pcie@f8000000: Fixed dependency cycle(s) with /pcie@f8000000/interrupt-controller
[    0.106596] /syscon@ff770000/phy@f780: Fixed dependency cycle(s) with /mmc@fe330000
[    0.109024] /mmc@fe330000: Fixed dependency cycle(s) with /syscon@ff770000/phy@f780
[    0.109139] /syscon@ff770000/phy@f780: Fixed dependency cycle(s) with /mmc@fe330000
[    0.120633] gpio gpiochip0: Static allocation of GPIO base is deprecated, use dynamic allocation.
[    0.121337] rockchip-gpio ff720000.gpio: probed /pinctrl/gpio@ff720000
[    0.122194] gpio gpiochip1: Static allocation of GPIO base is deprecated, use dynamic allocation.
[    0.122466] rockchip-gpio ff730000.gpio: probed /pinctrl/gpio@ff730000
[    0.123099] gpio gpiochip2: Static allocation of GPIO base is deprecated, use dynamic allocation.
[    0.123339] rockchip-gpio ff780000.gpio: probed /pinctrl/gpio@ff780000
[    0.123937] gpio gpiochip3: Static allocation of GPIO base is deprecated, use dynamic allocation.
[    0.124175] rockchip-gpio ff788000.gpio: probed /pinctrl/gpio@ff788000
[    0.124879] gpio gpiochip4: Static allocation of GPIO base is deprecated, use dynamic allocation.
[    0.125153] rockchip-gpio ff790000.gpio: probed /pinctrl/gpio@ff790000
[    0.132635] HugeTLB: registered 1.00 GiB page size, pre-allocated 0 pages
[    0.132678] HugeTLB: 0 KiB vmemmap can be freed for a 1.00 GiB page
[    0.132699] HugeTLB: registered 32.0 MiB page size, pre-allocated 0 pages
[    0.132717] HugeTLB: 0 KiB vmemmap can be freed for a 32.0 MiB page
[    0.132737] HugeTLB: registered 2.00 MiB page size, pre-allocated 0 pages
[    0.132755] HugeTLB: 0 KiB vmemmap can be freed for a 2.00 MiB page
[    0.132775] HugeTLB: registered 64.0 KiB page size, pre-allocated 0 pages
[    0.132792] HugeTLB: 0 KiB vmemmap can be freed for a 64.0 KiB page
[    0.135764] ACPI: Interpreter disabled.
[    0.141775] iommu: Default domain type: Translated
[    0.141819] iommu: DMA domain TLB invalidation policy: strict mode
[    0.142329] SCSI subsystem initialized
[    0.142882] usbcore: registered new interface driver usbfs
[    0.142964] usbcore: registered new interface driver hub
[    0.143021] usbcore: registered new device driver usb
[    0.145084] pps_core: LinuxPPS API ver. 1 registered
[    0.145105] pps_core: Software ver. 5.3.6 - Copyright 2005-2007 Rodolfo Giometti <giometti@linux.it>
[    0.145145] PTP clock support registered
[    0.145378] EDAC MC: Ver: 3.0.0
[    0.146178] scmi_core: SCMI protocol bus registered
[    0.148108] FPGA manager framework
[    0.149731] vgaarb: loaded
[    0.150588] clocksource: Switched to clocksource arch_sys_counter
[    0.151013] VFS: Disk quotas dquot_6.6.0
[    0.151052] VFS: Dquot-cache hash table entries: 512 (order 0, 4096 bytes)
[    0.151660] pnp: PnP ACPI: disabled
[    0.161387] NET: Registered PF_INET protocol family
[    0.161663] IP idents hash table entries: 65536 (order: 7, 524288 bytes, linear)
[    0.165905] tcp_listen_portaddr_hash hash table entries: 2048 (order: 3, 32768 bytes, linear)
[    0.166165] Table-perturb hash table entries: 65536 (order: 6, 262144 bytes, linear)
[    0.166205] TCP established hash table entries: 32768 (order: 6, 262144 bytes, linear)
[    0.166531] TCP bind hash table entries: 32768 (order: 8, 1048576 bytes, linear)
[    0.167633] TCP: Hash tables configured (established 32768 bind 32768)
[    0.167834] UDP hash table entries: 2048 (order: 5, 131072 bytes, linear)
[    0.168034] UDP-Lite hash table entries: 2048 (order: 5, 131072 bytes, linear)
[    0.168451] NET: Registered PF_UNIX/PF_LOCAL protocol family
[    0.169066] RPC: Registered named UNIX socket transport module.
[    0.169091] RPC: Registered udp transport module.
[    0.169108] RPC: Registered tcp transport module.
[    0.169124] RPC: Registered tcp-with-tls transport module.
[    0.169140] RPC: Registered tcp NFSv4.1 backchannel transport module.
[    0.169182] PCI: CLS 0 bytes, default 64
[    0.174803] kvm [1]: nv: 568 coarse grained trap handlers
[    0.175526] kvm [1]: IPA Size Limit: 40 bits
[    0.179454] kvm [1]: vgic-v2@fff20000
[    0.179515] kvm [1]: GIC system register CPU interface enabled
[    0.179563] kvm [1]: vgic interrupt IRQ18
[    0.179608] kvm [1]: Hyp nVHE mode initialized successfully
[    0.181717] Initialise system trusted keyrings
[    0.182044] workingset: timestamp_bits=42 max_order=20 bucket_order=0
[    0.182547] squashfs: version 4.0 (2009/01/31) Phillip Lougher
[    0.182969] NFS: Registering the id_resolver key type
[    0.183009] Key type id_resolver registered
[    0.183027] Key type id_legacy registered
[    0.183068] nfs4filelayout_init: NFSv4 File Layout Driver Registering...
[    0.183092] nfs4flexfilelayout_init: NFSv4 Flexfile Layout Driver Registering...
[    0.183385] 9p: Installing v9fs 9p2000 file system support
[    0.266068] Key type asymmetric registered
[    0.266093] Asymmetric key parser 'x509' registered
[    0.266191] Block layer SCSI generic (bsg) driver version 0.4 loaded (major 244)
[    0.266219] io scheduler mq-deadline registered
[    0.266242] io scheduler kyber registered
[    0.266300] io scheduler bfq registered
[    0.296792] ledtrig-cpu: registered to indicate activity on CPUs
[    0.342661] dma-pl330 ff6d0000.dma-controller: Loaded driver for PL330 DMAC-241330
[    0.342712] dma-pl330 ff6d0000.dma-controller: 	DBUFF-32x8bytes Num_Chans-6 Num_Peri-12 Num_Events-12
[    0.344443] dma-pl330 ff6e0000.dma-controller: Loaded driver for PL330 DMAC-241330
[    0.344474] dma-pl330 ff6e0000.dma-controller: 	DBUFF-128x8bytes Num_Chans-8 Num_Peri-20 Num_Events-16
[    0.368969] Serial: 8250/16550 driver, 4 ports, IRQ sharing enabled
[    0.373833] ff180000.serial: ttyS0 at MMIO 0xff180000 (irq = 35, base_baud = 1500000) is a 16550A
[    0.375379] ff1a0000.serial: ttyS2 at MMIO 0xff1a0000 (irq = 36, base_baud = 1500000) is a 16550A
[    0.375489] printk: legacy console [ttyS2] enabled
[    0.493882] msm_serial: driver initialized
[    0.495088] SuperH (H)SCI(F) driver initialized
[    0.495967] STM32 USART driver initialized
[    0.503639] platform ff650000.video-codec: Adding to iommu group 0

[    0.505667] platform ff660000.video-codec: Adding to iommu group 1
[    0.519071] loop: module loaded
[    0.521622] megasas: 07.734.00.00-rc1
[    0.535462] tun: Universal TUN/TAP device driver, 1.6
[    0.538194] thunder_xcv, ver 1.0
[    0.538614] thunder_bgx, ver 1.0
[    0.538981] nicpf, ver 1.0
[    0.542038] e1000: Intel(R) PRO/1000 Network Driver
[    0.542492] e1000: Copyright (c) 1999-2006 Intel Corporation.
[    0.543118] e1000e: Intel(R) PRO/1000 Network Driver
[    0.543570] e1000e: Copyright(c) 1999 - 2015 Intel Corporation.
[    0.544163] igb: Intel(R) Gigabit Ethernet Network Driver
[    0.544653] igb: Copyright (c) 2007-2014 Intel Corporation.
[    0.545216] igbvf: Intel(R) Gigabit Virtual Function Network Driver
[    0.545782] igbvf: Copyright (c) 2009 - 2012 Intel Corporation.
[    0.547086] sky2: driver version 1.30
[    0.551037] VFIO - User Level meta-driver version: 0.3
[    0.562487] usbcore: registered new interface driver usb-storage

[    0.570023] i2c_dev: i2c /dev entries driver
[    0.576707] /i2c@ff3c0000/pmic@20: Fixed dependency cycle(s) with /i2c@ff3c0000/pmic@20/regulators/DCDC_REG4
[    0.577636] /i2c@ff3c0000/pmic@20: Fixed dependency cycle(s) with /i2c@ff3c0000/pmic@20/regulators/DCDC_REG5
[    0.596956] sdhci: Secure Digital Host Controller Interface driver
[    0.597543] sdhci: Copyright(c) Pierre Ossman
[    0.599772] Synopsys Designware Multimedia Card Interface Driver
[    0.602282] dwmmc_rockchip fe310000.mmc: IDMAC supports 32-bit address mode.
[    0.602935] sdhci-pltfm: SDHCI platform and OF driver helper
[    0.603523] dwmmc_rockchip fe310000.mmc: Using internal DMA controller.
[    0.604134] dwmmc_rockchip fe310000.mmc: Version ID is 270a
[    0.604704] dwmmc_rockchip fe310000.mmc: DW MMC controller at irq 48,32 bit host data width,256 deep fifo
[    0.605320] mmc0: CQHCI version 5.10
[    0.612872] usbcore: registered new interface driver usbhid
[    0.613406] usbhid: USB HID core driver
[    0.621131] hw perfevents: enabled with armv8_cortex_a53 PMU driver, 7 (0,8000003f) counters available
[    0.622279] armv8-pmu pmu_a72: hw perfevents: failed to probe PMU!
[    0.630797] mmc0: SDHCI controller on fe330000.mmc [fe330000.mmc] using ADMA
[    0.634476] NET: Registered PF_PACKET protocol family
[    0.635137] 9pnet: Installing 9P2000 support

[    0.635641] Key type dns_resolver registered
[    0.653717] registered taskstats version 1
[    0.654395] Loading compiled-in X.509 certificates
[    0.669146] Demotion targets for Node 0: null
[    0.700422] mmc0: Command Queue Engine enabled
[    0.700882] mmc0: new HS400 Enhanced strobe MMC card at address 0001
[    0.702751] mmcblk0: mmc0:0001 DF4016 14.7 GiB
[    0.711414]  mmcblk0: p1 p2 p3 p4 p5 p6
[    0.714100] mmcblk0boot0: mmc0:0001 DF4016 4.00 MiB
[    0.717807] mmcblk0boot1: mmc0:0001 DF4016 4.00 MiB
[    0.720858] mmcblk0rpmb: mmc0:0001 DF4016 4.00 MiB, chardev (511:0)
[    0.737427] xhci-hcd xhci-hcd.0.auto: xHCI Host Controller
[    0.737977] xhci-hcd xhci-hcd.0.auto: new USB bus registered, assigned bus number 1
[    0.738856] xhci-hcd xhci-hcd.0.auto: hcc params 0x0220fe64 hci version 0x110 quirks 0x0000808002000010
[    0.739734] xhci-hcd xhci-hcd.0.auto: irq 56, io mem 0xfe800000
[    0.740557] xhci-hcd xhci-hcd.0.auto: xHCI Host Controller
[    0.741080] xhci-hcd xhci-hcd.0.auto: new USB bus registered, assigned bus number 2
[    0.741790] xhci-hcd xhci-hcd.0.auto: Host supports USB 3.0 SuperSpeed
[    0.743485] hub 1-0:1.0: USB hub found
[    0.743905] hub 1-0:1.0: 1 port detected
[    0.744789] usb usb2: We don't know the algorithms for LPM for this host, disabling LPM.
[    0.746400] hub 2-0:1.0: USB hub found
[    0.746862] hub 2-0:1.0: 1 port detected
[    0.747506] ehci-platform fe380000.usb: EHCI Host Controller
[    0.748055] ehci-platform fe380000.usb: new USB bus registered, assigned bus number 3
[    0.748908] ehci-platform fe380000.usb: irq 57, io mem 0xfe380000
[    0.750672] ehci-platform fe3c0000.usb: EHCI Host Controller
[    0.751254] ehci-platform fe3c0000.usb: new USB bus registered, assigned bus number 4
[    0.752007] ohci-platform fe3a0000.usb: Generic Platform OHCI controller
[    0.752113] ehci-platform fe3c0000.usb: irq 58, io mem 0xfe3c0000
[    0.752803] ohci-platform fe3a0000.usb: new USB bus registered, assigned bus number 5
[    0.754015] ohci-platform fe3a0000.usb: irq 59, io mem 0xfe3a0000
[    0.755919] ohci-platform fe3e0000.usb: Generic Platform OHCI controller
[    0.756566] ohci-platform fe3e0000.usb: new USB bus registered, assigned bus number 6
[    0.757399] ohci-platform fe3e0000.usb: irq 85, io mem 0xfe3e0000
[    0.758632] ehci-platform fe380000.usb: USB 2.0 started, EHCI 1.00
[    0.760198] hub 3-0:1.0: USB hub found
[    0.760587] hub 3-0:1.0: 1 port detected
[    0.774699] ehci-platform fe3c0000.usb: USB 2.0 started, EHCI 1.00
[    0.776168] hub 4-0:1.0: USB hub found
[    0.776556] hub 4-0:1.0: 1 port detected
[    0.784836] vcc_buck5: Bringing 3300000uV into 2200000-2200000uV
[    0.792786] vcca_1v8: Bringing 1800000uV into 1850000-1850000uV
[    0.796069] vdd1v5_dvp: Bringing 1800000uV into 1500000-1500000uV
[    0.813395] rk808-rtc rk808-rtc.4.auto: registered as rtc0
[    0.814791] rk808-rtc rk808-rtc.4.auto: setting system clock to 2017-08-05T09:00:10 UTC (1501923610)
[    0.815764] hub 5-0:1.0: USB hub found
[    0.816159] hub 5-0:1.0: 1 port detected
[    0.818159] hub 6-0:1.0: USB hub found
[    0.818608] hub 6-0:1.0: 1 port detected
[    0.822249] cpu cpu0: EM: created perf domain
[    0.833718] dwmmc_rockchip fe320000.mmc: IDMAC supports 32-bit address mode.
[    0.834409] dwmmc_rockchip fe320000.mmc: Using internal DMA controller.
[    0.834657] rockchip-pcie f8000000.pcie: host bridge /pcie@f8000000 ranges:
[    0.835057] dwmmc_rockchip fe320000.mmc: Version ID is 270a
[    0.835657] rockchip-pcie f8000000.pcie:      MEM 0x00fa000000..0x00fbdfffff -> 0x00fa000000
[    0.836166] dwmmc_rockchip fe320000.mmc: DW MMC controller at irq 86,32 bit host data width,256 deep fifo
[    0.836444] dwmmc_rockchip fe310000.mmc: IDMAC supports 32-bit address mode.
[    0.836472] dwmmc_rockchip fe310000.mmc: Using internal DMA controller.
[    0.836482] dwmmc_rockchip fe310000.mmc: Version ID is 270a
[    0.836499] dwmmc_rockchip fe310000.mmc: DW MMC controller at irq 48,32 bit host data width,256 deep fifo
[    0.836895] rockchip-pcie f8000000.pcie:       IO 0x00fbe00000..0x00fbefffff -> 0x00fbe00000
[    0.839230] dwmmc_rockchip fe320000.mmc: Got CD GPIO
[    0.839887] rockchip-pcie f8000000.pcie: no vpcie12v regulator found
[    0.854228] mmc_host mmc1: Bus speed (slot 0) = 400000Hz (slot req 400000Hz, actual 400000HZ div = 0)
[    0.913500] mmc_host mmc1: Bus speed (slot 0) = 50000000Hz (slot req 50000000Hz, actual 50000000HZ div = 0)
[    0.914828] mmc1: new high speed SDHC card at address 0001
[    0.916674] mmcblk1: mmc1:0001 SD16G 14.4 GiB
[    0.931364] GPT:Primary header thinks Alt. header is not at the end of the disk.
[    0.932072] GPT:7225343 != 30203903
[    0.932403] GPT:Alternate GPT header not at the end of the disk.
[    0.932949] GPT:7225343 != 30203903
[    0.933277] GPT: Use GNU Parted to correct GPT errors.
[    0.933784]  mmcblk1: p1 p2
[    1.022901] usb 4-1: new high-speed USB device number 2 using ehci-platform
[    1.170311] hub 4-1:1.0: USB hub found
[    1.171102] hub 4-1:1.0: 4 ports detected
[    1.550702] rockchip-pcie f8000000.pcie: PCIe link training gen1 timeout!
[    1.551384] rockchip-pcie f8000000.pcie: probe with driver rockchip-pcie failed with error -110
[    1.569240] dwmmc_rockchip fe310000.mmc: IDMAC supports 32-bit address mode.
[    1.569873] clk: Disabling unused clocks
[    1.569928] dwmmc_rockchip fe310000.mmc: Using internal DMA controller.
[    1.570860] dwmmc_rockchip fe310000.mmc: Version ID is 270a
[    1.571390] dwmmc_rockchip fe310000.mmc: DW MMC controller at irq 48,32 bit host data width,256 deep fifo
[    1.571490] PM: genpd: Disabling unused power domains
[    1.572854] check access for rdinit=/init failed: -2, ignoring
[    1.573376] Waiting 10 sec before mounting root device...
[   11.754641] platform sdio-pwrseq: deferred probe pending: pwrseq_simple: external clock not ready
[   11.755501] rockchip-pm-domain ff310000.power-management:power-controller: sync_state() pending due to fe310000.mmc
[   11.756455] rockchip-pm-domain ff310000.power-management:power-controller: sync_state() pending due to ff650000.video-codec
[   11.757466] rockchip-pm-domain ff310000.power-management:power-controller: sync_state() pending due to ff660000.video-codec
[   11.758459] rockchip-pm-domain ff310000.power-management:power-controller: sync_state() pending due to ff680000.rga
[   11.759420] rockchip-pm-domain ff310000.power-management:power-controller: sync_state() pending due to ff940000.hdmi
[   11.760937] dwmmc_rockchip fe310000.mmc: IDMAC supports 32-bit address mode.
[   11.761602] dwmmc_rockchip fe310000.mmc: Using internal DMA controller.
[   11.762201] dwmmc_rockchip fe310000.mmc: Version ID is 270a
[   11.762750] dwmmc_rockchip fe310000.mmc: DW MMC controller at irq 48,32 bit host data width,256 deep fifo
[   11.766624] EXT4-fs (mmcblk1p2): mounted filesystem d52f7f8b-fa0e-4c9f-a552-d6df4329ac87 r/w with writeback data mode. Quota mode: none.
[   11.767834] VFS: Mounted root (ext4 filesystem) on device 179:98.
[   11.769913] devtmpfs: mounted
[   11.775196] Freeing unused kernel memory: 11712K
[   11.775776] Run /sbin/init as init process
[   12.633658] systemd[1]: System time advanced to built-in epoch: Tue 2026-04-14 03:38:05 CST
[   12.744988] systemd[1]: systemd 257.13-1~deb13u1 running in system mode (+PAM +AUDIT +SELINUX +APPARMOR +IMA +IPE +SMACK +SECCOMP +GCRYPT -GNUTLS +OPENSSL +ACL +BLKID +CURL +ELFUTILS +FIDO2 +IDN2 -IDN +IPTC +KMOD +LIBCRYPTSETUP +LIBCRYPTSETUP_PLUGINS +LIBFDISK +PCRE2 +PWQUALITY +P11KIT +QRENCODE +TPM2 +BZIP2 +LZ4 +XZ +ZLIB +ZSTD +BPF_FRAMEWORK +BTF -XKBCOMMON -UTMP +SYSVINIT +LIBARCHIVE)
[   12.748156] systemd[1]: Detected architecture arm64.
[   12.768216] systemd[1]: Hostname set to <armbian>.
[   13.177999] systemd[1]: bpf-restrict-fs: BPF LSM hook not enabled in the kernel, BPF LSM not supported.
[   13.598568] systemd[1]: Binding to IPv6 address not available since kernel does not support IPv6.
[   13.599479] systemd[1]: Binding to IPv6 address not available since kernel does not support IPv6.
[   13.835405] systemd[1]: Queued start job for default target multi-user.target.
[   13.866170] systemd[1]: Created slice system-getty.slice - Slice /system/getty.
[   13.870007] systemd[1]: Created slice system-modprobe.slice - Slice /system/modprobe.
[   13.873606] systemd[1]: Created slice system-serial\x2dgetty.slice - Slice /system/serial-getty.
[   13.876734] systemd[1]: Created slice user.slice - User and Session Slice.
[   13.878196] systemd[1]: Started systemd-ask-password-console.path - Dispatch Password Requests to Console Directory Watch.
[   13.879905] systemd[1]: Started systemd-ask-password-wall.path - Forward Password Requests to Wall Directory Watch.
[   13.881254] systemd[1]: proc-sys-fs-binfmt_misc.automount - Arbitrary Executable File Formats File System Automount Point skipped, unmet condition check ConditionPathExists=/proc/sys/fs/binfmt_misc
[   13.882983] systemd[1]: Expecting device dev-ttyS2.device - /dev/ttyS2...
[   13.883972] systemd[1]: Reached target nfs-client.target - NFS client services.
[   13.884888] systemd[1]: Reached target paths.target - Path Units.
[   13.885713] systemd[1]: Reached target slices.target - Slice Units.

[   13.886546] systemd[1]: Reached target swap.target - Swaps.
[   13.898096] systemd[1]: Listening on rpcbind.socket - RPCbind Server Activation Socket.
[   13.899989] systemd[1]: Listening on syslog.socket - Syslog Socket.
[   13.908739] systemd[1]: Listening on systemd-creds.socket - Credential Encryption/Decryption.
[   13.910553] systemd[1]: Listening on systemd-initctl.socket - initctl Compatibility Named Pipe.
[   13.912367] systemd[1]: Listening on systemd-journald-dev-log.socket - Journal Socket (/dev/log).
[   13.914025] systemd[1]: Listening on systemd-journald.socket - Journal Sockets.
[   13.915227] systemd[1]: systemd-pcrextend.socket - TPM PCR Measurements skipped, unmet condition check ConditionSecurity=measured-uki
[   13.916385] systemd[1]: systemd-pcrlock.socket - Make TPM PCR Policy skipped, unmet condition check ConditionSecurity=measured-uki
[   13.918003] systemd[1]: Listening on systemd-udevd-control.socket - udev Control Socket.
[   13.919530] systemd[1]: Listening on systemd-udevd-kernel.socket - udev Kernel Socket.
[   13.926896] systemd[1]: Mounting dev-hugepages.mount - Huge Pages File System...
[   13.932015] systemd[1]: Mounting dev-mqueue.mount - POSIX Message Queue File System...
[   13.938875] systemd[1]: Mounting run-lock.mount - Legacy Locks Directory /run/lock...
[   13.944302] systemd[1]: Mounting sys-kernel-debug.mount - Kernel Debug File System...
[   13.947198] systemd[1]: sys-kernel-tracing.mount - Kernel Trace File System skipped, unmet condition check ConditionPathExists=/sys/kernel/tracing
[   13.963710] systemd[1]: Mounting tmp.mount - Temporary Directory /tmp...
[   13.966297] systemd[1]: auth-rpcgss-module.service - Kernel Module supporting RPCSEC_GSS skipped, unmet condition check ConditionPathExists=/etc/krb5.keytab
[   13.986211] systemd[1]: Starting fake-hwclock-load.service - Restore the current clock...
[   13.987691] systemd[1]: kmod-static-nodes.service - Create List of Static Device Nodes skipped, unmet condition check ConditionFileNotEmpty=/lib/modules/6.18.33/modules.devname
[   13.994094] systemd[1]: Starting modprobe@fuse.service - Load Kernel Module fuse...
[   13.995581] systemd[1]: systemd-hibernate-clear.service - Clear Stale Hibernate Storage Info skipped, unmet condition check ConditionPathExists=/sys/firmware/efi/efivars/HibernateLocation-8cf2644b-4b0b-428f-9387-6d876050dc67
[   14.003410] systemd[1]: systemd-hwdb-update.service - Rebuild Hardware Database skipped, unmet condition check ConditionNeedsUpdate=/etc
[   14.013663] systemd[1]: Starting systemd-journald.service - Journal Service...
[   14.025685] systemd[1]: Starting systemd-modules-load.service - Load Kernel Modules...
[   14.027561] systemd[1]: systemd-pcrmachine.service - TPM PCR Machine ID Measurement skipped, unmet condition check ConditionSecurity=measured-uki
[   14.039663] systemd[1]: Starting systemd-tmpfiles-setup-dev-early.service - Create Static Device Nodes in /dev gracefully...
[   14.041354] systemd[1]: systemd-tpm2-setup-early.service - Early TPM SRK Setup skipped, unmet condition check ConditionSecurity=measured-uki
[   14.042794] systemd[1]: systemd-tpm2-setup.service - TPM SRK Setup skipped, unmet condition check ConditionSecurity=measured-uki
[   14.055258] systemd[1]: Starting systemd-udev-load-credentials.service - Load udev Rules from Credentials...
[   14.064477] systemd[1]: Starting systemd-udev-trigger.service - Coldplug All udev Devices...
[   14.073235] systemd[1]: modprobe@fuse.service: Deactivated successfully.
[   14.079838] systemd[1]: Finished modprobe@fuse.service - Load Kernel Module fuse.
[   14.088065] systemd[1]: sys-fs-fuse-connections.mount - FUSE Control File System skipped, unmet condition check ConditionPathExists=/sys/fs/fuse/connections
[   14.103375] systemd[1]: Mounted dev-hugepages.mount - Huge Pages File System.
[   14.105242] systemd[1]: Mounted dev-mqueue.mount - POSIX Message Queue File System.
[   14.107069] systemd[1]: Mounted run-lock.mount - Legacy Locks Directory /run/lock.
[   14.108892] systemd[1]: Mounted sys-kernel-debug.mount - Kernel Debug File System.
[   14.111214] systemd[1]: Mounted tmp.mount - Temporary Directory /tmp.
[   14.146820] systemd[1]: Finished systemd-modules-load.service - Load Kernel Modules.
[   14.153210] systemd[1]: Starting systemd-sysctl.service - Apply Kernel Variables...
[   14.181049] systemd[1]: fake-hwclock-load.service: Deactivated successfully.
[   14.184293] systemd[1]: Finished fake-hwclock-load.service - Restore the current clock.
[   14.200410] systemd[1]: Finished systemd-udev-load-credentials.service - Load udev Rules from Credentials.
[   14.206456] systemd-journald[115]: Collecting audit messages is disabled.
[   14.256506] systemd[1]: Finished systemd-tmpfiles-setup-dev-early.service - Create Static Device Nodes in /dev gracefully.
[   14.258854] systemd[1]: systemd-sysusers.service - Create System Users skipped, no trigger condition checks were met.
[   14.267165] systemd[1]: Starting systemd-tmpfiles-setup-dev.service - Create Static Device Nodes in /dev...
[   14.269993] systemd[1]: Finished systemd-sysctl.service - Apply Kernel Variables.
[   14.310354] systemd[1]: Started systemd-journald.service - Journal Service.
[   14.423169] systemd-journald[115]: Received client request to flush runtime journal.
[   15.987925] systemd-journald[115]: Received client request to relinquish /var/log/journal/63f6b85b0c1e8dbfdd4367466a1d5eef access.
[   18.886599] random: crng init done
[   21.004153] dw-apb-uart ff1a0000.serial: forbid DMA for kernel console
[!p]104[?7h[6n[32766;32766H[6n[!p]104[?7h[6n[32766;32766H[6n

armbian login: root (automatic login)


[38;2;247;16;0m    _             _    _                             __  __ _    _      _ 
   /_\  _ _ _ __ | |__(_)__ _ _ _ ___ _  _ _ _  ___ / _|/ _(_)__(_)__ _| |
  / _ \| '_| '  \| '_ \ / _` | ' \___| || | ' \/ _ \  _|  _| / _| / _` | |
 /_/ \_\_| |_|_|_|_.__/_\__,_|_||_|   \_,_|_||_\___/_| |_| |_\__|_\__,_|_|
                                                                          [0m
 [0;92mv26.05.0[0m for lpa3399pro running Armbian Linux [0;92m6.18.33[0m

 Packages:     Debian [0;92mstable[0m (trixie)

[0;90m Performance:  [0m


 Load:        [0;92m 13%[0m           	 Uptime:         [92m1m[0m	
 Memory usage:[0;92m 3%[0m of 3.66G  	
 CPU temp:    [0;92m 32°C[0m           	 Usage of /:  [0;92m 64%[0m of 2.9G   	

[?2004hroot@armbian:~# 