SdmmcInit=2 0
BootCapSize=100000
UserCapSize=15028MB
FwPartOffset=2000 , 100000
mmc0:cmd5,20
SdmmcInit=0 0
BootCapSize=0
UserCapSize=14748MB
FwPartOffset=2000 , 0
StorageInit ok = 125460
SecureMode = 0
SecureInit read PBA: 0x4
SecureInit read PBA: 0x404
SecureInit read PBA: 0x804
SecureInit read PBA: 0xc04
SecureInit read PBA: 0x1004
SecureInit read PBA: 0x1404
SecureInit read PBA: 0x1804
SecureInit read PBA: 0x1c04
SecureInit ret = 0, SecureMode = 0
atags_set_bootdev: ret:(0)
GPT part:  0, name:          primary, start:0x8000, size:0xff800
GPT part:  1, name:          primary, start:0x108000, size:0x5db800
no find partition:uboot.
Trust Addr:0x4000, 0x58334c42
No find bl30.bin
Load uboot, ReadLba = 2000
Load OK, addr=0x200000, size=0xfc8c0
RunBL31 0x40000 @ 302332 us
NOTICE:  BL31: v1.3(release):845ee93
NOTICE:  BL31: Built : 15:51:11, Jul 22 2020
NOTICE:  BL31: Rockchip release version: v1.1
INFO:    GICv3 with legacy support detected. ARM GICV3 driver initialized in EL3
INFO:    Using opteed sec cpu_context!
INFO:    boot cpu mask: 0
INFO:    plat_rockchip_pmu_init(1196): pd status 3e
INFO:    BL31: Initializing runtime services
INFO:    BL31: Initializing BL32
INF [0x0] TEE-CORE:init_primary_helper:337: Initializing (1.1.0-266-gee81607c #1 Mon Aug 17 09:23:30 UTC 2020 aarch64)

INF [0x0] TEE-CORE:init_primary_helper:338: Release version: 1.2

INF [0x0] TEE-CORE:init_teecore:83: teecore inits done
INFO:    BL31: Preparing for EL3 exit to normal world
INFO:    Entry point address = 0x200000
INFO:    SPSR = 0x3c9


U-Boot 2017.09 (Jun 06 2026 - 14:10:22 +0000)

Model: Rockchip RK3399 Evaluation Board
PreSerial: 2, raw, 0xff1a0000
DRAM:  3.8 GiB
Sysmem: init
Relocation Offset: f5bc7000, fdt: f3dbb358 
no mmc device at slot 1
Found IDB in SDcard
dwmmc@fe320000: 1 (SD), sdhci@fe330000: 0
Bootdev(atags): mmc 1
MMC1: Legacy, 50Mhz
PartType: EFI
No resource partition
Failed to load DTB
Failed to get kernel dtb, ret=-19
io-domain: OK
*** Warning - bad CRC, using default environment

Model: Rockchip RK3399 Evaluation Board
rockchip_set_serialno: could not find efuse/otp device
No misc partition
boot mode: None
CLK: (uboot. arml: enter 400000 KHz, init 816000 KHz, kernel 0N/A)
CLK: (uboot. armb: enter 24000 KHz, init 816000 KHz, kernel 0N/A)
  aplll 816000 KHz
  apllb 816000 KHz
  dpll 800000 KHz
  cpll 24000 KHz
  gpll 800000 KHz
  npll 600000 KHz
  vpll 24000 KHz
  aclk_perihp 133333 KHz
  hclk_perihp 66666 KHz
  pclk_perihp 33333 KHz
  aclk_perilp0 266666 KHz
  hclk_perilp0 88888 KHz
  pclk_perilp0 44444 KHz
  hclk_perilp1 100000 KHz
  pclk_perilp1 50000 KHz
EC20_PWREN = -2
EC20_RESET = -2
------ ec20_init  ------
EC20_PWRKEY = -2
EC20_PWRKEY = -2
Net:   No ethernet found.
Hit key to stop autoboot('CTRL+C'):  5  4  3  2  1  0 
Could not find misc partition
ANDROID: reboot reason: "(none)"
optee api revision: 2.0
TEEC: Waring: Could not find security partition
Not AVB images, AVB skip
android_image_load_by_partname: Can't find part: boot
Android image load failed
Android boot failed, error -1.
Could not find misc partition
Could not find primary part
switch to partitions #0, OK
mmc1 is current device
Scanning mmc 1:1...
Found /extlinux/extlinux.conf
Retrieving file: /extlinux/extlinux.conf
418 bytes read in 25 ms (15.6 KiB/s)
1:	Armbian
Retrieving file: /Image
49986048 bytes read in 13976 ms (3.4 MiB/s)
append: root=PARTUUID=61ec8aeb-3d1a-48fa-a9da-54d744ed8bdf rootflags=data=writeback rw rootwait rootdelay=10 rootfstype=ext4 console=ttyS2,1500000 console=tty1 panic=0 usbcore.autosuspend=-1 initcall_blacklist=psci_checker printk.devkmsg=on log_buf_len=16M maxcpus=4 systemd.default_timeout_start_sec=20 plymouth.enable=0 net.ifnames=0
Retrieving file: /dtb/rockchip/gmac-phyhandle-pll-test-v4f.dtb
62447 bytes read in 179 ms (339.8 KiB/s)
Fdt Ramdisk skip relocation
## Flattened Device Tree blob at 08300000
   Booting using the fdt blob at 0x8300000
   Using Device Tree in place at 0000000008300000, end 00000000083123ee
can't found rockchip,drm-logo, use rockchip,fb-logo
WARNING: could not set reg FDT_ERR_BADOFFSET.
failed to reserve fb-loader-logo memory
Adding bank: 0x00200000 - 0x08400000 (size: 0x08200000)
Adding bank: 0x0a200000 - 0xf8000000 (size: 0xede00000)
Total: 19432.34 ms

Starting kernel ...

[    0.000000] Booting Linux on physical CPU 0x0000000000 [0x410fd034]
[    0.000000] Linux version 6.18.33 (henry@Inspiron-7520) (aarch64-linux-gnu-gcc (Ubuntu 13.3.0-6ubuntu2~24.04.1) 13.3.0, GNU ld (GNU Binutils for Ubuntu) 2.42) #8 SMP PREEMPT Fri Jun 19 10:01:52 CST 2026
[    0.000000] KASLR disabled due to lack of seed
[    0.000000] Machine model: Radxa ROCK Pi N10
[    0.000000] efi: UEFI not found.
[    0.000000] OF: reserved mem: Reserved memory: No reserved-memory node in the DT
[    0.000000] NUMA: Faking a node at [mem 0x0000000000200000-0x00000000f7ffffff]
[    0.000000] NODE_DATA(0) allocated [mem 0xf77f15c0-0xf77f3c3f]
[    0.000000] Zone ranges:
[    0.000000]   DMA      [mem 0x0000000000200000-0x00000000f7ffffff]
[    0.000000]   DMA32    empty
[    0.000000]   Normal   empty
[    0.000000] Movable zone start for each node
[    0.000000] Early memory node ranges
[    0.000000]   node   0: [mem 0x0000000000200000-0x00000000083fffff]
[    0.000000]   node   0: [mem 0x000000000a200000-0x00000000f7ffffff]
[    0.000000] Initmem setup node 0 [mem 0x0000000000200000-0x00000000f7ffffff]
[    0.000000] On node 0, zone DMA: 512 pages in unavailable ranges
[    0.000000] On node 0, zone DMA: 7680 pages in unavailable ranges
[    0.000000] cma: Reserved 32 MiB at 0x00000000f1800000
[    0.000000] psci: probing for conduit method from DT.
[    0.000000] psci: PSCIv1.0 detected in firmware.
[    0.000000] psci: Using standard PSCI v0.2 function IDs
[    0.000000] psci: Trusted OS migration not required
[    0.000000] psci: SMC Calling Convention v1.0
[    0.000000] percpu: Embedded 25 pages/cpu s63192 r8192 d31016 u102400
[    0.000000] Detected VIPT I-cache on CPU0
[    0.000000] CPU features: detected: GICv3 CPU interface
[    0.000000] CPU features: detected: ARM erratum 845719
[    0.000000] alternatives: applying boot alternatives
[    0.000000] Kernel command line: root=PARTUUID=61ec8aeb-3d1a-48fa-a9da-54d744ed8bdf rootflags=data=writeback rw rootwait rootdelay=10 rootfstype=ext4 console=ttyS2,1500000 console=tty1 panic=0 usbcore.autosuspend=-1 initcall_blacklist=psci_checker printk.devkmsg=on log_buf_len=16M maxcpus=4 systemd.default_timeout_start_sec=20 plymouth.enable=0 net.ifnames=0
[    0.000000] printk: log buffer data + meta data: 16777216 + 58720256 = 75497472 bytes
[    0.000000] printk: early log buf free: 128816(98%)
[    0.000000] Dentry cache hash table entries: 524288 (order: 10, 4194304 bytes, linear)
[    0.000000] Inode-cache hash table entries: 262144 (order: 9, 2097152 bytes, linear)
[    0.000000] software IO TLB: SWIOTLB bounce buffer size adjusted to 3MB
[    0.000000] software IO TLB: area num 8.
[    0.000000] software IO TLB: mapped [mem 0x00000000ec600000-0x00000000eca00000] (4MB)
[    0.000000] Fallback order for Node 0: 0 
[    0.000000] Built 1 zonelists, mobility grouping on.  Total pages: 1007616
[    0.000000] Policy zone: DMA
[    0.000000] mem auto-init: stack:all(zero), heap alloc:off, heap free:off
[    0.000000] SLUB: HWalign=64, Order=0-3, MinObjects=0, CPUs=6, Nodes=1
[    0.000000] rcu: Preemptible hierarchical RCU implementation.
[    0.000000] rcu: 	RCU event tracing is enabled.
[    0.000000] rcu: 	RCU restricting CPUs from NR_CPUS=512 to nr_cpu_ids=6.
[    0.000000] 	Trampoline variant of Tasks RCU enabled.
[    0.000000] 	Tracing variant of Tasks RCU enabled.
[    0.000000] rcu: RCU calculated value of scheduler-enlistment delay is 25 jiffies.
[    0.000000] rcu: Adjusting geometry for rcu_fanout_leaf=16, nr_cpu_ids=6
[    0.000000] RCU Tasks: Setting shift to 3 and lim to 1 rcu_task_cb_adjust=1 rcu_task_cpu_ids=6.
[    0.000000] RCU Tasks Trace: Setting shift to 3 and lim to 1 rcu_task_cb_adjust=1 rcu_task_cpu_ids=6.
[    0.000000] NR_IRQS: 64, nr_irqs: 64, preallocated irqs: 0
[    0.000000] GICv3: GIC: Using split EOI/Deactivate mode
[    0.000000] GICv3: 256 SPIs implemented
[    0.000000] GICv3: 0 Extended SPIs implemented
[    0.000000] Root IRQ handler: gic_handle_irq
[    0.000000] GICv3: GICv3 features: 16 PPIs
[    0.000000] GICv3: GICD_CTLR.DS=0, SCR_EL3.FIQ=1
[    0.000000] GICv3: CPU0: found redistributor 0 region 0:0x00000000fef00000
[    0.000000] ITS [mem 0xfee20000-0xfee3ffff]
[    0.000000] ITS@0x00000000fee20000: allocated 65536 Devices @3480000 (flat, esz 8, psz 64K, shr 0)
[    0.000000] ITS: using cache flushing for cmd queue
[    0.000000] GICv3: using LPI property table @0x0000000003460000
[    0.000000] GIC: using cache flushing for LPI property table
[    0.000000] GICv3: CPU0: using allocated LPI pending table @0x0000000003470000
[    0.000000] GICv3: GIC: PPI partition interrupt-partition-0[0] { /cpus/cpu@0[0] /cpus/cpu@1[1] /cpus/cpu@2[2] /cpus/cpu@3[3] }
[    0.000000] GICv3: GIC: PPI partition interrupt-partition-1[1] { /cpus/cpu@100[4] /cpus/cpu@101[5] }
[    0.000000] rcu: srcu_init: Setting srcu_struct sizes based on contention.
[    0.000000] arch_timer: cp15 timer running at 24.00MHz (phys).
[    0.000000] clocksource: arch_sys_counter: mask: 0xffffffffffffff max_cycles: 0x588fe9dc0, max_idle_ns: 440795202592 ns
[    0.000001] sched_clock: 56 bits at 24MHz, resolution 41ns, wraps every 4398046511097ns
[    0.003605] Console: colour dummy device 80x25
[    0.003625] printk: legacy console [tty1] enabled
[    0.004540] Calibrating delay loop (skipped), value calculated using timer frequency.. 48.00 BogoMIPS (lpj=96000)
[    0.004576] pid_max: default: 32768 minimum: 301
[    0.004727] LSM: initializing lsm=capability
[    0.004908] Mount-cache hash table entries: 8192 (order: 4, 65536 bytes, linear)
[    0.004949] Mountpoint-cache hash table entries: 8192 (order: 4, 65536 bytes, linear)
[    0.008166] rcu: Hierarchical SRCU implementation.
[    0.008203] rcu: 	Max phase no-delay instances is 1000.
[    0.008522] Timer migration: 1 hierarchy levels; 8 children per group; 1 crossnode level
[    0.008847] fsl-mc MSI: msi-controller@fee20000 domain created
[    0.014228] EFI services will not be available.
[    0.014734] smp: Bringing up secondary CPUs ...
[    0.015481] Detected VIPT I-cache on CPU1
[    0.015680] GICv3: CPU1: found redistributor 1 region 0:0x00000000fef20000
[    0.015701] GICv3: CPU1: using allocated LPI pending table @0x0000000003500000
[    0.015755] CPU1: Booted secondary processor 0x0000000001 [0x410fd034]
[    0.016610] Detected VIPT I-cache on CPU2
[    0.016781] GICv3: CPU2: found redistributor 2 region 0:0x00000000fef40000
[    0.016797] GICv3: CPU2: using allocated LPI pending table @0x0000000003510000
[    0.016834] CPU2: Booted secondary processor 0x0000000002 [0x410fd034]
[    0.017651] Detected VIPT I-cache on CPU3
[    0.017822] GICv3: CPU3: found redistributor 3 region 0:0x00000000fef60000
[    0.017838] GICv3: CPU3: using allocated LPI pending table @0x0000000003520000
[    0.017874] CPU3: Booted secondary processor 0x0000000003 [0x410fd034]
[    0.018033] smp: Brought up 1 node, 4 CPUs
[    0.018193] SMP: Total of 4 processors activated.
[    0.018209] CPU: All CPU(s) started at EL2
[    0.018249] CPU features: detected: 32-bit EL0 Support
[    0.018266] CPU features: detected: 32-bit EL1 Support
[    0.018286] CPU features: detected: CRC32 instructions
[    0.018310] CPU features: detected: PMUv3
[    0.018371] alternatives: applying system-wide alternatives
[    0.020531] Memory: 3785468K/4030464K available (18176K kernel code, 5486K rwdata, 13132K rodata, 11840K init, 691K bss, 206108K reserved, 32768K cma-reserved)
[    0.021224] devtmpfs: initialized
[    0.039849] clocksource: jiffies: mask: 0xffffffff max_cycles: 0xffffffff, max_idle_ns: 7645041785100000 ns
[    0.039925] posixtimers hash table entries: 4096 (order: 4, 65536 bytes, linear)
[    0.040049] futex hash table entries: 2048 (131072 bytes on 1 NUMA nodes, total 128 KiB, linear).
[    0.040877] 20368 pages in range for non-PLT usage
[    0.040897] 511888 pages in range for PLT usage
[    0.041329] pinctrl core: initialized pinctrl subsystem
[    0.046275] DMI not present or invalid.
[    0.050100] NET: Registered PF_NETLINK/PF_ROUTE protocol family
[    0.051846] DMA: preallocated 512 KiB GFP_KERNEL pool for atomic allocations
[    0.052181] DMA: preallocated 512 KiB GFP_KERNEL|GFP_DMA pool for atomic allocations
[    0.052692] DMA: preallocated 512 KiB GFP_KERNEL|GFP_DMA32 pool for atomic allocations
[    0.053129] audit: initializing netlink subsys (disabled)
[    0.053438] audit: type=2000 audit(0.052:1): state=initialized audit_enabled=0 res=1
[    0.057287] thermal_sys: Registered thermal governor 'step_wise'
[    0.057303] thermal_sys: Registered thermal governor 'power_allocator'
[    0.057439] cpuidle: using governor menu
[    0.057987] hw-breakpoint: found 6 breakpoint and 4 watchpoint registers.
[    0.058142] ASID allocator initialised with 65536 entries
[    0.062827] Serial: AMBA PL011 UART driver
[    0.067034] /pcie@f8000000: Fixed dependency cycle(s) with /pcie@f8000000/interrupt-controller
[    0.110374] /syscon@ff770000/phy@f780: Fixed dependency cycle(s) with /mmc@fe330000
[    0.112972] /mmc@fe330000: Fixed dependency cycle(s) with /syscon@ff770000/phy@f780
[    0.113100] /syscon@ff770000/phy@f780: Fixed dependency cycle(s) with /mmc@fe330000
[    0.126467] rockchip-gpio ff720000.gpio: probed /pinctrl/gpio@ff720000
[    0.127636] rockchip-gpio ff730000.gpio: probed /pinctrl/gpio@ff730000
[    0.128610] rockchip-gpio ff780000.gpio: probed /pinctrl/gpio@ff780000
[    0.129600] rockchip-gpio ff788000.gpio: probed /pinctrl/gpio@ff788000
[    0.130554] rockchip-gpio ff790000.gpio: probed /pinctrl/gpio@ff790000
[    0.141645] HugeTLB: registered 1.00 GiB page size, pre-allocated 0 pages
[    0.141687] HugeTLB: 0 KiB vmemmap can be freed for a 1.00 GiB page
[    0.141708] HugeTLB: registered 32.0 MiB page size, pre-allocated 0 pages
[    0.141726] HugeTLB: 0 KiB vmemmap can be freed for a 32.0 MiB page
[    0.141745] HugeTLB: registered 2.00 MiB page size, pre-allocated 0 pages
[    0.141762] HugeTLB: 0 KiB vmemmap can be freed for a 2.00 MiB page
[    0.141781] HugeTLB: registered 64.0 KiB page size, pre-allocated 0 pages
[    0.141799] HugeTLB: 0 KiB vmemmap can be freed for a 64.0 KiB page
[    0.144820] ACPI: Interpreter disabled.
[    0.151741] iommu: Default domain type: Translated
[    0.151783] iommu: DMA domain TLB invalidation policy: strict mode
[    0.152728] SCSI subsystem initialized
[    0.153342] usbcore: registered new interface driver usbfs
[    0.153406] usbcore: registered new interface driver hub
[    0.153468] usbcore: registered new device driver usb
[    0.155912] pps_core: LinuxPPS API ver. 1 registered
[    0.155935] pps_core: Software ver. 5.3.6 - Copyright 2005-2007 Rodolfo Giometti <giometti@linux.it>
[    0.155976] PTP clock support registered
[    0.156277] EDAC MC: Ver: 3.0.0
[    0.157066] scmi_core: SCMI protocol bus registered
[    0.159258] FPGA manager framework
[    0.160970] vgaarb: loaded
[    0.161836] clocksource: Switched to clocksource arch_sys_counter
[    0.162285] VFS: Disk quotas dquot_6.6.0
[    0.162329] VFS: Dquot-cache hash table entries: 512 (order 0, 4096 bytes)
[    0.162905] pnp: PnP ACPI: disabled
[    0.172642] NET: Registered PF_INET protocol family
[    0.172918] IP idents hash table entries: 65536 (order: 7, 524288 bytes, linear)
[    0.177182] tcp_listen_portaddr_hash hash table entries: 2048 (order: 3, 32768 bytes, linear)
[    0.177446] Table-perturb hash table entries: 65536 (order: 6, 262144 bytes, linear)
[    0.177485] TCP established hash table entries: 32768 (order: 6, 262144 bytes, linear)
[    0.177806] TCP bind hash table entries: 32768 (order: 8, 1048576 bytes, linear)
[    0.178910] TCP: Hash tables configured (established 32768 bind 32768)
[    0.179110] UDP hash table entries: 2048 (order: 5, 131072 bytes, linear)
[    0.179311] UDP-Lite hash table entries: 2048 (order: 5, 131072 bytes, linear)
[    0.179734] NET: Registered PF_UNIX/PF_LOCAL protocol family
[    0.180352] RPC: Registered named UNIX socket transport module.
[    0.180379] RPC: Registered udp transport module.
[    0.180394] RPC: Registered tcp transport module.
[    0.180409] RPC: Registered tcp-with-tls transport module.
[    0.180424] RPC: Registered tcp NFSv4.1 backchannel transport module.
[    0.180462] PCI: CLS 0 bytes, default 64
[    0.186070] kvm [1]: nv: 568 coarse grained trap handlers
[    0.186789] kvm [1]: IPA Size Limit: 40 bits
[    0.190732] kvm [1]: vgic-v2@fff20000
[    0.190795] kvm [1]: GIC system register CPU interface enabled
[    0.190843] kvm [1]: vgic interrupt IRQ9
[    0.190886] kvm [1]: Hyp nVHE mode initialized successfully
[    0.193070] Initialise system trusted keyrings
[    0.193382] workingset: timestamp_bits=42 max_order=20 bucket_order=0
[    0.193925] squashfs: version 4.0 (2009/01/31) Phillip Lougher
[    0.194307] NFS: Registering the id_resolver key type
[    0.194363] Key type id_resolver registered
[    0.194381] Key type id_legacy registered
[    0.194428] nfs4filelayout_init: NFSv4 File Layout Driver Registering...
[    0.194452] nfs4flexfilelayout_init: NFSv4 Flexfile Layout Driver Registering...
[    0.194759] 9p: Installing v9fs 9p2000 file system support
[    0.276935] Key type asymmetric registered
[    0.276960] Asymmetric key parser 'x509' registered
[    0.277045] Block layer SCSI generic (bsg) driver version 0.4 loaded (major 244)
[    0.277073] io scheduler mq-deadline registered
[    0.277096] io scheduler kyber registered
[    0.277153] io scheduler bfq registered
[    0.311777] ledtrig-cpu: registered to indicate activity on CPUs
[    0.362669] dma-pl330 ff6d0000.dma-controller: Loaded driver for PL330 DMAC-241330
[    0.362720] dma-pl330 ff6d0000.dma-controller: 	DBUFF-32x8bytes Num_Chans-6 Num_Peri-12 Num_Events-12
[    0.364985] dma-pl330 ff6e0000.dma-controller: Loaded driver for PL330 DMAC-241330
[    0.365021] dma-pl330 ff6e0000.dma-controller: 	DBUFF-128x8bytes Num_Chans-8 Num_Peri-20 Num_Events-16
[    0.391773] Serial: 8250/16550 driver, 4 ports, IRQ sharing enabled
[    0.396776] ff180000.serial: ttyS0 at MMIO 0xff180000 (irq = 24, base_baud = 1500000) is a 16550A
[    0.397162] serial serial0: tty port ttyS0 registered
[    0.398791] ff1a0000.serial: ttyS2 at MMIO 0xff1a0000 (irq = 25, base_baud = 1500000) is a 16550A
[    0.398922] printk: legacy console [ttyS2] enabled
[    0.514298] msm_serial: driver initialized
[    0.515544] SuperH (H)SCI(F) driver initialized
[    0.516506] STM32 USART driver initialized
[    0.522529] misc dump reg init
[    0.526126] platform ff650000.video-codec: Adding to iommu group 0
[    0.528218] platform ff660000.video-codec: Adding to iommu group 1
[    0.541959] loop: module loaded
[    0.544734] megasas: 07.734.00.00-rc1
[    0.559903] tun: Universal TUN/TAP device driver, 1.6
[    0.562822] thunder_xcv, ver 1.0
[    0.563211] thunder_bgx, ver 1.0
[    0.563576] nicpf, ver 1.0
[    0.566507] e1000: Intel(R) PRO/1000 Network Driver
[    0.566964] e1000: Copyright (c) 1999-2006 Intel Corporation.
[    0.567557] e1000e: Intel(R) PRO/1000 Network Driver
[    0.568009] e1000e: Copyright(c) 1999 - 2015 Intel Corporation.
[    0.568598] igb: Intel(R) Gigabit Ethernet Network Driver
[    0.569089] igb: Copyright (c) 2007-2014 Intel Corporation.
[    0.569646] igbvf: Intel(R) Gigabit Virtual Function Network Driver
[    0.570233] igbvf: Copyright (c) 2009 - 2012 Intel Corporation.
[    0.571574] sky2: driver version 1.30
[    0.575167] rk_gmac-dwmac fe300000.ethernet: IRQ eth_wake_irq not found
[    0.575785] rk_gmac-dwmac fe300000.ethernet: IRQ sfty not found
[    0.576472] rk_gmac-dwmac fe300000.ethernet: PTP uses main clock
[    0.577323] rk_gmac-dwmac fe300000.ethernet: clock input or output? (output).
[    0.578010] rk_gmac-dwmac fe300000.ethernet: TX delay(0x21).
[    0.578527] rk_gmac-dwmac fe300000.ethernet: RX delay(0x15).
[    0.579048] rk_gmac-dwmac fe300000.ethernet: integrated PHY? (no).
[    0.579610] rk_gmac-dwmac fe300000.ethernet: external PHY reset GPIO described; will use one-shot reset and release before MDIO.
[    0.580640] rk_gmac-dwmac fe300000.ethernet: v4b-fix: reused stmmac core stmmaceth reset controller
[    0.581488] rk_gmac-dwmac fe300000.ethernet: rk3399pro test workaround: forcing clock_input=true for external RGMII PHY
[    0.582469] rk_gmac-dwmac fe300000.ethernet: powerup start: phy_iface=9 clock_input=1 integrated_phy=0 tx=0x21 rx=0x15
[    0.588440] rk_gmac-dwmac fe300000.ethernet: v4d: clocks enabled (5 clks, includes mac_clk_rx for RGMII)
[    0.589295] rk_gmac-dwmac fe300000.ethernet: init for RGMII
[    0.589806] rk_gmac-dwmac fe300000.ethernet: rk3399 rgmii applied: GRF_SOC_CON5=0x00000208 GRF_SOC_CON6=0x000095a1 tx=0x21 rx=0x15
[    0.590948] rk_gmac-dwmac fe300000.ethernet: external PHY reset (post-grf-post-power) begin (one-shot)
[    0.657859] rk_gmac-dwmac fe300000.ethernet: external PHY reset (post-grf-post-power) end (one-shot, GPIO released)
[    0.658795] rk_gmac-dwmac fe300000.ethernet: v4a: wait 200ms after GMAC GRF/PHY reset before runtime resume/DMA open
[    0.861856] rk_gmac-dwmac fe300000.ethernet: v4b: MAC reset cycle before runtime resume/DMA open
[    0.862649] rk_gmac-dwmac fe300000.ethernet: v4b-reset after-v4a-settle: assert stmmaceth
[    0.883404] rk_gmac-dwmac fe300000.ethernet: v4b-reset after-v4a-settle: deassert stmmaceth
[    0.937864] rk_gmac-dwmac fe300000.ethernet: v4b-reset after-v4a-settle: done
[    0.938516] rk_gmac-dwmac fe300000.ethernet: powerup done: phy_iface=9 clock_input=1 integrated_phy=0
[    0.939568] rk_gmac-dwmac fe300000.ethernet: User ID: 0x10, Synopsys ID: 0x35
[    0.940221] rk_gmac-dwmac fe300000.ethernet: 	DWMAC1000
[    0.940698] rk_gmac-dwmac fe300000.ethernet: DMA HW capability register supported
[    0.941373] rk_gmac-dwmac fe300000.ethernet: Active PHY interface: GMII/MII (0)
[    0.942053] rk_gmac-dwmac fe300000.ethernet: RX Checksum Offload Engine supported
[    0.942730] rk_gmac-dwmac fe300000.ethernet: COE Type 2
[    0.943205] rk_gmac-dwmac fe300000.ethernet: TX Checksum insertion supported
[    0.943839] rk_gmac-dwmac fe300000.ethernet: Wake-Up On Lan supported
[    0.944508] rk_gmac-dwmac fe300000.ethernet: Normal descriptors
[    0.945047] rk_gmac-dwmac fe300000.ethernet: Ring mode enabled
[    0.945575] rk_gmac-dwmac fe300000.ethernet: Enable RX Mitigation via HW Watchdog Timer
[    1.023461] VFIO - User Level meta-driver version: 0.3
[    1.039621] usbcore: registered new interface driver usb-storage
[    1.047987] i2c_dev: i2c /dev entries driver
[    1.055088] /i2c@ff3c0000/pmic@20: Fixed dependency cycle(s) with /i2c@ff3c0000/pmic@20/regulators/DCDC_REG4
[    1.056017] /i2c@ff3c0000/pmic@20: Fixed dependency cycle(s) with /i2c@ff3c0000/pmic@20/regulators/DCDC_REG5
[    1.083252] dwmmc_rockchip fe310000.mmc: IDMAC supports 32-bit address mode.
[    1.083952] dwmmc_rockchip fe310000.mmc: Using internal DMA controller.
[    1.084559] dwmmc_rockchip fe310000.mmc: Version ID is 270a
[    1.085122] dwmmc_rockchip fe310000.mmc: DW MMC controller at irq 39,32 bit host data width,256 deep fifo
[    1.086569] phy phy-ff770000.syscon:phy@f780.0: Runtime PM usage count underflow!
[    1.087383] mmc0: CQHCI version 5.10
[    1.095387] usbcore: registered new interface driver usbhid
[    1.095923] usbhid: USB HID core driver
[    1.104737] hw perfevents: enabled with armv8_cortex_a53 PMU driver, 7 (0,8000003f) counters available
[    1.105814] armv8-pmu pmu_a72: hw perfevents: failed to probe PMU!
[    1.115288] mmc0: SDHCI controller on fe330000.mmc [fe330000.mmc] using ADMA
[    1.119750] NET: Registered PF_PACKET protocol family
[    1.120359] 9pnet: Installing 9P2000 support
[    1.120837] Key type dns_resolver registered
[    1.139080] registered taskstats version 1
[    1.139769] Loading compiled-in X.509 certificates
[    1.154791] Demotion targets for Node 0: null
[    1.179931] phy phy-ff770000.syscon:phy@f780.0: Runtime PM usage count underflow!
[    1.180699] phy phy-ff770000.syscon:phy@f780.0: Runtime PM usage count underflow!
[    1.182403] phy phy-ff770000.syscon:phy@f780.0: Runtime PM usage count underflow!
[    1.183341] phy phy-ff770000.syscon:phy@f780.0: Runtime PM usage count underflow!
[    1.184069] phy phy-ff770000.syscon:phy@f780.0: Runtime PM usage count underflow!
[    1.187892] mmc0: Command Queue Engine enabled
[    1.188349] mmc0: new HS400 Enhanced strobe MMC card at address 0001
[    1.192033] mmcblk0: mmc0:0001 DF4016 14.7 GiB
[    1.197726]  mmcblk0: p1 p2 p3 p4 p5 p6
[    1.200149] mmcblk0boot0: mmc0:0001 DF4016 4.00 MiB
[    1.202892] mmcblk0boot1: mmc0:0001 DF4016 4.00 MiB
[    1.205707] mmcblk0rpmb: mmc0:0001 DF4016 4.00 MiB, chardev (511:0)
[    1.223542] phy phy-ff770000.syscon:usb2phy@e450.10: Runtime PM usage count underflow!
[    1.232401] phy phy-ff770000.syscon:usb2phy@e450.10: Runtime PM usage count underflow!
[    1.233155] xhci-hcd xhci-hcd.0.auto: xHCI Host Controller
[    1.233672] xhci-hcd xhci-hcd.0.auto: new USB bus registered, assigned bus number 1
[    1.238121] xhci-hcd xhci-hcd.0.auto: hcc params 0x0220fe64 hci version 0x110 quirks 0x0000808002000010
[    1.239019] xhci-hcd xhci-hcd.0.auto: irq 45, io mem 0xfe800000
[    1.239820] xhci-hcd xhci-hcd.0.auto: xHCI Host Controller
[    1.240335] xhci-hcd xhci-hcd.0.auto: new USB bus registered, assigned bus number 2
[    1.241034] xhci-hcd xhci-hcd.0.auto: Host supports USB 3.0 SuperSpeed
[    1.247153] hub 1-0:1.0: USB hub found
[    1.247594] phy phy-ff770000.syscon:usb2phy@e450.9: Runtime PM usage count underflow!
[    1.247595] hub 1-0:1.0: 1 port detected
[    1.248112] usb usb2: We don't know the algorithms for LPM for this host, disabling LPM.
[    1.250597] ehci-platform fe380000.usb: EHCI Host Controller
[    1.250621] hub 2-0:1.0: USB hub found
[    1.251530] hub 2-0:1.0: 1 port detected
[    1.252508] ehci-platform fe380000.usb: new USB bus registered, assigned bus number 3
[    1.253405] ehci-platform fe380000.usb: irq 46, io mem 0xfe380000
[    1.255012] phy phy-ff770000.syscon:usb2phy@e450.9: Runtime PM usage count underflow!
[    1.255761] ohci-platform fe3a0000.usb: Generic Platform OHCI controller
[    1.256393] ohci-platform fe3a0000.usb: new USB bus registered, assigned bus number 4
[    1.257255] ohci-platform fe3a0000.usb: irq 47, io mem 0xfe3a0000
[    1.265985] ehci-platform fe380000.usb: USB 2.0 started, EHCI 1.00
[    1.267590] hub 3-0:1.0: USB hub found
[    1.267983] hub 3-0:1.0: 1 port detected
[    1.276021] vcc_buck5: Bringing 3300000uV into 2200000-2200000uV
[    1.285430] vcca_1v8: Bringing 1800000uV into 1850000-1850000uV
[    1.288505] vdd1v5_dvp: Bringing 1800000uV into 1500000-1500000uV
[    1.302006] OF: /i2c@ff3c0000/pmic@20/regulators/SWITCH_REG1: Read of boolean property 'regulator-boot-on' with a value.
[    1.303018] OF: /i2c@ff3c0000/pmic@20/regulators/SWITCH_REG1: Read of boolean property 'regulator-always-on' with a value.
[    1.312355] rk808-rtc rk808-rtc.4.auto: registered as rtc0
[    1.314038] rk808-rtc rk808-rtc.4.auto: setting system clock to 2026-06-24T12:22:02 UTC (1782303722)
[    1.319191] hub 4-0:1.0: USB hub found
[    1.319607] hub 4-0:1.0: 1 port detected
[    1.321316] cpu cpu0: EM: created perf domain
[    1.333287] dwmmc_rockchip fe320000.mmc: IDMAC supports 32-bit address mode.
[    1.334021] dwmmc_rockchip fe320000.mmc: Using internal DMA controller.
[    1.334626] dwmmc_rockchip fe320000.mmc: Version ID is 270a
[    1.335176] dwmmc_rockchip fe320000.mmc: DW MMC controller at irq 73,32 bit host data width,256 deep fifo
[    1.336652] dwmmc_rockchip fe310000.mmc: IDMAC supports 32-bit address mode.
[    1.337011] dwmmc_rockchip fe320000.mmc: Got CD GPIO
[    1.337349] dwmmc_rockchip fe310000.mmc: Using internal DMA controller.
[    1.338385] dwmmc_rockchip fe310000.mmc: Version ID is 270a
[    1.338403] rockchip-pcie f8000000.pcie: host bridge /pcie@f8000000 ranges:
[    1.338923] dwmmc_rockchip fe310000.mmc: DW MMC controller at irq 39,32 bit host data width,256 deep fifo
[    1.339518] rockchip-pcie f8000000.pcie:      MEM 0x00fa000000..0x00fbdfffff -> 0x00fa000000
[    1.341090] rockchip-pcie f8000000.pcie:       IO 0x00fbe00000..0x00fbefffff -> 0x00fbe00000
[    1.342404] rockchip-pcie f8000000.pcie: no vpcie12v regulator found
[    1.343736] phy phy-ff770000.syscon:pcie-phy.1: Runtime PM usage count underflow!
[    1.344407] phy phy-ff770000.syscon:pcie-phy.2: Runtime PM usage count underflow!
[    1.345072] phy phy-ff770000.syscon:pcie-phy.3: Runtime PM usage count underflow!
[    1.345736] phy phy-ff770000.syscon:pcie-phy.4: Runtime PM usage count underflow!
[    1.350002] mmc_host mmc1: Bus speed = 400000Hz (req 400000Hz, actual 400000HZ div = 0)
[    1.411757] mmc_host mmc1: Bus speed = 50000000Hz (req 50000000Hz, actual 50000000HZ div = 0)
[    1.413010] mmc1: new high speed SDHC card at address 0001
[    1.415017] mmcblk1: mmc1:0001 SD16G 14.4 GiB
[    1.428281]  mmcblk1: p1 p2
[    2.054273] rockchip-pcie f8000000.pcie: PCIe link training gen1 timeout!
[    2.054940] phy phy-ff770000.syscon:pcie-phy.4: Runtime PM usage count underflow!
[    2.055627] phy phy-ff770000.syscon:pcie-phy.3: Runtime PM usage count underflow!
[    2.056312] phy phy-ff770000.syscon:pcie-phy.2: Runtime PM usage count underflow!
[    2.057000] phy phy-ff770000.syscon:pcie-phy.1: Runtime PM usage count underflow!
[    2.057684] phy phy-ff770000.syscon:pcie-phy.4: Runtime PM usage count underflow!
[    2.058399] phy phy-ff770000.syscon:pcie-phy.3: Runtime PM usage count underflow!
[    2.059084] phy phy-ff770000.syscon:pcie-phy.2: Runtime PM usage count underflow!
[    2.059767] phy phy-ff770000.syscon:pcie-phy.1: Runtime PM usage count underflow!
[    2.060476] rockchip-pcie f8000000.pcie: probe with driver rockchip-pcie failed with error -110
[    2.074091] phy phy-ff770000.syscon:usb2phy@e460.12: Runtime PM usage count underflow!
[    2.080589] phy phy-ff770000.syscon:usb2phy@e460.12: Runtime PM usage count underflow!
[    2.081319] xhci-hcd xhci-hcd.8.auto: xHCI Host Controller
[    2.081918] xhci-hcd xhci-hcd.8.auto: new USB bus registered, assigned bus number 5
[    2.082716] xhci-hcd xhci-hcd.8.auto: hcc params 0x0220fe64 hci version 0x110 quirks 0x0000808002000010
[    2.083596] xhci-hcd xhci-hcd.8.auto: irq 76, io mem 0xfe900000
[    2.084272] xhci-hcd xhci-hcd.8.auto: xHCI Host Controller
[    2.084769] xhci-hcd xhci-hcd.8.auto: new USB bus registered, assigned bus number 6
[    2.085452] xhci-hcd xhci-hcd.8.auto: Host supports USB 3.0 SuperSpeed
[    2.086689] hub 5-0:1.0: USB hub found
[    2.087054] hub 5-0:1.0: 1 port detected
[    2.087691] usb usb6: We don't know the algorithms for LPM for this host, disabling LPM.
[    2.088882] hub 6-0:1.0: USB hub found
[    2.089240] hub 6-0:1.0: 1 port detected
[    2.094986] phy phy-ff770000.syscon:usb2phy@e460.11: Runtime PM usage count underflow!
[    2.097892] ehci-platform fe3c0000.usb: EHCI Host Controller
[    2.097901] phy phy-ff770000.syscon:usb2phy@e460.11: Runtime PM usage count underflow!
[    2.097918] ohci-platform fe3e0000.usb: Generic Platform OHCI controller
[    2.097941] ehci-platform fe3c0000.usb: new USB bus registered, assigned bus number 7
[    2.098443] ohci-platform fe3e0000.usb: new USB bus registered, assigned bus number 8
[    2.099269] ehci-platform fe3c0000.usb: irq 77, io mem 0xfe3c0000
[    2.099804] ohci-platform fe3e0000.usb: irq 78, io mem 0xfe3e0000
[    2.104083] dwmmc_rockchip fe310000.mmc: IDMAC supports 32-bit address mode.
[    2.104775] dwmmc_rockchip fe310000.mmc: Using internal DMA controller.
[    2.105100] clk: Disabling unused clocks
[    2.105370] dwmmc_rockchip fe310000.mmc: Version ID is 270a
[    2.105400] dwmmc_rockchip fe310000.mmc: DW MMC controller at irq 39,32 bit host data width,256 deep fifo
[    2.107083] PM: genpd: Disabling unused power domains
[    2.107859] check access for rdinit=/init failed: -2, ignoring
[    2.108383] Waiting 10 sec before mounting root device...
[    2.109872] ehci-platform fe3c0000.usb: USB 2.0 started, EHCI 1.00
[    2.111129] hub 7-0:1.0: USB hub found
[    2.111494] hub 7-0:1.0: 1 port detected
[    2.120536] dwmmc_rockchip fe310000.mmc: IDMAC supports 32-bit address mode.
[    2.121215] dwmmc_rockchip fe310000.mmc: Using internal DMA controller.
[    2.121807] dwmmc_rockchip fe310000.mmc: Version ID is 270a
[    2.122385] dwmmc_rockchip fe310000.mmc: DW MMC controller at irq 39,32 bit host data width,256 deep fifo
[    2.162785] hub 8-0:1.0: USB hub found
[    2.163178] hub 8-0:1.0: 1 port detected
[    2.172884] dwmmc_rockchip fe310000.mmc: IDMAC supports 32-bit address mode.
[    2.173565] dwmmc_rockchip fe310000.mmc: Using internal DMA controller.
[    2.174190] dwmmc_rockchip fe310000.mmc: Version ID is 270a
[    2.174716] dwmmc_rockchip fe310000.mmc: DW MMC controller at irq 39,32 bit host data width,256 deep fifo
[    2.358070] usb 7-1: new high-speed USB device number 2 using ehci-platform
[    2.505910] hub 7-1:1.0: USB hub found
[    2.506783] hub 7-1:1.0: 4 ports detected
[    2.524427] dwmmc_rockchip fe310000.mmc: IDMAC supports 32-bit address mode.
[    2.525141] dwmmc_rockchip fe310000.mmc: Using internal DMA controller.
[    2.525755] dwmmc_rockchip fe310000.mmc: Version ID is 270a
[    2.526384] dwmmc_rockchip fe310000.mmc: DW MMC controller at irq 39,32 bit host data width,256 deep fifo
[   12.263708] platform sdio-pwrseq: deferred probe pending: pwrseq_simple: reset control not ready
[   12.264557] rockchip-pm-domain ff310000.power-management:power-controller: sync_state() pending due to fe310000.mmc
[   12.265507] rockchip-pm-domain ff310000.power-management:power-controller: sync_state() pending due to ff650000.video-codec
[   12.266564] rockchip-pm-domain ff310000.power-management:power-controller: sync_state() pending due to ff660000.video-codec
[   12.267581] rockchip-pm-domain ff310000.power-management:power-controller: sync_state() pending due to ff680000.rga
[   12.268540] rockchip-pm-domain ff310000.power-management:power-controller: sync_state() pending due to ff940000.hdmi
[   12.270682] dwmmc_rockchip fe310000.mmc: IDMAC supports 32-bit address mode.
[   12.271404] dwmmc_rockchip fe310000.mmc: Using internal DMA controller.
[   12.272003] dwmmc_rockchip fe310000.mmc: Version ID is 270a
[   12.272616] dwmmc_rockchip fe310000.mmc: DW MMC controller at irq 39,32 bit host data width,256 deep fifo
[   12.273374] EXT4-fs (mmcblk1p2): mounted filesystem d52f7f8b-fa0e-4c9f-a552-d6df4329ac87 r/w with writeback data mode. Quota mode: none.
[   12.274659] VFS: Mounted root (ext4 filesystem) on device 179:98.
[   12.276764] devtmpfs: mounted
[   12.282036] Freeing unused kernel memory: 11840K
[   12.282624] Run /sbin/init as init process
[   13.461896] NET: Registered PF_INET6 protocol family
[   13.464755] Segment Routing with IPv6
[   13.465201] In-situ OAM (IOAM) with IPv6
[   13.559168] systemd[1]: systemd 257.13-1~deb13u1 running in system mode (+PAM +AUDIT +SELINUX +APPARMOR +IMA +IPE +SMACK +SECCOMP +GCRYPT -GNUTLS +OPENSSL +ACL +BLKID +CURL +ELFUTILS +FIDO2 +IDN2 -IDN +IPTC +KMOD +LIBCRYPTSETUP +LIBCRYPTSETUP_PLUGINS +LIBFDISK +PCRE2 +PWQUALITY +P11KIT +QRENCODE +TPM2 +BZIP2 +LZ4 +XZ +ZLIB +ZSTD +BPF_FRAMEWORK +BTF -XKBCOMMON -UTMP +SYSVINIT +LIBARCHIVE)
[   13.562371] systemd[1]: Detected architecture arm64.
[   13.581455] systemd[1]: Hostname set to <armbian>.
[   13.996646] systemd[1]: bpf-restrict-fs: BPF LSM hook not enabled in the kernel, BPF LSM not supported.
[   14.795158] systemd[1]: Queued start job for default target multi-user.target.
[   14.867741] systemd[1]: Created slice system-getty.slice - Slice /system/getty.
[   14.872549] systemd[1]: Created slice system-modprobe.slice - Slice /system/modprobe.
[   14.877037] systemd[1]: Created slice system-serial\x2dgetty.slice - Slice /system/serial-getty.
[   14.880893] systemd[1]: Created slice user.slice - User and Session Slice.
[   14.882538] systemd[1]: Started systemd-ask-password-console.path - Dispatch Password Requests to Console Directory Watch.
[   14.884328] systemd[1]: Started systemd-ask-password-wall.path - Forward Password Requests to Wall Directory Watch.
[   14.885813] systemd[1]: proc-sys-fs-binfmt_misc.automount - Arbitrary Executable File Formats File System Automount Point skipped, unmet condition check ConditionPathExists=/proc/sys/fs/binfmt_misc
[   14.887629] systemd[1]: Expecting device dev-ttyS2.device - /dev/ttyS2...
[   14.888745] systemd[1]: Reached target network-pre.target - Preparation for Network.
[   14.889937] systemd[1]: Reached target nfs-client.target - NFS client services.
[   14.891108] systemd[1]: Reached target paths.target - Path Units.
[   14.892185] systemd[1]: Reached target slices.target - Slice Units.
[   14.893157] systemd[1]: Reached target swap.target - Swaps.
[   14.920025] systemd[1]: Listening on rpcbind.socket - RPCbind Server Activation Socket.
[   14.922342] systemd[1]: Listening on syslog.socket - Syslog Socket.
[   14.932945] systemd[1]: Listening on systemd-creds.socket - Credential Encryption/Decryption.
[   14.935074] systemd[1]: Listening on systemd-initctl.socket - initctl Compatibility Named Pipe.
[   14.936933] systemd[1]: Listening on systemd-journald-dev-log.socket - Journal Socket (/dev/log).
[   14.939094] systemd[1]: Listening on systemd-journald.socket - Journal Sockets.
[   14.940378] systemd[1]: systemd-pcrextend.socket - TPM PCR Measurements skipped, unmet condition check ConditionSecurity=measured-uki
[   14.941621] systemd[1]: systemd-pcrlock.socket - Make TPM PCR Policy skipped, unmet condition check ConditionSecurity=measured-uki
[   14.943680] systemd[1]: Listening on systemd-udevd-control.socket - udev Control Socket.
[   14.945412] systemd[1]: Listening on systemd-udevd-kernel.socket - udev Kernel Socket.
[   14.953423] systemd[1]: Mounting dev-hugepages.mount - Huge Pages File System...
[   14.958819] systemd[1]: Mounting dev-mqueue.mount - POSIX Message Queue File System...
[   14.965398] systemd[1]: Mounting run-lock.mount - Legacy Locks Directory /run/lock...
[   14.970915] systemd[1]: Mounting sys-kernel-debug.mount - Kernel Debug File System...
[   14.974478] systemd[1]: sys-kernel-tracing.mount - Kernel Trace File System skipped, unmet condition check ConditionPathExists=/sys/kernel/tracing
[   14.986267] systemd[1]: Mounting tmp.mount - Temporary Directory /tmp...
[   14.987535] systemd[1]: auth-rpcgss-module.service - Kernel Module supporting RPCSEC_GSS skipped, unmet condition check ConditionPathExists=/etc/krb5.keytab
[   14.995252] systemd[1]: Starting fake-hwclock-load.service - Restore the current clock...
[   15.020364] systemd[1]: Starting kmod-static-nodes.service - Create List of Static Device Nodes...
[   15.026602] systemd[1]: Starting modprobe@fuse.service - Load Kernel Module fuse...
[   15.028066] systemd[1]: systemd-hibernate-clear.service - Clear Stale Hibernate Storage Info skipped, unmet condition check ConditionPathExists=/sys/firmware/efi/efivars/HibernateLocation-8cf2644b-4b0b-428f-9387-6d876050dc67
[   15.051069] systemd[1]: systemd-hwdb-update.service - Rebuild Hardware Database skipped, unmet condition check ConditionNeedsUpdate=/etc
[   15.061797] systemd[1]: Starting systemd-journald.service - Journal Service...
[   15.074305] systemd[1]: Starting systemd-modules-load.service - Load Kernel Modules...
[   15.075478] systemd[1]: systemd-pcrmachine.service - TPM PCR Machine ID Measurement skipped, unmet condition check ConditionSecurity=measured-uki
[   15.077131] systemd[1]: systemd-tpm2-setup-early.service - Early TPM SRK Setup skipped, unmet condition check ConditionSecurity=measured-uki
[   15.078659] systemd[1]: systemd-tpm2-setup.service - TPM SRK Setup skipped, unmet condition check ConditionSecurity=measured-uki
[   15.085035] systemd[1]: Starting systemd-udev-load-credentials.service - Load udev Rules from Credentials...
[   15.090795] systemd[1]: Starting systemd-udev-trigger.service - Coldplug All udev Devices...
[   15.127086] systemd[1]: Finished kmod-static-nodes.service - Create List of Static Device Nodes.
[   15.130051] systemd[1]: Mounted dev-hugepages.mount - Huge Pages File System.
[   15.131790] systemd[1]: Mounted dev-mqueue.mount - POSIX Message Queue File System.
[   15.133509] systemd[1]: Mounted run-lock.mount - Legacy Locks Directory /run/lock.
[   15.135258] systemd[1]: Mounted sys-kernel-debug.mount - Kernel Debug File System.
[   15.136610] systemd[1]: Mounted tmp.mount - Temporary Directory /tmp.
[   15.142068] systemd[1]: Starting systemd-tmpfiles-setup-dev-early.service - Create Static Device Nodes in /dev gracefully...
[   15.193053] fuse: init (API version 7.45)
[   15.196926] systemd[1]: modprobe@fuse.service: Deactivated successfully.
[   15.198595] systemd[1]: Finished modprobe@fuse.service - Load Kernel Module fuse.
[   15.250595] systemd[1]: Finished systemd-modules-load.service - Load Kernel Modules.
[   15.256320] systemd[1]: Starting systemd-sysctl.service - Apply Kernel Variables...
[   15.284051] systemd[1]: fake-hwclock-load.service: Deactivated successfully.
[   15.294765] systemd[1]: Finished fake-hwclock-load.service - Restore the current clock.
[   15.299671] systemd[1]: Finished systemd-udev-load-credentials.service - Load udev Rules from Credentials.
[   15.307729] systemd-journald[120]: Collecting audit messages is disabled.
[   15.348593] systemd[1]: Finished systemd-sysctl.service - Apply Kernel Variables.
[   15.359445] systemd[1]: Finished systemd-tmpfiles-setup-dev-early.service - Create Static Device Nodes in /dev gracefully.
[   15.361422] systemd[1]: systemd-sysusers.service - Create System Users skipped, no trigger condition checks were met.
[   15.370433] systemd[1]: Starting systemd-tmpfiles-setup-dev.service - Create Static Device Nodes in /dev...
[   15.457559] systemd[1]: Finished systemd-tmpfiles-setup-dev.service - Create Static Device Nodes in /dev.
[   15.459306] systemd[1]: Reached target local-fs-pre.target - Preparation for Local File Systems.
[   15.460512] systemd[1]: Reached target local-fs.target - Local File Systems.
[   15.467145] systemd[1]: Listening on systemd-sysext.socket - System Extension Image Management.
[   15.471152] systemd[1]: systemd-binfmt.service - Set Up Additional Binary Formats skipped, unmet condition check ConditionPathIsMountPoint=/proc/sys/fs/binfmt_misc
[   15.472687] systemd[1]: systemd-machine-id-commit.service - Save Transient machine-id to Disk skipped, unmet condition check ConditionPathIsMountPoint=/etc/machine-id
[   15.479202] systemd[1]: Starting systemd-udevd.service - Rule-based Manager for Device Events and Files...
[   15.482017] systemd[1]: Started systemd-journald.service - Journal Service.
[   15.582695] systemd-journald[120]: Received client request to flush runtime journal.
[   18.147344] systemd-journald[120]: Received client request to relinquish /var/log/journal/63f6b85b0c1e8dbfdd4367466a1d5eef access.
[   18.857770] input: rk805 pwrkey as /devices/platform/ff3c0000.i2c/i2c-0/0-0020/rk805-pwrkey.3.auto/input/input0
[   18.871167] dwmmc_rockchip fe310000.mmc: IDMAC supports 32-bit address mode.
[   18.871859] dwmmc_rockchip fe310000.mmc: Using internal DMA controller.
[   18.872532] dwmmc_rockchip fe310000.mmc: Version ID is 270a
[   18.873494] dwmmc_rockchip fe310000.mmc: DW MMC controller at irq 39,32 bit host data width,256 deep fifo
[   18.899295] mc: Linux media interface: v0.10
[   18.925317]  cs_system_cfg: CoreSight Configuration manager initialised
[   18.986620] coresight-cpu-debug fe430000.debug: Coresight debug-CPU0 initialized
[   19.005499] dwmmc_rockchip fe310000.mmc: IDMAC supports 32-bit address mode.
[   19.006218] dwmmc_rockchip fe310000.mmc: Using internal DMA controller.
[   19.006815] dwmmc_rockchip fe310000.mmc: Version ID is 270a
[   19.007345] dwmmc_rockchip fe310000.mmc: DW MMC controller at irq 39,32 bit host data width,256 deep fifo
[   19.007699] coresight-cpu-debug fe432000.debug: Coresight debug-CPU1 initialized
[   19.028814] coresight-cpu-debug fe434000.debug: Coresight debug-CPU2 initialized
[   19.037915] dwmmc_rockchip fe310000.mmc: IDMAC supports 32-bit address mode.
[   19.038601] dwmmc_rockchip fe310000.mmc: Using internal DMA controller.
[   19.039206] dwmmc_rockchip fe310000.mmc: Version ID is 270a
[   19.039733] dwmmc_rockchip fe310000.mmc: DW MMC controller at irq 39,32 bit host data width,256 deep fifo
[   19.046135] coresight-cpu-debug fe436000.debug: Coresight debug-CPU3 initialized
[   19.047066] coresight-cpu-debug fe610000.debug: CPU4 debug arch init failed
[   19.050119] coresight-cpu-debug fe710000.debug: CPU5 debug arch init failed
[   19.077062] dwmmc_rockchip fe310000.mmc: IDMAC supports 32-bit address mode.
[   19.077750] dwmmc_rockchip fe310000.mmc: Using internal DMA controller.
[   19.078736] dwmmc_rockchip fe310000.mmc: Version ID is 270a
[   19.079300] dwmmc_rockchip fe310000.mmc: DW MMC controller at irq 39,32 bit host data width,256 deep fifo
[   19.120889] videodev: Linux video capture interface: v2.00
[   19.135605] usbcore: registered new device driver onboard-usb-dev
[   19.277884] random: crng init done
[   19.408384] dwmmc_rockchip fe310000.mmc: IDMAC supports 32-bit address mode.
[   19.409075] dwmmc_rockchip fe310000.mmc: Using internal DMA controller.
[   19.409684] dwmmc_rockchip fe310000.mmc: Version ID is 270a
[   19.411100] dwmmc_rockchip fe310000.mmc: DW MMC controller at irq 39,32 bit host data width,256 deep fifo
[   19.412105] dwmmc_rockchip fe310000.mmc: allocated mmc-pwrseq
[   19.412658] mmc_host mmc2: card is non-removable.
[   19.426014] mmc_host mmc2: Bus speed = 400000Hz (req 400000Hz, actual 400000HZ div = 0)
[   19.445232] dwmmc_rockchip fe310000.mmc: card claims to support voltages below defined range
[   19.474931] mmc_host mmc2: Bus speed = 100000000Hz (req 100000000Hz, actual 100000000HZ div = 0)
[   19.684236] rk3288-crypto ff8b0000.crypto: will run requests pump with realtime priority
[   19.685044] rk3288-crypto ff8b0000.crypto: Register ecb(aes) as ecb-aes-rk
[   19.685710] rk3288-crypto ff8b0000.crypto: Register cbc(aes) as cbc-aes-rk
[   19.686440] rk3288-crypto ff8b0000.crypto: Register ecb(des) as ecb-des-rk
[   19.687079] rk3288-crypto ff8b0000.crypto: Register cbc(des) as cbc-des-rk
[   19.687703] rk3288-crypto ff8b0000.crypto: Register ecb(des3_ede) as ecb-des3-ede-rk
[   19.688399] rk3288-crypto ff8b0000.crypto: Register cbc(des3_ede) as cbc-des3-ede-rk
[   19.689095] rk3288-crypto ff8b0000.crypto: Register sha1 as rk-sha1
[   19.689662] rk3288-crypto ff8b0000.crypto: Register sha256 as rk-sha256
[   19.690303] rk3288-crypto ff8b0000.crypto: Register md5 as rk-md5
[   19.691613] rk3288-crypto ff8b8000.crypto: will run requests pump with realtime priority
[   19.775205] bluetooth: loading out-of-tree module taints kernel.
[   19.782621] Bluetooth: Core ver 2.22
[   19.783096] NET: Registered PF_BLUETOOTH protocol family
[   19.783579] Bluetooth: HCI device and connection manager initialized
[   19.784165] Bluetooth: HCI socket layer initialized
[   19.784614] Bluetooth: L2CAP socket layer initialized
[   19.785096] Bluetooth: SCO socket layer initialized
[   19.902019] rtc-hym8563 2-0051: could not init device, -110
[   19.902646] rtc-hym8563 2-0051: probe with driver rtc-hym8563 failed with error -110
[   19.977994] dwmmc_rockchip fe310000.mmc: Successfully tuned phase to 224
[   19.979188] mmc2: new UHS-I speed SDR50 SDIO card at address 0001
[   19.998617] rockchip-rga ff680000.rga: HW Version: 0x03.02
[   19.999618] rockchip-rga ff680000.rga: Registered rockchip-rga as /dev/video0
[   20.279027] hantro-vpu ff650000.video-codec: registered rockchip,rk3399-vpu-enc as /dev/video2
[   20.280797] hantro-vpu ff650000.video-codec: registered rockchip,rk3399-vpu-dec as /dev/video3
[   20.451519] Bluetooth: HCI UART driver ver 2.3
[   20.451537] Bluetooth: HCI UART protocol H4 registered
[   20.451670] Bluetooth: HCI UART protocol LL registered
[   20.451757] Bluetooth: HCI UART protocol Three-wire (H5) registered
[   20.452579] dw-apb-uart ff180000.serial: failed to request DMA
[   20.454659] Bluetooth: HCI UART protocol Broadcom registered
[   20.455290] Bluetooth: HCI UART protocol QCA registered
[   20.455863] Bluetooth: HCI UART protocol Marvell registered
[   20.770306] cfg80211: Loading compiled-in X.509 certificates for regulatory database
[   20.798934] Loaded X.509 cert 'sforshee: 00b28ddf47aef9cea7'
[   20.800277] Loaded X.509 cert 'wens: 61c038651aabdcf94bd0ac7ff06c7248db18c600'
[   20.971733] systemd-journald[120]: Received client request to flush runtime journal.
[   21.116501] Bluetooth: hci0: RTL: examining hci_ver=08 hci_rev=000c lmp_ver=08 lmp_subver=8821
[   21.122194] Bluetooth: hci0: RTL: rom_version status=0 version=1
[   21.127846] Bluetooth: hci0: RTL: btrtl_initialize: key id 0
[   21.128451] Bluetooth: hci0: RTL: loading rtl_bt/rtl8821cs_fw.bin
[   21.206316] Bluetooth: hci0: RTL: loading rtl_bt/rtl8821cs_config.bin
[   21.274055] Bluetooth: hci0: RTL: cfg_sz 41, total sz 32769
[   22.656272] systemd-journald[120]: Received client request to relinquish /var/log/journal/63f6b85b0c1e8dbfdd4367466a1d5eef access.
[   23.293345] rtw88_8821cs mmc2:0001:1: Firmware version 24.11.0, H2C version 12
[   25.769221] Bluetooth: hci0: RTL: fw version 0x9aa96ac8
[   25.991524] Bluetooth: MGMT ver 1.23
[   26.065685] NET: Registered PF_ALG protocol family
[   26.147380] rk_gmac-dwmac fe300000.ethernet eth0: Register MEM_TYPE_PAGE_POOL RxQ-0
[   26.154863] rk_gmac-dwmac fe300000.ethernet eth0: PHY [stmmac-0:00] driver [YT8521 Gigabit Ethernet] (irq=POLL)
[   26.156885] rk_gmac-dwmac fe300000.ethernet eth0: v4e: DMA_BUS_MODE before reset: 0x00020100 (SWR=0)
[   26.157732] rk_gmac-dwmac fe300000.ethernet eth0: v4e: DMA_BUS_MODE after SWR write: 0x00020101 (SWR=1)
[   26.168708] rk_gmac-dwmac fe300000.ethernet eth0: v4e: SWR cleared after 10 ms: 0x00020100
[   26.169522] rk_gmac-dwmac fe300000.ethernet eth0: No Safety Features support found
[   26.174307] rk_gmac-dwmac fe300000.ethernet eth0: PTP not supported by HW
[   26.175790] rk_gmac-dwmac fe300000.ethernet eth0: configuring for phy/rgmii link mode
[   28.222929] rk_gmac-dwmac fe300000.ethernet eth0: Link is Up - 100Mbps/Full - flow control rx/tx
[   32.887536] wlan0: authenticate with 50:64:2b:14:77:6d (local address=60:fb:00:7e:d2:34)
[   32.978386] dw-apb-uart ff1a0000.serial: forbid DMA for kernel console
[!p]104[?7h[6n[32766;32766H[6n[   33.030697] wlan0: send auth to 50:64:2b:14:77:6d (try 1/3)
[   33.067921] wlan0: authenticated
[   33.069850] wlan0: associate with 50:64:2b:14:77:6d (try 1/3)
[   33.111975] wlan0: RX AssocResp from 50:64:2b:14:77:6d (capab=0xc11 status=0 aid=2)
[   33.116880] wlan0: associated
[!p]104[?7h[6n[32766;32766H[6n
armbian login: root (automatic login)

[38;2;247;16;0m    _             _    _                             __  __ _    _      _ 
   /_\  _ _ _ __ | |__(_)__ _ _ _ ___ _  _ _ _  ___ / _|/ _(_)__(_)__ _| |
  / _ \| '_| '  \| '_ \ / _` | ' \___| || | ' \/ _ \  _|  _| / _| / _` | |
 /_/ \_\_| |_|_|_|_.__/_\__,_|_||_|   \_,_|_||_\___/_| |_| |_\__|_\__,_|_|
                                                                          [0m
 [0;92mv26.05.0[0m for lpa3399pro running Armbian Linux [0;92m6.18.33[0m

 Packages:     Debian [0;92mstable[0m (trixie)
 Updates:      Kernel upgrade [0;92menabled[0m and [1;92m7[0m packages available for upgrade[0m 
 IPv4:        [93m(LAN)[0m [92m192.168.50.115, 192.168.50.254[0m

[0;90m Performance:  [0m

 Load:        [0;92m 67%[0m           	 Uptime:         [92m1m[0m	
 Memory usage:[0;92m 4%[0m of 3.66G  	
 CPU temp:    [0;92m 42°C[0m           	 Usage of /:  [0;92m 83%[0m of 2.9G   	

[?2004hroot@armbian:~# 